ARM GAS  C:\Users\joshw\AppData\Local\Temp\ccAjzTvg.s 			page 1


   1              		.syntax unified
   2              		.cpu cortex-m0
   3              		.fpu softvfp
   4              		.eabi_attribute 20, 1
   5              		.eabi_attribute 21, 1
   6              		.eabi_attribute 23, 3
   7              		.eabi_attribute 24, 1
   8              		.eabi_attribute 25, 1
   9              		.eabi_attribute 26, 1
  10              		.eabi_attribute 30, 1
  11              		.eabi_attribute 34, 0
  12              		.eabi_attribute 18, 4
  13              		.thumb
  14              		.syntax unified
  15              		.file	"cyfitter_cfg.c"
  16              		.text
  17              	.Ltext0:
  18              		.cfi_sections	.debug_frame
  19              		.section	.text.cfg_write_bytes32,"ax",%progbits
  20              		.align	2
  21              		.code	16
  22              		.thumb_func
  23              		.type	cfg_write_bytes32, %function
  24              	cfg_write_bytes32:
  25              	.LFB3:
  26              		.file 1 "Generated_Source\\PSoC4\\cyfitter_cfg.c"
   1:Generated_Source\PSoC4/cyfitter_cfg.c **** 
   2:Generated_Source\PSoC4/cyfitter_cfg.c **** /*******************************************************************************
   3:Generated_Source\PSoC4/cyfitter_cfg.c **** * File Name: cyfitter_cfg.c
   4:Generated_Source\PSoC4/cyfitter_cfg.c **** * 
   5:Generated_Source\PSoC4/cyfitter_cfg.c **** * PSoC Creator  4.4
   6:Generated_Source\PSoC4/cyfitter_cfg.c **** *
   7:Generated_Source\PSoC4/cyfitter_cfg.c **** * Description:
   8:Generated_Source\PSoC4/cyfitter_cfg.c **** * This file contains device initialization code.
   9:Generated_Source\PSoC4/cyfitter_cfg.c **** * Except for the user defined sections in CyClockStartupError(), this file should not be modified.
  10:Generated_Source\PSoC4/cyfitter_cfg.c **** * This file is automatically generated by PSoC Creator.
  11:Generated_Source\PSoC4/cyfitter_cfg.c **** *
  12:Generated_Source\PSoC4/cyfitter_cfg.c **** ********************************************************************************
  13:Generated_Source\PSoC4/cyfitter_cfg.c **** * Copyright (c) 2007-2020 Cypress Semiconductor.  All rights reserved.
  14:Generated_Source\PSoC4/cyfitter_cfg.c **** * You may use this file only in accordance with the license, terms, conditions, 
  15:Generated_Source\PSoC4/cyfitter_cfg.c **** * disclaimers, and limitations in the end user license agreement accompanying 
  16:Generated_Source\PSoC4/cyfitter_cfg.c **** * the software package with which this file was provided.
  17:Generated_Source\PSoC4/cyfitter_cfg.c **** ********************************************************************************/
  18:Generated_Source\PSoC4/cyfitter_cfg.c **** 
  19:Generated_Source\PSoC4/cyfitter_cfg.c **** #include <string.h>
  20:Generated_Source\PSoC4/cyfitter_cfg.c **** #include "cytypes.h"
  21:Generated_Source\PSoC4/cyfitter_cfg.c **** #include "cydevice_trm.h"
  22:Generated_Source\PSoC4/cyfitter_cfg.c **** #include "cyfitter.h"
  23:Generated_Source\PSoC4/cyfitter_cfg.c **** #include "CyLib.h"
  24:Generated_Source\PSoC4/cyfitter_cfg.c **** #include "CyLFClk.h"
  25:Generated_Source\PSoC4/cyfitter_cfg.c **** #include "cyfitter_cfg.h"
  26:Generated_Source\PSoC4/cyfitter_cfg.c **** #include "cyapicallbacks.h"
  27:Generated_Source\PSoC4/cyfitter_cfg.c **** 
  28:Generated_Source\PSoC4/cyfitter_cfg.c **** 
  29:Generated_Source\PSoC4/cyfitter_cfg.c **** #if defined(__GNUC__) || defined(__ARMCC_VERSION)
  30:Generated_Source\PSoC4/cyfitter_cfg.c ****     #define CYPACKED 
  31:Generated_Source\PSoC4/cyfitter_cfg.c ****     #define CYPACKED_ATTR __attribute__ ((packed))
ARM GAS  C:\Users\joshw\AppData\Local\Temp\ccAjzTvg.s 			page 2


  32:Generated_Source\PSoC4/cyfitter_cfg.c ****     #define CYALIGNED __attribute__ ((aligned))
  33:Generated_Source\PSoC4/cyfitter_cfg.c ****     #define CY_CFG_UNUSED __attribute__ ((unused))
  34:Generated_Source\PSoC4/cyfitter_cfg.c ****     #ifndef CY_CFG_SECTION
  35:Generated_Source\PSoC4/cyfitter_cfg.c ****         #define CY_CFG_SECTION __attribute__ ((section(".psocinit")))
  36:Generated_Source\PSoC4/cyfitter_cfg.c ****     #endif
  37:Generated_Source\PSoC4/cyfitter_cfg.c ****     
  38:Generated_Source\PSoC4/cyfitter_cfg.c ****     #if defined(__ARMCC_VERSION)
  39:Generated_Source\PSoC4/cyfitter_cfg.c ****         #define CY_CFG_MEMORY_BARRIER() __memory_changed()
  40:Generated_Source\PSoC4/cyfitter_cfg.c ****     #else
  41:Generated_Source\PSoC4/cyfitter_cfg.c ****         #define CY_CFG_MEMORY_BARRIER() __sync_synchronize()
  42:Generated_Source\PSoC4/cyfitter_cfg.c ****     #endif
  43:Generated_Source\PSoC4/cyfitter_cfg.c ****     
  44:Generated_Source\PSoC4/cyfitter_cfg.c **** #elif defined(__ICCARM__)
  45:Generated_Source\PSoC4/cyfitter_cfg.c ****     #include <intrinsics.h>
  46:Generated_Source\PSoC4/cyfitter_cfg.c **** 
  47:Generated_Source\PSoC4/cyfitter_cfg.c ****     #define CYPACKED __packed
  48:Generated_Source\PSoC4/cyfitter_cfg.c ****     #define CYPACKED_ATTR 
  49:Generated_Source\PSoC4/cyfitter_cfg.c ****     #define CYALIGNED _Pragma("data_alignment=4")
  50:Generated_Source\PSoC4/cyfitter_cfg.c ****     #define CY_CFG_UNUSED _Pragma("diag_suppress=Pe177")
  51:Generated_Source\PSoC4/cyfitter_cfg.c ****     #define CY_CFG_SECTION _Pragma("location=\".psocinit\"")
  52:Generated_Source\PSoC4/cyfitter_cfg.c ****     
  53:Generated_Source\PSoC4/cyfitter_cfg.c ****     #define CY_CFG_MEMORY_BARRIER() __DMB()
  54:Generated_Source\PSoC4/cyfitter_cfg.c ****     
  55:Generated_Source\PSoC4/cyfitter_cfg.c **** #else
  56:Generated_Source\PSoC4/cyfitter_cfg.c ****     #error Unsupported toolchain
  57:Generated_Source\PSoC4/cyfitter_cfg.c **** #endif
  58:Generated_Source\PSoC4/cyfitter_cfg.c **** 
  59:Generated_Source\PSoC4/cyfitter_cfg.c **** #ifndef CYCODE
  60:Generated_Source\PSoC4/cyfitter_cfg.c ****     #define CYCODE
  61:Generated_Source\PSoC4/cyfitter_cfg.c **** #endif
  62:Generated_Source\PSoC4/cyfitter_cfg.c **** #ifndef CYDATA
  63:Generated_Source\PSoC4/cyfitter_cfg.c ****     #define CYDATA
  64:Generated_Source\PSoC4/cyfitter_cfg.c **** #endif
  65:Generated_Source\PSoC4/cyfitter_cfg.c **** #ifndef CYFAR
  66:Generated_Source\PSoC4/cyfitter_cfg.c ****     #define CYFAR
  67:Generated_Source\PSoC4/cyfitter_cfg.c **** #endif
  68:Generated_Source\PSoC4/cyfitter_cfg.c **** #ifndef CYXDATA
  69:Generated_Source\PSoC4/cyfitter_cfg.c ****     #define CYXDATA
  70:Generated_Source\PSoC4/cyfitter_cfg.c **** #endif
  71:Generated_Source\PSoC4/cyfitter_cfg.c **** 
  72:Generated_Source\PSoC4/cyfitter_cfg.c **** 
  73:Generated_Source\PSoC4/cyfitter_cfg.c **** CY_CFG_UNUSED
  74:Generated_Source\PSoC4/cyfitter_cfg.c **** static void CYMEMZERO(void *s, size_t n);
  75:Generated_Source\PSoC4/cyfitter_cfg.c **** CY_CFG_UNUSED
  76:Generated_Source\PSoC4/cyfitter_cfg.c **** static void CYMEMZERO(void *s, size_t n)
  77:Generated_Source\PSoC4/cyfitter_cfg.c **** {
  78:Generated_Source\PSoC4/cyfitter_cfg.c **** 	(void)memset(s, 0, n);
  79:Generated_Source\PSoC4/cyfitter_cfg.c **** }
  80:Generated_Source\PSoC4/cyfitter_cfg.c **** CY_CFG_UNUSED
  81:Generated_Source\PSoC4/cyfitter_cfg.c **** static void CYCONFIGCPY(void *dest, const void *src, size_t n);
  82:Generated_Source\PSoC4/cyfitter_cfg.c **** CY_CFG_UNUSED
  83:Generated_Source\PSoC4/cyfitter_cfg.c **** static void CYCONFIGCPY(void *dest, const void *src, size_t n)
  84:Generated_Source\PSoC4/cyfitter_cfg.c **** {
  85:Generated_Source\PSoC4/cyfitter_cfg.c **** 	(void)memcpy(dest, src, n);
  86:Generated_Source\PSoC4/cyfitter_cfg.c **** }
  87:Generated_Source\PSoC4/cyfitter_cfg.c **** CY_CFG_UNUSED
  88:Generated_Source\PSoC4/cyfitter_cfg.c **** static void CYCONFIGCPYCODE(void *dest, const void *src, size_t n);
ARM GAS  C:\Users\joshw\AppData\Local\Temp\ccAjzTvg.s 			page 3


  89:Generated_Source\PSoC4/cyfitter_cfg.c **** CY_CFG_UNUSED
  90:Generated_Source\PSoC4/cyfitter_cfg.c **** static void CYCONFIGCPYCODE(void *dest, const void *src, size_t n)
  91:Generated_Source\PSoC4/cyfitter_cfg.c **** {
  92:Generated_Source\PSoC4/cyfitter_cfg.c **** 	(void)memcpy(dest, src, n);
  93:Generated_Source\PSoC4/cyfitter_cfg.c **** }
  94:Generated_Source\PSoC4/cyfitter_cfg.c **** 
  95:Generated_Source\PSoC4/cyfitter_cfg.c **** 
  96:Generated_Source\PSoC4/cyfitter_cfg.c **** 
  97:Generated_Source\PSoC4/cyfitter_cfg.c **** 
  98:Generated_Source\PSoC4/cyfitter_cfg.c **** /* Clock startup error codes                                                   */
  99:Generated_Source\PSoC4/cyfitter_cfg.c **** #define CYCLOCKSTART_NO_ERROR    0u
 100:Generated_Source\PSoC4/cyfitter_cfg.c **** #define CYCLOCKSTART_XTAL_ERROR  1u
 101:Generated_Source\PSoC4/cyfitter_cfg.c **** #define CYCLOCKSTART_32KHZ_ERROR 2u
 102:Generated_Source\PSoC4/cyfitter_cfg.c **** #define CYCLOCKSTART_PLL_ERROR   3u
 103:Generated_Source\PSoC4/cyfitter_cfg.c **** #define CYCLOCKSTART_FLL_ERROR   4u
 104:Generated_Source\PSoC4/cyfitter_cfg.c **** #define CYCLOCKSTART_WCO_ERROR   5u
 105:Generated_Source\PSoC4/cyfitter_cfg.c **** 
 106:Generated_Source\PSoC4/cyfitter_cfg.c **** 
 107:Generated_Source\PSoC4/cyfitter_cfg.c **** #ifdef CY_NEED_CYCLOCKSTARTUPERROR
 108:Generated_Source\PSoC4/cyfitter_cfg.c **** /*******************************************************************************
 109:Generated_Source\PSoC4/cyfitter_cfg.c **** * Function Name: CyClockStartupError
 110:Generated_Source\PSoC4/cyfitter_cfg.c **** ********************************************************************************
 111:Generated_Source\PSoC4/cyfitter_cfg.c **** * Summary:
 112:Generated_Source\PSoC4/cyfitter_cfg.c **** *  If an error is encountered during clock configuration (crystal startup error,
 113:Generated_Source\PSoC4/cyfitter_cfg.c **** *  PLL lock error, etc.), the system will end up here.  Unless reimplemented by
 114:Generated_Source\PSoC4/cyfitter_cfg.c **** *  the customer, this function will stop in an infinite loop.
 115:Generated_Source\PSoC4/cyfitter_cfg.c **** *
 116:Generated_Source\PSoC4/cyfitter_cfg.c **** * Parameters:
 117:Generated_Source\PSoC4/cyfitter_cfg.c **** *   void
 118:Generated_Source\PSoC4/cyfitter_cfg.c **** *
 119:Generated_Source\PSoC4/cyfitter_cfg.c **** * Return:
 120:Generated_Source\PSoC4/cyfitter_cfg.c **** *   void
 121:Generated_Source\PSoC4/cyfitter_cfg.c **** *
 122:Generated_Source\PSoC4/cyfitter_cfg.c **** *******************************************************************************/
 123:Generated_Source\PSoC4/cyfitter_cfg.c **** CY_CFG_UNUSED
 124:Generated_Source\PSoC4/cyfitter_cfg.c **** static void CyClockStartupError(uint8 errorCode);
 125:Generated_Source\PSoC4/cyfitter_cfg.c **** CY_CFG_UNUSED
 126:Generated_Source\PSoC4/cyfitter_cfg.c **** static void CyClockStartupError(uint8 errorCode)
 127:Generated_Source\PSoC4/cyfitter_cfg.c **** {
 128:Generated_Source\PSoC4/cyfitter_cfg.c ****     /* To remove the compiler warning if errorCode not used.                */
 129:Generated_Source\PSoC4/cyfitter_cfg.c ****     errorCode = errorCode;
 130:Generated_Source\PSoC4/cyfitter_cfg.c **** 
 131:Generated_Source\PSoC4/cyfitter_cfg.c ****     /* If we have a clock startup error (bad MHz crystal, PLL lock, etc.),  */
 132:Generated_Source\PSoC4/cyfitter_cfg.c ****     /* we will end up here to allow the customer to implement something to  */
 133:Generated_Source\PSoC4/cyfitter_cfg.c ****     /* deal with the clock condition.                                       */
 134:Generated_Source\PSoC4/cyfitter_cfg.c **** 
 135:Generated_Source\PSoC4/cyfitter_cfg.c **** #ifdef CY_CFG_CLOCK_STARTUP_ERROR_CALLBACK
 136:Generated_Source\PSoC4/cyfitter_cfg.c ****     CY_CFG_Clock_Startup_ErrorCallback();
 137:Generated_Source\PSoC4/cyfitter_cfg.c **** #else
 138:Generated_Source\PSoC4/cyfitter_cfg.c ****     /*  If not using CY_CFG_CLOCK_STARTUP_ERROR_CALLBACK, place your clock startup code here. */
 139:Generated_Source\PSoC4/cyfitter_cfg.c ****     /* `#START CyClockStartupError` */
 140:Generated_Source\PSoC4/cyfitter_cfg.c **** 
 141:Generated_Source\PSoC4/cyfitter_cfg.c **** 
 142:Generated_Source\PSoC4/cyfitter_cfg.c **** 
 143:Generated_Source\PSoC4/cyfitter_cfg.c ****     /* `#END` */
 144:Generated_Source\PSoC4/cyfitter_cfg.c **** 
 145:Generated_Source\PSoC4/cyfitter_cfg.c ****     while(1) {}
ARM GAS  C:\Users\joshw\AppData\Local\Temp\ccAjzTvg.s 			page 4


 146:Generated_Source\PSoC4/cyfitter_cfg.c **** #endif /* CY_CFG_CLOCK_STARTUP_ERROR_CALLBACK */
 147:Generated_Source\PSoC4/cyfitter_cfg.c **** }
 148:Generated_Source\PSoC4/cyfitter_cfg.c **** #endif
 149:Generated_Source\PSoC4/cyfitter_cfg.c **** 
 150:Generated_Source\PSoC4/cyfitter_cfg.c **** #define CY_CFG_BASE_ADDR_COUNT 4u
 151:Generated_Source\PSoC4/cyfitter_cfg.c **** CYPACKED typedef struct
 152:Generated_Source\PSoC4/cyfitter_cfg.c **** {
 153:Generated_Source\PSoC4/cyfitter_cfg.c **** 	uint8 offset;
 154:Generated_Source\PSoC4/cyfitter_cfg.c **** 	uint8 value;
 155:Generated_Source\PSoC4/cyfitter_cfg.c **** } CYPACKED_ATTR cy_cfg_addrvalue_t;
 156:Generated_Source\PSoC4/cyfitter_cfg.c **** 
 157:Generated_Source\PSoC4/cyfitter_cfg.c **** 
 158:Generated_Source\PSoC4/cyfitter_cfg.c **** 
 159:Generated_Source\PSoC4/cyfitter_cfg.c **** /*******************************************************************************
 160:Generated_Source\PSoC4/cyfitter_cfg.c **** * Function Name: cfg_write_bytes32
 161:Generated_Source\PSoC4/cyfitter_cfg.c **** ********************************************************************************
 162:Generated_Source\PSoC4/cyfitter_cfg.c **** * Summary:
 163:Generated_Source\PSoC4/cyfitter_cfg.c **** *  This function is used for setting up the chip configuration areas that
 164:Generated_Source\PSoC4/cyfitter_cfg.c **** *  contain relatively sparse data.
 165:Generated_Source\PSoC4/cyfitter_cfg.c **** *
 166:Generated_Source\PSoC4/cyfitter_cfg.c **** * Parameters:
 167:Generated_Source\PSoC4/cyfitter_cfg.c **** *   void
 168:Generated_Source\PSoC4/cyfitter_cfg.c **** *
 169:Generated_Source\PSoC4/cyfitter_cfg.c **** * Return:
 170:Generated_Source\PSoC4/cyfitter_cfg.c **** *   void
 171:Generated_Source\PSoC4/cyfitter_cfg.c **** *
 172:Generated_Source\PSoC4/cyfitter_cfg.c **** *******************************************************************************/
 173:Generated_Source\PSoC4/cyfitter_cfg.c **** static void cfg_write_bytes32(const uint32 addr_table[], const cy_cfg_addrvalue_t data_table[]);
 174:Generated_Source\PSoC4/cyfitter_cfg.c **** static void cfg_write_bytes32(const uint32 addr_table[], const cy_cfg_addrvalue_t data_table[])
 175:Generated_Source\PSoC4/cyfitter_cfg.c **** {
  27              		.loc 1 175 0
  28              		.cfi_startproc
  29              		@ args = 0, pretend = 0, frame = 0
  30              		@ frame_needed = 0, uses_anonymous_args = 0
  31              	.LVL0:
  32 0000 F0B5     		push	{r4, r5, r6, r7, lr}
  33              		.cfi_def_cfa_offset 20
  34              		.cfi_offset 4, -20
  35              		.cfi_offset 5, -16
  36              		.cfi_offset 6, -12
  37              		.cfi_offset 7, -8
  38              		.cfi_offset 14, -4
  39              	.LVL1:
 176:Generated_Source\PSoC4/cyfitter_cfg.c **** 	/* For 32-bit little-endian architectures */
 177:Generated_Source\PSoC4/cyfitter_cfg.c **** 	uint32 i, j = 0u;
  40              		.loc 1 177 0
  41 0002 0025     		movs	r5, #0
 178:Generated_Source\PSoC4/cyfitter_cfg.c **** 	for (i = 0u; i < CY_CFG_BASE_ADDR_COUNT; i++)
  42              		.loc 1 178 0
  43 0004 0027     		movs	r7, #0
  44 0006 11E0     		b	.L2
  45              	.LVL2:
  46              	.L5:
  47              	.LBB2:
 179:Generated_Source\PSoC4/cyfitter_cfg.c **** 	{
 180:Generated_Source\PSoC4/cyfitter_cfg.c **** 		uint32 baseAddr = addr_table[i];
  48              		.loc 1 180 0
ARM GAS  C:\Users\joshw\AppData\Local\Temp\ccAjzTvg.s 			page 5


  49 0008 BB00     		lsls	r3, r7, #2
  50 000a C658     		ldr	r6, [r0, r3]
  51              	.LVL3:
 181:Generated_Source\PSoC4/cyfitter_cfg.c **** 		uint8 count = (uint8)baseAddr;
  52              		.loc 1 181 0
  53 000c F3B2     		uxtb	r3, r6
  54              	.LVL4:
 182:Generated_Source\PSoC4/cyfitter_cfg.c **** 		baseAddr &= 0xFFFFFF00u;
  55              		.loc 1 182 0
  56 000e FF22     		movs	r2, #255
  57 0010 9643     		bics	r6, r2
  58              	.LVL5:
 183:Generated_Source\PSoC4/cyfitter_cfg.c **** 		while (count != 0u)
  59              		.loc 1 183 0
  60 0012 08E0     		b	.L3
  61              	.L4:
 184:Generated_Source\PSoC4/cyfitter_cfg.c **** 		{
 185:Generated_Source\PSoC4/cyfitter_cfg.c **** 			CY_SET_REG8((void *)(baseAddr + data_table[j].offset), data_table[j].value);
  62              		.loc 1 185 0
  63 0014 6A00     		lsls	r2, r5, #1
  64 0016 8A18     		adds	r2, r1, r2
  65 0018 1478     		ldrb	r4, [r2]
  66 001a A419     		adds	r4, r4, r6
  67 001c 5278     		ldrb	r2, [r2, #1]
  68 001e 2270     		strb	r2, [r4]
 186:Generated_Source\PSoC4/cyfitter_cfg.c **** 			j++;
  69              		.loc 1 186 0
  70 0020 0135     		adds	r5, r5, #1
  71              	.LVL6:
 187:Generated_Source\PSoC4/cyfitter_cfg.c **** 			count--;
  72              		.loc 1 187 0
  73 0022 013B     		subs	r3, r3, #1
  74              	.LVL7:
  75 0024 DBB2     		uxtb	r3, r3
  76              	.LVL8:
  77              	.L3:
 183:Generated_Source\PSoC4/cyfitter_cfg.c **** 		{
  78              		.loc 1 183 0
  79 0026 002B     		cmp	r3, #0
  80 0028 F4D1     		bne	.L4
  81              	.LBE2:
 178:Generated_Source\PSoC4/cyfitter_cfg.c **** 	{
  82              		.loc 1 178 0 discriminator 2
  83 002a 0137     		adds	r7, r7, #1
  84              	.LVL9:
  85              	.L2:
 178:Generated_Source\PSoC4/cyfitter_cfg.c **** 	{
  86              		.loc 1 178 0 is_stmt 0 discriminator 1
  87 002c 032F     		cmp	r7, #3
  88 002e EBD9     		bls	.L5
 188:Generated_Source\PSoC4/cyfitter_cfg.c **** 		}
 189:Generated_Source\PSoC4/cyfitter_cfg.c **** 	}
 190:Generated_Source\PSoC4/cyfitter_cfg.c **** }
  89              		.loc 1 190 0 is_stmt 1
  90              		@ sp needed
  91              	.LVL10:
  92              	.LVL11:
ARM GAS  C:\Users\joshw\AppData\Local\Temp\ccAjzTvg.s 			page 6


  93 0030 F0BD     		pop	{r4, r5, r6, r7, pc}
  94              		.cfi_endproc
  95              	.LFE3:
  96              		.size	cfg_write_bytes32, .-cfg_write_bytes32
  97 0032 C046     		.section	.text.CYMEMZERO,"ax",%progbits
  98              		.align	2
  99              		.code	16
 100              		.thumb_func
 101              		.type	CYMEMZERO, %function
 102              	CYMEMZERO:
 103              	.LFB0:
  77:Generated_Source\PSoC4/cyfitter_cfg.c **** 	(void)memset(s, 0, n);
 104              		.loc 1 77 0
 105              		.cfi_startproc
 106              		@ args = 0, pretend = 0, frame = 0
 107              		@ frame_needed = 0, uses_anonymous_args = 0
 108              	.LVL12:
 109 0000 10B5     		push	{r4, lr}
 110              		.cfi_def_cfa_offset 8
 111              		.cfi_offset 4, -8
 112              		.cfi_offset 14, -4
 113 0002 0A00     		movs	r2, r1
  78:Generated_Source\PSoC4/cyfitter_cfg.c **** }
 114              		.loc 1 78 0
 115 0004 0021     		movs	r1, #0
 116              	.LVL13:
 117 0006 FFF7FEFF 		bl	memset
 118              	.LVL14:
  79:Generated_Source\PSoC4/cyfitter_cfg.c **** CY_CFG_UNUSED
 119              		.loc 1 79 0
 120              		@ sp needed
 121 000a 10BD     		pop	{r4, pc}
 122              		.cfi_endproc
 123              	.LFE0:
 124              		.size	CYMEMZERO, .-CYMEMZERO
 125              		.section	.psocinit,"ax",%progbits
 126              		.align	2
 127              		.code	16
 128              		.thumb_func
 129              		.type	ClockSetup, %function
 130              	ClockSetup:
 131              	.LFB4:
 191:Generated_Source\PSoC4/cyfitter_cfg.c **** 
 192:Generated_Source\PSoC4/cyfitter_cfg.c **** 
 193:Generated_Source\PSoC4/cyfitter_cfg.c **** /*******************************************************************************
 194:Generated_Source\PSoC4/cyfitter_cfg.c **** * Function Name: ClockSetup
 195:Generated_Source\PSoC4/cyfitter_cfg.c **** ********************************************************************************
 196:Generated_Source\PSoC4/cyfitter_cfg.c **** *
 197:Generated_Source\PSoC4/cyfitter_cfg.c **** * Summary:
 198:Generated_Source\PSoC4/cyfitter_cfg.c **** *   Performs the initialization of all of the clocks in the device based on the
 199:Generated_Source\PSoC4/cyfitter_cfg.c **** *   settings in the Clock tab of the DWR.  This includes enabling the requested
 200:Generated_Source\PSoC4/cyfitter_cfg.c **** *   clocks and setting the necessary dividers to produce the desired frequency. 
 201:Generated_Source\PSoC4/cyfitter_cfg.c **** *
 202:Generated_Source\PSoC4/cyfitter_cfg.c **** * Parameters:
 203:Generated_Source\PSoC4/cyfitter_cfg.c **** *   void
 204:Generated_Source\PSoC4/cyfitter_cfg.c **** *
 205:Generated_Source\PSoC4/cyfitter_cfg.c **** * Return:
ARM GAS  C:\Users\joshw\AppData\Local\Temp\ccAjzTvg.s 			page 7


 206:Generated_Source\PSoC4/cyfitter_cfg.c **** *   void
 207:Generated_Source\PSoC4/cyfitter_cfg.c **** *
 208:Generated_Source\PSoC4/cyfitter_cfg.c **** *******************************************************************************/
 209:Generated_Source\PSoC4/cyfitter_cfg.c **** static void ClockSetup(void);
 210:Generated_Source\PSoC4/cyfitter_cfg.c **** CY_CFG_SECTION
 211:Generated_Source\PSoC4/cyfitter_cfg.c **** static void ClockSetup(void)
 212:Generated_Source\PSoC4/cyfitter_cfg.c **** {
 132              		.loc 1 212 0
 133              		.cfi_startproc
 134              		@ args = 0, pretend = 0, frame = 0
 135              		@ frame_needed = 0, uses_anonymous_args = 0
 136 0000 70B5     		push	{r4, r5, r6, lr}
 137              		.cfi_def_cfa_offset 16
 138              		.cfi_offset 4, -16
 139              		.cfi_offset 5, -12
 140              		.cfi_offset 6, -8
 141              		.cfi_offset 14, -4
 213:Generated_Source\PSoC4/cyfitter_cfg.c **** 	/* Enable HALF_EN before trimming for the flash accelerator. */
 214:Generated_Source\PSoC4/cyfitter_cfg.c **** 	CY_SET_REG32((void CYXDATA *)(CYREG_CLK_SELECT), (CY_GET_REG32((void *)CYREG_CLK_SELECT) | 0x00040
 142              		.loc 1 214 0
 143 0002 194C     		ldr	r4, .L8
 144 0004 2368     		ldr	r3, [r4]
 145 0006 8022     		movs	r2, #128
 146 0008 D202     		lsls	r2, r2, #11
 147 000a 1343     		orrs	r3, r2
 148 000c 2360     		str	r3, [r4]
 215:Generated_Source\PSoC4/cyfitter_cfg.c **** 
 216:Generated_Source\PSoC4/cyfitter_cfg.c **** 	/* Setup and trim IMO based on desired frequency. */
 217:Generated_Source\PSoC4/cyfitter_cfg.c **** 	CySysClkWriteImoFreq(24u);
 149              		.loc 1 217 0
 150 000e 1820     		movs	r0, #24
 151 0010 FFF7FEFF 		bl	CySysClkWriteImoFreq
 152              	.LVL15:
 218:Generated_Source\PSoC4/cyfitter_cfg.c **** 
 219:Generated_Source\PSoC4/cyfitter_cfg.c **** 	/* Disable HALF_EN since it is not required at this IMO frequency. */
 220:Generated_Source\PSoC4/cyfitter_cfg.c **** 	CY_SET_REG32((void CYXDATA *)(CYREG_CLK_SELECT), (CY_GET_REG32((void *)CYREG_CLK_SELECT) & 0xFFFBF
 153              		.loc 1 220 0
 154 0014 2268     		ldr	r2, [r4]
 155 0016 154B     		ldr	r3, .L8+4
 156 0018 1340     		ands	r3, r2
 157 001a 2360     		str	r3, [r4]
 221:Generated_Source\PSoC4/cyfitter_cfg.c **** 	/* CYDEV_CLK_ILO_CONFIG Starting address: CYDEV_CLK_ILO_CONFIG */
 222:Generated_Source\PSoC4/cyfitter_cfg.c **** 	CY_SET_REG32((void *)(CYREG_CLK_ILO_CONFIG), 0x80000006u);
 158              		.loc 1 222 0
 159 001c 144A     		ldr	r2, .L8+8
 160 001e 154B     		ldr	r3, .L8+12
 161 0020 1A60     		str	r2, [r3]
 223:Generated_Source\PSoC4/cyfitter_cfg.c **** 
 224:Generated_Source\PSoC4/cyfitter_cfg.c **** 
 225:Generated_Source\PSoC4/cyfitter_cfg.c **** 	/* CYDEV_CLK_SELECT00 Starting address: CYDEV_CLK_SELECT00 */
 226:Generated_Source\PSoC4/cyfitter_cfg.c **** 	CY_SET_REG32((void *)(CYREG_CLK_SELECT02), 0x00000010u);
 162              		.loc 1 226 0
 163 0022 1022     		movs	r2, #16
 164 0024 144B     		ldr	r3, .L8+16
 165 0026 1A60     		str	r2, [r3]
 227:Generated_Source\PSoC4/cyfitter_cfg.c **** 	CY_SET_REG32((void *)(CYREG_CLK_SELECT03), 0x00000020u);
 166              		.loc 1 227 0
ARM GAS  C:\Users\joshw\AppData\Local\Temp\ccAjzTvg.s 			page 8


 167 0028 1032     		adds	r2, r2, #16
 168 002a 144B     		ldr	r3, .L8+20
 169 002c 1A60     		str	r2, [r3]
 228:Generated_Source\PSoC4/cyfitter_cfg.c **** 	CY_SET_REG32((void *)(CYREG_CLK_SELECT08), 0x00000030u);
 170              		.loc 1 228 0
 171 002e 1032     		adds	r2, r2, #16
 172 0030 134B     		ldr	r3, .L8+24
 173 0032 1A60     		str	r2, [r3]
 229:Generated_Source\PSoC4/cyfitter_cfg.c **** 
 230:Generated_Source\PSoC4/cyfitter_cfg.c **** 	/* CYDEV_CLK_IMO_CONFIG Starting address: CYDEV_CLK_IMO_CONFIG */
 231:Generated_Source\PSoC4/cyfitter_cfg.c **** 	CY_SET_REG32((void *)(CYREG_CLK_IMO_CONFIG), 0x80000000u);
 174              		.loc 1 231 0
 175 0034 8022     		movs	r2, #128
 176 0036 1206     		lsls	r2, r2, #24
 177 0038 124B     		ldr	r3, .L8+28
 178 003a 1A60     		str	r2, [r3]
 232:Generated_Source\PSoC4/cyfitter_cfg.c **** 
 233:Generated_Source\PSoC4/cyfitter_cfg.c **** 	/* CYDEV_CLK_SELECT Starting address: CYDEV_CLK_SELECT */
 234:Generated_Source\PSoC4/cyfitter_cfg.c **** 	CY_SET_REG32((void *)(CYREG_CLK_SELECT), 0x00000000u);
 179              		.loc 1 234 0
 180 003c 0025     		movs	r5, #0
 181 003e 2560     		str	r5, [r4]
 235:Generated_Source\PSoC4/cyfitter_cfg.c **** 
 236:Generated_Source\PSoC4/cyfitter_cfg.c **** 	/* CYDEV_CLK_DIVIDER_A00 Starting address: CYDEV_CLK_DIVIDER_A00 */
 237:Generated_Source\PSoC4/cyfitter_cfg.c **** 	CY_SET_REG32((void *)(CYREG_CLK_DIVIDER_A00), 0x8000000Eu);
 182              		.loc 1 237 0
 183 0040 114A     		ldr	r2, .L8+32
 184 0042 124B     		ldr	r3, .L8+36
 185 0044 1A60     		str	r2, [r3]
 238:Generated_Source\PSoC4/cyfitter_cfg.c **** 
 239:Generated_Source\PSoC4/cyfitter_cfg.c **** 	/* CYDEV_CLK_DIVIDER_B00 Starting address: CYDEV_CLK_DIVIDER_B00 */
 240:Generated_Source\PSoC4/cyfitter_cfg.c **** 	CY_SET_REG32((void *)(CYREG_CLK_DIVIDER_B00), 0x800000CFu);
 186              		.loc 1 240 0
 187 0046 124A     		ldr	r2, .L8+40
 188 0048 124B     		ldr	r3, .L8+44
 189 004a 1A60     		str	r2, [r3]
 241:Generated_Source\PSoC4/cyfitter_cfg.c **** 
 242:Generated_Source\PSoC4/cyfitter_cfg.c **** 	/* CYDEV_CLK_DIVIDER_C00 Starting address: CYDEV_CLK_DIVIDER_C00 */
 243:Generated_Source\PSoC4/cyfitter_cfg.c **** 	CY_SET_REG32((void *)(CYREG_CLK_DIVIDER_C00), 0x8000752Fu);
 190              		.loc 1 243 0
 191 004c 124A     		ldr	r2, .L8+48
 192 004e 134B     		ldr	r3, .L8+52
 193 0050 1A60     		str	r2, [r3]
 244:Generated_Source\PSoC4/cyfitter_cfg.c **** 
 245:Generated_Source\PSoC4/cyfitter_cfg.c **** 	(void)CyIntSetVector(9u, &CySysWdtIsr);
 194              		.loc 1 245 0
 195 0052 1349     		ldr	r1, .L8+56
 196 0054 0920     		movs	r0, #9
 197 0056 FFF7FEFF 		bl	CyIntSetVector
 198              	.LVL16:
 246:Generated_Source\PSoC4/cyfitter_cfg.c **** 	CyIntEnable(9u);
 199              		.loc 1 246 0
 200 005a 0920     		movs	r0, #9
 201 005c FFF7FEFF 		bl	CyIntEnable
 202              	.LVL17:
 247:Generated_Source\PSoC4/cyfitter_cfg.c **** 	CY_SET_REG32((void *)(CYREG_WDT_CONFIG), 0x00000000u);
 203              		.loc 1 247 0
ARM GAS  C:\Users\joshw\AppData\Local\Temp\ccAjzTvg.s 			page 9


 204 0060 104B     		ldr	r3, .L8+60
 205 0062 1D60     		str	r5, [r3]
 248:Generated_Source\PSoC4/cyfitter_cfg.c **** }
 206              		.loc 1 248 0
 207              		@ sp needed
 208 0064 70BD     		pop	{r4, r5, r6, pc}
 209              	.L9:
 210 0066 C046     		.align	2
 211              	.L8:
 212 0068 00010B40 		.word	1074462976
 213 006c FFFFFBFF 		.word	-262145
 214 0070 06000080 		.word	-2147483642
 215 0074 04010B40 		.word	1074462980
 216 0078 08020240 		.word	1073873416
 217 007c 0C020240 		.word	1073873420
 218 0080 20020240 		.word	1073873440
 219 0084 08010B40 		.word	1074462984
 220 0088 0E000080 		.word	-2147483634
 221 008c 00000240 		.word	1073872896
 222 0090 CF000080 		.word	-2147483441
 223 0094 40000240 		.word	1073872960
 224 0098 2F750080 		.word	-2147453649
 225 009c 80000240 		.word	1073873024
 226 00a0 00000000 		.word	CySysWdtIsr
 227 00a4 0C020B40 		.word	1074463244
 228              		.cfi_endproc
 229              	.LFE4:
 230              		.size	ClockSetup, .-ClockSetup
 231              		.align	2
 232              		.global	cyfitter_cfg
 233              		.code	16
 234              		.thumb_func
 235              		.type	cyfitter_cfg, %function
 236              	cyfitter_cfg:
 237              	.LFB6:
 249:Generated_Source\PSoC4/cyfitter_cfg.c **** 
 250:Generated_Source\PSoC4/cyfitter_cfg.c **** 
 251:Generated_Source\PSoC4/cyfitter_cfg.c **** /* Analog API Functions */
 252:Generated_Source\PSoC4/cyfitter_cfg.c **** 
 253:Generated_Source\PSoC4/cyfitter_cfg.c **** 
 254:Generated_Source\PSoC4/cyfitter_cfg.c **** /*******************************************************************************
 255:Generated_Source\PSoC4/cyfitter_cfg.c **** * Function Name: AnalogSetDefault
 256:Generated_Source\PSoC4/cyfitter_cfg.c **** ********************************************************************************
 257:Generated_Source\PSoC4/cyfitter_cfg.c **** *
 258:Generated_Source\PSoC4/cyfitter_cfg.c **** * Summary:
 259:Generated_Source\PSoC4/cyfitter_cfg.c **** *  Sets up the analog portions of the chip to default values based on chip
 260:Generated_Source\PSoC4/cyfitter_cfg.c **** *  configuration options from the project.
 261:Generated_Source\PSoC4/cyfitter_cfg.c **** *
 262:Generated_Source\PSoC4/cyfitter_cfg.c **** * Parameters:
 263:Generated_Source\PSoC4/cyfitter_cfg.c **** *  void
 264:Generated_Source\PSoC4/cyfitter_cfg.c **** *
 265:Generated_Source\PSoC4/cyfitter_cfg.c **** * Return:
 266:Generated_Source\PSoC4/cyfitter_cfg.c **** *  void
 267:Generated_Source\PSoC4/cyfitter_cfg.c **** *
 268:Generated_Source\PSoC4/cyfitter_cfg.c **** *******************************************************************************/
 269:Generated_Source\PSoC4/cyfitter_cfg.c **** static void AnalogSetDefault(void);
 270:Generated_Source\PSoC4/cyfitter_cfg.c **** static void AnalogSetDefault(void)
ARM GAS  C:\Users\joshw\AppData\Local\Temp\ccAjzTvg.s 			page 10


 271:Generated_Source\PSoC4/cyfitter_cfg.c **** {
 272:Generated_Source\PSoC4/cyfitter_cfg.c **** }
 273:Generated_Source\PSoC4/cyfitter_cfg.c **** 
 274:Generated_Source\PSoC4/cyfitter_cfg.c **** 
 275:Generated_Source\PSoC4/cyfitter_cfg.c **** 
 276:Generated_Source\PSoC4/cyfitter_cfg.c **** 
 277:Generated_Source\PSoC4/cyfitter_cfg.c **** /*******************************************************************************
 278:Generated_Source\PSoC4/cyfitter_cfg.c **** * Function Name: cyfitter_cfg
 279:Generated_Source\PSoC4/cyfitter_cfg.c **** ********************************************************************************
 280:Generated_Source\PSoC4/cyfitter_cfg.c **** * Summary:
 281:Generated_Source\PSoC4/cyfitter_cfg.c **** *  This function is called by the start-up code for the selected device. It
 282:Generated_Source\PSoC4/cyfitter_cfg.c **** *  performs all of the necessary device configuration based on the design
 283:Generated_Source\PSoC4/cyfitter_cfg.c **** *  settings.  This includes settings from the Design Wide Resources (DWR) such
 284:Generated_Source\PSoC4/cyfitter_cfg.c **** *  as Clocks and Pins as well as any component configuration that is necessary.
 285:Generated_Source\PSoC4/cyfitter_cfg.c **** *
 286:Generated_Source\PSoC4/cyfitter_cfg.c **** * Parameters:
 287:Generated_Source\PSoC4/cyfitter_cfg.c **** *   void
 288:Generated_Source\PSoC4/cyfitter_cfg.c **** *
 289:Generated_Source\PSoC4/cyfitter_cfg.c **** * Return:
 290:Generated_Source\PSoC4/cyfitter_cfg.c **** *   void
 291:Generated_Source\PSoC4/cyfitter_cfg.c **** *
 292:Generated_Source\PSoC4/cyfitter_cfg.c **** *******************************************************************************/
 293:Generated_Source\PSoC4/cyfitter_cfg.c **** CY_CFG_SECTION
 294:Generated_Source\PSoC4/cyfitter_cfg.c **** void cyfitter_cfg(void)
 295:Generated_Source\PSoC4/cyfitter_cfg.c **** {
 238              		.loc 1 295 0
 239              		.cfi_startproc
 240              		@ args = 0, pretend = 0, frame = 0
 241              		@ frame_needed = 0, uses_anonymous_args = 0
 242 00a8 10B5     		push	{r4, lr}
 243              		.cfi_def_cfa_offset 8
 244              		.cfi_offset 4, -8
 245              		.cfi_offset 14, -4
 296:Generated_Source\PSoC4/cyfitter_cfg.c **** 	/* Disable interrupts by default. Let user enable if/when they want. */
 297:Generated_Source\PSoC4/cyfitter_cfg.c **** 	CyGlobalIntDisable;
 246              		.loc 1 297 0
 247              		.syntax divided
 248              	@ 297 "Generated_Source\PSoC4\cyfitter_cfg.c" 1
 249 00aa 72B6     		CPSID   i
 250              	@ 0 "" 2
 298:Generated_Source\PSoC4/cyfitter_cfg.c **** 
 299:Generated_Source\PSoC4/cyfitter_cfg.c **** 	/* Enable the clock in the interrupt controller for the routed interrupts */
 300:Generated_Source\PSoC4/cyfitter_cfg.c **** 	CY_SET_REG8((void *)CYREG_UDB_UDBIF_INT_CLK_CTL, 0x01u);
 251              		.loc 1 300 0
 252              		.thumb
 253              		.syntax unified
 254 00ac 0122     		movs	r2, #1
 255 00ae 304B     		ldr	r3, .L13
 256 00b0 1A70     		strb	r2, [r3]
 257              	.LVL18:
 258              	.LBB3:
 301:Generated_Source\PSoC4/cyfitter_cfg.c **** 	{
 302:Generated_Source\PSoC4/cyfitter_cfg.c **** 		static const uint32 CYCODE cy_cfg_addr_table[] = {
 303:Generated_Source\PSoC4/cyfitter_cfg.c **** 			0x400F3302u, /* Base address: 0x400F3300 Count: 2 */
 304:Generated_Source\PSoC4/cyfitter_cfg.c **** 			0x400F4004u, /* Base address: 0x400F4000 Count: 4 */
 305:Generated_Source\PSoC4/cyfitter_cfg.c **** 			0x400F4108u, /* Base address: 0x400F4100 Count: 8 */
 306:Generated_Source\PSoC4/cyfitter_cfg.c **** 			0x400F4308u, /* Base address: 0x400F4300 Count: 8 */
ARM GAS  C:\Users\joshw\AppData\Local\Temp\ccAjzTvg.s 			page 11


 307:Generated_Source\PSoC4/cyfitter_cfg.c **** 		};
 308:Generated_Source\PSoC4/cyfitter_cfg.c **** 
 309:Generated_Source\PSoC4/cyfitter_cfg.c **** 		static const cy_cfg_addrvalue_t CYCODE cy_cfg_data_table[] = {
 310:Generated_Source\PSoC4/cyfitter_cfg.c **** 			{0xE2u, 0x80u},
 311:Generated_Source\PSoC4/cyfitter_cfg.c **** 			{0xE6u, 0x10u},
 312:Generated_Source\PSoC4/cyfitter_cfg.c **** 			{0x53u, 0x04u},
 313:Generated_Source\PSoC4/cyfitter_cfg.c **** 			{0x6Fu, 0x20u},
 314:Generated_Source\PSoC4/cyfitter_cfg.c **** 			{0xD4u, 0x20u},
 315:Generated_Source\PSoC4/cyfitter_cfg.c **** 			{0xDAu, 0x80u},
 316:Generated_Source\PSoC4/cyfitter_cfg.c **** 			{0x03u, 0x20u},
 317:Generated_Source\PSoC4/cyfitter_cfg.c **** 			{0x62u, 0x04u},
 318:Generated_Source\PSoC4/cyfitter_cfg.c **** 			{0x8Bu, 0x04u},
 319:Generated_Source\PSoC4/cyfitter_cfg.c **** 			{0x8Eu, 0x04u},
 320:Generated_Source\PSoC4/cyfitter_cfg.c **** 			{0x97u, 0x08u},
 321:Generated_Source\PSoC4/cyfitter_cfg.c **** 			{0xA7u, 0x20u},
 322:Generated_Source\PSoC4/cyfitter_cfg.c **** 			{0xC0u, 0x10u},
 323:Generated_Source\PSoC4/cyfitter_cfg.c **** 			{0xD8u, 0x40u},
 324:Generated_Source\PSoC4/cyfitter_cfg.c **** 			{0x19u, 0x08u},
 325:Generated_Source\PSoC4/cyfitter_cfg.c **** 			{0x23u, 0x01u},
 326:Generated_Source\PSoC4/cyfitter_cfg.c **** 			{0x89u, 0x08u},
 327:Generated_Source\PSoC4/cyfitter_cfg.c **** 			{0x8Fu, 0x01u},
 328:Generated_Source\PSoC4/cyfitter_cfg.c **** 			{0xC6u, 0x08u},
 329:Generated_Source\PSoC4/cyfitter_cfg.c **** 			{0xC8u, 0x08u},
 330:Generated_Source\PSoC4/cyfitter_cfg.c **** 			{0xE2u, 0x01u},
 331:Generated_Source\PSoC4/cyfitter_cfg.c **** 			{0xE6u, 0x08u},
 332:Generated_Source\PSoC4/cyfitter_cfg.c **** 		};
 333:Generated_Source\PSoC4/cyfitter_cfg.c **** 
 334:Generated_Source\PSoC4/cyfitter_cfg.c **** 
 335:Generated_Source\PSoC4/cyfitter_cfg.c **** 
 336:Generated_Source\PSoC4/cyfitter_cfg.c **** 		CYPACKED typedef struct {
 337:Generated_Source\PSoC4/cyfitter_cfg.c **** 			void CYFAR *address;
 338:Generated_Source\PSoC4/cyfitter_cfg.c **** 			uint16 size;
 339:Generated_Source\PSoC4/cyfitter_cfg.c **** 		} CYPACKED_ATTR cfg_memset_t;
 340:Generated_Source\PSoC4/cyfitter_cfg.c **** 
 341:Generated_Source\PSoC4/cyfitter_cfg.c **** 		static const cfg_memset_t CYCODE cfg_memset_list[] = {
 342:Generated_Source\PSoC4/cyfitter_cfg.c **** 			/* address, size */
 343:Generated_Source\PSoC4/cyfitter_cfg.c **** 			{(void CYFAR *)(CYDEV_UDB_P0_U0_BASE), 1024u},
 344:Generated_Source\PSoC4/cyfitter_cfg.c **** 			{(void CYFAR *)(CYDEV_UDB_DSI0_BASE), 1024u},
 345:Generated_Source\PSoC4/cyfitter_cfg.c **** 		};
 346:Generated_Source\PSoC4/cyfitter_cfg.c **** 
 347:Generated_Source\PSoC4/cyfitter_cfg.c **** 		uint8 CYDATA i;
 348:Generated_Source\PSoC4/cyfitter_cfg.c **** 
 349:Generated_Source\PSoC4/cyfitter_cfg.c **** 		/* Zero out critical memory blocks before beginning configuration */
 350:Generated_Source\PSoC4/cyfitter_cfg.c **** 		for (i = 0u; i < (sizeof(cfg_memset_list)/sizeof(cfg_memset_list[0])); i++)
 259              		.loc 1 350 0
 260 00b2 0024     		movs	r4, #0
 261 00b4 0FE0     		b	.L11
 262              	.LVL19:
 263              	.L12:
 264              	.LBB4:
 351:Generated_Source\PSoC4/cyfitter_cfg.c **** 		{
 352:Generated_Source\PSoC4/cyfitter_cfg.c **** 			const cfg_memset_t CYCODE * CYDATA ms = &cfg_memset_list[i];
 353:Generated_Source\PSoC4/cyfitter_cfg.c **** 			CYMEMZERO(ms->address, (size_t)(uint32)(ms->size));
 265              		.loc 1 353 0 discriminator 3
 266 00b6 2F48     		ldr	r0, .L13+4
 267 00b8 6200     		lsls	r2, r4, #1
 268 00ba 1319     		adds	r3, r2, r4
ARM GAS  C:\Users\joshw\AppData\Local\Temp\ccAjzTvg.s 			page 12


 269 00bc 5900     		lsls	r1, r3, #1
 270 00be 0B00     		movs	r3, r1
 271 00c0 4118     		adds	r1, r0, r1
 272 00c2 8988     		ldrh	r1, [r1, #4]
 273 00c4 1A5A     		ldrh	r2, [r3, r0]
 274 00c6 C318     		adds	r3, r0, r3
 275 00c8 5888     		ldrh	r0, [r3, #2]
 276 00ca 0004     		lsls	r0, r0, #16
 277 00cc 1043     		orrs	r0, r2
 278 00ce FFF7FEFF 		bl	CYMEMZERO
 279              	.LVL20:
 280              	.LBE4:
 350:Generated_Source\PSoC4/cyfitter_cfg.c **** 		{
 281              		.loc 1 350 0 discriminator 3
 282 00d2 0134     		adds	r4, r4, #1
 283              	.LVL21:
 284 00d4 E4B2     		uxtb	r4, r4
 285              	.LVL22:
 286              	.L11:
 350:Generated_Source\PSoC4/cyfitter_cfg.c **** 		{
 287              		.loc 1 350 0 is_stmt 0 discriminator 1
 288 00d6 012C     		cmp	r4, #1
 289 00d8 EDD9     		bls	.L12
 354:Generated_Source\PSoC4/cyfitter_cfg.c **** 		}
 355:Generated_Source\PSoC4/cyfitter_cfg.c **** 
 356:Generated_Source\PSoC4/cyfitter_cfg.c **** 		cfg_write_bytes32(cy_cfg_addr_table, cy_cfg_data_table);
 290              		.loc 1 356 0 is_stmt 1
 291 00da 2648     		ldr	r0, .L13+4
 292 00dc 0100     		movs	r1, r0
 293 00de 0C31     		adds	r1, r1, #12
 294 00e0 3830     		adds	r0, r0, #56
 295 00e2 FFF7FEFF 		bl	cfg_write_bytes32
 296              	.LVL23:
 357:Generated_Source\PSoC4/cyfitter_cfg.c **** 
 358:Generated_Source\PSoC4/cyfitter_cfg.c **** 		/* HSIOM Starting address: CYDEV_HSIOM_BASE */
 359:Generated_Source\PSoC4/cyfitter_cfg.c **** 		CY_SET_REG32((void *)(CYDEV_HSIOM_BASE), 0x00990300u);
 297              		.loc 1 359 0
 298 00e6 244A     		ldr	r2, .L13+8
 299 00e8 244B     		ldr	r3, .L13+12
 300 00ea 1A60     		str	r2, [r3]
 360:Generated_Source\PSoC4/cyfitter_cfg.c **** 		CY_SET_REG32((void *)(CYREG_HSIOM_PORT_SEL1), 0x03000000u);
 301              		.loc 1 360 0
 302 00ec C022     		movs	r2, #192
 303 00ee 9204     		lsls	r2, r2, #18
 304 00f0 234B     		ldr	r3, .L13+16
 305 00f2 1A60     		str	r2, [r3]
 361:Generated_Source\PSoC4/cyfitter_cfg.c **** 		CY_SET_REG32((void *)(CYREG_HSIOM_PORT_SEL3), 0x0000EE00u);
 306              		.loc 1 361 0
 307 00f4 EE22     		movs	r2, #238
 308 00f6 1202     		lsls	r2, r2, #8
 309 00f8 224B     		ldr	r3, .L13+20
 310 00fa 1A60     		str	r2, [r3]
 362:Generated_Source\PSoC4/cyfitter_cfg.c **** 		CY_SET_REG32((void *)(CYREG_HSIOM_PORT_SEL4), 0x000000EEu);
 311              		.loc 1 362 0
 312 00fc EE22     		movs	r2, #238
 313 00fe 224B     		ldr	r3, .L13+24
 314 0100 1A60     		str	r2, [r3]
ARM GAS  C:\Users\joshw\AppData\Local\Temp\ccAjzTvg.s 			page 13


 363:Generated_Source\PSoC4/cyfitter_cfg.c **** 
 364:Generated_Source\PSoC4/cyfitter_cfg.c **** 		/* UDB_PA_0 Starting address: CYDEV_UDB_PA0_BASE */
 365:Generated_Source\PSoC4/cyfitter_cfg.c **** 		CY_SET_REG32((void *)(CYDEV_UDB_PA0_BASE), 0x00990000u);
 315              		.loc 1 365 0
 316 0102 9923     		movs	r3, #153
 317 0104 1B04     		lsls	r3, r3, #16
 318 0106 214A     		ldr	r2, .L13+28
 319 0108 1360     		str	r3, [r2]
 366:Generated_Source\PSoC4/cyfitter_cfg.c **** 		CY_SET_REG32((void *)(CYREG_UDB_PA0_CFG8), 0x00450000u);
 320              		.loc 1 366 0
 321 010a 8A21     		movs	r1, #138
 322 010c C903     		lsls	r1, r1, #15
 323 010e 204A     		ldr	r2, .L13+32
 324 0110 1160     		str	r1, [r2]
 367:Generated_Source\PSoC4/cyfitter_cfg.c **** 
 368:Generated_Source\PSoC4/cyfitter_cfg.c **** 		/* UDB_PA_1 Starting address: CYDEV_UDB_PA1_BASE */
 369:Generated_Source\PSoC4/cyfitter_cfg.c **** 		CY_SET_REG32((void *)(CYDEV_UDB_PA1_BASE), 0x00990000u);
 325              		.loc 1 369 0
 326 0112 204A     		ldr	r2, .L13+36
 327 0114 1360     		str	r3, [r2]
 370:Generated_Source\PSoC4/cyfitter_cfg.c **** 		CY_SET_REG32((void *)(CYREG_UDB_PA1_CFG8), 0x20000000u);
 328              		.loc 1 370 0
 329 0116 8021     		movs	r1, #128
 330 0118 8905     		lsls	r1, r1, #22
 331 011a 1F4A     		ldr	r2, .L13+40
 332 011c 1160     		str	r1, [r2]
 371:Generated_Source\PSoC4/cyfitter_cfg.c **** 
 372:Generated_Source\PSoC4/cyfitter_cfg.c **** 		/* UDB_PA_3 Starting address: CYDEV_UDB_PA3_BASE */
 373:Generated_Source\PSoC4/cyfitter_cfg.c **** 		CY_SET_REG32((void *)(CYDEV_UDB_PA3_BASE), 0x00990000u);
 333              		.loc 1 373 0
 334 011e 1F4A     		ldr	r2, .L13+44
 335 0120 1360     		str	r3, [r2]
 374:Generated_Source\PSoC4/cyfitter_cfg.c **** 
 375:Generated_Source\PSoC4/cyfitter_cfg.c **** 		/* INT_SELECT Starting address: CYDEV_CPUSS_INTR_SELECT */
 376:Generated_Source\PSoC4/cyfitter_cfg.c **** 		CY_SET_REG32((void *)(CYREG_CPUSS_INTR_SELECT), 0x00000001u);
 336              		.loc 1 376 0
 337 0122 0122     		movs	r2, #1
 338 0124 1E4B     		ldr	r3, .L13+48
 339 0126 1A60     		str	r2, [r3]
 377:Generated_Source\PSoC4/cyfitter_cfg.c **** 
 378:Generated_Source\PSoC4/cyfitter_cfg.c **** 		/* INT_CONFIG Starting address: CYDEV_UDB_INT_CFG */
 379:Generated_Source\PSoC4/cyfitter_cfg.c **** 		CY_SET_REG32((void *)(CYREG_UDB_INT_CFG), 0x00000002u);
 340              		.loc 1 379 0
 341 0128 0132     		adds	r2, r2, #1
 342 012a 1E4B     		ldr	r3, .L13+52
 343 012c 1A60     		str	r2, [r3]
 380:Generated_Source\PSoC4/cyfitter_cfg.c **** 
 381:Generated_Source\PSoC4/cyfitter_cfg.c **** 		/* Enable digital routing */
 382:Generated_Source\PSoC4/cyfitter_cfg.c **** 		CY_SET_XTND_REG8((void *)CYREG_UDB_UDBIF_BANK_CTL, (uint8)(CY_GET_XTND_REG8((void *)CYREG_UDB_UDB
 344              		.loc 1 382 0
 345 012e 1E4A     		ldr	r2, .L13+56
 346 0130 1178     		ldrb	r1, [r2]
 347 0132 0623     		movs	r3, #6
 348 0134 0B43     		orrs	r3, r1
 349 0136 DBB2     		uxtb	r3, r3
 350 0138 1370     		strb	r3, [r2]
 351              	.LBE3:
ARM GAS  C:\Users\joshw\AppData\Local\Temp\ccAjzTvg.s 			page 14


 383:Generated_Source\PSoC4/cyfitter_cfg.c **** 	}
 384:Generated_Source\PSoC4/cyfitter_cfg.c **** 
 385:Generated_Source\PSoC4/cyfitter_cfg.c **** 	/* Perform second pass device configuration. These items must be configured in specific order afte
 386:Generated_Source\PSoC4/cyfitter_cfg.c **** 	/* IOPINS0_0 Starting address: CYDEV_PRT0_BASE */
 387:Generated_Source\PSoC4/cyfitter_cfg.c **** 	CY_SET_REG32((void *)(CYDEV_PRT0_BASE), 0x00000024u);
 352              		.loc 1 387 0
 353 013a 2423     		movs	r3, #36
 354 013c 1B4A     		ldr	r2, .L13+60
 355 013e 1360     		str	r3, [r2]
 388:Generated_Source\PSoC4/cyfitter_cfg.c **** 	CY_SET_REG32((void *)(CYREG_PRT0_PC), 0x00031180u);
 356              		.loc 1 388 0
 357 0140 1B49     		ldr	r1, .L13+64
 358 0142 1C4A     		ldr	r2, .L13+68
 359 0144 1160     		str	r1, [r2]
 389:Generated_Source\PSoC4/cyfitter_cfg.c **** 	CY_SET_REG32((void *)(CYREG_PRT0_PC2), 0x00000020u);
 360              		.loc 1 389 0
 361 0146 2021     		movs	r1, #32
 362 0148 1B4A     		ldr	r2, .L13+72
 363 014a 1160     		str	r1, [r2]
 390:Generated_Source\PSoC4/cyfitter_cfg.c **** 
 391:Generated_Source\PSoC4/cyfitter_cfg.c **** 	/* IOPINS0_1 Starting address: CYDEV_PRT1_BASE */
 392:Generated_Source\PSoC4/cyfitter_cfg.c **** 	CY_SET_REG32((void *)(CYDEV_PRT1_BASE), 0x00000041u);
 364              		.loc 1 392 0
 365 014c 2131     		adds	r1, r1, #33
 366 014e 1B4A     		ldr	r2, .L13+76
 367 0150 1160     		str	r1, [r2]
 393:Generated_Source\PSoC4/cyfitter_cfg.c **** 	CY_SET_REG32((void *)(CYREG_PRT1_PC), 0x00180002u);
 368              		.loc 1 393 0
 369 0152 1B49     		ldr	r1, .L13+80
 370 0154 1B4A     		ldr	r2, .L13+84
 371 0156 1160     		str	r1, [r2]
 394:Generated_Source\PSoC4/cyfitter_cfg.c **** 
 395:Generated_Source\PSoC4/cyfitter_cfg.c **** 	/* IOPINS0_3 Starting address: CYDEV_PRT3_BASE */
 396:Generated_Source\PSoC4/cyfitter_cfg.c **** 	CY_SET_REG32((void *)(CYREG_PRT3_PC), 0x00000D80u);
 372              		.loc 1 396 0
 373 0158 D821     		movs	r1, #216
 374 015a 0901     		lsls	r1, r1, #4
 375 015c 1A4A     		ldr	r2, .L13+88
 376 015e 1160     		str	r1, [r2]
 397:Generated_Source\PSoC4/cyfitter_cfg.c **** 
 398:Generated_Source\PSoC4/cyfitter_cfg.c **** 	/* IOPINS0_4 Starting address: CYDEV_PRT4_BASE */
 399:Generated_Source\PSoC4/cyfitter_cfg.c **** 	CY_SET_REG32((void *)(CYDEV_PRT4_BASE), 0x00000003u);
 377              		.loc 1 399 0
 378 0160 0321     		movs	r1, #3
 379 0162 1A4A     		ldr	r2, .L13+92
 380 0164 1160     		str	r1, [r2]
 400:Generated_Source\PSoC4/cyfitter_cfg.c **** 	CY_SET_REG32((void *)(CYREG_PRT4_PC), 0x00000024u);
 381              		.loc 1 400 0
 382 0166 1A4A     		ldr	r2, .L13+96
 383 0168 1360     		str	r3, [r2]
 401:Generated_Source\PSoC4/cyfitter_cfg.c **** 
 402:Generated_Source\PSoC4/cyfitter_cfg.c **** 
 403:Generated_Source\PSoC4/cyfitter_cfg.c **** 	/* Setup clocks based on selections from Clock DWR */
 404:Generated_Source\PSoC4/cyfitter_cfg.c **** 	ClockSetup();
 384              		.loc 1 404 0
 385 016a FFF749FF 		bl	ClockSetup
 386              	.LVL24:
ARM GAS  C:\Users\joshw\AppData\Local\Temp\ccAjzTvg.s 			page 15


 405:Generated_Source\PSoC4/cyfitter_cfg.c **** 
 406:Generated_Source\PSoC4/cyfitter_cfg.c **** 	/* Perform basic analog initialization to defaults */
 407:Generated_Source\PSoC4/cyfitter_cfg.c **** 	AnalogSetDefault();
 408:Generated_Source\PSoC4/cyfitter_cfg.c **** 
 409:Generated_Source\PSoC4/cyfitter_cfg.c **** }
 387              		.loc 1 409 0
 388              		@ sp needed
 389              	.LVL25:
 390 016e 10BD     		pop	{r4, pc}
 391              	.L14:
 392              		.align	2
 393              	.L13:
 394 0170 1C700F40 		.word	1074753564
 395 0174 00000000 		.word	.LANCHOR0
 396 0178 00039900 		.word	10027776
 397 017c 00000140 		.word	1073807360
 398 0180 04000140 		.word	1073807364
 399 0184 0C000140 		.word	1073807372
 400 0188 10000140 		.word	1073807376
 401 018c 00500F40 		.word	1074745344
 402 0190 08500F40 		.word	1074745352
 403 0194 10500F40 		.word	1074745360
 404 0198 18500F40 		.word	1074745368
 405 019c 30500F40 		.word	1074745392
 406 01a0 20000040 		.word	1073741856
 407 01a4 00800F40 		.word	1074757632
 408 01a8 00700F40 		.word	1074753536
 409 01ac 00000440 		.word	1074003968
 410 01b0 80110300 		.word	201088
 411 01b4 08000440 		.word	1074003976
 412 01b8 18000440 		.word	1074003992
 413 01bc 00010440 		.word	1074004224
 414 01c0 02001800 		.word	1572866
 415 01c4 08010440 		.word	1074004232
 416 01c8 08030440 		.word	1074004744
 417 01cc 00040440 		.word	1074004992
 418 01d0 08040440 		.word	1074005000
 419              		.cfi_endproc
 420              	.LFE6:
 421              		.size	cyfitter_cfg, .-cyfitter_cfg
 422              		.section	.rodata
 423              		.align	2
 424              		.set	.LANCHOR0,. + 0
 425              		.type	cfg_memset_list.4870, %object
 426              		.size	cfg_memset_list.4870, 12
 427              	cfg_memset_list.4870:
 428 0000 00300F40 		.word	1074737152
 429 0004 0004     		.short	1024
 430 0006 00400F40 		.4byte	1074741248
 431 000a 0004     		.short	1024
 432              		.type	cy_cfg_data_table.4865, %object
 433              		.size	cy_cfg_data_table.4865, 44
 434              	cy_cfg_data_table.4865:
 435 000c E2       		.byte	-30
 436 000d 80       		.byte	-128
 437 000e E6       		.byte	-26
 438 000f 10       		.byte	16
ARM GAS  C:\Users\joshw\AppData\Local\Temp\ccAjzTvg.s 			page 16


 439 0010 53       		.byte	83
 440 0011 04       		.byte	4
 441 0012 6F       		.byte	111
 442 0013 20       		.byte	32
 443 0014 D4       		.byte	-44
 444 0015 20       		.byte	32
 445 0016 DA       		.byte	-38
 446 0017 80       		.byte	-128
 447 0018 03       		.byte	3
 448 0019 20       		.byte	32
 449 001a 62       		.byte	98
 450 001b 04       		.byte	4
 451 001c 8B       		.byte	-117
 452 001d 04       		.byte	4
 453 001e 8E       		.byte	-114
 454 001f 04       		.byte	4
 455 0020 97       		.byte	-105
 456 0021 08       		.byte	8
 457 0022 A7       		.byte	-89
 458 0023 20       		.byte	32
 459 0024 C0       		.byte	-64
 460 0025 10       		.byte	16
 461 0026 D8       		.byte	-40
 462 0027 40       		.byte	64
 463 0028 19       		.byte	25
 464 0029 08       		.byte	8
 465 002a 23       		.byte	35
 466 002b 01       		.byte	1
 467 002c 89       		.byte	-119
 468 002d 08       		.byte	8
 469 002e 8F       		.byte	-113
 470 002f 01       		.byte	1
 471 0030 C6       		.byte	-58
 472 0031 08       		.byte	8
 473 0032 C8       		.byte	-56
 474 0033 08       		.byte	8
 475 0034 E2       		.byte	-30
 476 0035 01       		.byte	1
 477 0036 E6       		.byte	-26
 478 0037 08       		.byte	8
 479              		.type	cy_cfg_addr_table.4864, %object
 480              		.size	cy_cfg_addr_table.4864, 16
 481              	cy_cfg_addr_table.4864:
 482 0038 02330F40 		.word	1074737922
 483 003c 04400F40 		.word	1074741252
 484 0040 08410F40 		.word	1074741512
 485 0044 08430F40 		.word	1074742024
 486              		.text
 487              	.Letext0:
 488              		.file 2 "c:\\program files (x86)\\cypress\\psoc creator\\4.4\\psoc creator\\import\\gnu\\arm\\5.4.
 489              		.file 3 "Generated_Source\\PSoC4\\cytypes.h"
 490              		.file 4 "Generated_Source\\PSoC4\\CyLib.h"
 491              		.section	.debug_info,"",%progbits
 492              	.Ldebug_info0:
 493 0000 9C030000 		.4byte	0x39c
 494 0004 0400     		.2byte	0x4
 495 0006 00000000 		.4byte	.Ldebug_abbrev0
ARM GAS  C:\Users\joshw\AppData\Local\Temp\ccAjzTvg.s 			page 17


 496 000a 04       		.byte	0x4
 497 000b 01       		.uleb128 0x1
 498 000c 98010000 		.4byte	.LASF39
 499 0010 0C       		.byte	0xc
 500 0011 C5020000 		.4byte	.LASF40
 501 0015 F7000000 		.4byte	.LASF41
 502 0019 00000000 		.4byte	.Ldebug_ranges0+0
 503 001d 00000000 		.4byte	0
 504 0021 00000000 		.4byte	.Ldebug_line0
 505 0025 02       		.uleb128 0x2
 506 0026 04       		.byte	0x4
 507 0027 05       		.byte	0x5
 508 0028 696E7400 		.ascii	"int\000"
 509 002c 03       		.uleb128 0x3
 510 002d 06000000 		.4byte	.LASF12
 511 0031 02       		.byte	0x2
 512 0032 D8       		.byte	0xd8
 513 0033 37000000 		.4byte	0x37
 514 0037 04       		.uleb128 0x4
 515 0038 04       		.byte	0x4
 516 0039 07       		.byte	0x7
 517 003a 5F010000 		.4byte	.LASF0
 518 003e 04       		.uleb128 0x4
 519 003f 08       		.byte	0x8
 520 0040 05       		.byte	0x5
 521 0041 58020000 		.4byte	.LASF1
 522 0045 04       		.uleb128 0x4
 523 0046 08       		.byte	0x8
 524 0047 04       		.byte	0x4
 525 0048 AD020000 		.4byte	.LASF2
 526 004c 04       		.uleb128 0x4
 527 004d 01       		.byte	0x1
 528 004e 06       		.byte	0x6
 529 004f B9020000 		.4byte	.LASF3
 530 0053 04       		.uleb128 0x4
 531 0054 01       		.byte	0x1
 532 0055 08       		.byte	0x8
 533 0056 99000000 		.4byte	.LASF4
 534 005a 04       		.uleb128 0x4
 535 005b 02       		.byte	0x2
 536 005c 05       		.byte	0x5
 537 005d 85020000 		.4byte	.LASF5
 538 0061 04       		.uleb128 0x4
 539 0062 02       		.byte	0x2
 540 0063 07       		.byte	0x7
 541 0064 45020000 		.4byte	.LASF6
 542 0068 04       		.uleb128 0x4
 543 0069 04       		.byte	0x4
 544 006a 05       		.byte	0x5
 545 006b A4020000 		.4byte	.LASF7
 546 006f 04       		.uleb128 0x4
 547 0070 04       		.byte	0x4
 548 0071 07       		.byte	0x7
 549 0072 77000000 		.4byte	.LASF8
 550 0076 04       		.uleb128 0x4
 551 0077 08       		.byte	0x8
 552 0078 07       		.byte	0x7
ARM GAS  C:\Users\joshw\AppData\Local\Temp\ccAjzTvg.s 			page 18


 553 0079 81010000 		.4byte	.LASF9
 554 007d 04       		.uleb128 0x4
 555 007e 04       		.byte	0x4
 556 007f 07       		.byte	0x7
 557 0080 3C020000 		.4byte	.LASF10
 558 0084 05       		.uleb128 0x5
 559 0085 04       		.byte	0x4
 560 0086 04       		.uleb128 0x4
 561 0087 01       		.byte	0x1
 562 0088 08       		.byte	0x8
 563 0089 66020000 		.4byte	.LASF11
 564 008d 06       		.uleb128 0x6
 565 008e 89000000 		.4byte	.LASF13
 566 0092 03       		.byte	0x3
 567 0093 FC01     		.2byte	0x1fc
 568 0095 53000000 		.4byte	0x53
 569 0099 06       		.uleb128 0x6
 570 009a DE000000 		.4byte	.LASF14
 571 009e 03       		.byte	0x3
 572 009f FD01     		.2byte	0x1fd
 573 00a1 61000000 		.4byte	0x61
 574 00a5 06       		.uleb128 0x6
 575 00a6 F0000000 		.4byte	.LASF15
 576 00aa 03       		.byte	0x3
 577 00ab FE01     		.2byte	0x1fe
 578 00ad 6F000000 		.4byte	0x6f
 579 00b1 04       		.uleb128 0x4
 580 00b2 04       		.byte	0x4
 581 00b3 04       		.byte	0x4
 582 00b4 57000000 		.4byte	.LASF16
 583 00b8 04       		.uleb128 0x4
 584 00b9 08       		.byte	0x8
 585 00ba 04       		.byte	0x4
 586 00bb AE000000 		.4byte	.LASF17
 587 00bf 06       		.uleb128 0x6
 588 00c0 72000000 		.4byte	.LASF18
 589 00c4 03       		.byte	0x3
 590 00c5 A602     		.2byte	0x2a6
 591 00c7 CB000000 		.4byte	0xcb
 592 00cb 07       		.uleb128 0x7
 593 00cc 8D000000 		.4byte	0x8d
 594 00d0 06       		.uleb128 0x6
 595 00d1 00000000 		.4byte	.LASF19
 596 00d5 03       		.byte	0x3
 597 00d6 A802     		.2byte	0x2a8
 598 00d8 DC000000 		.4byte	0xdc
 599 00dc 07       		.uleb128 0x7
 600 00dd A5000000 		.4byte	0xa5
 601 00e1 08       		.uleb128 0x8
 602 00e2 02       		.byte	0x2
 603 00e3 01       		.byte	0x1
 604 00e4 97       		.byte	0x97
 605 00e5 02010000 		.4byte	0x102
 606 00e9 09       		.uleb128 0x9
 607 00ea 7E020000 		.4byte	.LASF20
 608 00ee 01       		.byte	0x1
 609 00ef 99       		.byte	0x99
ARM GAS  C:\Users\joshw\AppData\Local\Temp\ccAjzTvg.s 			page 19


 610 00f0 8D000000 		.4byte	0x8d
 611 00f4 00       		.byte	0
 612 00f5 09       		.uleb128 0x9
 613 00f6 1C000000 		.4byte	.LASF21
 614 00fa 01       		.byte	0x1
 615 00fb 9A       		.byte	0x9a
 616 00fc 8D000000 		.4byte	0x8d
 617 0100 01       		.byte	0x1
 618 0101 00       		.byte	0
 619 0102 03       		.uleb128 0x3
 620 0103 6B020000 		.4byte	.LASF22
 621 0107 01       		.byte	0x1
 622 0108 9B       		.byte	0x9b
 623 0109 E1000000 		.4byte	0xe1
 624 010d 0A       		.uleb128 0xa
 625 010e B5000000 		.4byte	.LASF27
 626 0112 01       		.byte	0x1
 627 0113 AE       		.byte	0xae
 628 0114 00000000 		.4byte	.LFB3
 629 0118 32000000 		.4byte	.LFE3-.LFB3
 630 011c 01       		.uleb128 0x1
 631 011d 9C       		.byte	0x9c
 632 011e 7F010000 		.4byte	0x17f
 633 0122 0B       		.uleb128 0xb
 634 0123 D3000000 		.4byte	.LASF23
 635 0127 01       		.byte	0x1
 636 0128 AE       		.byte	0xae
 637 0129 7F010000 		.4byte	0x17f
 638 012d 01       		.uleb128 0x1
 639 012e 50       		.byte	0x50
 640 012f 0B       		.uleb128 0xb
 641 0130 E5000000 		.4byte	.LASF24
 642 0134 01       		.byte	0x1
 643 0135 AE       		.byte	0xae
 644 0136 8A010000 		.4byte	0x18a
 645 013a 01       		.uleb128 0x1
 646 013b 51       		.byte	0x51
 647 013c 0C       		.uleb128 0xc
 648 013d 6900     		.ascii	"i\000"
 649 013f 01       		.byte	0x1
 650 0140 B1       		.byte	0xb1
 651 0141 A5000000 		.4byte	0xa5
 652 0145 00000000 		.4byte	.LLST0
 653 0149 0C       		.uleb128 0xc
 654 014a 6A00     		.ascii	"j\000"
 655 014c 01       		.byte	0x1
 656 014d B1       		.byte	0xb1
 657 014e A5000000 		.4byte	0xa5
 658 0152 1F000000 		.4byte	.LLST1
 659 0156 0D       		.uleb128 0xd
 660 0157 08000000 		.4byte	.LBB2
 661 015b 22000000 		.4byte	.LBE2-.LBB2
 662 015f 0E       		.uleb128 0xe
 663 0160 33020000 		.4byte	.LASF25
 664 0164 01       		.byte	0x1
 665 0165 B4       		.byte	0xb4
 666 0166 A5000000 		.4byte	0xa5
ARM GAS  C:\Users\joshw\AppData\Local\Temp\ccAjzTvg.s 			page 20


 667 016a 3E000000 		.4byte	.LLST2
 668 016e 0E       		.uleb128 0xe
 669 016f 22000000 		.4byte	.LASF26
 670 0173 01       		.byte	0x1
 671 0174 B5       		.byte	0xb5
 672 0175 8D000000 		.4byte	0x8d
 673 0179 51000000 		.4byte	.LLST3
 674 017d 00       		.byte	0
 675 017e 00       		.byte	0
 676 017f 0F       		.uleb128 0xf
 677 0180 04       		.byte	0x4
 678 0181 85010000 		.4byte	0x185
 679 0185 10       		.uleb128 0x10
 680 0186 A5000000 		.4byte	0xa5
 681 018a 0F       		.uleb128 0xf
 682 018b 04       		.byte	0x4
 683 018c 90010000 		.4byte	0x190
 684 0190 10       		.uleb128 0x10
 685 0191 02010000 		.4byte	0x102
 686 0195 0A       		.uleb128 0xa
 687 0196 8F000000 		.4byte	.LASF28
 688 019a 01       		.byte	0x1
 689 019b 4C       		.byte	0x4c
 690 019c 00000000 		.4byte	.LFB0
 691 01a0 0C000000 		.4byte	.LFE0-.LFB0
 692 01a4 01       		.uleb128 0x1
 693 01a5 9C       		.byte	0x9c
 694 01a6 E2010000 		.4byte	0x1e2
 695 01aa 11       		.uleb128 0x11
 696 01ab 7300     		.ascii	"s\000"
 697 01ad 01       		.byte	0x1
 698 01ae 4C       		.byte	0x4c
 699 01af 84000000 		.4byte	0x84
 700 01b3 6F000000 		.4byte	.LLST4
 701 01b7 11       		.uleb128 0x11
 702 01b8 6E00     		.ascii	"n\000"
 703 01ba 01       		.byte	0x1
 704 01bb 4C       		.byte	0x4c
 705 01bc 2C000000 		.4byte	0x2c
 706 01c0 90000000 		.4byte	.LLST5
 707 01c4 12       		.uleb128 0x12
 708 01c5 0A000000 		.4byte	.LVL14
 709 01c9 75030000 		.4byte	0x375
 710 01cd 13       		.uleb128 0x13
 711 01ce 01       		.uleb128 0x1
 712 01cf 50       		.byte	0x50
 713 01d0 03       		.uleb128 0x3
 714 01d1 F3       		.byte	0xf3
 715 01d2 01       		.uleb128 0x1
 716 01d3 50       		.byte	0x50
 717 01d4 13       		.uleb128 0x13
 718 01d5 01       		.uleb128 0x1
 719 01d6 51       		.byte	0x51
 720 01d7 01       		.uleb128 0x1
 721 01d8 30       		.byte	0x30
 722 01d9 13       		.uleb128 0x13
 723 01da 01       		.uleb128 0x1
ARM GAS  C:\Users\joshw\AppData\Local\Temp\ccAjzTvg.s 			page 21


 724 01db 52       		.byte	0x52
 725 01dc 03       		.uleb128 0x3
 726 01dd F3       		.byte	0xf3
 727 01de 01       		.uleb128 0x1
 728 01df 51       		.byte	0x51
 729 01e0 00       		.byte	0
 730 01e1 00       		.byte	0
 731 01e2 0A       		.uleb128 0xa
 732 01e3 28000000 		.4byte	.LASF29
 733 01e7 01       		.byte	0x1
 734 01e8 D3       		.byte	0xd3
 735 01e9 00000000 		.4byte	.LFB4
 736 01ed A8000000 		.4byte	.LFE4-.LFB4
 737 01f1 01       		.uleb128 0x1
 738 01f2 9C       		.byte	0x9c
 739 01f3 2D020000 		.4byte	0x22d
 740 01f7 14       		.uleb128 0x14
 741 01f8 14000000 		.4byte	.LVL15
 742 01fc 7E030000 		.4byte	0x37e
 743 0200 0A020000 		.4byte	0x20a
 744 0204 13       		.uleb128 0x13
 745 0205 01       		.uleb128 0x1
 746 0206 50       		.byte	0x50
 747 0207 01       		.uleb128 0x1
 748 0208 48       		.byte	0x48
 749 0209 00       		.byte	0
 750 020a 14       		.uleb128 0x14
 751 020b 5A000000 		.4byte	.LVL16
 752 020f 89030000 		.4byte	0x389
 753 0213 1D020000 		.4byte	0x21d
 754 0217 13       		.uleb128 0x13
 755 0218 01       		.uleb128 0x1
 756 0219 50       		.byte	0x50
 757 021a 01       		.uleb128 0x1
 758 021b 39       		.byte	0x39
 759 021c 00       		.byte	0
 760 021d 12       		.uleb128 0x12
 761 021e 60000000 		.4byte	.LVL17
 762 0222 94030000 		.4byte	0x394
 763 0226 13       		.uleb128 0x13
 764 0227 01       		.uleb128 0x1
 765 0228 50       		.byte	0x50
 766 0229 01       		.uleb128 0x1
 767 022a 39       		.byte	0x39
 768 022b 00       		.byte	0
 769 022c 00       		.byte	0
 770 022d 15       		.uleb128 0x15
 771 022e 6C010000 		.4byte	.LASF42
 772 0232 01       		.byte	0x1
 773 0233 2601     		.2byte	0x126
 774 0235 A8000000 		.4byte	.LFB6
 775 0239 2C010000 		.4byte	.LFE6-.LFB6
 776 023d 01       		.uleb128 0x1
 777 023e 9C       		.byte	0x9c
 778 023f 4B030000 		.4byte	0x34b
 779 0243 16       		.uleb128 0x16
 780 0244 B2000000 		.4byte	.LBB3
ARM GAS  C:\Users\joshw\AppData\Local\Temp\ccAjzTvg.s 			page 22


 781 0248 88000000 		.4byte	.LBE3-.LBB3
 782 024c 41030000 		.4byte	0x341
 783 0250 17       		.uleb128 0x17
 784 0251 33000000 		.4byte	.LASF30
 785 0255 01       		.byte	0x1
 786 0256 2E01     		.2byte	0x12e
 787 0258 5B030000 		.4byte	0x35b
 788 025c 05       		.uleb128 0x5
 789 025d 03       		.byte	0x3
 790 025e 38000000 		.4byte	cy_cfg_addr_table.4864
 791 0262 17       		.uleb128 0x17
 792 0263 45000000 		.4byte	.LASF31
 793 0267 01       		.byte	0x1
 794 0268 3501     		.2byte	0x135
 795 026a 70030000 		.4byte	0x370
 796 026e 05       		.uleb128 0x5
 797 026f 03       		.byte	0x3
 798 0270 0C000000 		.4byte	cy_cfg_data_table.4865
 799 0274 18       		.uleb128 0x18
 800 0275 06       		.byte	0x6
 801 0276 01       		.byte	0x1
 802 0277 5001     		.2byte	0x150
 803 0279 98020000 		.4byte	0x298
 804 027d 19       		.uleb128 0x19
 805 027e 79010000 		.4byte	.LASF32
 806 0282 01       		.byte	0x1
 807 0283 5101     		.2byte	0x151
 808 0285 84000000 		.4byte	0x84
 809 0289 00       		.byte	0
 810 028a 19       		.uleb128 0x19
 811 028b 6D000000 		.4byte	.LASF33
 812 028f 01       		.byte	0x1
 813 0290 5201     		.2byte	0x152
 814 0292 99000000 		.4byte	0x99
 815 0296 04       		.byte	0x4
 816 0297 00       		.byte	0
 817 0298 06       		.uleb128 0x6
 818 0299 26020000 		.4byte	.LASF34
 819 029d 01       		.byte	0x1
 820 029e 5301     		.2byte	0x153
 821 02a0 74020000 		.4byte	0x274
 822 02a4 1A       		.uleb128 0x1a
 823 02a5 B4020000 		.4byte	0x2b4
 824 02a9 B4020000 		.4byte	0x2b4
 825 02ad 1B       		.uleb128 0x1b
 826 02ae 7D000000 		.4byte	0x7d
 827 02b2 01       		.byte	0x1
 828 02b3 00       		.byte	0
 829 02b4 10       		.uleb128 0x10
 830 02b5 98020000 		.4byte	0x298
 831 02b9 17       		.uleb128 0x17
 832 02ba 5D000000 		.4byte	.LASF35
 833 02be 01       		.byte	0x1
 834 02bf 5501     		.2byte	0x155
 835 02c1 CB020000 		.4byte	0x2cb
 836 02c5 05       		.uleb128 0x5
 837 02c6 03       		.byte	0x3
ARM GAS  C:\Users\joshw\AppData\Local\Temp\ccAjzTvg.s 			page 23


 838 02c7 00000000 		.4byte	cfg_memset_list.4870
 839 02cb 10       		.uleb128 0x10
 840 02cc A4020000 		.4byte	0x2a4
 841 02d0 1C       		.uleb128 0x1c
 842 02d1 6900     		.ascii	"i\000"
 843 02d3 01       		.byte	0x1
 844 02d4 5B01     		.2byte	0x15b
 845 02d6 8D000000 		.4byte	0x8d
 846 02da BC000000 		.4byte	.LLST6
 847 02de 16       		.uleb128 0x16
 848 02df B6000000 		.4byte	.LBB4
 849 02e3 1C000000 		.4byte	.LBE4-.LBB4
 850 02e7 24030000 		.4byte	0x324
 851 02eb 1C       		.uleb128 0x1c
 852 02ec 6D7300   		.ascii	"ms\000"
 853 02ef 01       		.byte	0x1
 854 02f0 6001     		.2byte	0x160
 855 02f2 FA020000 		.4byte	0x2fa
 856 02f6 E6000000 		.4byte	.LLST7
 857 02fa 0F       		.uleb128 0xf
 858 02fb 04       		.byte	0x4
 859 02fc B4020000 		.4byte	0x2b4
 860 0300 12       		.uleb128 0x12
 861 0301 D2000000 		.4byte	.LVL20
 862 0305 95010000 		.4byte	0x195
 863 0309 13       		.uleb128 0x13
 864 030a 01       		.uleb128 0x1
 865 030b 51       		.byte	0x51
 866 030c 15       		.uleb128 0x15
 867 030d 74       		.byte	0x74
 868 030e 00       		.sleb128 0
 869 030f 31       		.byte	0x31
 870 0310 24       		.byte	0x24
 871 0311 74       		.byte	0x74
 872 0312 00       		.sleb128 0
 873 0313 22       		.byte	0x22
 874 0314 31       		.byte	0x31
 875 0315 24       		.byte	0x24
 876 0316 03       		.byte	0x3
 877 0317 04000000 		.4byte	.LANCHOR0+4
 878 031b 22       		.byte	0x22
 879 031c 94       		.byte	0x94
 880 031d 02       		.byte	0x2
 881 031e 0A       		.byte	0xa
 882 031f FFFF     		.2byte	0xffff
 883 0321 1A       		.byte	0x1a
 884 0322 00       		.byte	0
 885 0323 00       		.byte	0
 886 0324 12       		.uleb128 0x12
 887 0325 E6000000 		.4byte	.LVL23
 888 0329 0D010000 		.4byte	0x10d
 889 032d 13       		.uleb128 0x13
 890 032e 01       		.uleb128 0x1
 891 032f 50       		.byte	0x50
 892 0330 05       		.uleb128 0x5
 893 0331 03       		.byte	0x3
 894 0332 38000000 		.4byte	.LANCHOR0+56
ARM GAS  C:\Users\joshw\AppData\Local\Temp\ccAjzTvg.s 			page 24


 895 0336 13       		.uleb128 0x13
 896 0337 01       		.uleb128 0x1
 897 0338 51       		.byte	0x51
 898 0339 05       		.uleb128 0x5
 899 033a 03       		.byte	0x3
 900 033b 0C000000 		.4byte	.LANCHOR0+12
 901 033f 00       		.byte	0
 902 0340 00       		.byte	0
 903 0341 1D       		.uleb128 0x1d
 904 0342 6E010000 		.4byte	.LVL24
 905 0346 E2010000 		.4byte	0x1e2
 906 034a 00       		.byte	0
 907 034b 1A       		.uleb128 0x1a
 908 034c 85010000 		.4byte	0x185
 909 0350 5B030000 		.4byte	0x35b
 910 0354 1B       		.uleb128 0x1b
 911 0355 7D000000 		.4byte	0x7d
 912 0359 03       		.byte	0x3
 913 035a 00       		.byte	0
 914 035b 10       		.uleb128 0x10
 915 035c 4B030000 		.4byte	0x34b
 916 0360 1A       		.uleb128 0x1a
 917 0361 90010000 		.4byte	0x190
 918 0365 70030000 		.4byte	0x370
 919 0369 1B       		.uleb128 0x1b
 920 036a 7D000000 		.4byte	0x7d
 921 036e 15       		.byte	0x15
 922 036f 00       		.byte	0
 923 0370 10       		.uleb128 0x10
 924 0371 60030000 		.4byte	0x360
 925 0375 1E       		.uleb128 0x1e
 926 0376 A7000000 		.4byte	.LASF43
 927 037a A7000000 		.4byte	.LASF43
 928 037e 1F       		.uleb128 0x1f
 929 037f 8F020000 		.4byte	.LASF36
 930 0383 8F020000 		.4byte	.LASF36
 931 0387 04       		.byte	0x4
 932 0388 6C       		.byte	0x6c
 933 0389 1F       		.uleb128 0x1f
 934 038a 0D000000 		.4byte	.LASF37
 935 038e 0D000000 		.4byte	.LASF37
 936 0392 04       		.byte	0x4
 937 0393 D0       		.byte	0xd0
 938 0394 1F       		.uleb128 0x1f
 939 0395 C7000000 		.4byte	.LASF38
 940 0399 C7000000 		.4byte	.LASF38
 941 039d 04       		.byte	0x4
 942 039e D6       		.byte	0xd6
 943 039f 00       		.byte	0
 944              		.section	.debug_abbrev,"",%progbits
 945              	.Ldebug_abbrev0:
 946 0000 01       		.uleb128 0x1
 947 0001 11       		.uleb128 0x11
 948 0002 01       		.byte	0x1
 949 0003 25       		.uleb128 0x25
 950 0004 0E       		.uleb128 0xe
 951 0005 13       		.uleb128 0x13
ARM GAS  C:\Users\joshw\AppData\Local\Temp\ccAjzTvg.s 			page 25


 952 0006 0B       		.uleb128 0xb
 953 0007 03       		.uleb128 0x3
 954 0008 0E       		.uleb128 0xe
 955 0009 1B       		.uleb128 0x1b
 956 000a 0E       		.uleb128 0xe
 957 000b 55       		.uleb128 0x55
 958 000c 17       		.uleb128 0x17
 959 000d 11       		.uleb128 0x11
 960 000e 01       		.uleb128 0x1
 961 000f 10       		.uleb128 0x10
 962 0010 17       		.uleb128 0x17
 963 0011 00       		.byte	0
 964 0012 00       		.byte	0
 965 0013 02       		.uleb128 0x2
 966 0014 24       		.uleb128 0x24
 967 0015 00       		.byte	0
 968 0016 0B       		.uleb128 0xb
 969 0017 0B       		.uleb128 0xb
 970 0018 3E       		.uleb128 0x3e
 971 0019 0B       		.uleb128 0xb
 972 001a 03       		.uleb128 0x3
 973 001b 08       		.uleb128 0x8
 974 001c 00       		.byte	0
 975 001d 00       		.byte	0
 976 001e 03       		.uleb128 0x3
 977 001f 16       		.uleb128 0x16
 978 0020 00       		.byte	0
 979 0021 03       		.uleb128 0x3
 980 0022 0E       		.uleb128 0xe
 981 0023 3A       		.uleb128 0x3a
 982 0024 0B       		.uleb128 0xb
 983 0025 3B       		.uleb128 0x3b
 984 0026 0B       		.uleb128 0xb
 985 0027 49       		.uleb128 0x49
 986 0028 13       		.uleb128 0x13
 987 0029 00       		.byte	0
 988 002a 00       		.byte	0
 989 002b 04       		.uleb128 0x4
 990 002c 24       		.uleb128 0x24
 991 002d 00       		.byte	0
 992 002e 0B       		.uleb128 0xb
 993 002f 0B       		.uleb128 0xb
 994 0030 3E       		.uleb128 0x3e
 995 0031 0B       		.uleb128 0xb
 996 0032 03       		.uleb128 0x3
 997 0033 0E       		.uleb128 0xe
 998 0034 00       		.byte	0
 999 0035 00       		.byte	0
 1000 0036 05       		.uleb128 0x5
 1001 0037 0F       		.uleb128 0xf
 1002 0038 00       		.byte	0
 1003 0039 0B       		.uleb128 0xb
 1004 003a 0B       		.uleb128 0xb
 1005 003b 00       		.byte	0
 1006 003c 00       		.byte	0
 1007 003d 06       		.uleb128 0x6
 1008 003e 16       		.uleb128 0x16
ARM GAS  C:\Users\joshw\AppData\Local\Temp\ccAjzTvg.s 			page 26


 1009 003f 00       		.byte	0
 1010 0040 03       		.uleb128 0x3
 1011 0041 0E       		.uleb128 0xe
 1012 0042 3A       		.uleb128 0x3a
 1013 0043 0B       		.uleb128 0xb
 1014 0044 3B       		.uleb128 0x3b
 1015 0045 05       		.uleb128 0x5
 1016 0046 49       		.uleb128 0x49
 1017 0047 13       		.uleb128 0x13
 1018 0048 00       		.byte	0
 1019 0049 00       		.byte	0
 1020 004a 07       		.uleb128 0x7
 1021 004b 35       		.uleb128 0x35
 1022 004c 00       		.byte	0
 1023 004d 49       		.uleb128 0x49
 1024 004e 13       		.uleb128 0x13
 1025 004f 00       		.byte	0
 1026 0050 00       		.byte	0
 1027 0051 08       		.uleb128 0x8
 1028 0052 13       		.uleb128 0x13
 1029 0053 01       		.byte	0x1
 1030 0054 0B       		.uleb128 0xb
 1031 0055 0B       		.uleb128 0xb
 1032 0056 3A       		.uleb128 0x3a
 1033 0057 0B       		.uleb128 0xb
 1034 0058 3B       		.uleb128 0x3b
 1035 0059 0B       		.uleb128 0xb
 1036 005a 01       		.uleb128 0x1
 1037 005b 13       		.uleb128 0x13
 1038 005c 00       		.byte	0
 1039 005d 00       		.byte	0
 1040 005e 09       		.uleb128 0x9
 1041 005f 0D       		.uleb128 0xd
 1042 0060 00       		.byte	0
 1043 0061 03       		.uleb128 0x3
 1044 0062 0E       		.uleb128 0xe
 1045 0063 3A       		.uleb128 0x3a
 1046 0064 0B       		.uleb128 0xb
 1047 0065 3B       		.uleb128 0x3b
 1048 0066 0B       		.uleb128 0xb
 1049 0067 49       		.uleb128 0x49
 1050 0068 13       		.uleb128 0x13
 1051 0069 38       		.uleb128 0x38
 1052 006a 0B       		.uleb128 0xb
 1053 006b 00       		.byte	0
 1054 006c 00       		.byte	0
 1055 006d 0A       		.uleb128 0xa
 1056 006e 2E       		.uleb128 0x2e
 1057 006f 01       		.byte	0x1
 1058 0070 03       		.uleb128 0x3
 1059 0071 0E       		.uleb128 0xe
 1060 0072 3A       		.uleb128 0x3a
 1061 0073 0B       		.uleb128 0xb
 1062 0074 3B       		.uleb128 0x3b
 1063 0075 0B       		.uleb128 0xb
 1064 0076 27       		.uleb128 0x27
 1065 0077 19       		.uleb128 0x19
ARM GAS  C:\Users\joshw\AppData\Local\Temp\ccAjzTvg.s 			page 27


 1066 0078 11       		.uleb128 0x11
 1067 0079 01       		.uleb128 0x1
 1068 007a 12       		.uleb128 0x12
 1069 007b 06       		.uleb128 0x6
 1070 007c 40       		.uleb128 0x40
 1071 007d 18       		.uleb128 0x18
 1072 007e 9742     		.uleb128 0x2117
 1073 0080 19       		.uleb128 0x19
 1074 0081 01       		.uleb128 0x1
 1075 0082 13       		.uleb128 0x13
 1076 0083 00       		.byte	0
 1077 0084 00       		.byte	0
 1078 0085 0B       		.uleb128 0xb
 1079 0086 05       		.uleb128 0x5
 1080 0087 00       		.byte	0
 1081 0088 03       		.uleb128 0x3
 1082 0089 0E       		.uleb128 0xe
 1083 008a 3A       		.uleb128 0x3a
 1084 008b 0B       		.uleb128 0xb
 1085 008c 3B       		.uleb128 0x3b
 1086 008d 0B       		.uleb128 0xb
 1087 008e 49       		.uleb128 0x49
 1088 008f 13       		.uleb128 0x13
 1089 0090 02       		.uleb128 0x2
 1090 0091 18       		.uleb128 0x18
 1091 0092 00       		.byte	0
 1092 0093 00       		.byte	0
 1093 0094 0C       		.uleb128 0xc
 1094 0095 34       		.uleb128 0x34
 1095 0096 00       		.byte	0
 1096 0097 03       		.uleb128 0x3
 1097 0098 08       		.uleb128 0x8
 1098 0099 3A       		.uleb128 0x3a
 1099 009a 0B       		.uleb128 0xb
 1100 009b 3B       		.uleb128 0x3b
 1101 009c 0B       		.uleb128 0xb
 1102 009d 49       		.uleb128 0x49
 1103 009e 13       		.uleb128 0x13
 1104 009f 02       		.uleb128 0x2
 1105 00a0 17       		.uleb128 0x17
 1106 00a1 00       		.byte	0
 1107 00a2 00       		.byte	0
 1108 00a3 0D       		.uleb128 0xd
 1109 00a4 0B       		.uleb128 0xb
 1110 00a5 01       		.byte	0x1
 1111 00a6 11       		.uleb128 0x11
 1112 00a7 01       		.uleb128 0x1
 1113 00a8 12       		.uleb128 0x12
 1114 00a9 06       		.uleb128 0x6
 1115 00aa 00       		.byte	0
 1116 00ab 00       		.byte	0
 1117 00ac 0E       		.uleb128 0xe
 1118 00ad 34       		.uleb128 0x34
 1119 00ae 00       		.byte	0
 1120 00af 03       		.uleb128 0x3
 1121 00b0 0E       		.uleb128 0xe
 1122 00b1 3A       		.uleb128 0x3a
ARM GAS  C:\Users\joshw\AppData\Local\Temp\ccAjzTvg.s 			page 28


 1123 00b2 0B       		.uleb128 0xb
 1124 00b3 3B       		.uleb128 0x3b
 1125 00b4 0B       		.uleb128 0xb
 1126 00b5 49       		.uleb128 0x49
 1127 00b6 13       		.uleb128 0x13
 1128 00b7 02       		.uleb128 0x2
 1129 00b8 17       		.uleb128 0x17
 1130 00b9 00       		.byte	0
 1131 00ba 00       		.byte	0
 1132 00bb 0F       		.uleb128 0xf
 1133 00bc 0F       		.uleb128 0xf
 1134 00bd 00       		.byte	0
 1135 00be 0B       		.uleb128 0xb
 1136 00bf 0B       		.uleb128 0xb
 1137 00c0 49       		.uleb128 0x49
 1138 00c1 13       		.uleb128 0x13
 1139 00c2 00       		.byte	0
 1140 00c3 00       		.byte	0
 1141 00c4 10       		.uleb128 0x10
 1142 00c5 26       		.uleb128 0x26
 1143 00c6 00       		.byte	0
 1144 00c7 49       		.uleb128 0x49
 1145 00c8 13       		.uleb128 0x13
 1146 00c9 00       		.byte	0
 1147 00ca 00       		.byte	0
 1148 00cb 11       		.uleb128 0x11
 1149 00cc 05       		.uleb128 0x5
 1150 00cd 00       		.byte	0
 1151 00ce 03       		.uleb128 0x3
 1152 00cf 08       		.uleb128 0x8
 1153 00d0 3A       		.uleb128 0x3a
 1154 00d1 0B       		.uleb128 0xb
 1155 00d2 3B       		.uleb128 0x3b
 1156 00d3 0B       		.uleb128 0xb
 1157 00d4 49       		.uleb128 0x49
 1158 00d5 13       		.uleb128 0x13
 1159 00d6 02       		.uleb128 0x2
 1160 00d7 17       		.uleb128 0x17
 1161 00d8 00       		.byte	0
 1162 00d9 00       		.byte	0
 1163 00da 12       		.uleb128 0x12
 1164 00db 898201   		.uleb128 0x4109
 1165 00de 01       		.byte	0x1
 1166 00df 11       		.uleb128 0x11
 1167 00e0 01       		.uleb128 0x1
 1168 00e1 31       		.uleb128 0x31
 1169 00e2 13       		.uleb128 0x13
 1170 00e3 00       		.byte	0
 1171 00e4 00       		.byte	0
 1172 00e5 13       		.uleb128 0x13
 1173 00e6 8A8201   		.uleb128 0x410a
 1174 00e9 00       		.byte	0
 1175 00ea 02       		.uleb128 0x2
 1176 00eb 18       		.uleb128 0x18
 1177 00ec 9142     		.uleb128 0x2111
 1178 00ee 18       		.uleb128 0x18
 1179 00ef 00       		.byte	0
ARM GAS  C:\Users\joshw\AppData\Local\Temp\ccAjzTvg.s 			page 29


 1180 00f0 00       		.byte	0
 1181 00f1 14       		.uleb128 0x14
 1182 00f2 898201   		.uleb128 0x4109
 1183 00f5 01       		.byte	0x1
 1184 00f6 11       		.uleb128 0x11
 1185 00f7 01       		.uleb128 0x1
 1186 00f8 31       		.uleb128 0x31
 1187 00f9 13       		.uleb128 0x13
 1188 00fa 01       		.uleb128 0x1
 1189 00fb 13       		.uleb128 0x13
 1190 00fc 00       		.byte	0
 1191 00fd 00       		.byte	0
 1192 00fe 15       		.uleb128 0x15
 1193 00ff 2E       		.uleb128 0x2e
 1194 0100 01       		.byte	0x1
 1195 0101 3F       		.uleb128 0x3f
 1196 0102 19       		.uleb128 0x19
 1197 0103 03       		.uleb128 0x3
 1198 0104 0E       		.uleb128 0xe
 1199 0105 3A       		.uleb128 0x3a
 1200 0106 0B       		.uleb128 0xb
 1201 0107 3B       		.uleb128 0x3b
 1202 0108 05       		.uleb128 0x5
 1203 0109 27       		.uleb128 0x27
 1204 010a 19       		.uleb128 0x19
 1205 010b 11       		.uleb128 0x11
 1206 010c 01       		.uleb128 0x1
 1207 010d 12       		.uleb128 0x12
 1208 010e 06       		.uleb128 0x6
 1209 010f 40       		.uleb128 0x40
 1210 0110 18       		.uleb128 0x18
 1211 0111 9742     		.uleb128 0x2117
 1212 0113 19       		.uleb128 0x19
 1213 0114 01       		.uleb128 0x1
 1214 0115 13       		.uleb128 0x13
 1215 0116 00       		.byte	0
 1216 0117 00       		.byte	0
 1217 0118 16       		.uleb128 0x16
 1218 0119 0B       		.uleb128 0xb
 1219 011a 01       		.byte	0x1
 1220 011b 11       		.uleb128 0x11
 1221 011c 01       		.uleb128 0x1
 1222 011d 12       		.uleb128 0x12
 1223 011e 06       		.uleb128 0x6
 1224 011f 01       		.uleb128 0x1
 1225 0120 13       		.uleb128 0x13
 1226 0121 00       		.byte	0
 1227 0122 00       		.byte	0
 1228 0123 17       		.uleb128 0x17
 1229 0124 34       		.uleb128 0x34
 1230 0125 00       		.byte	0
 1231 0126 03       		.uleb128 0x3
 1232 0127 0E       		.uleb128 0xe
 1233 0128 3A       		.uleb128 0x3a
 1234 0129 0B       		.uleb128 0xb
 1235 012a 3B       		.uleb128 0x3b
 1236 012b 05       		.uleb128 0x5
ARM GAS  C:\Users\joshw\AppData\Local\Temp\ccAjzTvg.s 			page 30


 1237 012c 49       		.uleb128 0x49
 1238 012d 13       		.uleb128 0x13
 1239 012e 02       		.uleb128 0x2
 1240 012f 18       		.uleb128 0x18
 1241 0130 00       		.byte	0
 1242 0131 00       		.byte	0
 1243 0132 18       		.uleb128 0x18
 1244 0133 13       		.uleb128 0x13
 1245 0134 01       		.byte	0x1
 1246 0135 0B       		.uleb128 0xb
 1247 0136 0B       		.uleb128 0xb
 1248 0137 3A       		.uleb128 0x3a
 1249 0138 0B       		.uleb128 0xb
 1250 0139 3B       		.uleb128 0x3b
 1251 013a 05       		.uleb128 0x5
 1252 013b 01       		.uleb128 0x1
 1253 013c 13       		.uleb128 0x13
 1254 013d 00       		.byte	0
 1255 013e 00       		.byte	0
 1256 013f 19       		.uleb128 0x19
 1257 0140 0D       		.uleb128 0xd
 1258 0141 00       		.byte	0
 1259 0142 03       		.uleb128 0x3
 1260 0143 0E       		.uleb128 0xe
 1261 0144 3A       		.uleb128 0x3a
 1262 0145 0B       		.uleb128 0xb
 1263 0146 3B       		.uleb128 0x3b
 1264 0147 05       		.uleb128 0x5
 1265 0148 49       		.uleb128 0x49
 1266 0149 13       		.uleb128 0x13
 1267 014a 38       		.uleb128 0x38
 1268 014b 0B       		.uleb128 0xb
 1269 014c 00       		.byte	0
 1270 014d 00       		.byte	0
 1271 014e 1A       		.uleb128 0x1a
 1272 014f 01       		.uleb128 0x1
 1273 0150 01       		.byte	0x1
 1274 0151 49       		.uleb128 0x49
 1275 0152 13       		.uleb128 0x13
 1276 0153 01       		.uleb128 0x1
 1277 0154 13       		.uleb128 0x13
 1278 0155 00       		.byte	0
 1279 0156 00       		.byte	0
 1280 0157 1B       		.uleb128 0x1b
 1281 0158 21       		.uleb128 0x21
 1282 0159 00       		.byte	0
 1283 015a 49       		.uleb128 0x49
 1284 015b 13       		.uleb128 0x13
 1285 015c 2F       		.uleb128 0x2f
 1286 015d 0B       		.uleb128 0xb
 1287 015e 00       		.byte	0
 1288 015f 00       		.byte	0
 1289 0160 1C       		.uleb128 0x1c
 1290 0161 34       		.uleb128 0x34
 1291 0162 00       		.byte	0
 1292 0163 03       		.uleb128 0x3
 1293 0164 08       		.uleb128 0x8
ARM GAS  C:\Users\joshw\AppData\Local\Temp\ccAjzTvg.s 			page 31


 1294 0165 3A       		.uleb128 0x3a
 1295 0166 0B       		.uleb128 0xb
 1296 0167 3B       		.uleb128 0x3b
 1297 0168 05       		.uleb128 0x5
 1298 0169 49       		.uleb128 0x49
 1299 016a 13       		.uleb128 0x13
 1300 016b 02       		.uleb128 0x2
 1301 016c 17       		.uleb128 0x17
 1302 016d 00       		.byte	0
 1303 016e 00       		.byte	0
 1304 016f 1D       		.uleb128 0x1d
 1305 0170 898201   		.uleb128 0x4109
 1306 0173 00       		.byte	0
 1307 0174 11       		.uleb128 0x11
 1308 0175 01       		.uleb128 0x1
 1309 0176 31       		.uleb128 0x31
 1310 0177 13       		.uleb128 0x13
 1311 0178 00       		.byte	0
 1312 0179 00       		.byte	0
 1313 017a 1E       		.uleb128 0x1e
 1314 017b 2E       		.uleb128 0x2e
 1315 017c 00       		.byte	0
 1316 017d 3F       		.uleb128 0x3f
 1317 017e 19       		.uleb128 0x19
 1318 017f 3C       		.uleb128 0x3c
 1319 0180 19       		.uleb128 0x19
 1320 0181 6E       		.uleb128 0x6e
 1321 0182 0E       		.uleb128 0xe
 1322 0183 03       		.uleb128 0x3
 1323 0184 0E       		.uleb128 0xe
 1324 0185 00       		.byte	0
 1325 0186 00       		.byte	0
 1326 0187 1F       		.uleb128 0x1f
 1327 0188 2E       		.uleb128 0x2e
 1328 0189 00       		.byte	0
 1329 018a 3F       		.uleb128 0x3f
 1330 018b 19       		.uleb128 0x19
 1331 018c 3C       		.uleb128 0x3c
 1332 018d 19       		.uleb128 0x19
 1333 018e 6E       		.uleb128 0x6e
 1334 018f 0E       		.uleb128 0xe
 1335 0190 03       		.uleb128 0x3
 1336 0191 0E       		.uleb128 0xe
 1337 0192 3A       		.uleb128 0x3a
 1338 0193 0B       		.uleb128 0xb
 1339 0194 3B       		.uleb128 0x3b
 1340 0195 0B       		.uleb128 0xb
 1341 0196 00       		.byte	0
 1342 0197 00       		.byte	0
 1343 0198 00       		.byte	0
 1344              		.section	.debug_loc,"",%progbits
 1345              	.Ldebug_loc0:
 1346              	.LLST0:
 1347 0000 02000000 		.4byte	.LVL1
 1348 0004 08000000 		.4byte	.LVL2
 1349 0008 0200     		.2byte	0x2
 1350 000a 30       		.byte	0x30
ARM GAS  C:\Users\joshw\AppData\Local\Temp\ccAjzTvg.s 			page 32


 1351 000b 9F       		.byte	0x9f
 1352 000c 08000000 		.4byte	.LVL2
 1353 0010 30000000 		.4byte	.LVL11
 1354 0014 0100     		.2byte	0x1
 1355 0016 57       		.byte	0x57
 1356 0017 00000000 		.4byte	0
 1357 001b 00000000 		.4byte	0
 1358              	.LLST1:
 1359 001f 02000000 		.4byte	.LVL1
 1360 0023 08000000 		.4byte	.LVL2
 1361 0027 0200     		.2byte	0x2
 1362 0029 30       		.byte	0x30
 1363 002a 9F       		.byte	0x9f
 1364 002b 08000000 		.4byte	.LVL2
 1365 002f 30000000 		.4byte	.LVL10
 1366 0033 0100     		.2byte	0x1
 1367 0035 55       		.byte	0x55
 1368 0036 00000000 		.4byte	0
 1369 003a 00000000 		.4byte	0
 1370              	.LLST2:
 1371 003e 0C000000 		.4byte	.LVL3
 1372 0042 2C000000 		.4byte	.LVL9
 1373 0046 0100     		.2byte	0x1
 1374 0048 56       		.byte	0x56
 1375 0049 00000000 		.4byte	0
 1376 004d 00000000 		.4byte	0
 1377              	.LLST3:
 1378 0051 0E000000 		.4byte	.LVL4
 1379 0055 24000000 		.4byte	.LVL7
 1380 0059 0100     		.2byte	0x1
 1381 005b 53       		.byte	0x53
 1382 005c 26000000 		.4byte	.LVL8
 1383 0060 2C000000 		.4byte	.LVL9
 1384 0064 0100     		.2byte	0x1
 1385 0066 53       		.byte	0x53
 1386 0067 00000000 		.4byte	0
 1387 006b 00000000 		.4byte	0
 1388              	.LLST4:
 1389 006f 00000000 		.4byte	.LVL12
 1390 0073 09000000 		.4byte	.LVL14-1
 1391 0077 0100     		.2byte	0x1
 1392 0079 50       		.byte	0x50
 1393 007a 09000000 		.4byte	.LVL14-1
 1394 007e 0C000000 		.4byte	.LFE0
 1395 0082 0400     		.2byte	0x4
 1396 0084 F3       		.byte	0xf3
 1397 0085 01       		.uleb128 0x1
 1398 0086 50       		.byte	0x50
 1399 0087 9F       		.byte	0x9f
 1400 0088 00000000 		.4byte	0
 1401 008c 00000000 		.4byte	0
 1402              	.LLST5:
 1403 0090 00000000 		.4byte	.LVL12
 1404 0094 06000000 		.4byte	.LVL13
 1405 0098 0100     		.2byte	0x1
 1406 009a 51       		.byte	0x51
 1407 009b 06000000 		.4byte	.LVL13
ARM GAS  C:\Users\joshw\AppData\Local\Temp\ccAjzTvg.s 			page 33


 1408 009f 09000000 		.4byte	.LVL14-1
 1409 00a3 0100     		.2byte	0x1
 1410 00a5 52       		.byte	0x52
 1411 00a6 09000000 		.4byte	.LVL14-1
 1412 00aa 0C000000 		.4byte	.LFE0
 1413 00ae 0400     		.2byte	0x4
 1414 00b0 F3       		.byte	0xf3
 1415 00b1 01       		.uleb128 0x1
 1416 00b2 51       		.byte	0x51
 1417 00b3 9F       		.byte	0x9f
 1418 00b4 00000000 		.4byte	0
 1419 00b8 00000000 		.4byte	0
 1420              	.LLST6:
 1421 00bc B2000000 		.4byte	.LVL18
 1422 00c0 B6000000 		.4byte	.LVL19
 1423 00c4 0200     		.2byte	0x2
 1424 00c6 30       		.byte	0x30
 1425 00c7 9F       		.byte	0x9f
 1426 00c8 B6000000 		.4byte	.LVL19
 1427 00cc D4000000 		.4byte	.LVL21
 1428 00d0 0100     		.2byte	0x1
 1429 00d2 54       		.byte	0x54
 1430 00d3 D6000000 		.4byte	.LVL22
 1431 00d7 6E010000 		.4byte	.LVL25
 1432 00db 0100     		.2byte	0x1
 1433 00dd 54       		.byte	0x54
 1434 00de 00000000 		.4byte	0
 1435 00e2 00000000 		.4byte	0
 1436              	.LLST7:
 1437 00e6 B6000000 		.4byte	.LVL19
 1438 00ea D4000000 		.4byte	.LVL21
 1439 00ee 0B00     		.2byte	0xb
 1440 00f0 74       		.byte	0x74
 1441 00f1 00       		.sleb128 0
 1442 00f2 36       		.byte	0x36
 1443 00f3 1E       		.byte	0x1e
 1444 00f4 03       		.byte	0x3
 1445 00f5 00000000 		.4byte	cfg_memset_list.4870
 1446 00f9 22       		.byte	0x22
 1447 00fa 9F       		.byte	0x9f
 1448 00fb D4000000 		.4byte	.LVL21
 1449 00ff D6000000 		.4byte	.LVL22
 1450 0103 0B00     		.2byte	0xb
 1451 0105 74       		.byte	0x74
 1452 0106 7F       		.sleb128 -1
 1453 0107 36       		.byte	0x36
 1454 0108 1E       		.byte	0x1e
 1455 0109 03       		.byte	0x3
 1456 010a 00000000 		.4byte	cfg_memset_list.4870
 1457 010e 22       		.byte	0x22
 1458 010f 9F       		.byte	0x9f
 1459 0110 00000000 		.4byte	0
 1460 0114 00000000 		.4byte	0
 1461              		.section	.debug_aranges,"",%progbits
 1462 0000 34000000 		.4byte	0x34
 1463 0004 0200     		.2byte	0x2
 1464 0006 00000000 		.4byte	.Ldebug_info0
ARM GAS  C:\Users\joshw\AppData\Local\Temp\ccAjzTvg.s 			page 34


 1465 000a 04       		.byte	0x4
 1466 000b 00       		.byte	0
 1467 000c 0000     		.2byte	0
 1468 000e 0000     		.2byte	0
 1469 0010 00000000 		.4byte	.LFB3
 1470 0014 32000000 		.4byte	.LFE3-.LFB3
 1471 0018 00000000 		.4byte	.LFB0
 1472 001c 0C000000 		.4byte	.LFE0-.LFB0
 1473 0020 00000000 		.4byte	.LFB4
 1474 0024 A8000000 		.4byte	.LFE4-.LFB4
 1475 0028 A8000000 		.4byte	.LFB6
 1476 002c 2C010000 		.4byte	.LFE6-.LFB6
 1477 0030 00000000 		.4byte	0
 1478 0034 00000000 		.4byte	0
 1479              		.section	.debug_ranges,"",%progbits
 1480              	.Ldebug_ranges0:
 1481 0000 00000000 		.4byte	.LFB3
 1482 0004 32000000 		.4byte	.LFE3
 1483 0008 00000000 		.4byte	.LFB0
 1484 000c 0C000000 		.4byte	.LFE0
 1485 0010 00000000 		.4byte	.LFB4
 1486 0014 A8000000 		.4byte	.LFE4
 1487 0018 A8000000 		.4byte	.LFB6
 1488 001c D4010000 		.4byte	.LFE6
 1489 0020 00000000 		.4byte	0
 1490 0024 00000000 		.4byte	0
 1491              		.section	.debug_line,"",%progbits
 1492              	.Ldebug_line0:
 1493 0000 69010000 		.section	.debug_str,"MS",%progbits,1
 1493      0200D600 
 1493      00000201 
 1493      FB0E0D00 
 1493      01010101 
 1494              	.LASF19:
 1495 0000 72656733 		.ascii	"reg32\000"
 1495      3200
 1496              	.LASF12:
 1497 0006 73697A65 		.ascii	"size_t\000"
 1497      5F7400
 1498              	.LASF37:
 1499 000d 4379496E 		.ascii	"CyIntSetVector\000"
 1499      74536574 
 1499      56656374 
 1499      6F7200
 1500              	.LASF21:
 1501 001c 76616C75 		.ascii	"value\000"
 1501      6500
 1502              	.LASF26:
 1503 0022 636F756E 		.ascii	"count\000"
 1503      7400
 1504              	.LASF29:
 1505 0028 436C6F63 		.ascii	"ClockSetup\000"
 1505      6B536574 
 1505      757000
 1506              	.LASF30:
 1507 0033 63795F63 		.ascii	"cy_cfg_addr_table\000"
 1507      66675F61 
ARM GAS  C:\Users\joshw\AppData\Local\Temp\ccAjzTvg.s 			page 35


 1507      6464725F 
 1507      7461626C 
 1507      6500
 1508              	.LASF31:
 1509 0045 63795F63 		.ascii	"cy_cfg_data_table\000"
 1509      66675F64 
 1509      6174615F 
 1509      7461626C 
 1509      6500
 1510              	.LASF16:
 1511 0057 666C6F61 		.ascii	"float\000"
 1511      7400
 1512              	.LASF35:
 1513 005d 6366675F 		.ascii	"cfg_memset_list\000"
 1513      6D656D73 
 1513      65745F6C 
 1513      69737400 
 1514              	.LASF33:
 1515 006d 73697A65 		.ascii	"size\000"
 1515      00
 1516              	.LASF18:
 1517 0072 72656738 		.ascii	"reg8\000"
 1517      00
 1518              	.LASF8:
 1519 0077 6C6F6E67 		.ascii	"long unsigned int\000"
 1519      20756E73 
 1519      69676E65 
 1519      6420696E 
 1519      7400
 1520              	.LASF13:
 1521 0089 75696E74 		.ascii	"uint8\000"
 1521      3800
 1522              	.LASF28:
 1523 008f 43594D45 		.ascii	"CYMEMZERO\000"
 1523      4D5A4552 
 1523      4F00
 1524              	.LASF4:
 1525 0099 756E7369 		.ascii	"unsigned char\000"
 1525      676E6564 
 1525      20636861 
 1525      7200
 1526              	.LASF43:
 1527 00a7 6D656D73 		.ascii	"memset\000"
 1527      657400
 1528              	.LASF17:
 1529 00ae 646F7562 		.ascii	"double\000"
 1529      6C6500
 1530              	.LASF27:
 1531 00b5 6366675F 		.ascii	"cfg_write_bytes32\000"
 1531      77726974 
 1531      655F6279 
 1531      74657333 
 1531      3200
 1532              	.LASF38:
 1533 00c7 4379496E 		.ascii	"CyIntEnable\000"
 1533      74456E61 
 1533      626C6500 
ARM GAS  C:\Users\joshw\AppData\Local\Temp\ccAjzTvg.s 			page 36


 1534              	.LASF23:
 1535 00d3 61646472 		.ascii	"addr_table\000"
 1535      5F746162 
 1535      6C6500
 1536              	.LASF14:
 1537 00de 75696E74 		.ascii	"uint16\000"
 1537      313600
 1538              	.LASF24:
 1539 00e5 64617461 		.ascii	"data_table\000"
 1539      5F746162 
 1539      6C6500
 1540              	.LASF15:
 1541 00f0 75696E74 		.ascii	"uint32\000"
 1541      333200
 1542              	.LASF41:
 1543 00f7 433A5C55 		.ascii	"C:\\Users\\joshw\\Desktop\\EECE3015\\eece3015-heart"
 1543      73657273 
 1543      5C6A6F73 
 1543      68775C44 
 1543      65736B74 
 1544 0125 2D726174 		.ascii	"-rate-monitor\\FinalDesignProject\\FinalDesignProje"
 1544      652D6D6F 
 1544      6E69746F 
 1544      725C4669 
 1544      6E616C44 
 1545 0156 63742E63 		.ascii	"ct.cydsn\000"
 1545      7964736E 
 1545      00
 1546              	.LASF0:
 1547 015f 756E7369 		.ascii	"unsigned int\000"
 1547      676E6564 
 1547      20696E74 
 1547      00
 1548              	.LASF42:
 1549 016c 63796669 		.ascii	"cyfitter_cfg\000"
 1549      74746572 
 1549      5F636667 
 1549      00
 1550              	.LASF32:
 1551 0179 61646472 		.ascii	"address\000"
 1551      65737300 
 1552              	.LASF9:
 1553 0181 6C6F6E67 		.ascii	"long long unsigned int\000"
 1553      206C6F6E 
 1553      6720756E 
 1553      7369676E 
 1553      65642069 
 1554              	.LASF39:
 1555 0198 474E5520 		.ascii	"GNU C11 5.4.1 20160609 (release) [ARM/embedded-5-br"
 1555      43313120 
 1555      352E342E 
 1555      31203230 
 1555      31363036 
 1556 01cb 616E6368 		.ascii	"anch revision 237715] -mcpu=cortex-m0 -mthumb -g -O"
 1556      20726576 
 1556      6973696F 
 1556      6E203233 
ARM GAS  C:\Users\joshw\AppData\Local\Temp\ccAjzTvg.s 			page 37


 1556      37373135 
 1557 01fe 67202D66 		.ascii	"g -ffunction-sections -ffat-lto-objects\000"
 1557      66756E63 
 1557      74696F6E 
 1557      2D736563 
 1557      74696F6E 
 1558              	.LASF34:
 1559 0226 6366675F 		.ascii	"cfg_memset_t\000"
 1559      6D656D73 
 1559      65745F74 
 1559      00
 1560              	.LASF25:
 1561 0233 62617365 		.ascii	"baseAddr\000"
 1561      41646472 
 1561      00
 1562              	.LASF10:
 1563 023c 73697A65 		.ascii	"sizetype\000"
 1563      74797065 
 1563      00
 1564              	.LASF6:
 1565 0245 73686F72 		.ascii	"short unsigned int\000"
 1565      7420756E 
 1565      7369676E 
 1565      65642069 
 1565      6E7400
 1566              	.LASF1:
 1567 0258 6C6F6E67 		.ascii	"long long int\000"
 1567      206C6F6E 
 1567      6720696E 
 1567      7400
 1568              	.LASF11:
 1569 0266 63686172 		.ascii	"char\000"
 1569      00
 1570              	.LASF22:
 1571 026b 63795F63 		.ascii	"cy_cfg_addrvalue_t\000"
 1571      66675F61 
 1571      64647276 
 1571      616C7565 
 1571      5F7400
 1572              	.LASF20:
 1573 027e 6F666673 		.ascii	"offset\000"
 1573      657400
 1574              	.LASF5:
 1575 0285 73686F72 		.ascii	"short int\000"
 1575      7420696E 
 1575      7400
 1576              	.LASF36:
 1577 028f 43795379 		.ascii	"CySysClkWriteImoFreq\000"
 1577      73436C6B 
 1577      57726974 
 1577      65496D6F 
 1577      46726571 
 1578              	.LASF7:
 1579 02a4 6C6F6E67 		.ascii	"long int\000"
 1579      20696E74 
 1579      00
 1580              	.LASF2:
ARM GAS  C:\Users\joshw\AppData\Local\Temp\ccAjzTvg.s 			page 38


 1581 02ad 6C6F6E67 		.ascii	"long double\000"
 1581      20646F75 
 1581      626C6500 
 1582              	.LASF3:
 1583 02b9 7369676E 		.ascii	"signed char\000"
 1583      65642063 
 1583      68617200 
 1584              	.LASF40:
 1585 02c5 47656E65 		.ascii	"Generated_Source\\PSoC4\\cyfitter_cfg.c\000"
 1585      72617465 
 1585      645F536F 
 1585      75726365 
 1585      5C50536F 
 1586              		.ident	"GCC: (GNU Tools for ARM Embedded Processors) 5.4.1 20160609 (release) [ARM/embedded-5-bran
