Archive member included to satisfy reference by file (symbol)

.\CortexM0\ARM_GCC_541\Debug\FinalDesignProject.a(CyLib.o)
                              .\CortexM0\ARM_GCC_541\Debug\cyfitter_cfg.o (CyIntEnable)
.\CortexM0\ARM_GCC_541\Debug\FinalDesignProject.a(CyLFClk.o)
                              .\CortexM0\ARM_GCC_541\Debug\cyfitter_cfg.o (CySysWdtIsr)
.\CortexM0\ARM_GCC_541\Debug\FinalDesignProject.a(UART.o)
                              .\CortexM0\ARM_GCC_541\Debug\main.o (UART_Start)
.\CortexM0\ARM_GCC_541\Debug\FinalDesignProject.a(UART_UART.o)
                              .\CortexM0\ARM_GCC_541\Debug\FinalDesignProject.a(UART.o) (UART_UartInit)
.\CortexM0\ARM_GCC_541\Debug\FinalDesignProject.a(I2C.o)
                              .\CortexM0\ARM_GCC_541\Debug\main.o (I2C_Start)
.\CortexM0\ARM_GCC_541\Debug\FinalDesignProject.a(I2C_I2C.o)
                              .\CortexM0\ARM_GCC_541\Debug\FinalDesignProject.a(I2C.o) (I2C_I2CInit)
.\CortexM0\ARM_GCC_541\Debug\FinalDesignProject.a(I2C_I2C_MASTER.o)
                              .\CortexM0\ARM_GCC_541\Debug\ssd1306_driver.o (I2C_I2CMasterSendStart)
.\CortexM0\ARM_GCC_541\Debug\FinalDesignProject.a(I2C_sda.o)
                              .\CortexM0\ARM_GCC_541\Debug\FinalDesignProject.a(I2C_I2C_MASTER.o) (I2C_sda_Read)
.\CortexM0\ARM_GCC_541\Debug\FinalDesignProject.a(I2C_scl.o)
                              .\CortexM0\ARM_GCC_541\Debug\FinalDesignProject.a(I2C_I2C_MASTER.o) (I2C_scl_Write)
.\CortexM0\ARM_GCC_541\Debug\FinalDesignProject.a(LED_PWM.o)
                              .\CortexM0\ARM_GCC_541\Debug\main.o (LED_PWM_Stop)
.\CortexM0\ARM_GCC_541\Debug\FinalDesignProject.a(CyBootAsmGnu.o)
                              .\CortexM0\ARM_GCC_541\Debug\FinalDesignProject.a(CyLib.o) (CyDelayCycles)
.\CortexM0\ARM_GCC_541\Debug\FinalDesignProject.a(UART_SPI_UART.o)
                              .\CortexM0\ARM_GCC_541\Debug\FinalDesignProject.a(UART_UART.o) (UART_SpiUartReadRxData)
.\CortexM0\ARM_GCC_541\Debug\FinalDesignProject.a(I2C_I2C_INT.o)
                              .\CortexM0\ARM_GCC_541\Debug\FinalDesignProject.a(I2C_I2C.o) (I2C_I2C_ISR)
c:/program files (x86)/cypress/psoc creator/4.4/psoc creator/import/gnu/arm/5.4.1/bin/../lib/gcc/arm-none-eabi/5.4.1/armv6-m\libgcc.a(_udivsi3.o)
                              .\CortexM0\ARM_GCC_541\Debug\spo2_algorithm.o (__aeabi_uidiv)
c:/program files (x86)/cypress/psoc creator/4.4/psoc creator/import/gnu/arm/5.4.1/bin/../lib/gcc/arm-none-eabi/5.4.1/armv6-m\libgcc.a(_divsi3.o)
                              .\CortexM0\ARM_GCC_541\Debug\main.o (__aeabi_idiv)
c:/program files (x86)/cypress/psoc creator/4.4/psoc creator/import/gnu/arm/5.4.1/bin/../lib/gcc/arm-none-eabi/5.4.1/armv6-m\libgcc.a(_dvmd_tls.o)
                              c:/program files (x86)/cypress/psoc creator/4.4/psoc creator/import/gnu/arm/5.4.1/bin/../lib/gcc/arm-none-eabi/5.4.1/armv6-m\libgcc.a(_udivsi3.o) (__aeabi_idiv0)
c:/program files (x86)/cypress/psoc creator/4.4/psoc creator/import/gnu/arm/5.4.1/bin/../lib/gcc/arm-none-eabi/5.4.1/armv6-m\libgcc.a(addsf3.o)
                              .\CortexM0\ARM_GCC_541\Debug\max30102_driver.o (__aeabi_fadd)
c:/program files (x86)/cypress/psoc creator/4.4/psoc creator/import/gnu/arm/5.4.1/bin/../lib/gcc/arm-none-eabi/5.4.1/armv6-m\libgcc.a(mulsf3.o)
                              .\CortexM0\ARM_GCC_541\Debug\max30102_driver.o (__aeabi_fmul)
c:/program files (x86)/cypress/psoc creator/4.4/psoc creator/import/gnu/arm/5.4.1/bin/../lib/gcc/arm-none-eabi/5.4.1/armv6-m\libgcc.a(floatsisf.o)
                              .\CortexM0\ARM_GCC_541\Debug\max30102_driver.o (__aeabi_i2f)
c:/program files (x86)/cypress/psoc creator/4.4/psoc creator/import/gnu/arm/5.4.1/bin/../lib/gcc/arm-none-eabi/5.4.1/armv6-m\libgcc.a(floatunsisf.o)
                              .\CortexM0\ARM_GCC_541\Debug\max30102_driver.o (__aeabi_ui2f)
c:/program files (x86)/cypress/psoc creator/4.4/psoc creator/import/gnu/arm/5.4.1/bin/../lib/gcc/arm-none-eabi/5.4.1/armv6-m\libgcc.a(_clzsi2.o)
                              c:/program files (x86)/cypress/psoc creator/4.4/psoc creator/import/gnu/arm/5.4.1/bin/../lib/gcc/arm-none-eabi/5.4.1/armv6-m\libgcc.a(addsf3.o) (__clzsi2)
c:/program files (x86)/cypress/psoc creator/4.4/psoc creator/import/gnu/arm/5.4.1/bin/../lib/gcc/arm-none-eabi/5.4.1/../../../../arm-none-eabi/lib/armv6-m\libg_nano.a(lib_a-errno.o)
                              .\CortexM0\ARM_GCC_541\Debug\Cm0Start.o (__errno)
c:/program files (x86)/cypress/psoc creator/4.4/psoc creator/import/gnu/arm/5.4.1/bin/../lib/gcc/arm-none-eabi/5.4.1/../../../../arm-none-eabi/lib/armv6-m\libg_nano.a(lib_a-exit.o)
                              c:/program files (x86)/cypress/psoc creator/4.4/psoc creator/import/gnu/arm/5.4.1/bin/../lib/gcc/arm-none-eabi/5.4.1/../../../../arm-none-eabi/lib/armv6-m/crt0.o (exit)
[...]
Memory Configuration

Name             Origin             Length             Attributes
rom              0x00000000         0x00008000         xr
ram              0x20000000         0x00001000         xrw
*default*        0x00000000         0xffffffff

Linker script and memory map

LOAD c:/program files (x86)/cypress/psoc creator/4.4/psoc creator/import/gnu/arm/5.4.1/bin/../lib/gcc/arm-none-eabi/5.4.1/armv6-m/crti.o
LOAD c:/program files (x86)/cypress/psoc creator/4.4/psoc creator/import/gnu/arm/5.4.1/bin/../lib/gcc/arm-none-eabi/5.4.1/armv6-m/crtbegin.o
LOAD c:/program files (x86)/cypress/psoc creator/4.4/psoc creator/import/gnu/arm/5.4.1/bin/../lib/gcc/arm-none-eabi/5.4.1/../../../../arm-none-eabi/lib/armv6-m/crt0.o
START GROUP
LOAD .\CortexM0\ARM_GCC_541\Debug\main.o
LOAD .\CortexM0\ARM_GCC_541\Debug\ssd1306_driver.o
LOAD .\CortexM0\ARM_GCC_541\Debug\max30102_driver.o
LOAD .\CortexM0\ARM_GCC_541\Debug\heartrate.o
LOAD .\CortexM0\ARM_GCC_541\Debug\spo2_algorithm.o
LOAD .\CortexM0\ARM_GCC_541\Debug\cyfitter_cfg.o
LOAD .\CortexM0\ARM_GCC_541\Debug\cymetadata.o
LOAD .\CortexM0\ARM_GCC_541\Debug\Cm0Start.o
LOAD .\CortexM0\ARM_GCC_541\Debug\FinalDesignProject.a
END GROUP
START GROUP
LOAD c:/program files (x86)/cypress/psoc creator/4.4/psoc creator/import/gnu/arm/5.4.1/bin/../lib/gcc/arm-none-eabi/5.4.1/armv6-m\libgcc.a
LOAD c:/program files (x86)/cypress/psoc creator/4.4/psoc creator/import/gnu/arm/5.4.1/bin/../lib/gcc/arm-none-eabi/5.4.1/../../../../arm-none-eabi/lib/armv6-m\libg_nano.a
LOAD c:/program files (x86)/cypress/psoc creator/4.4/psoc creator/import/gnu/arm/5.4.1/bin/../lib/gcc/arm-none-eabi/5.4.1/../../../../arm-none-eabi/lib/armv6-m\libc_nano.a
END GROUP
START GROUP
LOAD c:/program files (x86)/cypress/psoc creator/4.4/psoc creator/import/gnu/arm/5.4.1/bin/../lib/gcc/arm-none-eabi/5.4.1/armv6-m\libgcc.a
LOAD c:/program files (x86)/cypress/psoc creator/4.4/psoc creator/import/gnu/arm/5.4.1/bin/../lib/gcc/arm-none-eabi/5.4.1/../../../../arm-none-eabi/lib/armv6-m\libc_nano.a
END GROUP
LOAD c:/program files (x86)/cypress/psoc creator/4.4/psoc creator/import/gnu/arm/5.4.1/bin/../lib/gcc/arm-none-eabi/5.4.1/armv6-m/crtend.o
LOAD c:/program files (x86)/cypress/psoc creator/4.4/psoc creator/import/gnu/arm/5.4.1/bin/../lib/gcc/arm-none-eabi/5.4.1/armv6-m/crtn.o
START GROUP
LOAD c:/program files (x86)/cypress/psoc creator/4.4/psoc creator/import/gnu/arm/5.4.1/bin/../lib/gcc/arm-none-eabi/5.4.1/armv6-m\libgcc.a
LOAD c:/program files (x86)/cypress/psoc creator/4.4/psoc creator/import/gnu/arm/5.4.1/bin/../lib/gcc/arm-none-eabi/5.4.1/../../../../arm-none-eabi/lib/armv6-m\libc.a
LOAD c:/program files (x86)/cypress/psoc creator/4.4/psoc creator/import/gnu/arm/5.4.1/bin/../lib/gcc/arm-none-eabi/5.4.1/../../../../arm-none-eabi/lib/armv6-m\libnosys.a
END GROUP
                0x00000000                CY_APPL_ORIGIN = 0x0
                0x00000080                CY_FLASH_ROW_SIZE = 0x80
                0x00000001                CY_APPL_NUM = 0x1
                0x00000001                CY_APPL_MAX = 0x1
                0x00000040                CY_METADATA_SIZE = 0x40
                0x00000000                CY_APPL_LOADABLE = 0x0
                0x00000000                CY_CHECKSUM_EXCLUDE_SIZE = ALIGN (0x0, CY_FLASH_ROW_SIZE)
                0x00000000                CY_APP_FOR_STACK_AND_COPIER = 0x0
                [!provide]                PROVIDE (__cy_heap_start, _end)
                0x00000001                PROVIDE (__cy_region_num, ((__cy_regions_end - __cy_regions) / 0x10))
                0x20001000                PROVIDE (__cy_stack, (ORIGIN (ram) + LENGTH (ram)))
                [!provide]                PROVIDE (__cy_heap_end, (__cy_stack - 0x400))

.cybootloader   0x00000000        0x0
 *(.cybootloader)
                0x00000000                appl1_start = CY_APPL_ORIGIN?CY_APPL_ORIGIN:ALIGN (CY_FLASH_ROW_SIZE)
                0x00003f80                appl2_start = (appl1_start + ALIGN ((((LENGTH (rom) - appl1_start) - (0x2 * CY_FLASH_ROW_SIZE)) / 0x2), CY_FLASH_ROW_SIZE))
                0x00000000                appl_start = (CY_APPL_NUM == 0x1)?appl1_start:appl2_start
                0x00000001                cy_project_type_bootloader = (appl_start == 0x0)?0x1:0x0
                0x00000000                cy_project_type_app_for_stack_and_copier = (CY_APP_FOR_STACK_AND_COPIER == 0x1)?0x1:0x0

.text           0x00000000     0x2fba
 CREATE_OBJECT_SYMBOLS
                0x00000000                PROVIDE (__cy_interrupt_vector, RomVectors)
 *(.romvectors)
 .romvectors    0x00000000       0x10 .\CortexM0\ARM_GCC_541\Debug\Cm0Start.o
                0x00000000                RomVectors
                0x00000001                ASSERT ((. != __cy_interrupt_vector), No interrupt vector)
                0x00000001                ASSERT (CY_APPL_ORIGIN?(SIZEOF (.cybootloader) <= CY_APPL_ORIGIN):0x1, Wrong image location)
                0x00000010                PROVIDE (__cy_reset, Reset)
 *(.text.Reset)
 .text.Reset    0x00000010        0x8 .\CortexM0\ARM_GCC_541\Debug\Cm0Start.o
                0x00000010                Reset
                0x00000001                ASSERT ((. != __cy_reset), No reset code)
 *(.psocinit)
 .psocinit      0x00000018      0x1d4 .\CortexM0\ARM_GCC_541\Debug\cyfitter_cfg.o
                0x000000c0                cyfitter_cfg
                0x000001ec                . = MAX (., 0x100)
 *(.text .text.* .gnu.linkonce.t.*)
 .text          0x000001ec       0x60 c:/program files (x86)/cypress/psoc creator/4.4/psoc creator/import/gnu/arm/5.4.1/bin/../lib/gcc/arm-none-eabi/5.4.1/armv6-m/crtbegin.o
 .text.main     0x0000024c      0x478 .\CortexM0\ARM_GCC_541\Debug\main.o
                0x0000024c                main
 .text.SSD1306_SendCommandList
                0x000006c4       0x34 .\CortexM0\ARM_GCC_541\Debug\ssd1306_driver.o
                0x000006c4                SSD1306_SendCommandList
 .text.clearDisplay
                0x000006f8       0x20 .\CortexM0\ARM_GCC_541\Debug\ssd1306_driver.o
                0x000006f8                clearDisplay
 .text.init     0x00000718       0x44 .\CortexM0\ARM_GCC_541\Debug\ssd1306_driver.o
                0x00000718                init
 .text.drawPixel
                0x0000075c       0x80 .\CortexM0\ARM_GCC_541\Debug\ssd1306_driver.o
                0x0000075c                drawPixel
 .text.drawChar
                0x000007dc      0x110 .\CortexM0\ARM_GCC_541\Debug\ssd1306_driver.o
                0x000007dc                drawChar
 .text.drawString
                0x000008ec       0x24 .\CortexM0\ARM_GCC_541\Debug\ssd1306_driver.o
                0x000008ec                drawString
 .text.refreshDisplay
                0x00000910       0x70 .\CortexM0\ARM_GCC_541\Debug\ssd1306_driver.o
                0x00000910                refreshDisplay
 .text.MAX30105_readRegister8
                0x00000980       0x40 .\CortexM0\ARM_GCC_541\Debug\max30102_driver.o
                0x00000980                MAX30105_readRegister8
 .text.MAX30105_writeRegister8
                0x000009c0       0x28 .\CortexM0\ARM_GCC_541\Debug\max30102_driver.o
                0x000009c0                MAX30105_writeRegister8
 .text.MAX30105_bitMask
                0x000009e8       0x1c .\CortexM0\ARM_GCC_541\Debug\max30102_driver.o
                0x000009e8                MAX30105_bitMask
 .text.MAX30105_readPartID
                0x00000a04        0xc .\CortexM0\ARM_GCC_541\Debug\max30102_driver.o
                0x00000a04                MAX30105_readPartID
 .text.MAX30105_readRevisionID
                0x00000a10       0x14 .\CortexM0\ARM_GCC_541\Debug\max30102_driver.o
                0x00000a10                MAX30105_readRevisionID
 .text.MAX30105_begin
                0x00000a24       0x18 .\CortexM0\ARM_GCC_541\Debug\max30102_driver.o
                0x00000a24                MAX30105_begin
 .text.MAX30105_softReset
                0x00000a3c       0x28 .\CortexM0\ARM_GCC_541\Debug\max30102_driver.o
                0x00000a3c                MAX30105_softReset
 .text.MAX30105_setLEDMode
                0x00000a64       0x10 .\CortexM0\ARM_GCC_541\Debug\max30102_driver.o
                0x00000a64                MAX30105_setLEDMode
 .text.MAX30105_setADCRange
                0x00000a74       0x10 .\CortexM0\ARM_GCC_541\Debug\max30102_driver.o
                0x00000a74                MAX30105_setADCRange
 .text.MAX30105_setSampleRate
                0x00000a84       0x10 .\CortexM0\ARM_GCC_541\Debug\max30102_driver.o
                0x00000a84                MAX30105_setSampleRate
 .text.MAX30105_setPulseWidth
                0x00000a94       0x10 .\CortexM0\ARM_GCC_541\Debug\max30102_driver.o
                0x00000a94                MAX30105_setPulseWidth
 .text.MAX30105_setPulseAmplitudeRed
                0x00000aa4        0xc .\CortexM0\ARM_GCC_541\Debug\max30102_driver.o
                0x00000aa4                MAX30105_setPulseAmplitudeRed
 .text.MAX30105_setPulseAmplitudeIR
                0x00000ab0        0xc .\CortexM0\ARM_GCC_541\Debug\max30102_driver.o
                0x00000ab0                MAX30105_setPulseAmplitudeIR
 .text.MAX30105_setPulseAmplitudeGreen
                0x00000abc        0xc .\CortexM0\ARM_GCC_541\Debug\max30102_driver.o
                0x00000abc                MAX30105_setPulseAmplitudeGreen
 .text.MAX30105_setFIFOAverage
                0x00000ac8       0x10 .\CortexM0\ARM_GCC_541\Debug\max30102_driver.o
                0x00000ac8                MAX30105_setFIFOAverage
 .text.MAX30105_enableFIFORollover
                0x00000ad8       0x10 .\CortexM0\ARM_GCC_541\Debug\max30102_driver.o
                0x00000ad8                MAX30105_enableFIFORollover
 .text.MAX30105_clearFIFO
                0x00000ae8       0x1c .\CortexM0\ARM_GCC_541\Debug\max30102_driver.o
                0x00000ae8                MAX30105_clearFIFO
 .text.MAX30105_enableSlot
                0x00000b04       0x4c .\CortexM0\ARM_GCC_541\Debug\max30102_driver.o
                0x00000b04                MAX30105_enableSlot
 .text.MAX30105_getWritePointer
                0x00000b50        0xc .\CortexM0\ARM_GCC_541\Debug\max30102_driver.o
                0x00000b50                MAX30105_getWritePointer
 .text.MAX30105_getReadPointer
                0x00000b5c        0xc .\CortexM0\ARM_GCC_541\Debug\max30102_driver.o
                0x00000b5c                MAX30105_getReadPointer
 .text.MAX30105_setup
                0x00000b68      0x1b0 .\CortexM0\ARM_GCC_541\Debug\max30102_driver.o
                0x00000b68                MAX30105_setup
 .text.MAX30105_available
                0x00000d18       0x20 .\CortexM0\ARM_GCC_541\Debug\max30102_driver.o
                0x00000d18                MAX30105_available
 .text.MAX30105_getFIFORed
                0x00000d38       0x10 .\CortexM0\ARM_GCC_541\Debug\max30102_driver.o
                0x00000d38                MAX30105_getFIFORed
 .text.MAX30105_getFIFOIR
                0x00000d48       0x14 .\CortexM0\ARM_GCC_541\Debug\max30102_driver.o
                0x00000d48                MAX30105_getFIFOIR
 .text.MAX30105_nextSample
                0x00000d5c       0x20 .\CortexM0\ARM_GCC_541\Debug\max30102_driver.o
                0x00000d5c                MAX30105_nextSample
 .text.i2c_read8
                0x00000d7c       0x24 .\CortexM0\ARM_GCC_541\Debug\max30102_driver.o
                0x00000d7c                i2c_read8
 .text.MAX30105_check
                0x00000da0      0x154 .\CortexM0\ARM_GCC_541\Debug\max30102_driver.o
                0x00000da0                MAX30105_check
 .text.MAX30105_safeCheck
                0x00000ef4       0x24 .\CortexM0\ARM_GCC_541\Debug\max30102_driver.o
                0x00000ef4                MAX30105_safeCheck
 .text.MAX30105_getIR
                0x00000f18       0x24 .\CortexM0\ARM_GCC_541\Debug\max30102_driver.o
                0x00000f18                MAX30105_getIR
 .text.maxim_peaks_above_min_height
                0x00000f3c       0x80 .\CortexM0\ARM_GCC_541\Debug\spo2_algorithm.o
                0x00000f3c                maxim_peaks_above_min_height
 .text.maxim_sort_ascend
                0x00000fbc       0x34 .\CortexM0\ARM_GCC_541\Debug\spo2_algorithm.o
                0x00000fbc                maxim_sort_ascend
 .text.maxim_sort_indices_descend
                0x00000ff0       0x40 .\CortexM0\ARM_GCC_541\Debug\spo2_algorithm.o
                0x00000ff0                maxim_sort_indices_descend
 .text.maxim_remove_close_peaks
                0x00001030       0x7c .\CortexM0\ARM_GCC_541\Debug\spo2_algorithm.o
                0x00001030                maxim_remove_close_peaks
 .text.maxim_find_peaks
                0x000010ac       0x30 .\CortexM0\ARM_GCC_541\Debug\spo2_algorithm.o
                0x000010ac                maxim_find_peaks
 .text.maxim_heart_rate_and_oxygen_saturation
                0x000010dc      0x2d8 .\CortexM0\ARM_GCC_541\Debug\spo2_algorithm.o
                0x000010dc                maxim_heart_rate_and_oxygen_saturation
 .text.cfg_write_bytes32
                0x000013b4       0x34 .\CortexM0\ARM_GCC_541\Debug\cyfitter_cfg.o
 .text.CYMEMZERO
                0x000013e8        0xc .\CortexM0\ARM_GCC_541\Debug\cyfitter_cfg.o
 .text.IntDefaultHandler
                0x000013f4       0x10 .\CortexM0\ARM_GCC_541\Debug\Cm0Start.o
                0x000013f4                IntDefaultHandler
 .text._sbrk    0x00001404       0x30 .\CortexM0\ARM_GCC_541\Debug\Cm0Start.o
                0x00001404                _sbrk
 .text.Start_c  0x00001434       0x48 .\CortexM0\ARM_GCC_541\Debug\Cm0Start.o
                0x00001434                Start_c
 .text.initialize_psoc
                0x0000147c       0x40 .\CortexM0\ARM_GCC_541\Debug\Cm0Start.o
                0x0000147c                initialize_psoc
 .text.CyIntEnable
                0x000014bc       0x14 .\CortexM0\ARM_GCC_541\Debug\FinalDesignProject.a(CyLib.o)
                0x000014bc                CyIntEnable
 .text.CyIntDisable
                0x000014d0       0x14 .\CortexM0\ARM_GCC_541\Debug\FinalDesignProject.a(CyLib.o)
                0x000014d0                CyIntDisable
 .text.CyHalt   0x000014e4        0x4 .\CortexM0\ARM_GCC_541\Debug\FinalDesignProject.a(CyLib.o)
                0x000014e4                CyHalt
 .text.CyIntSetVector
                0x000014e8       0x24 .\CortexM0\ARM_GCC_541\Debug\FinalDesignProject.a(CyLib.o)
                0x000014e8                CyIntSetVector
 .text.CyIntSetPriority
                0x0000150c       0x4c .\CortexM0\ARM_GCC_541\Debug\FinalDesignProject.a(CyLib.o)
                0x0000150c                CyIntSetPriority
 .text.CyDelay  0x00001558       0x30 .\CortexM0\ARM_GCC_541\Debug\FinalDesignProject.a(CyLib.o)
                0x00001558                CyDelay
 .text.CyDelayUs
                0x00001588       0x14 .\CortexM0\ARM_GCC_541\Debug\FinalDesignProject.a(CyLib.o)
                0x00001588                CyDelayUs
 .text.CySysClkWriteImoFreq
                0x0000159c      0x164 .\CortexM0\ARM_GCC_541\Debug\FinalDesignProject.a(CyLib.o)
                0x0000159c                CySysClkWriteImoFreq
 .text.CySysWdtLocked
                0x00001700       0x14 .\CortexM0\ARM_GCC_541\Debug\FinalDesignProject.a(CyLFClk.o)
 .text.CySysWdtLock
                0x00001714       0x1c .\CortexM0\ARM_GCC_541\Debug\FinalDesignProject.a(CyLFClk.o)
                0x00001714                CySysWdtLock
 .text.CySysWdtUnlock
                0x00001730       0x30 .\CortexM0\ARM_GCC_541\Debug\FinalDesignProject.a(CyLFClk.o)
                0x00001730                CySysWdtUnlock
 .text.CySysWdtClearInterrupt
                0x00001760       0x4c .\CortexM0\ARM_GCC_541\Debug\FinalDesignProject.a(CyLFClk.o)
                0x00001760                CySysWdtClearInterrupt
 .text.CySysWdtIsr
                0x000017ac       0xa4 .\CortexM0\ARM_GCC_541\Debug\FinalDesignProject.a(CyLFClk.o)
                0x000017ac                CySysWdtIsr
 .text.UART_ScbModePostEnable
                0x00001850        0x8 .\CortexM0\ARM_GCC_541\Debug\FinalDesignProject.a(UART.o)
 .text.UART_Init
                0x00001858        0x8 .\CortexM0\ARM_GCC_541\Debug\FinalDesignProject.a(UART.o)
                0x00001858                UART_Init
 .text.UART_Enable
                0x00001860       0x18 .\CortexM0\ARM_GCC_541\Debug\FinalDesignProject.a(UART.o)
                0x00001860                UART_Enable
 .text.UART_Start
                0x00001878       0x20 .\CortexM0\ARM_GCC_541\Debug\FinalDesignProject.a(UART.o)
                0x00001878                UART_Start
 .text.UART_UartInit
                0x00001898       0x9c .\CortexM0\ARM_GCC_541\Debug\FinalDesignProject.a(UART_UART.o)
                0x00001898                UART_UartInit
 .text.UART_UartPostEnable
                0x00001934       0x2c .\CortexM0\ARM_GCC_541\Debug\FinalDesignProject.a(UART_UART.o)
                0x00001934                UART_UartPostEnable
 .text.UART_UartPutString
                0x00001960       0x18 .\CortexM0\ARM_GCC_541\Debug\FinalDesignProject.a(UART_UART.o)
                0x00001960                UART_UartPutString
 .text.I2C_ScbEnableIntr
                0x00001978        0xc .\CortexM0\ARM_GCC_541\Debug\FinalDesignProject.a(I2C.o)
 .text.I2C_Init
                0x00001984        0x8 .\CortexM0\ARM_GCC_541\Debug\FinalDesignProject.a(I2C.o)
                0x00001984                I2C_Init
 .text.I2C_Enable
                0x0000198c       0x18 .\CortexM0\ARM_GCC_541\Debug\FinalDesignProject.a(I2C.o)
                0x0000198c                I2C_Enable
 .text.I2C_Start
                0x000019a4       0x20 .\CortexM0\ARM_GCC_541\Debug\FinalDesignProject.a(I2C.o)
                0x000019a4                I2C_Start
 .text.I2C_I2CInit
                0x000019c4       0xc4 .\CortexM0\ARM_GCC_541\Debug\FinalDesignProject.a(I2C_I2C.o)
                0x000019c4                I2C_I2CInit
 .text.I2C_I2CFwBlockReset
                0x00001a88       0x94 .\CortexM0\ARM_GCC_541\Debug\FinalDesignProject.a(I2C_I2C.o)
                0x00001a88                I2C_I2CFwBlockReset
 .text.I2C_I2CMasterWaitOneUnit
                0x00001b1c       0x28 .\CortexM0\ARM_GCC_541\Debug\FinalDesignProject.a(I2C_I2C_MASTER.o)
 .text.I2C_I2CMasterHandleStatus
                0x00001b44       0xc4 .\CortexM0\ARM_GCC_541\Debug\FinalDesignProject.a(I2C_I2C_MASTER.o)
 .text.I2C_I2CMasterSendStart
                0x00001c08       0xc4 .\CortexM0\ARM_GCC_541\Debug\FinalDesignProject.a(I2C_I2C_MASTER.o)
                0x00001c08                I2C_I2CMasterSendStart
 .text.I2C_I2CMasterSendStop
                0x00001ccc       0x58 .\CortexM0\ARM_GCC_541\Debug\FinalDesignProject.a(I2C_I2C_MASTER.o)
                0x00001ccc                I2C_I2CMasterSendStop
 .text.I2C_I2CMasterWriteByte
                0x00001d24       0x48 .\CortexM0\ARM_GCC_541\Debug\FinalDesignProject.a(I2C_I2C_MASTER.o)
                0x00001d24                I2C_I2CMasterWriteByte
 .text.I2C_I2CMasterReadByte
                0x00001d6c       0x7c .\CortexM0\ARM_GCC_541\Debug\FinalDesignProject.a(I2C_I2C_MASTER.o)
                0x00001d6c                I2C_I2CMasterReadByte
 .text.I2C_I2CMasterClearStatus
                0x00001de8       0x20 .\CortexM0\ARM_GCC_541\Debug\FinalDesignProject.a(I2C_I2C_MASTER.o)
                0x00001de8                I2C_I2CMasterClearStatus
 .text.I2C_I2CReStartGeneration
                0x00001e08       0xc4 .\CortexM0\ARM_GCC_541\Debug\FinalDesignProject.a(I2C_I2C_MASTER.o)
                0x00001e08                I2C_I2CReStartGeneration
 .text.I2C_I2CMasterSendRestart
                0x00001ecc       0x68 .\CortexM0\ARM_GCC_541\Debug\FinalDesignProject.a(I2C_I2C_MASTER.o)
                0x00001ecc                I2C_I2CMasterSendRestart
 .text.I2C_sda_Read
                0x00001f34       0x10 .\CortexM0\ARM_GCC_541\Debug\FinalDesignProject.a(I2C_sda.o)
                0x00001f34                I2C_sda_Read
 .text.I2C_scl_Write
                0x00001f44       0x18 .\CortexM0\ARM_GCC_541\Debug\FinalDesignProject.a(I2C_scl.o)
                0x00001f44                I2C_scl_Write
 .text.I2C_scl_Read
                0x00001f5c       0x10 .\CortexM0\ARM_GCC_541\Debug\FinalDesignProject.a(I2C_scl.o)
                0x00001f5c                I2C_scl_Read
 .text.LED_PWM_Stop
                0x00001f6c       0x1c .\CortexM0\ARM_GCC_541\Debug\FinalDesignProject.a(LED_PWM.o)
                0x00001f6c                LED_PWM_Stop
 .text.LED_PWM_WriteCounter
                0x00001f88       0x10 .\CortexM0\ARM_GCC_541\Debug\FinalDesignProject.a(LED_PWM.o)
                0x00001f88                LED_PWM_WriteCounter
 .text.LED_PWM_WritePeriod
                0x00001f98       0x10 .\CortexM0\ARM_GCC_541\Debug\FinalDesignProject.a(LED_PWM.o)
                0x00001f98                LED_PWM_WritePeriod
 .text.LED_PWM_WriteCompare
                0x00001fa8       0x10 .\CortexM0\ARM_GCC_541\Debug\FinalDesignProject.a(LED_PWM.o)
                0x00001fa8                LED_PWM_WriteCompare
 .text.LED_PWM_TriggerCommand
                0x00001fb8       0x1c .\CortexM0\ARM_GCC_541\Debug\FinalDesignProject.a(LED_PWM.o)
                0x00001fb8                LED_PWM_TriggerCommand
 .text.LED_PWM_Enable
                0x00001fd4       0x24 .\CortexM0\ARM_GCC_541\Debug\FinalDesignProject.a(LED_PWM.o)
                0x00001fd4                LED_PWM_Enable
 .text.LED_PWM_SetInterruptMode
                0x00001ff8        0xc .\CortexM0\ARM_GCC_541\Debug\FinalDesignProject.a(LED_PWM.o)
                0x00001ff8                LED_PWM_SetInterruptMode
 .text.LED_PWM_Init
                0x00002004       0x4c .\CortexM0\ARM_GCC_541\Debug\FinalDesignProject.a(LED_PWM.o)
                0x00002004                LED_PWM_Init
 .text.LED_PWM_Start
                0x00002050       0x20 .\CortexM0\ARM_GCC_541\Debug\FinalDesignProject.a(LED_PWM.o)
                0x00002050                LED_PWM_Start
 .text          0x00002070       0x24 .\CortexM0\ARM_GCC_541\Debug\FinalDesignProject.a(CyBootAsmGnu.o)
                0x00002070                CyDelayCycles
                0x00002084                CyEnterCriticalSection
                0x0000208c                CyExitCriticalSection
 .text.UART_SpiUartWriteTxData
                0x00002094       0x1c .\CortexM0\ARM_GCC_541\Debug\FinalDesignProject.a(UART_SPI_UART.o)
                0x00002094                UART_SpiUartWriteTxData
 .text.I2C_I2C_ISR
                0x000020b0      0x33c .\CortexM0\ARM_GCC_541\Debug\FinalDesignProject.a(I2C_I2C_INT.o)
                0x000020b0                I2C_I2C_ISR
 .text          0x000023ec      0x114 c:/program files (x86)/cypress/psoc creator/4.4/psoc creator/import/gnu/arm/5.4.1/bin/../lib/gcc/arm-none-eabi/5.4.1/armv6-m\libgcc.a(_udivsi3.o)
                0x000023ec                __aeabi_uidiv
                0x000023ec                __udivsi3
                0x000024f8                __aeabi_uidivmod
 .text          0x00002500      0x1d4 c:/program files (x86)/cypress/psoc creator/4.4/psoc creator/import/gnu/arm/5.4.1/bin/../lib/gcc/arm-none-eabi/5.4.1/armv6-m\libgcc.a(_divsi3.o)
                0x00002500                __divsi3
                0x00002500                __aeabi_idiv
                0x000026cc                __aeabi_idivmod
 .text          0x000026d4        0x4 c:/program files (x86)/cypress/psoc creator/4.4/psoc creator/import/gnu/arm/5.4.1/bin/../lib/gcc/arm-none-eabi/5.4.1/armv6-m\libgcc.a(_dvmd_tls.o)
                0x000026d4                __aeabi_idiv0
                0x000026d4                __aeabi_ldiv0
 .text.__errno  0x000026d8        0xc c:/program files (x86)/cypress/psoc creator/4.4/psoc creator/import/gnu/arm/5.4.1/bin/../lib/gcc/arm-none-eabi/5.4.1/../../../../arm-none-eabi/lib/armv6-m\libg_nano.a(lib_a-errno.o)
                0x000026d8                __errno
 .text.__libc_init_array
                0x000026e4       0x4c c:/program files (x86)/cypress/psoc creator/4.4/psoc creator/import/gnu/arm/5.4.1/bin/../lib/gcc/arm-none-eabi/5.4.1/../../../../arm-none-eabi/lib/armv6-m\libg_nano.a(lib_a-init.o)
                0x000026e4                __libc_init_array
 .text.memset   0x00002730       0x10 c:/program files (x86)/cypress/psoc creator/4.4/psoc creator/import/gnu/arm/5.4.1/bin/../lib/gcc/arm-none-eabi/5.4.1/../../../../arm-none-eabi/lib/armv6-m\libg_nano.a(lib_a-memset.o)
                0x00002730                memset
 .text.snprintf
                0x00002740       0x64 c:/program files (x86)/cypress/psoc creator/4.4/psoc creator/import/gnu/arm/5.4.1/bin/../lib/gcc/arm-none-eabi/5.4.1/../../../../arm-none-eabi/lib/armv6-m\libg_nano.a(lib_a-snprintf.o)
                0x00002740                sniprintf
                0x00002740                snprintf
 .text.__ssputs_r
                0x000027a4       0xc4 c:/program files (x86)/cypress/psoc creator/4.4/psoc creator/import/gnu/arm/5.4.1/bin/../lib/gcc/arm-none-eabi/5.4.1/../../../../arm-none-eabi/lib/armv6-m\libg_nano.a(lib_a-nano-svfprintf.o)
                0x000027a4                __ssputs_r
 .text._svfprintf_r
                0x00002868      0x1fc c:/program files (x86)/cypress/psoc creator/4.4/psoc creator/import/gnu/arm/5.4.1/bin/../lib/gcc/arm-none-eabi/5.4.1/../../../../arm-none-eabi/lib/armv6-m\libg_nano.a(lib_a-nano-svfprintf.o)
                0x00002868                _svfiprintf_r
                0x00002868                _svfprintf_r
 .text._printf_common
                0x00002a64       0xdc c:/program files (x86)/cypress/psoc creator/4.4/psoc creator/import/gnu/arm/5.4.1/bin/../lib/gcc/arm-none-eabi/5.4.1/../../../../arm-none-eabi/lib/armv6-m\libg_nano.a(lib_a-nano-vfprintf_i.o)
                0x00002a64                _printf_common
 .text._printf_i
                0x00002b40      0x244 c:/program files (x86)/cypress/psoc creator/4.4/psoc creator/import/gnu/arm/5.4.1/bin/../lib/gcc/arm-none-eabi/5.4.1/../../../../arm-none-eabi/lib/armv6-m\libg_nano.a(lib_a-nano-vfprintf_i.o)
                0x00002b40                _printf_i
 .text.memchr   0x00002d84       0x16 c:/program files (x86)/cypress/psoc creator/4.4/psoc creator/import/gnu/arm/5.4.1/bin/../lib/gcc/arm-none-eabi/5.4.1/../../../../arm-none-eabi/lib/armv6-m\libg_nano.a(lib_a-memchr-stub.o)
                0x00002d84                memchr
 .text.memcpy   0x00002d9a       0x12 c:/program files (x86)/cypress/psoc creator/4.4/psoc creator/import/gnu/arm/5.4.1/bin/../lib/gcc/arm-none-eabi/5.4.1/../../../../arm-none-eabi/lib/armv6-m\libg_nano.a(lib_a-memcpy-stub.o)
                0x00002d9a                memcpy
 .text.memmove  0x00002dac       0x2a c:/program files (x86)/cypress/psoc creator/4.4/psoc creator/import/gnu/arm/5.4.1/bin/../lib/gcc/arm-none-eabi/5.4.1/../../../../arm-none-eabi/lib/armv6-m\libg_nano.a(lib_a-memmove.o)
                0x00002dac                memmove
 *fill*         0x00002dd6        0x2 
 .text._free_r  0x00002dd8       0x98 c:/program files (x86)/cypress/psoc creator/4.4/psoc creator/import/gnu/arm/5.4.1/bin/../lib/gcc/arm-none-eabi/5.4.1/../../../../arm-none-eabi/lib/armv6-m\libg_nano.a(lib_a-nano-freer.o)
                0x00002dd8                _free_r
 .text._malloc_r
                0x00002e70       0xc0 c:/program files (x86)/cypress/psoc creator/4.4/psoc creator/import/gnu/arm/5.4.1/bin/../lib/gcc/arm-none-eabi/5.4.1/../../../../arm-none-eabi/lib/armv6-m\libg_nano.a(lib_a-nano-mallocr.o)
                0x00002e70                _malloc_r
 .text._realloc_r
                0x00002f30       0x4c c:/program files (x86)/cypress/psoc creator/4.4/psoc creator/import/gnu/arm/5.4.1/bin/../lib/gcc/arm-none-eabi/5.4.1/../../../../arm-none-eabi/lib/armv6-m\libg_nano.a(lib_a-nano-reallocr.o)
                0x00002f30                _realloc_r
 .text._sbrk_r  0x00002f7c       0x24 c:/program files (x86)/cypress/psoc creator/4.4/psoc creator/import/gnu/arm/5.4.1/bin/../lib/gcc/arm-none-eabi/5.4.1/../../../../arm-none-eabi/lib/armv6-m\libg_nano.a(lib_a-sbrkr.o)
                0x00002f7c                _sbrk_r
 .text.__malloc_lock
                0x00002fa0        0x2 c:/program files (x86)/cypress/psoc creator/4.4/psoc creator/import/gnu/arm/5.4.1/bin/../lib/gcc/arm-none-eabi/5.4.1/../../../../arm-none-eabi/lib/armv6-m\libg_nano.a(lib_a-mlock.o)
                0x00002fa0                __malloc_lock
 .text.__malloc_unlock
                0x00002fa2        0x2 c:/program files (x86)/cypress/psoc creator/4.4/psoc creator/import/gnu/arm/5.4.1/bin/../lib/gcc/arm-none-eabi/5.4.1/../../../../arm-none-eabi/lib/armv6-m\libg_nano.a(lib_a-mlock.o)
                0x00002fa2                __malloc_unlock
 .text._malloc_usable_size_r
                0x00002fa4       0x16 c:/program files (x86)/cypress/psoc creator/4.4/psoc creator/import/gnu/arm/5.4.1/bin/../lib/gcc/arm-none-eabi/5.4.1/../../../../arm-none-eabi/lib/armv6-m\libg_nano.a(lib_a-nano-msizer.o)
                0x00002fa4                _malloc_usable_size_r
 *(.plt)
 *(.gnu.warning)
 *(.glue_7t)
 .glue_7t       0x00002fba        0x0 linker stubs
 *(.glue_7)
 .glue_7        0x00002fba        0x0 linker stubs
 *(.vfp11_veneer)
 .vfp11_veneer  0x00002fba        0x0 linker stubs
 *(.bootloader)
 *(.ARM.extab* .gnu.linkonce.armextab.*)
 *(.gcc_except_table)

.v4_bx          0x00002fbc        0x0
 .v4_bx         0x00002fbc        0x0 linker stubs

.iplt           0x00002fbc        0x0
 .iplt          0x00002fbc        0x0 c:/program files (x86)/cypress/psoc creator/4.4/psoc creator/import/gnu/arm/5.4.1/bin/../lib/gcc/arm-none-eabi/5.4.1/armv6-m/crtbegin.o

.eh_frame_hdr
 *(.eh_frame_hdr)

.eh_frame       0x00002fbc        0x4
 *(.eh_frame)
 .eh_frame      0x00002fbc        0x0 c:/program files (x86)/cypress/psoc creator/4.4/psoc creator/import/gnu/arm/5.4.1/bin/../lib/gcc/arm-none-eabi/5.4.1/armv6-m/crtbegin.o
 .eh_frame      0x00002fbc        0x4 c:/program files (x86)/cypress/psoc creator/4.4/psoc creator/import/gnu/arm/5.4.1/bin/../lib/gcc/arm-none-eabi/5.4.1/armv6-m/crtend.o
                [!provide]                PROVIDE (__exidx_start, .)

.ARM.exidx
 *(.ARM.exidx* .gnu.linkonce.armexidx.*)
                0x00002fc0                __exidx_end = .

.rodata         0x00002fc0      0x698
 *(.rodata .rodata.* .gnu.linkonce.r.*)
 .rodata.str1.4
                0x00002fc0      0x1d1 .\CortexM0\ARM_GCC_541\Debug\main.o
 *fill*         0x00003191        0x3 
 .rodata        0x00003194      0x2e2 .\CortexM0\ARM_GCC_541\Debug\ssd1306_driver.o
                0x000032c0                font
 *fill*         0x00003476        0x2 
 .rodata.str1.4
                0x00003478       0x48 .\CortexM0\ARM_GCC_541\Debug\ssd1306_driver.o
 .rodata        0x000034c0       0xb8 .\CortexM0\ARM_GCC_541\Debug\spo2_algorithm.o
                0x000034c0                uch_spo2_table
 .rodata        0x00003578       0x48 .\CortexM0\ARM_GCC_541\Debug\cyfitter_cfg.o
 .rodata        0x000035c0       0x2e .\CortexM0\ARM_GCC_541\Debug\FinalDesignProject.a(CyLib.o)
                0x000035c0                cyImoFreqMhz2Reg
 .rodata.str1.1
                0x000035ee        0x2 c:/program files (x86)/cypress/psoc creator/4.4/psoc creator/import/gnu/arm/5.4.1/bin/../lib/gcc/arm-none-eabi/5.4.1/../../../../arm-none-eabi/lib/armv6-m\libg_nano.a(lib_a-impure.o)
 .rodata.str1.1
                0x000035f0       0x11 c:/program files (x86)/cypress/psoc creator/4.4/psoc creator/import/gnu/arm/5.4.1/bin/../lib/gcc/arm-none-eabi/5.4.1/../../../../arm-none-eabi/lib/armv6-m\libg_nano.a(lib_a-nano-svfprintf.o)
 .rodata.str1.1
                0x00003601       0x22 c:/program files (x86)/cypress/psoc creator/4.4/psoc creator/import/gnu/arm/5.4.1/bin/../lib/gcc/arm-none-eabi/5.4.1/../../../../arm-none-eabi/lib/armv6-m\libg_nano.a(lib_a-nano-vfprintf_i.o)
                0x00003624                . = ALIGN (0x4)
 *fill*         0x00003623        0x1 
 *(.init)
 .init          0x00003624        0x4 c:/program files (x86)/cypress/psoc creator/4.4/psoc creator/import/gnu/arm/5.4.1/bin/../lib/gcc/arm-none-eabi/5.4.1/armv6-m/crti.o
                0x00003624                _init
 .init          0x00003628        0x8 c:/program files (x86)/cypress/psoc creator/4.4/psoc creator/import/gnu/arm/5.4.1/bin/../lib/gcc/arm-none-eabi/5.4.1/armv6-m/crtn.o
                0x00003630                . = ALIGN (0x4)
                0x00003630                __preinit_array_start = .
 *(.preinit_array)
                0x00003630                __preinit_array_end = .
                0x00003630                . = ALIGN (0x4)
                0x00003630                __init_array_start = .
 *(SORT(.init_array.*))
 *(.init_array)
 .init_array    0x00003630        0x4 c:/program files (x86)/cypress/psoc creator/4.4/psoc creator/import/gnu/arm/5.4.1/bin/../lib/gcc/arm-none-eabi/5.4.1/armv6-m/crtbegin.o
 .init_array    0x00003634        0x4 .\CortexM0\ARM_GCC_541\Debug\Cm0Start.o
                0x00003638                __init_array_end = .
                0x00003638                . = ALIGN (0x4)
 *(.fini)
 .fini          0x00003638        0x4 c:/program files (x86)/cypress/psoc creator/4.4/psoc creator/import/gnu/arm/5.4.1/bin/../lib/gcc/arm-none-eabi/5.4.1/armv6-m/crti.o
                0x00003638                _fini
 .fini          0x0000363c        0x8 c:/program files (x86)/cypress/psoc creator/4.4/psoc creator/import/gnu/arm/5.4.1/bin/../lib/gcc/arm-none-eabi/5.4.1/armv6-m/crtn.o
                0x00003644                . = ALIGN (0x4)
                0x00003644                __fini_array_start = .
 *(.fini_array)
 .fini_array    0x00003644        0x4 c:/program files (x86)/cypress/psoc creator/4.4/psoc creator/import/gnu/arm/5.4.1/bin/../lib/gcc/arm-none-eabi/5.4.1/armv6-m/crtbegin.o
 *(SORT(.fini_array.*))
                0x00003648                __fini_array_end = .
                0x00003648                . = ALIGN (0x4)
 *crtbegin.o(.ctors)
 *(EXCLUDE_FILE(*crtend.o) .ctors)
 *(SORT(.ctors.*))
 *crtend.o(.ctors)
                0x00003648                . = ALIGN (0x4)
 *crtbegin.o(.dtors)
 *(EXCLUDE_FILE(*crtend.o) .dtors)
 *(SORT(.dtors.*))
 *crtend.o(.dtors)
                0x00003648                . = ALIGN (0x4)
                0x00003648                __cy_regions = .
                0x00003648        0x4 LONG 0x3658 __cy_region_init_ram
                0x0000364c        0x4 LONG 0x200000c0 __cy_region_start_data
                0x00003650        0x4 LONG 0x88 __cy_region_init_size_ram
                0x00003654        0x4 LONG 0x988 __cy_region_zero_size_ram
                0x00003658                __cy_regions_end = .
                0x00003658                . = ALIGN (0x8)
                0x00003658                _etext = .

.cy_checksum_exclude
                0x00003658        0x0
 *(.cy_checksum_exclude)

.ramvectors     0x20000000       0xc0
                0x20000000                __cy_region_start_ram = .
 *(.ramvectors)
 .ramvectors    0x20000000       0xc0 .\CortexM0\ARM_GCC_541\Debug\Cm0Start.o
                0x20000000                CyRamVectors

.noinit
 *(.noinit)

.data           0x200000c0       0x88 load address 0x00003658
                0x200000c0                __cy_region_start_data = .
 *(.jcr)
 .jcr           0x200000c0        0x0 c:/program files (x86)/cypress/psoc creator/4.4/psoc creator/import/gnu/arm/5.4.1/bin/../lib/gcc/arm-none-eabi/5.4.1/armv6-m/crtbegin.o
 .jcr           0x200000c0        0x4 c:/program files (x86)/cypress/psoc creator/4.4/psoc creator/import/gnu/arm/5.4.1/bin/../lib/gcc/arm-none-eabi/5.4.1/armv6-m/crtend.o
 *(.got.plt)
 *(.got)
 *(.shdata)
 *(.data .data.* .gnu.linkonce.d.*)
 .data          0x200000c4        0x1 .\CortexM0\ARM_GCC_541\Debug\max30102_driver.o
                0x200000c4                activeLEDs
 *fill*         0x200000c5        0x3 
 .data          0x200000c8        0x4 .\CortexM0\ARM_GCC_541\Debug\Cm0Start.o
 .data          0x200000cc       0x14 .\CortexM0\ARM_GCC_541\Debug\FinalDesignProject.a(CyLib.o)
                0x200000cc                CySysClkPumpConfig
                0x200000d0                cydelay32kMs
                0x200000d4                cydelayFreqKhz
                0x200000d8                cydelayFreqMhz
                0x200000dc                cydelayFreqHz
 .data          0x200000e0        0x4 .\CortexM0\ARM_GCC_541\Debug\FinalDesignProject.a(CyLFClk.o)
 .data.impure_data
                0x200000e4       0x60 c:/program files (x86)/cypress/psoc creator/4.4/psoc creator/import/gnu/arm/5.4.1/bin/../lib/gcc/arm-none-eabi/5.4.1/../../../../arm-none-eabi/lib/armv6-m\libg_nano.a(lib_a-impure.o)
 .data._impure_ptr
                0x20000144        0x4 c:/program files (x86)/cypress/psoc creator/4.4/psoc creator/import/gnu/arm/5.4.1/bin/../lib/gcc/arm-none-eabi/5.4.1/../../../../arm-none-eabi/lib/armv6-m\libg_nano.a(lib_a-impure.o)
                0x20000144                _impure_ptr
                0x20000148                . = ALIGN (0x8)
 *(.ram)
                0x20000148                _edata = .

.igot.plt       0x20000148        0x0 load address 0x000036e0
 .igot.plt      0x20000148        0x0 c:/program files (x86)/cypress/psoc creator/4.4/psoc creator/import/gnu/arm/5.4.1/bin/../lib/gcc/arm-none-eabi/5.4.1/armv6-m/crtbegin.o

.bss            0x20000148      0x988 load address 0x000036e0
                0x20000148                PROVIDE (__bss_start__, .)
 *(.shbss)
 *(.bss .bss.* .gnu.linkonce.b.*)
 .bss           0x20000148       0x1c c:/program files (x86)/cypress/psoc creator/4.4/psoc creator/import/gnu/arm/5.4.1/bin/../lib/gcc/arm-none-eabi/5.4.1/armv6-m/crtbegin.o
 .bss           0x20000164       0x2c .\CortexM0\ARM_GCC_541\Debug\main.o
                0x20000164                spo2
                0x20000168                hrValid
                0x2000016c                heartRate
                0x20000170                spo2Valid
                0x20000171                historyIndex
                0x20000174                hrHistory
                0x20000180                historyCount
                0x20000184                spo2History
 .bss           0x20000190        0x1 .\CortexM0\ARM_GCC_541\Debug\max30102_driver.o
                0x20000190                revisionID
 *fill*         0x20000191        0x3 
 .bss           0x20000194       0x20 .\CortexM0\ARM_GCC_541\Debug\FinalDesignProject.a(CyLFClk.o)
 .bss           0x200001b4        0x4 .\CortexM0\ARM_GCC_541\Debug\FinalDesignProject.a(UART.o)
                0x200001b4                UART_initVar
                0x200001b6                UART_IntrTxMask
 .bss           0x200001b8        0x8 .\CortexM0\ARM_GCC_541\Debug\FinalDesignProject.a(I2C.o)
                0x200001b8                I2C_initVar
                0x200001bc                I2C_customIntrHandler
 .bss           0x200001c0        0x1 .\CortexM0\ARM_GCC_541\Debug\FinalDesignProject.a(LED_PWM.o)
                0x200001c0                LED_PWM_initVar
 *fill*         0x200001c1        0x3 
 .bss.__malloc_sbrk_start
                0x200001c4        0x4 c:/program files (x86)/cypress/psoc creator/4.4/psoc creator/import/gnu/arm/5.4.1/bin/../lib/gcc/arm-none-eabi/5.4.1/../../../../arm-none-eabi/lib/armv6-m\libg_nano.a(lib_a-nano-mallocr.o)
                0x200001c4                __malloc_sbrk_start
 .bss.__malloc_free_list
                0x200001c8        0x4 c:/program files (x86)/cypress/psoc creator/4.4/psoc creator/import/gnu/arm/5.4.1/bin/../lib/gcc/arm-none-eabi/5.4.1/../../../../arm-none-eabi/lib/armv6-m\libg_nano.a(lib_a-nano-mallocr.o)
                0x200001c8                __malloc_free_list
 *(COMMON)
 COMMON         0x200001cc      0x384 .\CortexM0\ARM_GCC_541\Debug\main.o
                0x200001cc                stringBuffer
                0x20000230                irBuffer
                0x200003c0                redBuffer
 COMMON         0x20000550      0x200 .\CortexM0\ARM_GCC_541\Debug\ssd1306_driver.o
                0x20000550                buffer
 COMMON         0x20000750       0x34 .\CortexM0\ARM_GCC_541\Debug\max30102_driver.o
                0x20000750                sense
 COMMON         0x20000784      0x320 .\CortexM0\ARM_GCC_541\Debug\spo2_algorithm.o
                0x20000784                an_x
                0x20000914                an_y
 COMMON         0x20000aa4        0x1 .\CortexM0\ARM_GCC_541\Debug\FinalDesignProject.a(I2C_I2C.o)
                0x20000aa4                I2C_state
 *fill*         0x20000aa5        0x3 
 COMMON         0x20000aa8       0x24 .\CortexM0\ARM_GCC_541\Debug\FinalDesignProject.a(I2C_I2C_MASTER.o)
                0x20000aa8                I2C_mstrWrBufIndexTmp
                0x20000aac                I2C_mstrWrBufIndex
                0x20000ab0                I2C_mstrWrBufSize
                0x20000ab4                I2C_mstrStatus
                0x20000ab8                I2C_mstrRdBufPtr
                0x20000abc                I2C_mstrControl
                0x20000ac0                I2C_mstrRdBufSize
                0x20000ac4                I2C_mstrRdBufIndex
                0x20000ac8                I2C_mstrWrBufPtr
 COMMON         0x20000acc        0x4 c:/program files (x86)/cypress/psoc creator/4.4/psoc creator/import/gnu/arm/5.4.1/bin/../lib/gcc/arm-none-eabi/5.4.1/../../../../arm-none-eabi/lib/armv6-m\libg_nano.a(lib_a-reent.o)
                0x20000acc                errno
                0x20000ad0                . = ALIGN (0x8)
 *(.ram.b)
                0x20000ad0                _end = .
                0x20000ad0                __end = .
                0x20000ad0                PROVIDE (end, .)
                0x20000ad0                PROVIDE (__bss_end__, .)
                0x00003658                __cy_region_init_ram = LOADADDR (.data)
                0x00000088                __cy_region_init_size_ram = (_edata - ADDR (.data))
                0x00000988                __cy_region_zero_size_ram = (_end - _edata)

.heap           0x20000ad0       0x80 load address 0x000036e0
                0x20000ad0                . = _end
                0x20000b50                . = (. + 0x80)
 *fill*         0x20000ad0       0x80 
                0x20000b50                __cy_heap_limit = .

.stack          0x20000c00      0x400
                0x20000c00                __cy_stack_limit = .
                0x20001000                . = (. + 0x400)
 *fill*         0x20000c00      0x400 
                0x00000001                ASSERT ((__cy_stack_limit >= __cy_heap_limit), region RAM overflowed with stack)
                0x00000000                cy_checksum_exclude_size = (CY_APPL_LOADABLE == 0x1)?SIZEOF (.cy_checksum_exclude):0x0
                0x00000001                ASSERT ((cy_checksum_exclude_size <= CY_CHECKSUM_EXCLUDE_SIZE), CY_BOOT: Section .cy_checksum_exclude size exceedes specified limit.)
                0x00007fc0                cyloadermeta_start = (cy_project_type_bootloader || cy_project_type_app_for_stack_and_copier)?(LENGTH (rom) - CY_METADATA_SIZE):0xf0000000

.cyloadermeta
 *(.cyloadermeta)
                0x00007fc0                cyloadablemeta_start = cy_project_type_app_for_stack_and_copier?((LENGTH (rom) - CY_FLASH_ROW_SIZE) - CY_METADATA_SIZE):((LENGTH (rom) - (CY_FLASH_ROW_SIZE * (CY_APPL_NUM - 0x1))) - CY_METADATA_SIZE)

.cyloadablemeta
 *(.cyloadablemeta)

.cyflashprotect
                0x90400000       0x20
 *(.cyflashprotect)
 .cyflashprotect
                0x90400000       0x20 .\CortexM0\ARM_GCC_541\Debug\cymetadata.o
                0x90400000                cy_meta_flashprotect

.cymeta         0x90500000        0xc
 *(.cymeta)
 .cymeta        0x90500000        0xc .\CortexM0\ARM_GCC_541\Debug\cymetadata.o
                0x90500000                cy_metadata

.cychipprotect  0x90600000        0x1
 *(.cychipprotect)
 .cychipprotect
                0x90600000        0x1 .\CortexM0\ARM_GCC_541\Debug\cymetadata.o
                0x90600000                cy_meta_chipprotect

.rel.dyn        0x000036e0        0x0 load address 0x90600004
 .rel.iplt      0x000036e0        0x0 c:/program files (x86)/cypress/psoc creator/4.4/psoc creator/import/gnu/arm/5.4.1/bin/../lib/gcc/arm-none-eabi/5.4.1/armv6-m/crtbegin.o

.stab
 *(.stab)

.stabstr
 *(.stabstr)

.debug
 *(.debug)

.line
 *(.line)

.debug_srcinfo
 *(.debug_srcinfo)

.debug_sfnames
 *(.debug_sfnames)

.debug_aranges  0x00000000      0xa38
 *(.debug_aranges)
 .debug_aranges
                0x00000000       0x20 .\CortexM0\ARM_GCC_541\Debug\main.o
 .debug_aranges
                0x00000020       0x88 .\CortexM0\ARM_GCC_541\Debug\ssd1306_driver.o
 .debug_aranges
                0x000000a8      0x140 .\CortexM0\ARM_GCC_541\Debug\max30102_driver.o
 .debug_aranges
                0x000001e8       0x38 .\CortexM0\ARM_GCC_541\Debug\heartrate.o
 .debug_aranges
                0x00000220       0x48 .\CortexM0\ARM_GCC_541\Debug\spo2_algorithm.o
 .debug_aranges
                0x00000268       0x38 .\CortexM0\ARM_GCC_541\Debug\cyfitter_cfg.o
 .debug_aranges
                0x000002a0       0x18 .\CortexM0\ARM_GCC_541\Debug\cymetadata.o
 .debug_aranges
                0x000002b8       0x48 .\CortexM0\ARM_GCC_541\Debug\Cm0Start.o
 .debug_aranges
                0x00000300      0x180 .\CortexM0\ARM_GCC_541\Debug\FinalDesignProject.a(CyLib.o)
 .debug_aranges
                0x00000480      0x138 .\CortexM0\ARM_GCC_541\Debug\FinalDesignProject.a(CyLFClk.o)
 .debug_aranges
                0x000005b8       0x60 .\CortexM0\ARM_GCC_541\Debug\FinalDesignProject.a(UART.o)
 .debug_aranges
                0x00000618       0x68 .\CortexM0\ARM_GCC_541\Debug\FinalDesignProject.a(UART_UART.o)
 .debug_aranges
                0x00000680       0x68 .\CortexM0\ARM_GCC_541\Debug\FinalDesignProject.a(I2C.o)
 .debug_aranges
                0x000006e8       0x30 .\CortexM0\ARM_GCC_541\Debug\FinalDesignProject.a(I2C_I2C.o)
 .debug_aranges
                0x00000718       0x98 .\CortexM0\ARM_GCC_541\Debug\FinalDesignProject.a(I2C_I2C_MASTER.o)
 .debug_aranges
                0x000007b0       0x48 .\CortexM0\ARM_GCC_541\Debug\FinalDesignProject.a(I2C_sda.o)
 .debug_aranges
                0x000007f8       0x48 .\CortexM0\ARM_GCC_541\Debug\FinalDesignProject.a(I2C_scl.o)
 .debug_aranges
                0x00000840      0x158 .\CortexM0\ARM_GCC_541\Debug\FinalDesignProject.a(LED_PWM.o)
 .debug_aranges
                0x00000998       0x20 .\CortexM0\ARM_GCC_541\Debug\FinalDesignProject.a(CyBootAsmGnu.o)
 .debug_aranges
                0x000009b8       0x60 .\CortexM0\ARM_GCC_541\Debug\FinalDesignProject.a(UART_SPI_UART.o)
 .debug_aranges
                0x00000a18       0x20 .\CortexM0\ARM_GCC_541\Debug\FinalDesignProject.a(I2C_I2C_INT.o)

.debug_pubnames
 *(.debug_pubnames)

.debug_info     0x00000000     0x6fe1
 *(.debug_info .gnu.linkonce.wi.*)
 .debug_info    0x00000000      0x979 .\CortexM0\ARM_GCC_541\Debug\main.o
 .debug_info    0x00000979      0x98c .\CortexM0\ARM_GCC_541\Debug\ssd1306_driver.o
 .debug_info    0x00001305      0xfb9 .\CortexM0\ARM_GCC_541\Debug\max30102_driver.o
 .debug_info    0x000022be      0x338 .\CortexM0\ARM_GCC_541\Debug\heartrate.o
 .debug_info    0x000025f6      0x64f .\CortexM0\ARM_GCC_541\Debug\spo2_algorithm.o
 .debug_info    0x00002c45      0x3a0 .\CortexM0\ARM_GCC_541\Debug\cyfitter_cfg.o
 .debug_info    0x00002fe5       0xf8 .\CortexM0\ARM_GCC_541\Debug\cymetadata.o
 .debug_info    0x000030dd      0x3a2 .\CortexM0\ARM_GCC_541\Debug\Cm0Start.o
 .debug_info    0x0000347f      0xaed .\CortexM0\ARM_GCC_541\Debug\FinalDesignProject.a(CyLib.o)
 .debug_info    0x00003f6c      0xcfe .\CortexM0\ARM_GCC_541\Debug\FinalDesignProject.a(CyLFClk.o)
 .debug_info    0x00004c6a      0x24c .\CortexM0\ARM_GCC_541\Debug\FinalDesignProject.a(UART.o)
 .debug_info    0x00004eb6      0x310 .\CortexM0\ARM_GCC_541\Debug\FinalDesignProject.a(UART_UART.o)
 .debug_info    0x000051c6      0x2aa .\CortexM0\ARM_GCC_541\Debug\FinalDesignProject.a(I2C.o)
 .debug_info    0x00005470      0x195 .\CortexM0\ARM_GCC_541\Debug\FinalDesignProject.a(I2C_I2C.o)
 .debug_info    0x00005605      0x91d .\CortexM0\ARM_GCC_541\Debug\FinalDesignProject.a(I2C_I2C_MASTER.o)
 .debug_info    0x00005f22      0x19d .\CortexM0\ARM_GCC_541\Debug\FinalDesignProject.a(I2C_sda.o)
 .debug_info    0x000060bf      0x19b .\CortexM0\ARM_GCC_541\Debug\FinalDesignProject.a(I2C_scl.o)
 .debug_info    0x0000625a      0x909 .\CortexM0\ARM_GCC_541\Debug\FinalDesignProject.a(LED_PWM.o)
 .debug_info    0x00006b63       0xb6 .\CortexM0\ARM_GCC_541\Debug\FinalDesignProject.a(CyBootAsmGnu.o)
 .debug_info    0x00006c19      0x220 .\CortexM0\ARM_GCC_541\Debug\FinalDesignProject.a(UART_SPI_UART.o)
 .debug_info    0x00006e39      0x1a8 .\CortexM0\ARM_GCC_541\Debug\FinalDesignProject.a(I2C_I2C_INT.o)

.debug_abbrev   0x00000000     0x19a1
 *(.debug_abbrev)
 .debug_abbrev  0x00000000      0x118 .\CortexM0\ARM_GCC_541\Debug\main.o
 .debug_abbrev  0x00000118      0x1d0 .\CortexM0\ARM_GCC_541\Debug\ssd1306_driver.o
 .debug_abbrev  0x000002e8      0x222 .\CortexM0\ARM_GCC_541\Debug\max30102_driver.o
 .debug_abbrev  0x0000050a      0x11a .\CortexM0\ARM_GCC_541\Debug\heartrate.o
 .debug_abbrev  0x00000624      0x163 .\CortexM0\ARM_GCC_541\Debug\spo2_algorithm.o
 .debug_abbrev  0x00000787      0x199 .\CortexM0\ARM_GCC_541\Debug\cyfitter_cfg.o
 .debug_abbrev  0x00000920       0x5d .\CortexM0\ARM_GCC_541\Debug\cymetadata.o
 .debug_abbrev  0x0000097d      0x1d7 .\CortexM0\ARM_GCC_541\Debug\Cm0Start.o
 .debug_abbrev  0x00000b54      0x1d3 .\CortexM0\ARM_GCC_541\Debug\FinalDesignProject.a(CyLib.o)
 .debug_abbrev  0x00000d27      0x210 .\CortexM0\ARM_GCC_541\Debug\FinalDesignProject.a(CyLFClk.o)
 .debug_abbrev  0x00000f37       0xed .\CortexM0\ARM_GCC_541\Debug\FinalDesignProject.a(UART.o)
 .debug_abbrev  0x00001024      0x123 .\CortexM0\ARM_GCC_541\Debug\FinalDesignProject.a(UART_UART.o)
 .debug_abbrev  0x00001147      0x130 .\CortexM0\ARM_GCC_541\Debug\FinalDesignProject.a(I2C.o)
 .debug_abbrev  0x00001277       0xc7 .\CortexM0\ARM_GCC_541\Debug\FinalDesignProject.a(I2C_I2C.o)
 .debug_abbrev  0x0000133e      0x1b3 .\CortexM0\ARM_GCC_541\Debug\FinalDesignProject.a(I2C_I2C_MASTER.o)
 .debug_abbrev  0x000014f1       0xc8 .\CortexM0\ARM_GCC_541\Debug\FinalDesignProject.a(I2C_sda.o)
 .debug_abbrev  0x000015b9       0xc8 .\CortexM0\ARM_GCC_541\Debug\FinalDesignProject.a(I2C_scl.o)
 .debug_abbrev  0x00001681      0x119 .\CortexM0\ARM_GCC_541\Debug\FinalDesignProject.a(LED_PWM.o)
 .debug_abbrev  0x0000179a       0x14 .\CortexM0\ARM_GCC_541\Debug\FinalDesignProject.a(CyBootAsmGnu.o)
 .debug_abbrev  0x000017ae      0x14f .\CortexM0\ARM_GCC_541\Debug\FinalDesignProject.a(UART_SPI_UART.o)
 .debug_abbrev  0x000018fd       0xa4 .\CortexM0\ARM_GCC_541\Debug\FinalDesignProject.a(I2C_I2C_INT.o)

.debug_line     0x00000000     0x2f03
 *(.debug_line)
 .debug_line    0x00000000      0x354 .\CortexM0\ARM_GCC_541\Debug\main.o
 .debug_line    0x00000354      0x3aa .\CortexM0\ARM_GCC_541\Debug\ssd1306_driver.o
 .debug_line    0x000006fe      0x5c7 .\CortexM0\ARM_GCC_541\Debug\max30102_driver.o
 .debug_line    0x00000cc5      0x1bb .\CortexM0\ARM_GCC_541\Debug\heartrate.o
 .debug_line    0x00000e80      0x328 .\CortexM0\ARM_GCC_541\Debug\spo2_algorithm.o
 .debug_line    0x000011a8      0x16d .\CortexM0\ARM_GCC_541\Debug\cyfitter_cfg.o
 .debug_line    0x00001315      0x141 .\CortexM0\ARM_GCC_541\Debug\cymetadata.o
 .debug_line    0x00001456      0x235 .\CortexM0\ARM_GCC_541\Debug\Cm0Start.o
 .debug_line    0x0000168b      0x460 .\CortexM0\ARM_GCC_541\Debug\FinalDesignProject.a(CyLib.o)
 .debug_line    0x00001aeb      0x466 .\CortexM0\ARM_GCC_541\Debug\FinalDesignProject.a(CyLFClk.o)
 .debug_line    0x00001f51      0x127 .\CortexM0\ARM_GCC_541\Debug\FinalDesignProject.a(UART.o)
 .debug_line    0x00002078      0x16d .\CortexM0\ARM_GCC_541\Debug\FinalDesignProject.a(UART_UART.o)
 .debug_line    0x000021e5      0x143 .\CortexM0\ARM_GCC_541\Debug\FinalDesignProject.a(I2C.o)
 .debug_line    0x00002328       0xc3 .\CortexM0\ARM_GCC_541\Debug\FinalDesignProject.a(I2C_I2C.o)
 .debug_line    0x000023eb      0x339 .\CortexM0\ARM_GCC_541\Debug\FinalDesignProject.a(I2C_I2C_MASTER.o)
 .debug_line    0x00002724       0xbf .\CortexM0\ARM_GCC_541\Debug\FinalDesignProject.a(I2C_sda.o)
 .debug_line    0x000027e3       0xbe .\CortexM0\ARM_GCC_541\Debug\FinalDesignProject.a(I2C_scl.o)
 .debug_line    0x000028a1      0x380 .\CortexM0\ARM_GCC_541\Debug\FinalDesignProject.a(LED_PWM.o)
 .debug_line    0x00002c21       0x69 .\CortexM0\ARM_GCC_541\Debug\FinalDesignProject.a(CyBootAsmGnu.o)
 .debug_line    0x00002c8a      0x11a .\CortexM0\ARM_GCC_541\Debug\FinalDesignProject.a(UART_SPI_UART.o)
 .debug_line    0x00002da4      0x15f .\CortexM0\ARM_GCC_541\Debug\FinalDesignProject.a(I2C_I2C_INT.o)

.debug_frame    0x00000000     0x1f3c
 *(.debug_frame)
 .debug_frame   0x00000000       0x48 .\CortexM0\ARM_GCC_541\Debug\main.o
 .debug_frame   0x00000048      0x1b4 .\CortexM0\ARM_GCC_541\Debug\ssd1306_driver.o
 .debug_frame   0x000001fc      0x40c .\CortexM0\ARM_GCC_541\Debug\max30102_driver.o
 .debug_frame   0x00000608       0x80 .\CortexM0\ARM_GCC_541\Debug\heartrate.o
 .debug_frame   0x00000688      0x10c .\CortexM0\ARM_GCC_541\Debug\spo2_algorithm.o
 .debug_frame   0x00000794       0x8c .\CortexM0\ARM_GCC_541\Debug\cyfitter_cfg.o
 .debug_frame   0x00000820       0xbc .\CortexM0\ARM_GCC_541\Debug\Cm0Start.o
 .debug_frame   0x000008dc      0x3e0 .\CortexM0\ARM_GCC_541\Debug\FinalDesignProject.a(CyLib.o)
 .debug_frame   0x00000cbc      0x3a8 .\CortexM0\ARM_GCC_541\Debug\FinalDesignProject.a(CyLFClk.o)
 .debug_frame   0x00001064       0xe8 .\CortexM0\ARM_GCC_541\Debug\FinalDesignProject.a(UART.o)
 .debug_frame   0x0000114c       0xf4 .\CortexM0\ARM_GCC_541\Debug\FinalDesignProject.a(UART_UART.o)
 .debug_frame   0x00001240       0xf8 .\CortexM0\ARM_GCC_541\Debug\FinalDesignProject.a(I2C.o)
 .debug_frame   0x00001338       0x58 .\CortexM0\ARM_GCC_541\Debug\FinalDesignProject.a(I2C_I2C.o)
 .debug_frame   0x00001390      0x1e8 .\CortexM0\ARM_GCC_541\Debug\FinalDesignProject.a(I2C_I2C_MASTER.o)
 .debug_frame   0x00001578       0x70 .\CortexM0\ARM_GCC_541\Debug\FinalDesignProject.a(I2C_sda.o)
 .debug_frame   0x000015e8       0x70 .\CortexM0\ARM_GCC_541\Debug\FinalDesignProject.a(I2C_scl.o)
 .debug_frame   0x00001658      0x3a0 .\CortexM0\ARM_GCC_541\Debug\FinalDesignProject.a(LED_PWM.o)
 .debug_frame   0x000019f8       0xb0 .\CortexM0\ARM_GCC_541\Debug\FinalDesignProject.a(UART_SPI_UART.o)
 .debug_frame   0x00001aa8       0x2c .\CortexM0\ARM_GCC_541\Debug\FinalDesignProject.a(I2C_I2C_INT.o)
 .debug_frame   0x00001ad4       0x20 c:/program files (x86)/cypress/psoc creator/4.4/psoc creator/import/gnu/arm/5.4.1/bin/../lib/gcc/arm-none-eabi/5.4.1/armv6-m\libgcc.a(_udivsi3.o)
 .debug_frame   0x00001af4       0x20 c:/program files (x86)/cypress/psoc creator/4.4/psoc creator/import/gnu/arm/5.4.1/bin/../lib/gcc/arm-none-eabi/5.4.1/armv6-m\libgcc.a(_divsi3.o)
 .debug_frame   0x00001b14       0x30 c:/program files (x86)/cypress/psoc creator/4.4/psoc creator/import/gnu/arm/5.4.1/bin/../lib/gcc/arm-none-eabi/5.4.1/armv6-m\libgcc.a(addsf3.o)
 .debug_frame   0x00001b44       0x38 c:/program files (x86)/cypress/psoc creator/4.4/psoc creator/import/gnu/arm/5.4.1/bin/../lib/gcc/arm-none-eabi/5.4.1/armv6-m\libgcc.a(mulsf3.o)
 .debug_frame   0x00001b7c       0x2c c:/program files (x86)/cypress/psoc creator/4.4/psoc creator/import/gnu/arm/5.4.1/bin/../lib/gcc/arm-none-eabi/5.4.1/armv6-m\libgcc.a(floatsisf.o)
 .debug_frame   0x00001ba8       0x2c c:/program files (x86)/cypress/psoc creator/4.4/psoc creator/import/gnu/arm/5.4.1/bin/../lib/gcc/arm-none-eabi/5.4.1/armv6-m\libgcc.a(floatunsisf.o)
 .debug_frame   0x00001bd4       0x20 c:/program files (x86)/cypress/psoc creator/4.4/psoc creator/import/gnu/arm/5.4.1/bin/../lib/gcc/arm-none-eabi/5.4.1/../../../../arm-none-eabi/lib/armv6-m\libg_nano.a(lib_a-errno.o)
 .debug_frame   0x00001bf4       0x28 c:/program files (x86)/cypress/psoc creator/4.4/psoc creator/import/gnu/arm/5.4.1/bin/../lib/gcc/arm-none-eabi/5.4.1/../../../../arm-none-eabi/lib/armv6-m\libg_nano.a(lib_a-exit.o)
 .debug_frame   0x00001c1c       0x2c c:/program files (x86)/cypress/psoc creator/4.4/psoc creator/import/gnu/arm/5.4.1/bin/../lib/gcc/arm-none-eabi/5.4.1/../../../../arm-none-eabi/lib/armv6-m\libg_nano.a(lib_a-init.o)
 .debug_frame   0x00001c48       0x20 c:/program files (x86)/cypress/psoc creator/4.4/psoc creator/import/gnu/arm/5.4.1/bin/../lib/gcc/arm-none-eabi/5.4.1/../../../../arm-none-eabi/lib/armv6-m\libg_nano.a(lib_a-memset.o)
 .debug_frame   0x00001c68       0x50 c:/program files (x86)/cypress/psoc creator/4.4/psoc creator/import/gnu/arm/5.4.1/bin/../lib/gcc/arm-none-eabi/5.4.1/../../../../arm-none-eabi/lib/armv6-m\libg_nano.a(lib_a-snprintf.o)
 .debug_frame   0x00001cb8       0x74 c:/program files (x86)/cypress/psoc creator/4.4/psoc creator/import/gnu/arm/5.4.1/bin/../lib/gcc/arm-none-eabi/5.4.1/../../../../arm-none-eabi/lib/armv6-m\libg_nano.a(lib_a-nano-svfprintf.o)
 .debug_frame   0x00001d2c       0x54 c:/program files (x86)/cypress/psoc creator/4.4/psoc creator/import/gnu/arm/5.4.1/bin/../lib/gcc/arm-none-eabi/5.4.1/../../../../arm-none-eabi/lib/armv6-m\libg_nano.a(lib_a-nano-vfprintf_i.o)
 .debug_frame   0x00001d80       0x20 c:/program files (x86)/cypress/psoc creator/4.4/psoc creator/import/gnu/arm/5.4.1/bin/../lib/gcc/arm-none-eabi/5.4.1/../../../../arm-none-eabi/lib/armv6-m\libg_nano.a(lib_a-memchr-stub.o)
 .debug_frame   0x00001da0       0x28 c:/program files (x86)/cypress/psoc creator/4.4/psoc creator/import/gnu/arm/5.4.1/bin/../lib/gcc/arm-none-eabi/5.4.1/../../../../arm-none-eabi/lib/armv6-m\libg_nano.a(lib_a-memcpy-stub.o)
 .debug_frame   0x00001dc8       0x28 c:/program files (x86)/cypress/psoc creator/4.4/psoc creator/import/gnu/arm/5.4.1/bin/../lib/gcc/arm-none-eabi/5.4.1/../../../../arm-none-eabi/lib/armv6-m\libg_nano.a(lib_a-memmove.o)
 .debug_frame   0x00001df0       0x2c c:/program files (x86)/cypress/psoc creator/4.4/psoc creator/import/gnu/arm/5.4.1/bin/../lib/gcc/arm-none-eabi/5.4.1/../../../../arm-none-eabi/lib/armv6-m\libg_nano.a(lib_a-nano-freer.o)
 .debug_frame   0x00001e1c       0x2c c:/program files (x86)/cypress/psoc creator/4.4/psoc creator/import/gnu/arm/5.4.1/bin/../lib/gcc/arm-none-eabi/5.4.1/../../../../arm-none-eabi/lib/armv6-m\libg_nano.a(lib_a-nano-mallocr.o)
 .debug_frame   0x00001e48       0x30 c:/program files (x86)/cypress/psoc creator/4.4/psoc creator/import/gnu/arm/5.4.1/bin/../lib/gcc/arm-none-eabi/5.4.1/../../../../arm-none-eabi/lib/armv6-m\libg_nano.a(lib_a-nano-reallocr.o)
 .debug_frame   0x00001e78       0x2c c:/program files (x86)/cypress/psoc creator/4.4/psoc creator/import/gnu/arm/5.4.1/bin/../lib/gcc/arm-none-eabi/5.4.1/../../../../arm-none-eabi/lib/armv6-m\libg_nano.a(lib_a-sbrkr.o)
 .debug_frame   0x00001ea4       0x30 c:/program files (x86)/cypress/psoc creator/4.4/psoc creator/import/gnu/arm/5.4.1/bin/../lib/gcc/arm-none-eabi/5.4.1/../../../../arm-none-eabi/lib/armv6-m\libg_nano.a(lib_a-mlock.o)
 .debug_frame   0x00001ed4       0x20 c:/program files (x86)/cypress/psoc creator/4.4/psoc creator/import/gnu/arm/5.4.1/bin/../lib/gcc/arm-none-eabi/5.4.1/../../../../arm-none-eabi/lib/armv6-m\libg_nano.a(lib_a-nano-msizer.o)
 .debug_frame   0x00001ef4       0x48 c:/program files (x86)/cypress/psoc creator/4.4/psoc creator/import/gnu/arm/5.4.1/bin/../lib/gcc/arm-none-eabi/5.4.1/../../../../arm-none-eabi/lib/armv6-m\libg_nano.a(lib_a-reent.o)

.debug_str      0x00000000     0x2572
 *(.debug_str)
 .debug_str     0x00000000      0x3bd .\CortexM0\ARM_GCC_541\Debug\main.o
                                0x429 (size before relaxing)
 .debug_str     0x000003bd      0x15c .\CortexM0\ARM_GCC_541\Debug\ssd1306_driver.o
                                0x393 (size before relaxing)
 .debug_str     0x00000519      0x3f7 .\CortexM0\ARM_GCC_541\Debug\max30102_driver.o
                                0x6d4 (size before relaxing)
 .debug_str     0x00000910      0x108 .\CortexM0\ARM_GCC_541\Debug\heartrate.o
                                0x2f9 (size before relaxing)
 .debug_str     0x00000a18      0x252 .\CortexM0\ARM_GCC_541\Debug\spo2_algorithm.o
                                0x469 (size before relaxing)
 .debug_str     0x00000c6a      0x10d .\CortexM0\ARM_GCC_541\Debug\cyfitter_cfg.o
                                0x2eb (size before relaxing)
 .debug_str     0x00000d77       0x59 .\CortexM0\ARM_GCC_541\Debug\cymetadata.o
                                0x1ee (size before relaxing)
 .debug_str     0x00000dd0      0x135 .\CortexM0\ARM_GCC_541\Debug\Cm0Start.o
                                0x327 (size before relaxing)
 .debug_str     0x00000f05      0x4bd .\CortexM0\ARM_GCC_541\Debug\FinalDesignProject.a(CyLib.o)
                                0x6dc (size before relaxing)
 .debug_str     0x000013c2      0x52b .\CortexM0\ARM_GCC_541\Debug\FinalDesignProject.a(CyLFClk.o)
                                0x763 (size before relaxing)
 .debug_str     0x000018ed      0x113 .\CortexM0\ARM_GCC_541\Debug\FinalDesignProject.a(UART.o)
                                0x2d9 (size before relaxing)
 .debug_str     0x00001a00      0x14c .\CortexM0\ARM_GCC_541\Debug\FinalDesignProject.a(UART_UART.o)
                                0x362 (size before relaxing)
 .debug_str     0x00001b4c       0xfa .\CortexM0\ARM_GCC_541\Debug\FinalDesignProject.a(I2C.o)
                                0x2ff (size before relaxing)
 .debug_str     0x00001c46       0x74 .\CortexM0\ARM_GCC_541\Debug\FinalDesignProject.a(I2C_I2C.o)
                                0x274 (size before relaxing)
 .debug_str     0x00001cba      0x249 .\CortexM0\ARM_GCC_541\Debug\FinalDesignProject.a(I2C_I2C_MASTER.o)
                                0x512 (size before relaxing)
 .debug_str     0x00001f03       0xac .\CortexM0\ARM_GCC_541\Debug\FinalDesignProject.a(I2C_sda.o)
                                0x26a (size before relaxing)
 .debug_str     0x00001faf       0x7a .\CortexM0\ARM_GCC_541\Debug\FinalDesignProject.a(I2C_scl.o)
                                0x26a (size before relaxing)
 .debug_str     0x00002029      0x41f .\CortexM0\ARM_GCC_541\Debug\FinalDesignProject.a(LED_PWM.o)
                                0x62b (size before relaxing)
 .debug_str     0x00002448       0xe3 .\CortexM0\ARM_GCC_541\Debug\FinalDesignProject.a(UART_SPI_UART.o)
                                0x2f4 (size before relaxing)
 .debug_str     0x0000252b       0x47 .\CortexM0\ARM_GCC_541\Debug\FinalDesignProject.a(I2C_I2C_INT.o)
                                0x2e4 (size before relaxing)

.debug_loc      0x00000000     0x43be
 *(.debug_loc)
 .debug_loc     0x00000000      0x244 .\CortexM0\ARM_GCC_541\Debug\main.o
 .debug_loc     0x00000244      0xa2b .\CortexM0\ARM_GCC_541\Debug\ssd1306_driver.o
 .debug_loc     0x00000c6f      0x65a .\CortexM0\ARM_GCC_541\Debug\max30102_driver.o
 .debug_loc     0x000012c9      0x11d .\CortexM0\ARM_GCC_541\Debug\heartrate.o
 .debug_loc     0x000013e6      0x8a7 .\CortexM0\ARM_GCC_541\Debug\spo2_algorithm.o
 .debug_loc     0x00001c8d      0x118 .\CortexM0\ARM_GCC_541\Debug\cyfitter_cfg.o
 .debug_loc     0x00001da5      0x14f .\CortexM0\ARM_GCC_541\Debug\Cm0Start.o
 .debug_loc     0x00001ef4      0x599 .\CortexM0\ARM_GCC_541\Debug\FinalDesignProject.a(CyLib.o)
 .debug_loc     0x0000248d      0x9b5 .\CortexM0\ARM_GCC_541\Debug\FinalDesignProject.a(CyLFClk.o)
 .debug_loc     0x00002e42       0x7e .\CortexM0\ARM_GCC_541\Debug\FinalDesignProject.a(UART.o)
 .debug_loc     0x00002ec0      0x1e4 .\CortexM0\ARM_GCC_541\Debug\FinalDesignProject.a(UART_UART.o)
 .debug_loc     0x000030a4       0x7e .\CortexM0\ARM_GCC_541\Debug\FinalDesignProject.a(I2C.o)
 .debug_loc     0x00003122      0xa90 .\CortexM0\ARM_GCC_541\Debug\FinalDesignProject.a(I2C_I2C_MASTER.o)
 .debug_loc     0x00003bb2       0xa2 .\CortexM0\ARM_GCC_541\Debug\FinalDesignProject.a(I2C_sda.o)
 .debug_loc     0x00003c54       0x81 .\CortexM0\ARM_GCC_541\Debug\FinalDesignProject.a(I2C_scl.o)
 .debug_loc     0x00003cd5      0x547 .\CortexM0\ARM_GCC_541\Debug\FinalDesignProject.a(LED_PWM.o)
 .debug_loc     0x0000421c       0x96 .\CortexM0\ARM_GCC_541\Debug\FinalDesignProject.a(UART_SPI_UART.o)
 .debug_loc     0x000042b2      0x10c .\CortexM0\ARM_GCC_541\Debug\FinalDesignProject.a(I2C_I2C_INT.o)

.debug_macinfo
 *(.debug_macinfo)

.debug_ranges   0x00000000      0x918
 *(.debug_ranges)
 .debug_ranges  0x00000000       0x40 .\CortexM0\ARM_GCC_541\Debug\main.o
 .debug_ranges  0x00000040       0x78 .\CortexM0\ARM_GCC_541\Debug\ssd1306_driver.o
 .debug_ranges  0x000000b8      0x148 .\CortexM0\ARM_GCC_541\Debug\max30102_driver.o
 .debug_ranges  0x00000200       0x28 .\CortexM0\ARM_GCC_541\Debug\heartrate.o
 .debug_ranges  0x00000228       0x38 .\CortexM0\ARM_GCC_541\Debug\spo2_algorithm.o
 .debug_ranges  0x00000260       0x28 .\CortexM0\ARM_GCC_541\Debug\cyfitter_cfg.o
 .debug_ranges  0x00000288       0x38 .\CortexM0\ARM_GCC_541\Debug\Cm0Start.o
 .debug_ranges  0x000002c0      0x170 .\CortexM0\ARM_GCC_541\Debug\FinalDesignProject.a(CyLib.o)
 .debug_ranges  0x00000430      0x128 .\CortexM0\ARM_GCC_541\Debug\FinalDesignProject.a(CyLFClk.o)
 .debug_ranges  0x00000558       0x50 .\CortexM0\ARM_GCC_541\Debug\FinalDesignProject.a(UART.o)
 .debug_ranges  0x000005a8       0x58 .\CortexM0\ARM_GCC_541\Debug\FinalDesignProject.a(UART_UART.o)
 .debug_ranges  0x00000600       0x58 .\CortexM0\ARM_GCC_541\Debug\FinalDesignProject.a(I2C.o)
 .debug_ranges  0x00000658       0x20 .\CortexM0\ARM_GCC_541\Debug\FinalDesignProject.a(I2C_I2C.o)
 .debug_ranges  0x00000678       0x88 .\CortexM0\ARM_GCC_541\Debug\FinalDesignProject.a(I2C_I2C_MASTER.o)
 .debug_ranges  0x00000700       0x38 .\CortexM0\ARM_GCC_541\Debug\FinalDesignProject.a(I2C_sda.o)
 .debug_ranges  0x00000738       0x38 .\CortexM0\ARM_GCC_541\Debug\FinalDesignProject.a(I2C_scl.o)
 .debug_ranges  0x00000770      0x148 .\CortexM0\ARM_GCC_541\Debug\FinalDesignProject.a(LED_PWM.o)
 .debug_ranges  0x000008b8       0x50 .\CortexM0\ARM_GCC_541\Debug\FinalDesignProject.a(UART_SPI_UART.o)
 .debug_ranges  0x00000908       0x10 .\CortexM0\ARM_GCC_541\Debug\FinalDesignProject.a(I2C_I2C_INT.o)

.comment        0x00000000       0x6e
 .comment       0x00000000       0x6e .\CortexM0\ARM_GCC_541\Debug\main.o
                                 0x6f (size before relaxing)
 .comment       0x0000006e       0x6f .\CortexM0\ARM_GCC_541\Debug\ssd1306_driver.o
 .comment       0x0000006e       0x6f .\CortexM0\ARM_GCC_541\Debug\max30102_driver.o
 .comment       0x0000006e       0x6f .\CortexM0\ARM_GCC_541\Debug\heartrate.o
 .comment       0x0000006e       0x6f .\CortexM0\ARM_GCC_541\Debug\spo2_algorithm.o
 .comment       0x0000006e       0x6f .\CortexM0\ARM_GCC_541\Debug\cyfitter_cfg.o
 .comment       0x0000006e       0x6f .\CortexM0\ARM_GCC_541\Debug\cymetadata.o
 .comment       0x0000006e       0x6f .\CortexM0\ARM_GCC_541\Debug\Cm0Start.o
 .comment       0x0000006e       0x6f .\CortexM0\ARM_GCC_541\Debug\FinalDesignProject.a(CyLib.o)
 .comment       0x0000006e       0x6f .\CortexM0\ARM_GCC_541\Debug\FinalDesignProject.a(CyLFClk.o)
 .comment       0x0000006e       0x6f .\CortexM0\ARM_GCC_541\Debug\FinalDesignProject.a(UART.o)
 .comment       0x0000006e       0x6f .\CortexM0\ARM_GCC_541\Debug\FinalDesignProject.a(UART_UART.o)
 .comment       0x0000006e       0x6f .\CortexM0\ARM_GCC_541\Debug\FinalDesignProject.a(I2C.o)
 .comment       0x0000006e       0x6f .\CortexM0\ARM_GCC_541\Debug\FinalDesignProject.a(I2C_I2C.o)
 .comment       0x0000006e       0x6f .\CortexM0\ARM_GCC_541\Debug\FinalDesignProject.a(I2C_I2C_MASTER.o)
 .comment       0x0000006e       0x6f .\CortexM0\ARM_GCC_541\Debug\FinalDesignProject.a(I2C_sda.o)
 .comment       0x0000006e       0x6f .\CortexM0\ARM_GCC_541\Debug\FinalDesignProject.a(I2C_scl.o)
 .comment       0x0000006e       0x6f .\CortexM0\ARM_GCC_541\Debug\FinalDesignProject.a(LED_PWM.o)
 .comment       0x0000006e       0x6f .\CortexM0\ARM_GCC_541\Debug\FinalDesignProject.a(UART_SPI_UART.o)
 .comment       0x0000006e       0x6f .\CortexM0\ARM_GCC_541\Debug\FinalDesignProject.a(I2C_I2C_INT.o)

.debug_weaknames
 *(.debug_weaknames)

.debug_funcnames
 *(.debug_funcnames)

.debug_typenames
 *(.debug_typenames)

.debug_varnames
 *(.debug_varnames)

.note.gnu.arm.ident
 *(.note.gnu.arm.ident)

.ARM.attributes
                0x00000000       0x28
 *(.ARM.attributes)
 .ARM.attributes
                0x00000000       0x1e c:/program files (x86)/cypress/psoc creator/4.4/psoc creator/import/gnu/arm/5.4.1/bin/../lib/gcc/arm-none-eabi/5.4.1/armv6-m/crti.o
 .ARM.attributes
                0x0000001e       0x2c c:/program files (x86)/cypress/psoc creator/4.4/psoc creator/import/gnu/arm/5.4.1/bin/../lib/gcc/arm-none-eabi/5.4.1/armv6-m/crtbegin.o
 .ARM.attributes
                0x0000004a       0x1b c:/program files (x86)/cypress/psoc creator/4.4/psoc creator/import/gnu/arm/5.4.1/bin/../lib/gcc/arm-none-eabi/5.4.1/../../../../arm-none-eabi/lib/armv6-m/crt0.o
 .ARM.attributes
                0x00000065       0x31 .\CortexM0\ARM_GCC_541\Debug\main.o
 .ARM.attributes
                0x00000096       0x31 .\CortexM0\ARM_GCC_541\Debug\ssd1306_driver.o
 .ARM.attributes
                0x000000c7       0x31 .\CortexM0\ARM_GCC_541\Debug\max30102_driver.o
 .ARM.attributes
                0x000000f8       0x31 .\CortexM0\ARM_GCC_541\Debug\heartrate.o
 .ARM.attributes
                0x00000129       0x31 .\CortexM0\ARM_GCC_541\Debug\spo2_algorithm.o
 .ARM.attributes
                0x0000015a       0x31 .\CortexM0\ARM_GCC_541\Debug\cyfitter_cfg.o
 .ARM.attributes
                0x0000018b       0x31 .\CortexM0\ARM_GCC_541\Debug\cymetadata.o
 .ARM.attributes
                0x000001bc       0x31 .\CortexM0\ARM_GCC_541\Debug\Cm0Start.o
 .ARM.attributes
                0x000001ed       0x31 .\CortexM0\ARM_GCC_541\Debug\FinalDesignProject.a(CyLib.o)
 .ARM.attributes
                0x0000021e       0x31 .\CortexM0\ARM_GCC_541\Debug\FinalDesignProject.a(CyLFClk.o)
 .ARM.attributes
                0x0000024f       0x31 .\CortexM0\ARM_GCC_541\Debug\FinalDesignProject.a(UART.o)
 .ARM.attributes
                0x00000280       0x31 .\CortexM0\ARM_GCC_541\Debug\FinalDesignProject.a(UART_UART.o)
 .ARM.attributes
                0x000002b1       0x31 .\CortexM0\ARM_GCC_541\Debug\FinalDesignProject.a(I2C.o)
 .ARM.attributes
                0x000002e2       0x31 .\CortexM0\ARM_GCC_541\Debug\FinalDesignProject.a(I2C_I2C.o)
 .ARM.attributes
                0x00000313       0x31 .\CortexM0\ARM_GCC_541\Debug\FinalDesignProject.a(I2C_I2C_MASTER.o)
 .ARM.attributes
                0x00000344       0x31 .\CortexM0\ARM_GCC_541\Debug\FinalDesignProject.a(I2C_sda.o)
 .ARM.attributes
                0x00000375       0x31 .\CortexM0\ARM_GCC_541\Debug\FinalDesignProject.a(I2C_scl.o)
 .ARM.attributes
                0x000003a6       0x31 .\CortexM0\ARM_GCC_541\Debug\FinalDesignProject.a(LED_PWM.o)
 .ARM.attributes
                0x000003d7       0x21 .\CortexM0\ARM_GCC_541\Debug\FinalDesignProject.a(CyBootAsmGnu.o)
 .ARM.attributes
                0x000003f8       0x31 .\CortexM0\ARM_GCC_541\Debug\FinalDesignProject.a(UART_SPI_UART.o)
 .ARM.attributes
                0x00000429       0x31 .\CortexM0\ARM_GCC_541\Debug\FinalDesignProject.a(I2C_I2C_INT.o)
 .ARM.attributes
                0x0000045a       0x1e c:/program files (x86)/cypress/psoc creator/4.4/psoc creator/import/gnu/arm/5.4.1/bin/../lib/gcc/arm-none-eabi/5.4.1/armv6-m\libgcc.a(_udivsi3.o)
 .ARM.attributes
                0x00000478       0x1e c:/program files (x86)/cypress/psoc creator/4.4/psoc creator/import/gnu/arm/5.4.1/bin/../lib/gcc/arm-none-eabi/5.4.1/armv6-m\libgcc.a(_divsi3.o)
 .ARM.attributes
                0x00000496       0x1e c:/program files (x86)/cypress/psoc creator/4.4/psoc creator/import/gnu/arm/5.4.1/bin/../lib/gcc/arm-none-eabi/5.4.1/armv6-m\libgcc.a(_dvmd_tls.o)
 .ARM.attributes
                0x000004b4       0x2c c:/program files (x86)/cypress/psoc creator/4.4/psoc creator/import/gnu/arm/5.4.1/bin/../lib/gcc/arm-none-eabi/5.4.1/armv6-m\libgcc.a(addsf3.o)
 .ARM.attributes
                0x000004e0       0x2c c:/program files (x86)/cypress/psoc creator/4.4/psoc creator/import/gnu/arm/5.4.1/bin/../lib/gcc/arm-none-eabi/5.4.1/armv6-m\libgcc.a(mulsf3.o)
 .ARM.attributes
                0x0000050c       0x2c c:/program files (x86)/cypress/psoc creator/4.4/psoc creator/import/gnu/arm/5.4.1/bin/../lib/gcc/arm-none-eabi/5.4.1/armv6-m\libgcc.a(floatsisf.o)
 .ARM.attributes
                0x00000538       0x2c c:/program files (x86)/cypress/psoc creator/4.4/psoc creator/import/gnu/arm/5.4.1/bin/../lib/gcc/arm-none-eabi/5.4.1/armv6-m\libgcc.a(floatunsisf.o)
 .ARM.attributes
                0x00000564       0x1e c:/program files (x86)/cypress/psoc creator/4.4/psoc creator/import/gnu/arm/5.4.1/bin/../lib/gcc/arm-none-eabi/5.4.1/armv6-m\libgcc.a(_clzsi2.o)
 .ARM.attributes
                0x00000582       0x2c c:/program files (x86)/cypress/psoc creator/4.4/psoc creator/import/gnu/arm/5.4.1/bin/../lib/gcc/arm-none-eabi/5.4.1/../../../../arm-none-eabi/lib/armv6-m\libg_nano.a(lib_a-errno.o)
 .ARM.attributes
                0x000005ae       0x2c c:/program files (x86)/cypress/psoc creator/4.4/psoc creator/import/gnu/arm/5.4.1/bin/../lib/gcc/arm-none-eabi/5.4.1/../../../../arm-none-eabi/lib/armv6-m\libg_nano.a(lib_a-exit.o)
 .ARM.attributes
                0x000005da       0x2c c:/program files (x86)/cypress/psoc creator/4.4/psoc creator/import/gnu/arm/5.4.1/bin/../lib/gcc/arm-none-eabi/5.4.1/../../../../arm-none-eabi/lib/armv6-m\libg_nano.a(lib_a-impure.o)
 .ARM.attributes
                0x00000606       0x2c c:/program files (x86)/cypress/psoc creator/4.4/psoc creator/import/gnu/arm/5.4.1/bin/../lib/gcc/arm-none-eabi/5.4.1/../../../../arm-none-eabi/lib/armv6-m\libg_nano.a(lib_a-init.o)
 .ARM.attributes
                0x00000632       0x2c c:/program files (x86)/cypress/psoc creator/4.4/psoc creator/import/gnu/arm/5.4.1/bin/../lib/gcc/arm-none-eabi/5.4.1/../../../../arm-none-eabi/lib/armv6-m\libg_nano.a(lib_a-memset.o)
 .ARM.attributes
                0x0000065e       0x2c c:/program files (x86)/cypress/psoc creator/4.4/psoc creator/import/gnu/arm/5.4.1/bin/../lib/gcc/arm-none-eabi/5.4.1/../../../../arm-none-eabi/lib/armv6-m\libg_nano.a(lib_a-snprintf.o)
 .ARM.attributes
                0x0000068a       0x2c c:/program files (x86)/cypress/psoc creator/4.4/psoc creator/import/gnu/arm/5.4.1/bin/../lib/gcc/arm-none-eabi/5.4.1/../../../../arm-none-eabi/lib/armv6-m\libg_nano.a(lib_a-nano-svfprintf.o)
 .ARM.attributes
                0x000006b6       0x2c c:/program files (x86)/cypress/psoc creator/4.4/psoc creator/import/gnu/arm/5.4.1/bin/../lib/gcc/arm-none-eabi/5.4.1/../../../../arm-none-eabi/lib/armv6-m\libg_nano.a(lib_a-nano-vfprintf_i.o)
 .ARM.attributes
                0x000006e2       0x2c c:/program files (x86)/cypress/psoc creator/4.4/psoc creator/import/gnu/arm/5.4.1/bin/../lib/gcc/arm-none-eabi/5.4.1/../../../../arm-none-eabi/lib/armv6-m\libg_nano.a(lib_a-memchr-stub.o)
 .ARM.attributes
                0x0000070e       0x2c c:/program files (x86)/cypress/psoc creator/4.4/psoc creator/import/gnu/arm/5.4.1/bin/../lib/gcc/arm-none-eabi/5.4.1/../../../../arm-none-eabi/lib/armv6-m\libg_nano.a(lib_a-memcpy-stub.o)
 .ARM.attributes
                0x0000073a       0x2c c:/program files (x86)/cypress/psoc creator/4.4/psoc creator/import/gnu/arm/5.4.1/bin/../lib/gcc/arm-none-eabi/5.4.1/../../../../arm-none-eabi/lib/armv6-m\libg_nano.a(lib_a-memmove.o)
 .ARM.attributes
                0x00000766       0x2c c:/program files (x86)/cypress/psoc creator/4.4/psoc creator/import/gnu/arm/5.4.1/bin/../lib/gcc/arm-none-eabi/5.4.1/../../../../arm-none-eabi/lib/armv6-m\libg_nano.a(lib_a-nano-freer.o)
 .ARM.attributes
                0x00000792       0x2c c:/program files (x86)/cypress/psoc creator/4.4/psoc creator/import/gnu/arm/5.4.1/bin/../lib/gcc/arm-none-eabi/5.4.1/../../../../arm-none-eabi/lib/armv6-m\libg_nano.a(lib_a-nano-mallocr.o)
 .ARM.attributes
                0x000007be       0x2c c:/program files (x86)/cypress/psoc creator/4.4/psoc creator/import/gnu/arm/5.4.1/bin/../lib/gcc/arm-none-eabi/5.4.1/../../../../arm-none-eabi/lib/armv6-m\libg_nano.a(lib_a-nano-reallocr.o)
 .ARM.attributes
                0x000007ea       0x2c c:/program files (x86)/cypress/psoc creator/4.4/psoc creator/import/gnu/arm/5.4.1/bin/../lib/gcc/arm-none-eabi/5.4.1/../../../../arm-none-eabi/lib/armv6-m\libg_nano.a(lib_a-sbrkr.o)
 .ARM.attributes
                0x00000816       0x2c c:/program files (x86)/cypress/psoc creator/4.4/psoc creator/import/gnu/arm/5.4.1/bin/../lib/gcc/arm-none-eabi/5.4.1/../../../../arm-none-eabi/lib/armv6-m\libg_nano.a(lib_a-mlock.o)
 .ARM.attributes
                0x00000842       0x2c c:/program files (x86)/cypress/psoc creator/4.4/psoc creator/import/gnu/arm/5.4.1/bin/../lib/gcc/arm-none-eabi/5.4.1/../../../../arm-none-eabi/lib/armv6-m\libg_nano.a(lib_a-nano-msizer.o)
 .ARM.attributes
                0x0000086e       0x2c c:/program files (x86)/cypress/psoc creator/4.4/psoc creator/import/gnu/arm/5.4.1/bin/../lib/gcc/arm-none-eabi/5.4.1/../../../../arm-none-eabi/lib/armv6-m\libg_nano.a(lib_a-reent.o)
 .ARM.attributes
                0x0000089a       0x2c c:/program files (x86)/cypress/psoc creator/4.4/psoc creator/import/gnu/arm/5.4.1/bin/../lib/gcc/arm-none-eabi/5.4.1/armv6-m/crtend.o
 .ARM.attributes
                0x000008c6       0x1e c:/program files (x86)/cypress/psoc creator/4.4/psoc creator/import/gnu/arm/5.4.1/bin/../lib/gcc/arm-none-eabi/5.4.1/armv6-m/crtn.o

/DISCARD/
 *(.note.GNU-stack)
OUTPUT(C:\Users\joshw\Desktop\EECE3015\eece3015-heart-rate-monitor\FinalDesignProject\FinalDesignProject.cydsn\CortexM0\ARM_GCC_541\Debug\FinalDesignProject.elf elf32-littlearm)
