Archive member included to satisfy reference by file (symbol)

.\CortexM0\ARM_GCC_541\Debug\FinalDesignProject.a(CyLib.o)
                              .\CortexM0\ARM_GCC_541\Debug\cyfitter_cfg.o (CyIntEnable)
.\CortexM0\ARM_GCC_541\Debug\FinalDesignProject.a(CyLFClk.o)
                              .\CortexM0\ARM_GCC_541\Debug\cyfitter_cfg.o (CySysWdtIsr)
.\CortexM0\ARM_GCC_541\Debug\FinalDesignProject.a(UART.o)
                              .\CortexM0\ARM_GCC_541\Debug\main.o (UART_Start)
.\CortexM0\ARM_GCC_541\Debug\FinalDesignProject.a(UART_UART.o)
                              .\CortexM0\ARM_GCC_541\Debug\FinalDesignProject.a(UART.o) (UART_UartInit)
.\CortexM0\ARM_GCC_541\Debug\FinalDesignProject.a(I2C.o)
                              .\CortexM0\ARM_GCC_541\Debug\main.o (I2C_Start)
.\CortexM0\ARM_GCC_541\Debug\FinalDesignProject.a(I2C_I2C.o)
                              .\CortexM0\ARM_GCC_541\Debug\FinalDesignProject.a(I2C.o) (I2C_I2CInit)
.\CortexM0\ARM_GCC_541\Debug\FinalDesignProject.a(I2C_I2C_MASTER.o)
                              .\CortexM0\ARM_GCC_541\Debug\ssd1306_driver.o (I2C_I2CMasterSendStart)
.\CortexM0\ARM_GCC_541\Debug\FinalDesignProject.a(I2C_sda.o)
                              .\CortexM0\ARM_GCC_541\Debug\FinalDesignProject.a(I2C_I2C_MASTER.o) (I2C_sda_Read)
.\CortexM0\ARM_GCC_541\Debug\FinalDesignProject.a(I2C_scl.o)
                              .\CortexM0\ARM_GCC_541\Debug\FinalDesignProject.a(I2C_I2C_MASTER.o) (I2C_scl_Write)
.\CortexM0\ARM_GCC_541\Debug\FinalDesignProject.a(LED_PWM.o)
                              .\CortexM0\ARM_GCC_541\Debug\main.o (LED_PWM_Stop)
.\CortexM0\ARM_GCC_541\Debug\FinalDesignProject.a(CyBootAsmGnu.o)
                              .\CortexM0\ARM_GCC_541\Debug\FinalDesignProject.a(CyLib.o) (CyDelayCycles)
.\CortexM0\ARM_GCC_541\Debug\FinalDesignProject.a(UART_SPI_UART.o)
                              .\CortexM0\ARM_GCC_541\Debug\FinalDesignProject.a(UART_UART.o) (UART_SpiUartReadRxData)
.\CortexM0\ARM_GCC_541\Debug\FinalDesignProject.a(I2C_I2C_INT.o)
                              .\CortexM0\ARM_GCC_541\Debug\FinalDesignProject.a(I2C_I2C.o) (I2C_I2C_ISR)
c:/program files (x86)/cypress/psoc creator/4.4/psoc creator/import/gnu/arm/5.4.1/bin/../lib/gcc/arm-none-eabi/5.4.1/armv6-m\libgcc.a(_udivsi3.o)
                              .\CortexM0\ARM_GCC_541\Debug\FinalDesignProject.a(CyLib.o) (__aeabi_uidiv)
c:/program files (x86)/cypress/psoc creator/4.4/psoc creator/import/gnu/arm/5.4.1/bin/../lib/gcc/arm-none-eabi/5.4.1/armv6-m\libgcc.a(_dvmd_tls.o)
                              c:/program files (x86)/cypress/psoc creator/4.4/psoc creator/import/gnu/arm/5.4.1/bin/../lib/gcc/arm-none-eabi/5.4.1/armv6-m\libgcc.a(_udivsi3.o) (__aeabi_idiv0)
c:/program files (x86)/cypress/psoc creator/4.4/psoc creator/import/gnu/arm/5.4.1/bin/../lib/gcc/arm-none-eabi/5.4.1/../../../../arm-none-eabi/lib/armv6-m\libg_nano.a(lib_a-errno.o)
                              .\CortexM0\ARM_GCC_541\Debug\Cm0Start.o (__errno)
c:/program files (x86)/cypress/psoc creator/4.4/psoc creator/import/gnu/arm/5.4.1/bin/../lib/gcc/arm-none-eabi/5.4.1/../../../../arm-none-eabi/lib/armv6-m\libg_nano.a(lib_a-exit.o)
                              c:/program files (x86)/cypress/psoc creator/4.4/psoc creator/import/gnu/arm/5.4.1/bin/../lib/gcc/arm-none-eabi/5.4.1/../../../../arm-none-eabi/lib/armv6-m/crt0.o (exit)
c:/program files (x86)/cypress/psoc creator/4.4/psoc creator/import/gnu/arm/5.4.1/bin/../lib/gcc/arm-none-eabi/5.4.1/../../../../arm-none-eabi/lib/armv6-m\libg_nano.a(lib_a-impure.o)
                              c:/program files (x86)/cypress/psoc creator/4.4/psoc creator/import/gnu/arm/5.4.1/bin/../lib/gcc/arm-none-eabi/5.4.1/../../../../arm-none-eabi/lib/armv6-m\libg_nano.a(lib_a-exit.o) (_global_impure_ptr)
c:/program files (x86)/cypress/psoc creator/4.4/psoc creator/import/gnu/arm/5.4.1/bin/../lib/gcc/arm-none-eabi/5.4.1/../../../../arm-none-eabi/lib/armv6-m\libg_nano.a(lib_a-init.o)
                              c:/program files (x86)/cypress/psoc creator/4.4/psoc creator/import/gnu/arm/5.4.1/bin/../lib/gcc/arm-none-eabi/5.4.1/../../../../arm-none-eabi/lib/armv6-m/crt0.o (__libc_init_array)
c:/program files (x86)/cypress/psoc creator/4.4/psoc creator/import/gnu/arm/5.4.1/bin/../lib/gcc/arm-none-eabi/5.4.1/../../../../arm-none-eabi/lib/armv6-m\libg_nano.a(lib_a-memset.o)
                              c:/program files (x86)/cypress/psoc creator/4.4/psoc creator/import/gnu/arm/5.4.1/bin/../lib/gcc/arm-none-eabi/5.4.1/../../../../arm-none-eabi/lib/armv6-m/crt0.o (memset)

Allocating common symbols
Common symbol       size              file

I2C_mstrWrBufIndexTmp
                    0x4               .\CortexM0\ARM_GCC_541\Debug\FinalDesignProject.a(I2C_I2C_MASTER.o)
I2C_state           0x1               .\CortexM0\ARM_GCC_541\Debug\FinalDesignProject.a(I2C_I2C.o)
I2C_mstrWrBufIndex  0x4               .\CortexM0\ARM_GCC_541\Debug\FinalDesignProject.a(I2C_I2C_MASTER.o)
I2C_mstrWrBufSize   0x4               .\CortexM0\ARM_GCC_541\Debug\FinalDesignProject.a(I2C_I2C_MASTER.o)
I2C_mstrStatus      0x2               .\CortexM0\ARM_GCC_541\Debug\FinalDesignProject.a(I2C_I2C_MASTER.o)
buffer              0x200             .\CortexM0\ARM_GCC_541\Debug\ssd1306_driver.o
I2C_mstrRdBufPtr    0x4               .\CortexM0\ARM_GCC_541\Debug\FinalDesignProject.a(I2C_I2C_MASTER.o)
I2C_mstrControl     0x1               .\CortexM0\ARM_GCC_541\Debug\FinalDesignProject.a(I2C_I2C_MASTER.o)
stringBuffer        0x64              .\CortexM0\ARM_GCC_541\Debug\main.o
I2C_mstrRdBufSize   0x4               .\CortexM0\ARM_GCC_541\Debug\FinalDesignProject.a(I2C_I2C_MASTER.o)
I2C_mstrRdBufIndex  0x4               .\CortexM0\ARM_GCC_541\Debug\FinalDesignProject.a(I2C_I2C_MASTER.o)
I2C_mstrWrBufPtr    0x4               .\CortexM0\ARM_GCC_541\Debug\FinalDesignProject.a(I2C_I2C_MASTER.o)

Discarded input sections

 .text          0x00000000        0x0 c:/program files (x86)/cypress/psoc creator/4.4/psoc creator/import/gnu/arm/5.4.1/bin/../lib/gcc/arm-none-eabi/5.4.1/armv6-m/crti.o
 .data          0x00000000        0x0 c:/program files (x86)/cypress/psoc creator/4.4/psoc creator/import/gnu/arm/5.4.1/bin/../lib/gcc/arm-none-eabi/5.4.1/armv6-m/crti.o
 .bss           0x00000000        0x0 c:/program files (x86)/cypress/psoc creator/4.4/psoc creator/import/gnu/arm/5.4.1/bin/../lib/gcc/arm-none-eabi/5.4.1/armv6-m/crti.o
 .data          0x00000000        0x4 c:/program files (x86)/cypress/psoc creator/4.4/psoc creator/import/gnu/arm/5.4.1/bin/../lib/gcc/arm-none-eabi/5.4.1/armv6-m/crtbegin.o
 .text          0x00000000       0x78 c:/program files (x86)/cypress/psoc creator/4.4/psoc creator/import/gnu/arm/5.4.1/bin/../lib/gcc/arm-none-eabi/5.4.1/../../../../arm-none-eabi/lib/armv6-m/crt0.o
 .data          0x00000000        0x0 c:/program files (x86)/cypress/psoc creator/4.4/psoc creator/import/gnu/arm/5.4.1/bin/../lib/gcc/arm-none-eabi/5.4.1/../../../../arm-none-eabi/lib/armv6-m/crt0.o
 .bss           0x00000000        0x0 c:/program files (x86)/cypress/psoc creator/4.4/psoc creator/import/gnu/arm/5.4.1/bin/../lib/gcc/arm-none-eabi/5.4.1/../../../../arm-none-eabi/lib/armv6-m/crt0.o
 .ARM.extab     0x00000000        0x0 c:/program files (x86)/cypress/psoc creator/4.4/psoc creator/import/gnu/arm/5.4.1/bin/../lib/gcc/arm-none-eabi/5.4.1/../../../../arm-none-eabi/lib/armv6-m/crt0.o
 .ARM.exidx     0x00000000        0x8 c:/program files (x86)/cypress/psoc creator/4.4/psoc creator/import/gnu/arm/5.4.1/bin/../lib/gcc/arm-none-eabi/5.4.1/../../../../arm-none-eabi/lib/armv6-m/crt0.o
 .text          0x00000000        0x0 .\CortexM0\ARM_GCC_541\Debug\main.o
 .data          0x00000000        0x0 .\CortexM0\ARM_GCC_541\Debug\main.o
 .bss           0x00000000        0x0 .\CortexM0\ARM_GCC_541\Debug\main.o
 COMMON         0x00000000       0x64 .\CortexM0\ARM_GCC_541\Debug\main.o
 .text          0x00000000        0x0 .\CortexM0\ARM_GCC_541\Debug\ssd1306_driver.o
 .data          0x00000000        0x1 .\CortexM0\ARM_GCC_541\Debug\ssd1306_driver.o
 .bss           0x00000000        0x0 .\CortexM0\ARM_GCC_541\Debug\ssd1306_driver.o
 .text.SSD1306_SendCommand
                0x00000000       0x28 .\CortexM0\ARM_GCC_541\Debug\ssd1306_driver.o
 .text.SSD1306_SendData
                0x00000000       0x34 .\CortexM0\ARM_GCC_541\Debug\ssd1306_driver.o
 .text.dim      0x00000000       0x20 .\CortexM0\ARM_GCC_541\Debug\ssd1306_driver.o
 .text.drawFastHLine
                0x00000000       0x94 .\CortexM0\ARM_GCC_541\Debug\ssd1306_driver.o
 .text.drawFastVLine
                0x00000000       0xf0 .\CortexM0\ARM_GCC_541\Debug\ssd1306_driver.o
 .text.getPixel
                0x00000000       0x40 .\CortexM0\ARM_GCC_541\Debug\ssd1306_driver.o
 .text.getBuffer
                0x00000000        0x8 .\CortexM0\ARM_GCC_541\Debug\ssd1306_driver.o
 .text          0x00000000        0x0 .\CortexM0\ARM_GCC_541\Debug\cyfitter_cfg.o
 .data          0x00000000        0x0 .\CortexM0\ARM_GCC_541\Debug\cyfitter_cfg.o
 .bss           0x00000000        0x0 .\CortexM0\ARM_GCC_541\Debug\cyfitter_cfg.o
 .text          0x00000000        0x0 .\CortexM0\ARM_GCC_541\Debug\cymetadata.o
 .data          0x00000000        0x0 .\CortexM0\ARM_GCC_541\Debug\cymetadata.o
 .bss           0x00000000        0x0 .\CortexM0\ARM_GCC_541\Debug\cymetadata.o
 .text          0x00000000        0x0 .\CortexM0\ARM_GCC_541\Debug\Cm0Start.o
 .data          0x00000000        0x4 .\CortexM0\ARM_GCC_541\Debug\Cm0Start.o
 .bss           0x00000000        0x0 .\CortexM0\ARM_GCC_541\Debug\Cm0Start.o
 .text._exit    0x00000000        0xc .\CortexM0\ARM_GCC_541\Debug\Cm0Start.o
 .text._sbrk    0x00000000       0x30 .\CortexM0\ARM_GCC_541\Debug\Cm0Start.o
 .text          0x00000000        0x0 .\CortexM0\ARM_GCC_541\Debug\FinalDesignProject.a(CyLib.o)
 .bss           0x00000000       0x18 .\CortexM0\ARM_GCC_541\Debug\FinalDesignProject.a(CyLib.o)
 .text.CySysClkImoStart
                0x00000000       0x14 .\CortexM0\ARM_GCC_541\Debug\FinalDesignProject.a(CyLib.o)
 .text.CySysClkImoStop
                0x00000000       0x10 .\CortexM0\ARM_GCC_541\Debug\FinalDesignProject.a(CyLib.o)
 .text.CySysClkWriteHfclkDirect
                0x00000000       0x20 .\CortexM0\ARM_GCC_541\Debug\FinalDesignProject.a(CyLib.o)
 .text.CySysEnablePumpClock
                0x00000000       0x38 .\CortexM0\ARM_GCC_541\Debug\FinalDesignProject.a(CyLib.o)
 .text.CySysClkGetSysclkSource
                0x00000000       0x1c .\CortexM0\ARM_GCC_541\Debug\FinalDesignProject.a(CyLib.o)
 .text.CySysClkWriteSysclkDiv
                0x00000000       0x30 .\CortexM0\ARM_GCC_541\Debug\FinalDesignProject.a(CyLib.o)
 .text.CySysLvdDisable
                0x00000000       0x20 .\CortexM0\ARM_GCC_541\Debug\FinalDesignProject.a(CyLib.o)
 .text.CySysLvdGetInterruptSource
                0x00000000       0x10 .\CortexM0\ARM_GCC_541\Debug\FinalDesignProject.a(CyLib.o)
 .text.CySysLvdClearInterrupt
                0x00000000        0xc .\CortexM0\ARM_GCC_541\Debug\FinalDesignProject.a(CyLib.o)
 .text.CySysGetResetReason
                0x00000000       0x14 .\CortexM0\ARM_GCC_541\Debug\FinalDesignProject.a(CyLib.o)
 .text.CyDisableInts
                0x00000000       0x10 .\CortexM0\ARM_GCC_541\Debug\FinalDesignProject.a(CyLib.o)
 .text.CyEnableInts
                0x00000000        0xc .\CortexM0\ARM_GCC_541\Debug\FinalDesignProject.a(CyLib.o)
 .text.CyIntGetState
                0x00000000       0x18 .\CortexM0\ARM_GCC_541\Debug\FinalDesignProject.a(CyLib.o)
 .text.CyIntSetPending
                0x00000000       0x14 .\CortexM0\ARM_GCC_541\Debug\FinalDesignProject.a(CyLib.o)
 .text.CyIntClearPending
                0x00000000       0x14 .\CortexM0\ARM_GCC_541\Debug\FinalDesignProject.a(CyLib.o)
 .text.CyIntSetSysVector
                0x00000000       0x20 .\CortexM0\ARM_GCC_541\Debug\FinalDesignProject.a(CyLib.o)
 .text.CyIntGetSysVector
                0x00000000       0x1c .\CortexM0\ARM_GCC_541\Debug\FinalDesignProject.a(CyLib.o)
 .text.CyIntGetVector
                0x00000000       0x20 .\CortexM0\ARM_GCC_541\Debug\FinalDesignProject.a(CyLib.o)
 .text.CyIntGetPriority
                0x00000000       0x2c .\CortexM0\ARM_GCC_541\Debug\FinalDesignProject.a(CyLib.o)
 .text.CySoftwareReset
                0x00000000       0x18 .\CortexM0\ARM_GCC_541\Debug\FinalDesignProject.a(CyLib.o)
 .text.CySysLvdEnable
                0x00000000       0x44 .\CortexM0\ARM_GCC_541\Debug\FinalDesignProject.a(CyLib.o)
 .text.CyDelayFreq
                0x00000000       0x4c .\CortexM0\ARM_GCC_541\Debug\FinalDesignProject.a(CyLib.o)
 .text.CySysTickStop
                0x00000000       0x10 .\CortexM0\ARM_GCC_541\Debug\FinalDesignProject.a(CyLib.o)
 .text.CySysTickEnableInterrupt
                0x00000000       0x10 .\CortexM0\ARM_GCC_541\Debug\FinalDesignProject.a(CyLib.o)
 .text.CySysTickEnable
                0x00000000       0x18 .\CortexM0\ARM_GCC_541\Debug\FinalDesignProject.a(CyLib.o)
 .text.CySysTickDisableInterrupt
                0x00000000       0x10 .\CortexM0\ARM_GCC_541\Debug\FinalDesignProject.a(CyLib.o)
 .text.CySysTickSetReload
                0x00000000       0x10 .\CortexM0\ARM_GCC_541\Debug\FinalDesignProject.a(CyLib.o)
 .text.CySysTickGetReload
                0x00000000       0x10 .\CortexM0\ARM_GCC_541\Debug\FinalDesignProject.a(CyLib.o)
 .text.CySysTickGetValue
                0x00000000       0x10 .\CortexM0\ARM_GCC_541\Debug\FinalDesignProject.a(CyLib.o)
 .text.CySysTickGetCountFlag
                0x00000000       0x10 .\CortexM0\ARM_GCC_541\Debug\FinalDesignProject.a(CyLib.o)
 .text.CySysTickServiceCallbacks
                0x00000000       0x28 .\CortexM0\ARM_GCC_541\Debug\FinalDesignProject.a(CyLib.o)
 .text.CySysTickClear
                0x00000000        0xc .\CortexM0\ARM_GCC_541\Debug\FinalDesignProject.a(CyLib.o)
 .text.CySysTickInit
                0x00000000       0x40 .\CortexM0\ARM_GCC_541\Debug\FinalDesignProject.a(CyLib.o)
 .text.CySysTickStart
                0x00000000       0x20 .\CortexM0\ARM_GCC_541\Debug\FinalDesignProject.a(CyLib.o)
 .text.CySysTickSetCallback
                0x00000000       0x10 .\CortexM0\ARM_GCC_541\Debug\FinalDesignProject.a(CyLib.o)
 .text.CySysTickGetCallback
                0x00000000        0xc .\CortexM0\ARM_GCC_541\Debug\FinalDesignProject.a(CyLib.o)
 .text.CyGetUniqueId
                0x00000000       0x70 .\CortexM0\ARM_GCC_541\Debug\FinalDesignProject.a(CyLib.o)
 .text          0x00000000        0x0 .\CortexM0\ARM_GCC_541\Debug\FinalDesignProject.a(CyLFClk.o)
 .text.CySysClkIloEnabled
                0x00000000       0x14 .\CortexM0\ARM_GCC_541\Debug\FinalDesignProject.a(CyLFClk.o)
 .text.CySysClkIloStart
                0x00000000       0x14 .\CortexM0\ARM_GCC_541\Debug\FinalDesignProject.a(CyLFClk.o)
 .text.CySysClkIloStartMeasurement
                0x00000000       0x34 .\CortexM0\ARM_GCC_541\Debug\FinalDesignProject.a(CyLFClk.o)
 .text.CySysClkIloStopMeasurement
                0x00000000       0x14 .\CortexM0\ARM_GCC_541\Debug\FinalDesignProject.a(CyLFClk.o)
 .text.CySysClkIloCompensate
                0x00000000      0x104 .\CortexM0\ARM_GCC_541\Debug\FinalDesignProject.a(CyLFClk.o)
 .text.CySysWdtGetEnabledStatus
                0x00000000       0x24 .\CortexM0\ARM_GCC_541\Debug\FinalDesignProject.a(CyLFClk.o)
 .text.CySysWdtSetMode
                0x00000000       0x38 .\CortexM0\ARM_GCC_541\Debug\FinalDesignProject.a(CyLFClk.o)
 .text.CySysClkLfclkPosedgeRestore
                0x00000000       0x2c .\CortexM0\ARM_GCC_541\Debug\FinalDesignProject.a(CyLFClk.o)
 .text.CySysWdtGetMode
                0x00000000       0x14 .\CortexM0\ARM_GCC_541\Debug\FinalDesignProject.a(CyLFClk.o)
 .text.CySysWdtSetClearOnMatch
                0x00000000       0x34 .\CortexM0\ARM_GCC_541\Debug\FinalDesignProject.a(CyLFClk.o)
 .text.CySysWdtGetClearOnMatch
                0x00000000       0x24 .\CortexM0\ARM_GCC_541\Debug\FinalDesignProject.a(CyLFClk.o)
 .text.CySysWdtEnable
                0x00000000       0x40 .\CortexM0\ARM_GCC_541\Debug\FinalDesignProject.a(CyLFClk.o)
 .text.CySysWdtDisable
                0x00000000       0x44 .\CortexM0\ARM_GCC_541\Debug\FinalDesignProject.a(CyLFClk.o)
 .text.CySysWdtSetCascade
                0x00000000       0x34 .\CortexM0\ARM_GCC_541\Debug\FinalDesignProject.a(CyLFClk.o)
 .text.CySysWdtGetCascade
                0x00000000       0x14 .\CortexM0\ARM_GCC_541\Debug\FinalDesignProject.a(CyLFClk.o)
 .text.CySysWdtSetMatch
                0x00000000       0x38 .\CortexM0\ARM_GCC_541\Debug\FinalDesignProject.a(CyLFClk.o)
 .text.CySysWdtSetToggleBit
                0x00000000       0x30 .\CortexM0\ARM_GCC_541\Debug\FinalDesignProject.a(CyLFClk.o)
 .text.CySysWdtGetToggleBit
                0x00000000       0x10 .\CortexM0\ARM_GCC_541\Debug\FinalDesignProject.a(CyLFClk.o)
 .text.CySysWdtGetMatch
                0x00000000       0x20 .\CortexM0\ARM_GCC_541\Debug\FinalDesignProject.a(CyLFClk.o)
 .text.CySysWdtGetCount
                0x00000000       0x3c .\CortexM0\ARM_GCC_541\Debug\FinalDesignProject.a(CyLFClk.o)
 .text.CySysClkLfclkPosedgeCatch
                0x00000000       0x74 .\CortexM0\ARM_GCC_541\Debug\FinalDesignProject.a(CyLFClk.o)
 .text.CySysClkIloStop
                0x00000000       0x38 .\CortexM0\ARM_GCC_541\Debug\FinalDesignProject.a(CyLFClk.o)
 .text.CySysWdtGetInterruptSource
                0x00000000       0x14 .\CortexM0\ARM_GCC_541\Debug\FinalDesignProject.a(CyLFClk.o)
 .text.CySysWdtResetCounters
                0x00000000       0x20 .\CortexM0\ARM_GCC_541\Debug\FinalDesignProject.a(CyLFClk.o)
 .text.CySysWdtSetInterruptCallback
                0x00000000       0x20 .\CortexM0\ARM_GCC_541\Debug\FinalDesignProject.a(CyLFClk.o)
 .text.CySysWdtGetInterruptCallback
                0x00000000       0x20 .\CortexM0\ARM_GCC_541\Debug\FinalDesignProject.a(CyLFClk.o)
 .text.CySysWdtEnableCounterIsr
                0x00000000       0x34 .\CortexM0\ARM_GCC_541\Debug\FinalDesignProject.a(CyLFClk.o)
 .text.CySysWdtDisableCounterIsr
                0x00000000       0x28 .\CortexM0\ARM_GCC_541\Debug\FinalDesignProject.a(CyLFClk.o)
 .text.CySysWatchdogFeed
                0x00000000       0x60 .\CortexM0\ARM_GCC_541\Debug\FinalDesignProject.a(CyLFClk.o)
 .text.CySysTimerDelayUntilMatch
                0x00000000       0x6c .\CortexM0\ARM_GCC_541\Debug\FinalDesignProject.a(CyLFClk.o)
 .text.CySysTimerDelay
                0x00000000       0x3c .\CortexM0\ARM_GCC_541\Debug\FinalDesignProject.a(CyLFClk.o)
 .rodata        0x00000000        0xc .\CortexM0\ARM_GCC_541\Debug\FinalDesignProject.a(CyLFClk.o)
 .text          0x00000000        0x0 .\CortexM0\ARM_GCC_541\Debug\FinalDesignProject.a(UART.o)
 .data          0x00000000        0x0 .\CortexM0\ARM_GCC_541\Debug\FinalDesignProject.a(UART.o)
 .text.UART_ScbModeStop
                0x00000000        0x8 .\CortexM0\ARM_GCC_541\Debug\FinalDesignProject.a(UART.o)
 .text.UART_Stop
                0x00000000       0x20 .\CortexM0\ARM_GCC_541\Debug\FinalDesignProject.a(UART.o)
 .text.UART_SetRxFifoLevel
                0x00000000       0x14 .\CortexM0\ARM_GCC_541\Debug\FinalDesignProject.a(UART.o)
 .text.UART_SetTxFifoLevel
                0x00000000       0x14 .\CortexM0\ARM_GCC_541\Debug\FinalDesignProject.a(UART.o)
 .text.UART_I2CSlaveNackGeneration
                0x00000000       0x3c .\CortexM0\ARM_GCC_541\Debug\FinalDesignProject.a(UART.o)
 .text          0x00000000        0x0 .\CortexM0\ARM_GCC_541\Debug\FinalDesignProject.a(UART_UART.o)
 .data          0x00000000        0x0 .\CortexM0\ARM_GCC_541\Debug\FinalDesignProject.a(UART_UART.o)
 .bss           0x00000000        0x0 .\CortexM0\ARM_GCC_541\Debug\FinalDesignProject.a(UART_UART.o)
 .text.UART_UartStop
                0x00000000       0x2c .\CortexM0\ARM_GCC_541\Debug\FinalDesignProject.a(UART_UART.o)
 .text.UART_UartSetRxAddress
                0x00000000       0x14 .\CortexM0\ARM_GCC_541\Debug\FinalDesignProject.a(UART_UART.o)
 .text.UART_UartSetRxAddressMask
                0x00000000       0x18 .\CortexM0\ARM_GCC_541\Debug\FinalDesignProject.a(UART_UART.o)
 .text.UART_UartGetChar
                0x00000000       0x2c .\CortexM0\ARM_GCC_541\Debug\FinalDesignProject.a(UART_UART.o)
 .text.UART_UartGetByte
                0x00000000       0x34 .\CortexM0\ARM_GCC_541\Debug\FinalDesignProject.a(UART_UART.o)
 .text.UART_UartPutCRLF
                0x00000000       0x14 .\CortexM0\ARM_GCC_541\Debug\FinalDesignProject.a(UART_UART.o)
 .text.UART_UartSendBreakBlocking
                0x00000000       0x58 .\CortexM0\ARM_GCC_541\Debug\FinalDesignProject.a(UART_UART.o)
 .text          0x00000000        0x0 .\CortexM0\ARM_GCC_541\Debug\FinalDesignProject.a(I2C.o)
 .data          0x00000000        0x0 .\CortexM0\ARM_GCC_541\Debug\FinalDesignProject.a(I2C.o)
 .text.I2C_ScbModeStop
                0x00000000        0x8 .\CortexM0\ARM_GCC_541\Debug\FinalDesignProject.a(I2C.o)
 .text.I2C_Stop
                0x00000000       0x2c .\CortexM0\ARM_GCC_541\Debug\FinalDesignProject.a(I2C.o)
 .text.I2C_SetRxFifoLevel
                0x00000000       0x14 .\CortexM0\ARM_GCC_541\Debug\FinalDesignProject.a(I2C.o)
 .text.I2C_SetTxFifoLevel
                0x00000000       0x14 .\CortexM0\ARM_GCC_541\Debug\FinalDesignProject.a(I2C.o)
 .text.I2C_SetCustomInterruptHandler
                0x00000000        0xc .\CortexM0\ARM_GCC_541\Debug\FinalDesignProject.a(I2C.o)
 .text.I2C_I2CSlaveNackGeneration
                0x00000000       0x3c .\CortexM0\ARM_GCC_541\Debug\FinalDesignProject.a(I2C.o)
 .text          0x00000000        0x0 .\CortexM0\ARM_GCC_541\Debug\FinalDesignProject.a(I2C_I2C.o)
 .data          0x00000000        0x0 .\CortexM0\ARM_GCC_541\Debug\FinalDesignProject.a(I2C_I2C.o)
 .bss           0x00000000        0x0 .\CortexM0\ARM_GCC_541\Debug\FinalDesignProject.a(I2C_I2C.o)
 .text.I2C_I2CStop
                0x00000000       0x20 .\CortexM0\ARM_GCC_541\Debug\FinalDesignProject.a(I2C_I2C.o)
 .text          0x00000000        0x0 .\CortexM0\ARM_GCC_541\Debug\FinalDesignProject.a(I2C_I2C_MASTER.o)
 .data          0x00000000        0x0 .\CortexM0\ARM_GCC_541\Debug\FinalDesignProject.a(I2C_I2C_MASTER.o)
 .bss           0x00000000        0x0 .\CortexM0\ARM_GCC_541\Debug\FinalDesignProject.a(I2C_I2C_MASTER.o)
 .text.I2C_I2CMasterReadByte
                0x00000000       0x7c .\CortexM0\ARM_GCC_541\Debug\FinalDesignProject.a(I2C_I2C_MASTER.o)
 .text.I2C_I2CMasterGetReadBufSize
                0x00000000        0xc .\CortexM0\ARM_GCC_541\Debug\FinalDesignProject.a(I2C_I2C_MASTER.o)
 .text.I2C_I2CMasterGetWriteBufSize
                0x00000000        0xc .\CortexM0\ARM_GCC_541\Debug\FinalDesignProject.a(I2C_I2C_MASTER.o)
 .text.I2C_I2CMasterClearReadBuf
                0x00000000       0x28 .\CortexM0\ARM_GCC_541\Debug\FinalDesignProject.a(I2C_I2C_MASTER.o)
 .text.I2C_I2CMasterClearWriteBuf
                0x00000000       0x28 .\CortexM0\ARM_GCC_541\Debug\FinalDesignProject.a(I2C_I2C_MASTER.o)
 .text.I2C_I2CMasterStatus
                0x00000000       0x30 .\CortexM0\ARM_GCC_541\Debug\FinalDesignProject.a(I2C_I2C_MASTER.o)
 .text.I2C_I2CReStartGeneration
                0x00000000       0xc4 .\CortexM0\ARM_GCC_541\Debug\FinalDesignProject.a(I2C_I2C_MASTER.o)
 .text.I2C_I2CMasterWriteBuf
                0x00000000       0xf8 .\CortexM0\ARM_GCC_541\Debug\FinalDesignProject.a(I2C_I2C_MASTER.o)
 .text.I2C_I2CMasterReadBuf
                0x00000000      0x108 .\CortexM0\ARM_GCC_541\Debug\FinalDesignProject.a(I2C_I2C_MASTER.o)
 .text.I2C_I2CMasterSendRestart
                0x00000000       0x68 .\CortexM0\ARM_GCC_541\Debug\FinalDesignProject.a(I2C_I2C_MASTER.o)
 .text          0x00000000        0x0 .\CortexM0\ARM_GCC_541\Debug\FinalDesignProject.a(I2C_sda.o)
 .data          0x00000000        0x0 .\CortexM0\ARM_GCC_541\Debug\FinalDesignProject.a(I2C_sda.o)
 .bss           0x00000000        0x0 .\CortexM0\ARM_GCC_541\Debug\FinalDesignProject.a(I2C_sda.o)
 .text.I2C_sda_SetDriveMode
                0x00000000       0x14 .\CortexM0\ARM_GCC_541\Debug\FinalDesignProject.a(I2C_sda.o)
 .text.I2C_sda_Write
                0x00000000       0x18 .\CortexM0\ARM_GCC_541\Debug\FinalDesignProject.a(I2C_sda.o)
 .text.I2C_sda_Read
                0x00000000       0x10 .\CortexM0\ARM_GCC_541\Debug\FinalDesignProject.a(I2C_sda.o)
 .text.I2C_sda_ReadDataReg
                0x00000000       0x10 .\CortexM0\ARM_GCC_541\Debug\FinalDesignProject.a(I2C_sda.o)
 .text.I2C_sda_SetInterruptMode
                0x00000000       0x14 .\CortexM0\ARM_GCC_541\Debug\FinalDesignProject.a(I2C_sda.o)
 .text.I2C_sda_ClearInterrupt
                0x00000000       0x14 .\CortexM0\ARM_GCC_541\Debug\FinalDesignProject.a(I2C_sda.o)
 .text          0x00000000        0x0 .\CortexM0\ARM_GCC_541\Debug\FinalDesignProject.a(I2C_scl.o)
 .data          0x00000000        0x0 .\CortexM0\ARM_GCC_541\Debug\FinalDesignProject.a(I2C_scl.o)
 .bss           0x00000000        0x0 .\CortexM0\ARM_GCC_541\Debug\FinalDesignProject.a(I2C_scl.o)
 .text.I2C_scl_SetDriveMode
                0x00000000       0x14 .\CortexM0\ARM_GCC_541\Debug\FinalDesignProject.a(I2C_scl.o)
 .text.I2C_scl_Write
                0x00000000       0x18 .\CortexM0\ARM_GCC_541\Debug\FinalDesignProject.a(I2C_scl.o)
 .text.I2C_scl_Read
                0x00000000       0x10 .\CortexM0\ARM_GCC_541\Debug\FinalDesignProject.a(I2C_scl.o)
 .text.I2C_scl_ReadDataReg
                0x00000000       0x10 .\CortexM0\ARM_GCC_541\Debug\FinalDesignProject.a(I2C_scl.o)
 .text.I2C_scl_SetInterruptMode
                0x00000000       0x14 .\CortexM0\ARM_GCC_541\Debug\FinalDesignProject.a(I2C_scl.o)
 .text.I2C_scl_ClearInterrupt
                0x00000000       0x10 .\CortexM0\ARM_GCC_541\Debug\FinalDesignProject.a(I2C_scl.o)
 .text          0x00000000        0x0 .\CortexM0\ARM_GCC_541\Debug\FinalDesignProject.a(LED_PWM.o)
 .data          0x00000000        0x0 .\CortexM0\ARM_GCC_541\Debug\FinalDesignProject.a(LED_PWM.o)
 .text.LED_PWM_SetMode
                0x00000000       0x28 .\CortexM0\ARM_GCC_541\Debug\FinalDesignProject.a(LED_PWM.o)
 .text.LED_PWM_SetQDMode
                0x00000000       0x28 .\CortexM0\ARM_GCC_541\Debug\FinalDesignProject.a(LED_PWM.o)
 .text.LED_PWM_SetPrescaler
                0x00000000       0x28 .\CortexM0\ARM_GCC_541\Debug\FinalDesignProject.a(LED_PWM.o)
 .text.LED_PWM_SetOneShot
                0x00000000       0x30 .\CortexM0\ARM_GCC_541\Debug\FinalDesignProject.a(LED_PWM.o)
 .text.LED_PWM_SetPWMMode
                0x00000000       0x10 .\CortexM0\ARM_GCC_541\Debug\FinalDesignProject.a(LED_PWM.o)
 .text.LED_PWM_SetPWMSyncKill
                0x00000000       0x28 .\CortexM0\ARM_GCC_541\Debug\FinalDesignProject.a(LED_PWM.o)
 .text.LED_PWM_SetPWMStopOnKill
                0x00000000       0x28 .\CortexM0\ARM_GCC_541\Debug\FinalDesignProject.a(LED_PWM.o)
 .text.LED_PWM_SetPWMDeadTime
                0x00000000       0x2c .\CortexM0\ARM_GCC_541\Debug\FinalDesignProject.a(LED_PWM.o)
 .text.LED_PWM_SetPWMInvert
                0x00000000       0x28 .\CortexM0\ARM_GCC_541\Debug\FinalDesignProject.a(LED_PWM.o)
 .text.LED_PWM_ReadCounter
                0x00000000       0x10 .\CortexM0\ARM_GCC_541\Debug\FinalDesignProject.a(LED_PWM.o)
 .text.LED_PWM_SetCounterMode
                0x00000000       0x28 .\CortexM0\ARM_GCC_541\Debug\FinalDesignProject.a(LED_PWM.o)
 .text.LED_PWM_ReadPeriod
                0x00000000       0x10 .\CortexM0\ARM_GCC_541\Debug\FinalDesignProject.a(LED_PWM.o)
 .text.LED_PWM_SetCompareSwap
                0x00000000       0x24 .\CortexM0\ARM_GCC_541\Debug\FinalDesignProject.a(LED_PWM.o)
 .text.LED_PWM_WritePeriodBuf
                0x00000000       0x10 .\CortexM0\ARM_GCC_541\Debug\FinalDesignProject.a(LED_PWM.o)
 .text.LED_PWM_ReadPeriodBuf
                0x00000000       0x10 .\CortexM0\ARM_GCC_541\Debug\FinalDesignProject.a(LED_PWM.o)
 .text.LED_PWM_SetPeriodSwap
                0x00000000       0x28 .\CortexM0\ARM_GCC_541\Debug\FinalDesignProject.a(LED_PWM.o)
 .text.LED_PWM_ReadCompare
                0x00000000       0x10 .\CortexM0\ARM_GCC_541\Debug\FinalDesignProject.a(LED_PWM.o)
 .text.LED_PWM_WriteCompareBuf
                0x00000000       0x10 .\CortexM0\ARM_GCC_541\Debug\FinalDesignProject.a(LED_PWM.o)
 .text.LED_PWM_ReadCompareBuf
                0x00000000       0x10 .\CortexM0\ARM_GCC_541\Debug\FinalDesignProject.a(LED_PWM.o)
 .text.LED_PWM_ReadCapture
                0x00000000       0x10 .\CortexM0\ARM_GCC_541\Debug\FinalDesignProject.a(LED_PWM.o)
 .text.LED_PWM_ReadCaptureBuf
                0x00000000       0x10 .\CortexM0\ARM_GCC_541\Debug\FinalDesignProject.a(LED_PWM.o)
 .text.LED_PWM_SetCaptureMode
                0x00000000       0x24 .\CortexM0\ARM_GCC_541\Debug\FinalDesignProject.a(LED_PWM.o)
 .text.LED_PWM_SetReloadMode
                0x00000000       0x24 .\CortexM0\ARM_GCC_541\Debug\FinalDesignProject.a(LED_PWM.o)
 .text.LED_PWM_SetStartMode
                0x00000000       0x28 .\CortexM0\ARM_GCC_541\Debug\FinalDesignProject.a(LED_PWM.o)
 .text.LED_PWM_SetStopMode
                0x00000000       0x24 .\CortexM0\ARM_GCC_541\Debug\FinalDesignProject.a(LED_PWM.o)
 .text.LED_PWM_SetCountMode
                0x00000000       0x24 .\CortexM0\ARM_GCC_541\Debug\FinalDesignProject.a(LED_PWM.o)
 .text.LED_PWM_ReadStatus
                0x00000000       0x14 .\CortexM0\ARM_GCC_541\Debug\FinalDesignProject.a(LED_PWM.o)
 .text.LED_PWM_GetInterruptSourceMasked
                0x00000000        0xc .\CortexM0\ARM_GCC_541\Debug\FinalDesignProject.a(LED_PWM.o)
 .text.LED_PWM_GetInterruptSource
                0x00000000        0xc .\CortexM0\ARM_GCC_541\Debug\FinalDesignProject.a(LED_PWM.o)
 .text.LED_PWM_ClearInterrupt
                0x00000000        0xc .\CortexM0\ARM_GCC_541\Debug\FinalDesignProject.a(LED_PWM.o)
 .text.LED_PWM_SetInterrupt
                0x00000000        0xc .\CortexM0\ARM_GCC_541\Debug\FinalDesignProject.a(LED_PWM.o)
 .data          0x00000000        0x0 .\CortexM0\ARM_GCC_541\Debug\FinalDesignProject.a(CyBootAsmGnu.o)
 .bss           0x00000000        0x0 .\CortexM0\ARM_GCC_541\Debug\FinalDesignProject.a(CyBootAsmGnu.o)
 .text          0x00000000        0x0 .\CortexM0\ARM_GCC_541\Debug\FinalDesignProject.a(UART_SPI_UART.o)
 .data          0x00000000        0x0 .\CortexM0\ARM_GCC_541\Debug\FinalDesignProject.a(UART_SPI_UART.o)
 .bss           0x00000000        0x0 .\CortexM0\ARM_GCC_541\Debug\FinalDesignProject.a(UART_SPI_UART.o)
 .text.UART_SpiUartReadRxData
                0x00000000        0xc .\CortexM0\ARM_GCC_541\Debug\FinalDesignProject.a(UART_SPI_UART.o)
 .text.UART_SpiUartGetRxBufferSize
                0x00000000       0x10 .\CortexM0\ARM_GCC_541\Debug\FinalDesignProject.a(UART_SPI_UART.o)
 .text.UART_SpiUartClearRxBuffer
                0x00000000       0x20 .\CortexM0\ARM_GCC_541\Debug\FinalDesignProject.a(UART_SPI_UART.o)
 .text.UART_SpiUartPutArray
                0x00000000       0x18 .\CortexM0\ARM_GCC_541\Debug\FinalDesignProject.a(UART_SPI_UART.o)
 .text.UART_SpiUartGetTxBufferSize
                0x00000000       0x10 .\CortexM0\ARM_GCC_541\Debug\FinalDesignProject.a(UART_SPI_UART.o)
 .text.UART_SpiUartClearTxBuffer
                0x00000000       0x20 .\CortexM0\ARM_GCC_541\Debug\FinalDesignProject.a(UART_SPI_UART.o)
 .text.UART_SpiUartDisableIntRx
                0x00000000       0x10 .\CortexM0\ARM_GCC_541\Debug\FinalDesignProject.a(UART_SPI_UART.o)
 .text.UART_SpiUartDisableIntTx
                0x00000000       0x10 .\CortexM0\ARM_GCC_541\Debug\FinalDesignProject.a(UART_SPI_UART.o)
 .text          0x00000000        0x0 .\CortexM0\ARM_GCC_541\Debug\FinalDesignProject.a(I2C_I2C_INT.o)
 .data          0x00000000        0x0 .\CortexM0\ARM_GCC_541\Debug\FinalDesignProject.a(I2C_I2C_INT.o)
 .bss           0x00000000        0x0 .\CortexM0\ARM_GCC_541\Debug\FinalDesignProject.a(I2C_I2C_INT.o)
 .text          0x00000000      0x114 c:/program files (x86)/cypress/psoc creator/4.4/psoc creator/import/gnu/arm/5.4.1/bin/../lib/gcc/arm-none-eabi/5.4.1/armv6-m\libgcc.a(_udivsi3.o)
 .data          0x00000000        0x0 c:/program files (x86)/cypress/psoc creator/4.4/psoc creator/import/gnu/arm/5.4.1/bin/../lib/gcc/arm-none-eabi/5.4.1/armv6-m\libgcc.a(_udivsi3.o)
 .bss           0x00000000        0x0 c:/program files (x86)/cypress/psoc creator/4.4/psoc creator/import/gnu/arm/5.4.1/bin/../lib/gcc/arm-none-eabi/5.4.1/armv6-m\libgcc.a(_udivsi3.o)
 .text          0x00000000        0x4 c:/program files (x86)/cypress/psoc creator/4.4/psoc creator/import/gnu/arm/5.4.1/bin/../lib/gcc/arm-none-eabi/5.4.1/armv6-m\libgcc.a(_dvmd_tls.o)
 .data          0x00000000        0x0 c:/program files (x86)/cypress/psoc creator/4.4/psoc creator/import/gnu/arm/5.4.1/bin/../lib/gcc/arm-none-eabi/5.4.1/armv6-m\libgcc.a(_dvmd_tls.o)
 .bss           0x00000000        0x0 c:/program files (x86)/cypress/psoc creator/4.4/psoc creator/import/gnu/arm/5.4.1/bin/../lib/gcc/arm-none-eabi/5.4.1/armv6-m\libgcc.a(_dvmd_tls.o)
 .text          0x00000000        0x0 c:/program files (x86)/cypress/psoc creator/4.4/psoc creator/import/gnu/arm/5.4.1/bin/../lib/gcc/arm-none-eabi/5.4.1/../../../../arm-none-eabi/lib/armv6-m\libg_nano.a(lib_a-errno.o)
 .data          0x00000000        0x0 c:/program files (x86)/cypress/psoc creator/4.4/psoc creator/import/gnu/arm/5.4.1/bin/../lib/gcc/arm-none-eabi/5.4.1/../../../../arm-none-eabi/lib/armv6-m\libg_nano.a(lib_a-errno.o)
 .bss           0x00000000        0x0 c:/program files (x86)/cypress/psoc creator/4.4/psoc creator/import/gnu/arm/5.4.1/bin/../lib/gcc/arm-none-eabi/5.4.1/../../../../arm-none-eabi/lib/armv6-m\libg_nano.a(lib_a-errno.o)
 .text          0x00000000        0x0 c:/program files (x86)/cypress/psoc creator/4.4/psoc creator/import/gnu/arm/5.4.1/bin/../lib/gcc/arm-none-eabi/5.4.1/../../../../arm-none-eabi/lib/armv6-m\libg_nano.a(lib_a-exit.o)
 .data          0x00000000        0x0 c:/program files (x86)/cypress/psoc creator/4.4/psoc creator/import/gnu/arm/5.4.1/bin/../lib/gcc/arm-none-eabi/5.4.1/../../../../arm-none-eabi/lib/armv6-m\libg_nano.a(lib_a-exit.o)
 .bss           0x00000000        0x0 c:/program files (x86)/cypress/psoc creator/4.4/psoc creator/import/gnu/arm/5.4.1/bin/../lib/gcc/arm-none-eabi/5.4.1/../../../../arm-none-eabi/lib/armv6-m\libg_nano.a(lib_a-exit.o)
 .text.exit     0x00000000       0x2c c:/program files (x86)/cypress/psoc creator/4.4/psoc creator/import/gnu/arm/5.4.1/bin/../lib/gcc/arm-none-eabi/5.4.1/../../../../arm-none-eabi/lib/armv6-m\libg_nano.a(lib_a-exit.o)
 .text          0x00000000        0x0 c:/program files (x86)/cypress/psoc creator/4.4/psoc creator/import/gnu/arm/5.4.1/bin/../lib/gcc/arm-none-eabi/5.4.1/../../../../arm-none-eabi/lib/armv6-m\libg_nano.a(lib_a-impure.o)
 .data          0x00000000        0x0 c:/program files (x86)/cypress/psoc creator/4.4/psoc creator/import/gnu/arm/5.4.1/bin/../lib/gcc/arm-none-eabi/5.4.1/../../../../arm-none-eabi/lib/armv6-m\libg_nano.a(lib_a-impure.o)
 .bss           0x00000000        0x0 c:/program files (x86)/cypress/psoc creator/4.4/psoc creator/import/gnu/arm/5.4.1/bin/../lib/gcc/arm-none-eabi/5.4.1/../../../../arm-none-eabi/lib/armv6-m\libg_nano.a(lib_a-impure.o)
 .rodata._global_impure_ptr
                0x00000000        0x4 c:/program files (x86)/cypress/psoc creator/4.4/psoc creator/import/gnu/arm/5.4.1/bin/../lib/gcc/arm-none-eabi/5.4.1/../../../../arm-none-eabi/lib/armv6-m\libg_nano.a(lib_a-impure.o)
 .text          0x00000000        0x0 c:/program files (x86)/cypress/psoc creator/4.4/psoc creator/import/gnu/arm/5.4.1/bin/../lib/gcc/arm-none-eabi/5.4.1/../../../../arm-none-eabi/lib/armv6-m\libg_nano.a(lib_a-init.o)
 .data          0x00000000        0x0 c:/program files (x86)/cypress/psoc creator/4.4/psoc creator/import/gnu/arm/5.4.1/bin/../lib/gcc/arm-none-eabi/5.4.1/../../../../arm-none-eabi/lib/armv6-m\libg_nano.a(lib_a-init.o)
 .bss           0x00000000        0x0 c:/program files (x86)/cypress/psoc creator/4.4/psoc creator/import/gnu/arm/5.4.1/bin/../lib/gcc/arm-none-eabi/5.4.1/../../../../arm-none-eabi/lib/armv6-m\libg_nano.a(lib_a-init.o)
 .text          0x00000000        0x0 c:/program files (x86)/cypress/psoc creator/4.4/psoc creator/import/gnu/arm/5.4.1/bin/../lib/gcc/arm-none-eabi/5.4.1/../../../../arm-none-eabi/lib/armv6-m\libg_nano.a(lib_a-memset.o)
 .data          0x00000000        0x0 c:/program files (x86)/cypress/psoc creator/4.4/psoc creator/import/gnu/arm/5.4.1/bin/../lib/gcc/arm-none-eabi/5.4.1/../../../../arm-none-eabi/lib/armv6-m\libg_nano.a(lib_a-memset.o)
 .bss           0x00000000        0x0 c:/program files (x86)/cypress/psoc creator/4.4/psoc creator/import/gnu/arm/5.4.1/bin/../lib/gcc/arm-none-eabi/5.4.1/../../../../arm-none-eabi/lib/armv6-m\libg_nano.a(lib_a-memset.o)
 .text          0x00000000        0x0 c:/program files (x86)/cypress/psoc creator/4.4/psoc creator/import/gnu/arm/5.4.1/bin/../lib/gcc/arm-none-eabi/5.4.1/armv6-m/crtend.o
 .data          0x00000000        0x0 c:/program files (x86)/cypress/psoc creator/4.4/psoc creator/import/gnu/arm/5.4.1/bin/../lib/gcc/arm-none-eabi/5.4.1/armv6-m/crtend.o
 .bss           0x00000000        0x0 c:/program files (x86)/cypress/psoc creator/4.4/psoc creator/import/gnu/arm/5.4.1/bin/../lib/gcc/arm-none-eabi/5.4.1/armv6-m/crtend.o
 .text          0x00000000        0x0 c:/program files (x86)/cypress/psoc creator/4.4/psoc creator/import/gnu/arm/5.4.1/bin/../lib/gcc/arm-none-eabi/5.4.1/armv6-m/crtn.o
 .data          0x00000000        0x0 c:/program files (x86)/cypress/psoc creator/4.4/psoc creator/import/gnu/arm/5.4.1/bin/../lib/gcc/arm-none-eabi/5.4.1/armv6-m/crtn.o
 .bss           0x00000000        0x0 c:/program files (x86)/cypress/psoc creator/4.4/psoc creator/import/gnu/arm/5.4.1/bin/../lib/gcc/arm-none-eabi/5.4.1/armv6-m/crtn.o

Memory Configuration

Name             Origin             Length             Attributes
rom              0x00000000         0x00008000         xr
ram              0x20000000         0x00001000         xrw
*default*        0x00000000         0xffffffff

Linker script and memory map

LOAD c:/program files (x86)/cypress/psoc creator/4.4/psoc creator/import/gnu/arm/5.4.1/bin/../lib/gcc/arm-none-eabi/5.4.1/armv6-m/crti.o
LOAD c:/program files (x86)/cypress/psoc creator/4.4/psoc creator/import/gnu/arm/5.4.1/bin/../lib/gcc/arm-none-eabi/5.4.1/armv6-m/crtbegin.o
LOAD c:/program files (x86)/cypress/psoc creator/4.4/psoc creator/import/gnu/arm/5.4.1/bin/../lib/gcc/arm-none-eabi/5.4.1/../../../../arm-none-eabi/lib/armv6-m/crt0.o
START GROUP
LOAD .\CortexM0\ARM_GCC_541\Debug\main.o
LOAD .\CortexM0\ARM_GCC_541\Debug\ssd1306_driver.o
LOAD .\CortexM0\ARM_GCC_541\Debug\cyfitter_cfg.o
LOAD .\CortexM0\ARM_GCC_541\Debug\cymetadata.o
LOAD .\CortexM0\ARM_GCC_541\Debug\Cm0Start.o
LOAD .\CortexM0\ARM_GCC_541\Debug\FinalDesignProject.a
END GROUP
START GROUP
LOAD c:/program files (x86)/cypress/psoc creator/4.4/psoc creator/import/gnu/arm/5.4.1/bin/../lib/gcc/arm-none-eabi/5.4.1/armv6-m\libgcc.a
LOAD c:/program files (x86)/cypress/psoc creator/4.4/psoc creator/import/gnu/arm/5.4.1/bin/../lib/gcc/arm-none-eabi/5.4.1/../../../../arm-none-eabi/lib/armv6-m\libg_nano.a
LOAD c:/program files (x86)/cypress/psoc creator/4.4/psoc creator/import/gnu/arm/5.4.1/bin/../lib/gcc/arm-none-eabi/5.4.1/../../../../arm-none-eabi/lib/armv6-m\libc_nano.a
END GROUP
START GROUP
LOAD c:/program files (x86)/cypress/psoc creator/4.4/psoc creator/import/gnu/arm/5.4.1/bin/../lib/gcc/arm-none-eabi/5.4.1/armv6-m\libgcc.a
LOAD c:/program files (x86)/cypress/psoc creator/4.4/psoc creator/import/gnu/arm/5.4.1/bin/../lib/gcc/arm-none-eabi/5.4.1/../../../../arm-none-eabi/lib/armv6-m\libc_nano.a
END GROUP
LOAD c:/program files (x86)/cypress/psoc creator/4.4/psoc creator/import/gnu/arm/5.4.1/bin/../lib/gcc/arm-none-eabi/5.4.1/armv6-m/crtend.o
LOAD c:/program files (x86)/cypress/psoc creator/4.4/psoc creator/import/gnu/arm/5.4.1/bin/../lib/gcc/arm-none-eabi/5.4.1/armv6-m/crtn.o
START GROUP
LOAD c:/program files (x86)/cypress/psoc creator/4.4/psoc creator/import/gnu/arm/5.4.1/bin/../lib/gcc/arm-none-eabi/5.4.1/armv6-m\libgcc.a
LOAD c:/program files (x86)/cypress/psoc creator/4.4/psoc creator/import/gnu/arm/5.4.1/bin/../lib/gcc/arm-none-eabi/5.4.1/../../../../arm-none-eabi/lib/armv6-m\libc.a
LOAD c:/program files (x86)/cypress/psoc creator/4.4/psoc creator/import/gnu/arm/5.4.1/bin/../lib/gcc/arm-none-eabi/5.4.1/../../../../arm-none-eabi/lib/armv6-m\libnosys.a
END GROUP
                0x00000000                CY_APPL_ORIGIN = 0x0
                0x00000080                CY_FLASH_ROW_SIZE = 0x80
                0x00000001                CY_APPL_NUM = 0x1
                0x00000001                CY_APPL_MAX = 0x1
                0x00000040                CY_METADATA_SIZE = 0x40
                0x00000000                CY_APPL_LOADABLE = 0x0
                0x00000000                CY_CHECKSUM_EXCLUDE_SIZE = ALIGN (0x0, CY_FLASH_ROW_SIZE)
                0x00000000                CY_APP_FOR_STACK_AND_COPIER = 0x0
                [!provide]                PROVIDE (__cy_heap_start, _end)
                0x00000001                PROVIDE (__cy_region_num, ((__cy_regions_end - __cy_regions) / 0x10))
                0x20001000                PROVIDE (__cy_stack, (ORIGIN (ram) + LENGTH (ram)))
                [!provide]                PROVIDE (__cy_heap_end, (__cy_stack - 0x400))

.cybootloader   0x00000000        0x0
 *(.cybootloader)
                0x00000000                appl1_start = CY_APPL_ORIGIN?CY_APPL_ORIGIN:ALIGN (CY_FLASH_ROW_SIZE)
                0x00003f80                appl2_start = (appl1_start + ALIGN ((((LENGTH (rom) - appl1_start) - (0x2 * CY_FLASH_ROW_SIZE)) / 0x2), CY_FLASH_ROW_SIZE))
                0x00000000                appl_start = (CY_APPL_NUM == 0x1)?appl1_start:appl2_start
                0x00000001                cy_project_type_bootloader = (appl_start == 0x0)?0x1:0x0
                0x00000000                cy_project_type_app_for_stack_and_copier = (CY_APP_FOR_STACK_AND_COPIER == 0x1)?0x1:0x0

.text           0x00000000     0x137c
 CREATE_OBJECT_SYMBOLS
                0x00000000                PROVIDE (__cy_interrupt_vector, RomVectors)
 *(.romvectors)
 .romvectors    0x00000000       0x10 .\CortexM0\ARM_GCC_541\Debug\Cm0Start.o
                0x00000000                RomVectors
                0x00000001                ASSERT ((. != __cy_interrupt_vector), No interrupt vector)
                0x00000001                ASSERT (CY_APPL_ORIGIN?(SIZEOF (.cybootloader) <= CY_APPL_ORIGIN):0x1, Wrong image location)
                0x00000010                PROVIDE (__cy_reset, Reset)
 *(.text.Reset)
 .text.Reset    0x00000010        0x8 .\CortexM0\ARM_GCC_541\Debug\Cm0Start.o
                0x00000010                Reset
                0x00000001                ASSERT ((. != __cy_reset), No reset code)
 *(.psocinit)
 .psocinit      0x00000018      0x1d4 .\CortexM0\ARM_GCC_541\Debug\cyfitter_cfg.o
                0x000000c0                cyfitter_cfg
                0x000001ec                . = MAX (., 0x100)
 *(.text .text.* .gnu.linkonce.t.*)
 .text          0x000001ec       0x60 c:/program files (x86)/cypress/psoc creator/4.4/psoc creator/import/gnu/arm/5.4.1/bin/../lib/gcc/arm-none-eabi/5.4.1/armv6-m/crtbegin.o
 .text.main     0x0000024c       0x70 .\CortexM0\ARM_GCC_541\Debug\main.o
                0x0000024c                main
 .text.SSD1306_SendCommandList
                0x000002bc       0x34 .\CortexM0\ARM_GCC_541\Debug\ssd1306_driver.o
                0x000002bc                SSD1306_SendCommandList
 .text.clearDisplay
                0x000002f0       0x20 .\CortexM0\ARM_GCC_541\Debug\ssd1306_driver.o
                0x000002f0                clearDisplay
 .text.init     0x00000310       0x44 .\CortexM0\ARM_GCC_541\Debug\ssd1306_driver.o
                0x00000310                init
 .text.drawPixel
                0x00000354       0x80 .\CortexM0\ARM_GCC_541\Debug\ssd1306_driver.o
                0x00000354                drawPixel
 .text.drawChar
                0x000003d4       0x7c .\CortexM0\ARM_GCC_541\Debug\ssd1306_driver.o
                0x000003d4                drawChar
 .text.drawString
                0x00000450       0x24 .\CortexM0\ARM_GCC_541\Debug\ssd1306_driver.o
                0x00000450                drawString
 .text.refreshDisplay
                0x00000474       0x74 .\CortexM0\ARM_GCC_541\Debug\ssd1306_driver.o
                0x00000474                refreshDisplay
 .text.cfg_write_bytes32
                0x000004e8       0x34 .\CortexM0\ARM_GCC_541\Debug\cyfitter_cfg.o
 .text.CYMEMZERO
                0x0000051c        0xc .\CortexM0\ARM_GCC_541\Debug\cyfitter_cfg.o
 .text.IntDefaultHandler
                0x00000528       0x10 .\CortexM0\ARM_GCC_541\Debug\Cm0Start.o
                0x00000528                IntDefaultHandler
 .text.Start_c  0x00000538       0x48 .\CortexM0\ARM_GCC_541\Debug\Cm0Start.o
                0x00000538                Start_c
 .text.initialize_psoc
                0x00000580       0x40 .\CortexM0\ARM_GCC_541\Debug\Cm0Start.o
                0x00000580                initialize_psoc
 .text.CyIntEnable
                0x000005c0       0x14 .\CortexM0\ARM_GCC_541\Debug\FinalDesignProject.a(CyLib.o)
                0x000005c0                CyIntEnable
 .text.CyIntDisable
                0x000005d4       0x14 .\CortexM0\ARM_GCC_541\Debug\FinalDesignProject.a(CyLib.o)
                0x000005d4                CyIntDisable
 .text.CyHalt   0x000005e8        0x4 .\CortexM0\ARM_GCC_541\Debug\FinalDesignProject.a(CyLib.o)
                0x000005e8                CyHalt
 .text.CyIntSetVector
                0x000005ec       0x24 .\CortexM0\ARM_GCC_541\Debug\FinalDesignProject.a(CyLib.o)
                0x000005ec                CyIntSetVector
 .text.CyIntSetPriority
                0x00000610       0x4c .\CortexM0\ARM_GCC_541\Debug\FinalDesignProject.a(CyLib.o)
                0x00000610                CyIntSetPriority
 .text.CyDelay  0x0000065c       0x30 .\CortexM0\ARM_GCC_541\Debug\FinalDesignProject.a(CyLib.o)
                0x0000065c                CyDelay
 .text.CyDelayUs
                0x0000068c       0x14 .\CortexM0\ARM_GCC_541\Debug\FinalDesignProject.a(CyLib.o)
                0x0000068c                CyDelayUs
 .text.CySysClkWriteImoFreq
                0x000006a0      0x164 .\CortexM0\ARM_GCC_541\Debug\FinalDesignProject.a(CyLib.o)
                0x000006a0                CySysClkWriteImoFreq
 .text.CySysWdtLocked
                0x00000804       0x14 .\CortexM0\ARM_GCC_541\Debug\FinalDesignProject.a(CyLFClk.o)
 .text.CySysWdtLock
                0x00000818       0x1c .\CortexM0\ARM_GCC_541\Debug\FinalDesignProject.a(CyLFClk.o)
                0x00000818                CySysWdtLock
 .text.CySysWdtUnlock
                0x00000834       0x30 .\CortexM0\ARM_GCC_541\Debug\FinalDesignProject.a(CyLFClk.o)
                0x00000834                CySysWdtUnlock
 .text.CySysWdtClearInterrupt
                0x00000864       0x4c .\CortexM0\ARM_GCC_541\Debug\FinalDesignProject.a(CyLFClk.o)
                0x00000864                CySysWdtClearInterrupt
 .text.CySysWdtIsr
                0x000008b0       0xa4 .\CortexM0\ARM_GCC_541\Debug\FinalDesignProject.a(CyLFClk.o)
                0x000008b0                CySysWdtIsr
 .text.UART_ScbModePostEnable
                0x00000954        0x8 .\CortexM0\ARM_GCC_541\Debug\FinalDesignProject.a(UART.o)
 .text.UART_Init
                0x0000095c        0x8 .\CortexM0\ARM_GCC_541\Debug\FinalDesignProject.a(UART.o)
                0x0000095c                UART_Init
 .text.UART_Enable
                0x00000964       0x18 .\CortexM0\ARM_GCC_541\Debug\FinalDesignProject.a(UART.o)
                0x00000964                UART_Enable
 .text.UART_Start
                0x0000097c       0x20 .\CortexM0\ARM_GCC_541\Debug\FinalDesignProject.a(UART.o)
                0x0000097c                UART_Start
 .text.UART_UartInit
                0x0000099c       0x9c .\CortexM0\ARM_GCC_541\Debug\FinalDesignProject.a(UART_UART.o)
                0x0000099c                UART_UartInit
 .text.UART_UartPostEnable
                0x00000a38       0x2c .\CortexM0\ARM_GCC_541\Debug\FinalDesignProject.a(UART_UART.o)
                0x00000a38                UART_UartPostEnable
 .text.UART_UartPutString
                0x00000a64       0x18 .\CortexM0\ARM_GCC_541\Debug\FinalDesignProject.a(UART_UART.o)
                0x00000a64                UART_UartPutString
 .text.I2C_ScbEnableIntr
                0x00000a7c        0xc .\CortexM0\ARM_GCC_541\Debug\FinalDesignProject.a(I2C.o)
 .text.I2C_Init
                0x00000a88        0x8 .\CortexM0\ARM_GCC_541\Debug\FinalDesignProject.a(I2C.o)
                0x00000a88                I2C_Init
 .text.I2C_Enable
                0x00000a90       0x18 .\CortexM0\ARM_GCC_541\Debug\FinalDesignProject.a(I2C.o)
                0x00000a90                I2C_Enable
 .text.I2C_Start
                0x00000aa8       0x20 .\CortexM0\ARM_GCC_541\Debug\FinalDesignProject.a(I2C.o)
                0x00000aa8                I2C_Start
 .text.I2C_I2CInit
                0x00000ac8       0xc4 .\CortexM0\ARM_GCC_541\Debug\FinalDesignProject.a(I2C_I2C.o)
                0x00000ac8                I2C_I2CInit
 .text.I2C_I2CFwBlockReset
                0x00000b8c       0x94 .\CortexM0\ARM_GCC_541\Debug\FinalDesignProject.a(I2C_I2C.o)
                0x00000b8c                I2C_I2CFwBlockReset
 .text.I2C_I2CMasterWaitOneUnit
                0x00000c20       0x28 .\CortexM0\ARM_GCC_541\Debug\FinalDesignProject.a(I2C_I2C_MASTER.o)
 .text.I2C_I2CMasterHandleStatus
                0x00000c48       0xc4 .\CortexM0\ARM_GCC_541\Debug\FinalDesignProject.a(I2C_I2C_MASTER.o)
 .text.I2C_I2CMasterSendStart
                0x00000d0c       0xc4 .\CortexM0\ARM_GCC_541\Debug\FinalDesignProject.a(I2C_I2C_MASTER.o)
                0x00000d0c                I2C_I2CMasterSendStart
 .text.I2C_I2CMasterSendStop
                0x00000dd0       0x58 .\CortexM0\ARM_GCC_541\Debug\FinalDesignProject.a(I2C_I2C_MASTER.o)
                0x00000dd0                I2C_I2CMasterSendStop
 .text.I2C_I2CMasterWriteByte
                0x00000e28       0x48 .\CortexM0\ARM_GCC_541\Debug\FinalDesignProject.a(I2C_I2C_MASTER.o)
                0x00000e28                I2C_I2CMasterWriteByte
 .text.I2C_I2CMasterClearStatus
                0x00000e70       0x20 .\CortexM0\ARM_GCC_541\Debug\FinalDesignProject.a(I2C_I2C_MASTER.o)
                0x00000e70                I2C_I2CMasterClearStatus
 .text.LED_PWM_Stop
                0x00000e90       0x1c .\CortexM0\ARM_GCC_541\Debug\FinalDesignProject.a(LED_PWM.o)
                0x00000e90                LED_PWM_Stop
 .text.LED_PWM_WriteCounter
                0x00000eac       0x10 .\CortexM0\ARM_GCC_541\Debug\FinalDesignProject.a(LED_PWM.o)
                0x00000eac                LED_PWM_WriteCounter
 .text.LED_PWM_WritePeriod
                0x00000ebc       0x10 .\CortexM0\ARM_GCC_541\Debug\FinalDesignProject.a(LED_PWM.o)
                0x00000ebc                LED_PWM_WritePeriod
 .text.LED_PWM_WriteCompare
                0x00000ecc       0x10 .\CortexM0\ARM_GCC_541\Debug\FinalDesignProject.a(LED_PWM.o)
                0x00000ecc                LED_PWM_WriteCompare
 .text.LED_PWM_TriggerCommand
                0x00000edc       0x1c .\CortexM0\ARM_GCC_541\Debug\FinalDesignProject.a(LED_PWM.o)
                0x00000edc                LED_PWM_TriggerCommand
 .text.LED_PWM_Enable
                0x00000ef8       0x24 .\CortexM0\ARM_GCC_541\Debug\FinalDesignProject.a(LED_PWM.o)
                0x00000ef8                LED_PWM_Enable
 .text.LED_PWM_SetInterruptMode
                0x00000f1c        0xc .\CortexM0\ARM_GCC_541\Debug\FinalDesignProject.a(LED_PWM.o)
                0x00000f1c                LED_PWM_SetInterruptMode
 .text.LED_PWM_Init
                0x00000f28       0x4c .\CortexM0\ARM_GCC_541\Debug\FinalDesignProject.a(LED_PWM.o)
                0x00000f28                LED_PWM_Init
 .text.LED_PWM_Start
                0x00000f74       0x20 .\CortexM0\ARM_GCC_541\Debug\FinalDesignProject.a(LED_PWM.o)
                0x00000f74                LED_PWM_Start
 *fill*         0x00000f94        0x4 
 .text          0x00000f98       0x24 .\CortexM0\ARM_GCC_541\Debug\FinalDesignProject.a(CyBootAsmGnu.o)
                0x00000f98                CyDelayCycles
                0x00000fac                CyEnterCriticalSection
                0x00000fb4                CyExitCriticalSection
 .text.UART_SpiUartWriteTxData
                0x00000fbc       0x1c .\CortexM0\ARM_GCC_541\Debug\FinalDesignProject.a(UART_SPI_UART.o)
                0x00000fbc                UART_SpiUartWriteTxData
 .text.I2C_I2C_ISR
                0x00000fd8      0x33c .\CortexM0\ARM_GCC_541\Debug\FinalDesignProject.a(I2C_I2C_INT.o)
                0x00000fd8                I2C_I2C_ISR
 .text.__errno  0x00001314        0xc c:/program files (x86)/cypress/psoc creator/4.4/psoc creator/import/gnu/arm/5.4.1/bin/../lib/gcc/arm-none-eabi/5.4.1/../../../../arm-none-eabi/lib/armv6-m\libg_nano.a(lib_a-errno.o)
                0x00001314                __errno
 .text.__libc_init_array
                0x00001320       0x4c c:/program files (x86)/cypress/psoc creator/4.4/psoc creator/import/gnu/arm/5.4.1/bin/../lib/gcc/arm-none-eabi/5.4.1/../../../../arm-none-eabi/lib/armv6-m\libg_nano.a(lib_a-init.o)
                0x00001320                __libc_init_array
 .text.memset   0x0000136c       0x10 c:/program files (x86)/cypress/psoc creator/4.4/psoc creator/import/gnu/arm/5.4.1/bin/../lib/gcc/arm-none-eabi/5.4.1/../../../../arm-none-eabi/lib/armv6-m\libg_nano.a(lib_a-memset.o)
                0x0000136c                memset
 *(.plt)
 *(.gnu.warning)
 *(.glue_7t)
 .glue_7t       0x0000137c        0x0 linker stubs
 *(.glue_7)
 .glue_7        0x0000137c        0x0 linker stubs
 *(.vfp11_veneer)
 .vfp11_veneer  0x0000137c        0x0 linker stubs
 *(.bootloader)
 *(.ARM.extab* .gnu.linkonce.armextab.*)
 *(.gcc_except_table)

.v4_bx          0x0000137c        0x0
 .v4_bx         0x0000137c        0x0 linker stubs

.iplt           0x0000137c        0x0
 .iplt          0x0000137c        0x0 c:/program files (x86)/cypress/psoc creator/4.4/psoc creator/import/gnu/arm/5.4.1/bin/../lib/gcc/arm-none-eabi/5.4.1/armv6-m/crtbegin.o

.eh_frame_hdr
 *(.eh_frame_hdr)

.eh_frame       0x0000137c        0x4
 *(.eh_frame)
 .eh_frame      0x0000137c        0x0 c:/program files (x86)/cypress/psoc creator/4.4/psoc creator/import/gnu/arm/5.4.1/bin/../lib/gcc/arm-none-eabi/5.4.1/armv6-m/crtbegin.o
 .eh_frame      0x0000137c        0x4 c:/program files (x86)/cypress/psoc creator/4.4/psoc creator/import/gnu/arm/5.4.1/bin/../lib/gcc/arm-none-eabi/5.4.1/armv6-m/crtend.o
                [!provide]                PROVIDE (__exidx_start, .)

.ARM.exidx
 *(.ARM.exidx* .gnu.linkonce.armexidx.*)
                0x00001380                __exidx_end = .

.rodata         0x00001380      0x298
 *(.rodata .rodata.* .gnu.linkonce.r.*)
 .rodata.str1.4
                0x00001380       0x36 .\CortexM0\ARM_GCC_541\Debug\main.o
 *fill*         0x000013b6        0x2 
 .rodata        0x000013b8      0x16a .\CortexM0\ARM_GCC_541\Debug\ssd1306_driver.o
                0x000013e4                font
 *fill*         0x00001522        0x2 
 .rodata.str1.4
                0x00001524       0x48 .\CortexM0\ARM_GCC_541\Debug\ssd1306_driver.o
 .rodata        0x0000156c       0x48 .\CortexM0\ARM_GCC_541\Debug\cyfitter_cfg.o
 .rodata        0x000015b4       0x2e .\CortexM0\ARM_GCC_541\Debug\FinalDesignProject.a(CyLib.o)
                0x000015b4                cyImoFreqMhz2Reg
 .rodata.str1.1
                0x000015e2        0x2 c:/program files (x86)/cypress/psoc creator/4.4/psoc creator/import/gnu/arm/5.4.1/bin/../lib/gcc/arm-none-eabi/5.4.1/../../../../arm-none-eabi/lib/armv6-m\libg_nano.a(lib_a-impure.o)
                0x000015e4                . = ALIGN (0x4)
 *(.init)
 .init          0x000015e4        0x4 c:/program files (x86)/cypress/psoc creator/4.4/psoc creator/import/gnu/arm/5.4.1/bin/../lib/gcc/arm-none-eabi/5.4.1/armv6-m/crti.o
                0x000015e4                _init
 .init          0x000015e8        0x8 c:/program files (x86)/cypress/psoc creator/4.4/psoc creator/import/gnu/arm/5.4.1/bin/../lib/gcc/arm-none-eabi/5.4.1/armv6-m/crtn.o
                0x000015f0                . = ALIGN (0x4)
                0x000015f0                __preinit_array_start = .
 *(.preinit_array)
                0x000015f0                __preinit_array_end = .
                0x000015f0                . = ALIGN (0x4)
                0x000015f0                __init_array_start = .
 *(SORT(.init_array.*))
 *(.init_array)
 .init_array    0x000015f0        0x4 c:/program files (x86)/cypress/psoc creator/4.4/psoc creator/import/gnu/arm/5.4.1/bin/../lib/gcc/arm-none-eabi/5.4.1/armv6-m/crtbegin.o
 .init_array    0x000015f4        0x4 .\CortexM0\ARM_GCC_541\Debug\Cm0Start.o
                0x000015f8                __init_array_end = .
                0x000015f8                . = ALIGN (0x4)
 *(.fini)
 .fini          0x000015f8        0x4 c:/program files (x86)/cypress/psoc creator/4.4/psoc creator/import/gnu/arm/5.4.1/bin/../lib/gcc/arm-none-eabi/5.4.1/armv6-m/crti.o
                0x000015f8                _fini
 .fini          0x000015fc        0x8 c:/program files (x86)/cypress/psoc creator/4.4/psoc creator/import/gnu/arm/5.4.1/bin/../lib/gcc/arm-none-eabi/5.4.1/armv6-m/crtn.o
                0x00001604                . = ALIGN (0x4)
                0x00001604                __fini_array_start = .
 *(.fini_array)
 .fini_array    0x00001604        0x4 c:/program files (x86)/cypress/psoc creator/4.4/psoc creator/import/gnu/arm/5.4.1/bin/../lib/gcc/arm-none-eabi/5.4.1/armv6-m/crtbegin.o
 *(SORT(.fini_array.*))
                0x00001608                __fini_array_end = .
                0x00001608                . = ALIGN (0x4)
 *crtbegin.o(.ctors)
 *(EXCLUDE_FILE(*crtend.o) .ctors)
 *(SORT(.ctors.*))
 *crtend.o(.ctors)
                0x00001608                . = ALIGN (0x4)
 *crtbegin.o(.dtors)
 *(EXCLUDE_FILE(*crtend.o) .dtors)
 *(SORT(.dtors.*))
 *crtend.o(.dtors)
                0x00001608                . = ALIGN (0x4)
                0x00001608                __cy_regions = .
                0x00001608        0x4 LONG 0x1618 __cy_region_init_ram
                0x0000160c        0x4 LONG 0x200000c0 __cy_region_start_data
                0x00001610        0x4 LONG 0x80 __cy_region_init_size_ram
                0x00001614        0x4 LONG 0x278 __cy_region_zero_size_ram
                0x00001618                __cy_regions_end = .
                0x00001618                . = ALIGN (0x8)
                0x00001618                _etext = .

.cy_checksum_exclude
                0x00001618        0x0
 *(.cy_checksum_exclude)

.ramvectors     0x20000000       0xc0
                0x20000000                __cy_region_start_ram = .
 *(.ramvectors)
 .ramvectors    0x20000000       0xc0 .\CortexM0\ARM_GCC_541\Debug\Cm0Start.o
                0x20000000                CyRamVectors

.noinit
 *(.noinit)

.data           0x200000c0       0x80 load address 0x00001618
                0x200000c0                __cy_region_start_data = .
 *(.jcr)
 .jcr           0x200000c0        0x0 c:/program files (x86)/cypress/psoc creator/4.4/psoc creator/import/gnu/arm/5.4.1/bin/../lib/gcc/arm-none-eabi/5.4.1/armv6-m/crtbegin.o
 .jcr           0x200000c0        0x4 c:/program files (x86)/cypress/psoc creator/4.4/psoc creator/import/gnu/arm/5.4.1/bin/../lib/gcc/arm-none-eabi/5.4.1/armv6-m/crtend.o
 *(.got.plt)
 *(.got)
 *(.shdata)
 *(.data .data.* .gnu.linkonce.d.*)
 .data          0x200000c4       0x14 .\CortexM0\ARM_GCC_541\Debug\FinalDesignProject.a(CyLib.o)
                0x200000c4                CySysClkPumpConfig
                0x200000c8                cydelay32kMs
                0x200000cc                cydelayFreqKhz
                0x200000d0                cydelayFreqMhz
                0x200000d4                cydelayFreqHz
 .data          0x200000d8        0x4 .\CortexM0\ARM_GCC_541\Debug\FinalDesignProject.a(CyLFClk.o)
 .data.impure_data
                0x200000dc       0x60 c:/program files (x86)/cypress/psoc creator/4.4/psoc creator/import/gnu/arm/5.4.1/bin/../lib/gcc/arm-none-eabi/5.4.1/../../../../arm-none-eabi/lib/armv6-m\libg_nano.a(lib_a-impure.o)
 .data._impure_ptr
                0x2000013c        0x4 c:/program files (x86)/cypress/psoc creator/4.4/psoc creator/import/gnu/arm/5.4.1/bin/../lib/gcc/arm-none-eabi/5.4.1/../../../../arm-none-eabi/lib/armv6-m\libg_nano.a(lib_a-impure.o)
                0x2000013c                _impure_ptr
                0x20000140                . = ALIGN (0x8)
 *(.ram)
                0x20000140                _edata = .

.igot.plt       0x20000140        0x0 load address 0x00001698
 .igot.plt      0x20000140        0x0 c:/program files (x86)/cypress/psoc creator/4.4/psoc creator/import/gnu/arm/5.4.1/bin/../lib/gcc/arm-none-eabi/5.4.1/armv6-m/crtbegin.o

.bss            0x20000140      0x278 load address 0x00001698
                0x20000140                PROVIDE (__bss_start__, .)
 *(.shbss)
 *(.bss .bss.* .gnu.linkonce.b.*)
 .bss           0x20000140       0x1c c:/program files (x86)/cypress/psoc creator/4.4/psoc creator/import/gnu/arm/5.4.1/bin/../lib/gcc/arm-none-eabi/5.4.1/armv6-m/crtbegin.o
 .bss           0x2000015c       0x20 .\CortexM0\ARM_GCC_541\Debug\FinalDesignProject.a(CyLFClk.o)
 .bss           0x2000017c        0x4 .\CortexM0\ARM_GCC_541\Debug\FinalDesignProject.a(UART.o)
                0x2000017c                UART_initVar
                0x2000017e                UART_IntrTxMask
 .bss           0x20000180        0x8 .\CortexM0\ARM_GCC_541\Debug\FinalDesignProject.a(I2C.o)
                0x20000180                I2C_initVar
                0x20000184                I2C_customIntrHandler
 .bss           0x20000188        0x1 .\CortexM0\ARM_GCC_541\Debug\FinalDesignProject.a(LED_PWM.o)
                0x20000188                LED_PWM_initVar
 *(COMMON)
 *fill*         0x20000189        0x3 
 COMMON         0x2000018c      0x200 .\CortexM0\ARM_GCC_541\Debug\ssd1306_driver.o
                0x2000018c                buffer
 COMMON         0x2000038c        0x1 .\CortexM0\ARM_GCC_541\Debug\FinalDesignProject.a(I2C_I2C.o)
                0x2000038c                I2C_state
 *fill*         0x2000038d        0x3 
 COMMON         0x20000390       0x24 .\CortexM0\ARM_GCC_541\Debug\FinalDesignProject.a(I2C_I2C_MASTER.o)
                0x20000390                I2C_mstrWrBufIndexTmp
                0x20000394                I2C_mstrWrBufIndex
                0x20000398                I2C_mstrWrBufSize
                0x2000039c                I2C_mstrStatus
                0x200003a0                I2C_mstrRdBufPtr
                0x200003a4                I2C_mstrControl
                0x200003a8                I2C_mstrRdBufSize
                0x200003ac                I2C_mstrRdBufIndex
                0x200003b0                I2C_mstrWrBufPtr
                0x200003b8                . = ALIGN (0x8)
 *fill*         0x200003b4        0x4 
 *(.ram.b)
                0x200003b8                _end = .
                0x200003b8                __end = .
                0x200003b8                PROVIDE (end, .)
                0x200003b8                PROVIDE (__bss_end__, .)
                0x00001618                __cy_region_init_ram = LOADADDR (.data)
                0x00000080                __cy_region_init_size_ram = (_edata - ADDR (.data))
                0x00000278                __cy_region_zero_size_ram = (_end - _edata)

.heap           0x200003b8       0x80 load address 0x00001698
                0x200003b8                . = _end
                0x20000438                . = (. + 0x80)
 *fill*         0x200003b8       0x80 
                0x20000438                __cy_heap_limit = .

.stack          0x20000c00      0x400
                0x20000c00                __cy_stack_limit = .
                0x20001000                . = (. + 0x400)
 *fill*         0x20000c00      0x400 
                0x00000001                ASSERT ((__cy_stack_limit >= __cy_heap_limit), region RAM overflowed with stack)
                0x00000000                cy_checksum_exclude_size = (CY_APPL_LOADABLE == 0x1)?SIZEOF (.cy_checksum_exclude):0x0
                0x00000001                ASSERT ((cy_checksum_exclude_size <= CY_CHECKSUM_EXCLUDE_SIZE), CY_BOOT: Section .cy_checksum_exclude size exceedes specified limit.)
                0x00007fc0                cyloadermeta_start = (cy_project_type_bootloader || cy_project_type_app_for_stack_and_copier)?(LENGTH (rom) - CY_METADATA_SIZE):0xf0000000

.cyloadermeta
 *(.cyloadermeta)
                0x00007fc0                cyloadablemeta_start = cy_project_type_app_for_stack_and_copier?((LENGTH (rom) - CY_FLASH_ROW_SIZE) - CY_METADATA_SIZE):((LENGTH (rom) - (CY_FLASH_ROW_SIZE * (CY_APPL_NUM - 0x1))) - CY_METADATA_SIZE)

.cyloadablemeta
 *(.cyloadablemeta)

.cyflashprotect
                0x90400000       0x20
 *(.cyflashprotect)
 .cyflashprotect
                0x90400000       0x20 .\CortexM0\ARM_GCC_541\Debug\cymetadata.o
                0x90400000                cy_meta_flashprotect

.cymeta         0x90500000        0xc
 *(.cymeta)
 .cymeta        0x90500000        0xc .\CortexM0\ARM_GCC_541\Debug\cymetadata.o
                0x90500000                cy_metadata

.cychipprotect  0x90600000        0x1
 *(.cychipprotect)
 .cychipprotect
                0x90600000        0x1 .\CortexM0\ARM_GCC_541\Debug\cymetadata.o
                0x90600000                cy_meta_chipprotect

.rel.dyn        0x00001698        0x0 load address 0x90600004
 .rel.iplt      0x00001698        0x0 c:/program files (x86)/cypress/psoc creator/4.4/psoc creator/import/gnu/arm/5.4.1/bin/../lib/gcc/arm-none-eabi/5.4.1/armv6-m/crtbegin.o

.stab
 *(.stab)

.stabstr
 *(.stabstr)

.debug
 *(.debug)

.line
 *(.line)

.debug_srcinfo
 *(.debug_srcinfo)

.debug_sfnames
 *(.debug_sfnames)

.debug_aranges  0x00000000      0x878
 *(.debug_aranges)
 .debug_aranges
                0x00000000       0x20 .\CortexM0\ARM_GCC_541\Debug\main.o
 .debug_aranges
                0x00000020       0x88 .\CortexM0\ARM_GCC_541\Debug\ssd1306_driver.o
 .debug_aranges
                0x000000a8       0x38 .\CortexM0\ARM_GCC_541\Debug\cyfitter_cfg.o
 .debug_aranges
                0x000000e0       0x18 .\CortexM0\ARM_GCC_541\Debug\cymetadata.o
 .debug_aranges
                0x000000f8       0x48 .\CortexM0\ARM_GCC_541\Debug\Cm0Start.o
 .debug_aranges
                0x00000140      0x180 .\CortexM0\ARM_GCC_541\Debug\FinalDesignProject.a(CyLib.o)
 .debug_aranges
                0x000002c0      0x138 .\CortexM0\ARM_GCC_541\Debug\FinalDesignProject.a(CyLFClk.o)
 .debug_aranges
                0x000003f8       0x60 .\CortexM0\ARM_GCC_541\Debug\FinalDesignProject.a(UART.o)
 .debug_aranges
                0x00000458       0x68 .\CortexM0\ARM_GCC_541\Debug\FinalDesignProject.a(UART_UART.o)
 .debug_aranges
                0x000004c0       0x68 .\CortexM0\ARM_GCC_541\Debug\FinalDesignProject.a(I2C.o)
 .debug_aranges
                0x00000528       0x30 .\CortexM0\ARM_GCC_541\Debug\FinalDesignProject.a(I2C_I2C.o)
 .debug_aranges
                0x00000558       0x98 .\CortexM0\ARM_GCC_541\Debug\FinalDesignProject.a(I2C_I2C_MASTER.o)
 .debug_aranges
                0x000005f0       0x48 .\CortexM0\ARM_GCC_541\Debug\FinalDesignProject.a(I2C_sda.o)
 .debug_aranges
                0x00000638       0x48 .\CortexM0\ARM_GCC_541\Debug\FinalDesignProject.a(I2C_scl.o)
 .debug_aranges
                0x00000680      0x158 .\CortexM0\ARM_GCC_541\Debug\FinalDesignProject.a(LED_PWM.o)
 .debug_aranges
                0x000007d8       0x20 .\CortexM0\ARM_GCC_541\Debug\FinalDesignProject.a(CyBootAsmGnu.o)
 .debug_aranges
                0x000007f8       0x60 .\CortexM0\ARM_GCC_541\Debug\FinalDesignProject.a(UART_SPI_UART.o)
 .debug_aranges
                0x00000858       0x20 .\CortexM0\ARM_GCC_541\Debug\FinalDesignProject.a(I2C_I2C_INT.o)

.debug_pubnames
 *(.debug_pubnames)

.debug_info     0x00000000     0x4f40
 *(.debug_info .gnu.linkonce.wi.*)
 .debug_info    0x00000000      0x231 .\CortexM0\ARM_GCC_541\Debug\main.o
 .debug_info    0x00000231      0x973 .\CortexM0\ARM_GCC_541\Debug\ssd1306_driver.o
 .debug_info    0x00000ba4      0x3a0 .\CortexM0\ARM_GCC_541\Debug\cyfitter_cfg.o
 .debug_info    0x00000f44       0xf8 .\CortexM0\ARM_GCC_541\Debug\cymetadata.o
 .debug_info    0x0000103c      0x3a2 .\CortexM0\ARM_GCC_541\Debug\Cm0Start.o
 .debug_info    0x000013de      0xaed .\CortexM0\ARM_GCC_541\Debug\FinalDesignProject.a(CyLib.o)
 .debug_info    0x00001ecb      0xcfe .\CortexM0\ARM_GCC_541\Debug\FinalDesignProject.a(CyLFClk.o)
 .debug_info    0x00002bc9      0x24c .\CortexM0\ARM_GCC_541\Debug\FinalDesignProject.a(UART.o)
 .debug_info    0x00002e15      0x310 .\CortexM0\ARM_GCC_541\Debug\FinalDesignProject.a(UART_UART.o)
 .debug_info    0x00003125      0x2aa .\CortexM0\ARM_GCC_541\Debug\FinalDesignProject.a(I2C.o)
 .debug_info    0x000033cf      0x195 .\CortexM0\ARM_GCC_541\Debug\FinalDesignProject.a(I2C_I2C.o)
 .debug_info    0x00003564      0x91d .\CortexM0\ARM_GCC_541\Debug\FinalDesignProject.a(I2C_I2C_MASTER.o)
 .debug_info    0x00003e81      0x19d .\CortexM0\ARM_GCC_541\Debug\FinalDesignProject.a(I2C_sda.o)
 .debug_info    0x0000401e      0x19b .\CortexM0\ARM_GCC_541\Debug\FinalDesignProject.a(I2C_scl.o)
 .debug_info    0x000041b9      0x909 .\CortexM0\ARM_GCC_541\Debug\FinalDesignProject.a(LED_PWM.o)
 .debug_info    0x00004ac2       0xb6 .\CortexM0\ARM_GCC_541\Debug\FinalDesignProject.a(CyBootAsmGnu.o)
 .debug_info    0x00004b78      0x220 .\CortexM0\ARM_GCC_541\Debug\FinalDesignProject.a(UART_SPI_UART.o)
 .debug_info    0x00004d98      0x1a8 .\CortexM0\ARM_GCC_541\Debug\FinalDesignProject.a(I2C_I2C_INT.o)

.debug_abbrev   0x00000000     0x14c7
 *(.debug_abbrev)
 .debug_abbrev  0x00000000       0xbf .\CortexM0\ARM_GCC_541\Debug\main.o
 .debug_abbrev  0x000000bf      0x1ee .\CortexM0\ARM_GCC_541\Debug\ssd1306_driver.o
 .debug_abbrev  0x000002ad      0x199 .\CortexM0\ARM_GCC_541\Debug\cyfitter_cfg.o
 .debug_abbrev  0x00000446       0x5d .\CortexM0\ARM_GCC_541\Debug\cymetadata.o
 .debug_abbrev  0x000004a3      0x1d7 .\CortexM0\ARM_GCC_541\Debug\Cm0Start.o
 .debug_abbrev  0x0000067a      0x1d3 .\CortexM0\ARM_GCC_541\Debug\FinalDesignProject.a(CyLib.o)
 .debug_abbrev  0x0000084d      0x210 .\CortexM0\ARM_GCC_541\Debug\FinalDesignProject.a(CyLFClk.o)
 .debug_abbrev  0x00000a5d       0xed .\CortexM0\ARM_GCC_541\Debug\FinalDesignProject.a(UART.o)
 .debug_abbrev  0x00000b4a      0x123 .\CortexM0\ARM_GCC_541\Debug\FinalDesignProject.a(UART_UART.o)
 .debug_abbrev  0x00000c6d      0x130 .\CortexM0\ARM_GCC_541\Debug\FinalDesignProject.a(I2C.o)
 .debug_abbrev  0x00000d9d       0xc7 .\CortexM0\ARM_GCC_541\Debug\FinalDesignProject.a(I2C_I2C.o)
 .debug_abbrev  0x00000e64      0x1b3 .\CortexM0\ARM_GCC_541\Debug\FinalDesignProject.a(I2C_I2C_MASTER.o)
 .debug_abbrev  0x00001017       0xc8 .\CortexM0\ARM_GCC_541\Debug\FinalDesignProject.a(I2C_sda.o)
 .debug_abbrev  0x000010df       0xc8 .\CortexM0\ARM_GCC_541\Debug\FinalDesignProject.a(I2C_scl.o)
 .debug_abbrev  0x000011a7      0x119 .\CortexM0\ARM_GCC_541\Debug\FinalDesignProject.a(LED_PWM.o)
 .debug_abbrev  0x000012c0       0x14 .\CortexM0\ARM_GCC_541\Debug\FinalDesignProject.a(CyBootAsmGnu.o)
 .debug_abbrev  0x000012d4      0x14f .\CortexM0\ARM_GCC_541\Debug\FinalDesignProject.a(UART_SPI_UART.o)
 .debug_abbrev  0x00001423       0xa4 .\CortexM0\ARM_GCC_541\Debug\FinalDesignProject.a(I2C_I2C_INT.o)

.debug_line     0x00000000     0x21b2
 *(.debug_line)
 .debug_line    0x00000000       0xd0 .\CortexM0\ARM_GCC_541\Debug\main.o
 .debug_line    0x000000d0      0x387 .\CortexM0\ARM_GCC_541\Debug\ssd1306_driver.o
 .debug_line    0x00000457      0x16d .\CortexM0\ARM_GCC_541\Debug\cyfitter_cfg.o
 .debug_line    0x000005c4      0x141 .\CortexM0\ARM_GCC_541\Debug\cymetadata.o
 .debug_line    0x00000705      0x235 .\CortexM0\ARM_GCC_541\Debug\Cm0Start.o
 .debug_line    0x0000093a      0x460 .\CortexM0\ARM_GCC_541\Debug\FinalDesignProject.a(CyLib.o)
 .debug_line    0x00000d9a      0x466 .\CortexM0\ARM_GCC_541\Debug\FinalDesignProject.a(CyLFClk.o)
 .debug_line    0x00001200      0x127 .\CortexM0\ARM_GCC_541\Debug\FinalDesignProject.a(UART.o)
 .debug_line    0x00001327      0x16d .\CortexM0\ARM_GCC_541\Debug\FinalDesignProject.a(UART_UART.o)
 .debug_line    0x00001494      0x143 .\CortexM0\ARM_GCC_541\Debug\FinalDesignProject.a(I2C.o)
 .debug_line    0x000015d7       0xc3 .\CortexM0\ARM_GCC_541\Debug\FinalDesignProject.a(I2C_I2C.o)
 .debug_line    0x0000169a      0x339 .\CortexM0\ARM_GCC_541\Debug\FinalDesignProject.a(I2C_I2C_MASTER.o)
 .debug_line    0x000019d3       0xbf .\CortexM0\ARM_GCC_541\Debug\FinalDesignProject.a(I2C_sda.o)
 .debug_line    0x00001a92       0xbe .\CortexM0\ARM_GCC_541\Debug\FinalDesignProject.a(I2C_scl.o)
 .debug_line    0x00001b50      0x380 .\CortexM0\ARM_GCC_541\Debug\FinalDesignProject.a(LED_PWM.o)
 .debug_line    0x00001ed0       0x69 .\CortexM0\ARM_GCC_541\Debug\FinalDesignProject.a(CyBootAsmGnu.o)
 .debug_line    0x00001f39      0x11a .\CortexM0\ARM_GCC_541\Debug\FinalDesignProject.a(UART_SPI_UART.o)
 .debug_line    0x00002053      0x15f .\CortexM0\ARM_GCC_541\Debug\FinalDesignProject.a(I2C_I2C_INT.o)

.debug_frame    0x00000000     0x15d4
 *(.debug_frame)
 .debug_frame   0x00000000       0x2c .\CortexM0\ARM_GCC_541\Debug\main.o
 .debug_frame   0x0000002c      0x1b4 .\CortexM0\ARM_GCC_541\Debug\ssd1306_driver.o
 .debug_frame   0x000001e0       0x8c .\CortexM0\ARM_GCC_541\Debug\cyfitter_cfg.o
 .debug_frame   0x0000026c       0xbc .\CortexM0\ARM_GCC_541\Debug\Cm0Start.o
 .debug_frame   0x00000328      0x3e0 .\CortexM0\ARM_GCC_541\Debug\FinalDesignProject.a(CyLib.o)
 .debug_frame   0x00000708      0x3a8 .\CortexM0\ARM_GCC_541\Debug\FinalDesignProject.a(CyLFClk.o)
 .debug_frame   0x00000ab0       0xe8 .\CortexM0\ARM_GCC_541\Debug\FinalDesignProject.a(UART.o)
 .debug_frame   0x00000b98       0xf4 .\CortexM0\ARM_GCC_541\Debug\FinalDesignProject.a(UART_UART.o)
 .debug_frame   0x00000c8c       0xf8 .\CortexM0\ARM_GCC_541\Debug\FinalDesignProject.a(I2C.o)
 .debug_frame   0x00000d84       0x58 .\CortexM0\ARM_GCC_541\Debug\FinalDesignProject.a(I2C_I2C.o)
 .debug_frame   0x00000ddc      0x1e8 .\CortexM0\ARM_GCC_541\Debug\FinalDesignProject.a(I2C_I2C_MASTER.o)
 .debug_frame   0x00000fc4       0x70 .\CortexM0\ARM_GCC_541\Debug\FinalDesignProject.a(I2C_sda.o)
 .debug_frame   0x00001034       0x70 .\CortexM0\ARM_GCC_541\Debug\FinalDesignProject.a(I2C_scl.o)
 .debug_frame   0x000010a4      0x3a0 .\CortexM0\ARM_GCC_541\Debug\FinalDesignProject.a(LED_PWM.o)
 .debug_frame   0x00001444       0xb0 .\CortexM0\ARM_GCC_541\Debug\FinalDesignProject.a(UART_SPI_UART.o)
 .debug_frame   0x000014f4       0x2c .\CortexM0\ARM_GCC_541\Debug\FinalDesignProject.a(I2C_I2C_INT.o)
 .debug_frame   0x00001520       0x20 c:/program files (x86)/cypress/psoc creator/4.4/psoc creator/import/gnu/arm/5.4.1/bin/../lib/gcc/arm-none-eabi/5.4.1/armv6-m\libgcc.a(_udivsi3.o)
 .debug_frame   0x00001540       0x20 c:/program files (x86)/cypress/psoc creator/4.4/psoc creator/import/gnu/arm/5.4.1/bin/../lib/gcc/arm-none-eabi/5.4.1/../../../../arm-none-eabi/lib/armv6-m\libg_nano.a(lib_a-errno.o)
 .debug_frame   0x00001560       0x28 c:/program files (x86)/cypress/psoc creator/4.4/psoc creator/import/gnu/arm/5.4.1/bin/../lib/gcc/arm-none-eabi/5.4.1/../../../../arm-none-eabi/lib/armv6-m\libg_nano.a(lib_a-exit.o)
 .debug_frame   0x00001588       0x2c c:/program files (x86)/cypress/psoc creator/4.4/psoc creator/import/gnu/arm/5.4.1/bin/../lib/gcc/arm-none-eabi/5.4.1/../../../../arm-none-eabi/lib/armv6-m\libg_nano.a(lib_a-init.o)
 .debug_frame   0x000015b4       0x20 c:/program files (x86)/cypress/psoc creator/4.4/psoc creator/import/gnu/arm/5.4.1/bin/../lib/gcc/arm-none-eabi/5.4.1/../../../../arm-none-eabi/lib/armv6-m\libg_nano.a(lib_a-memset.o)

.debug_str      0x00000000     0x1cae
 *(.debug_str)
 .debug_str     0x00000000      0x1f7 .\CortexM0\ARM_GCC_541\Debug\main.o
                                0x237 (size before relaxing)
 .debug_str     0x000001f7      0x16e .\CortexM0\ARM_GCC_541\Debug\ssd1306_driver.o
                                0x388 (size before relaxing)
 .debug_str     0x00000365      0x11a .\CortexM0\ARM_GCC_541\Debug\cyfitter_cfg.o
                                0x2eb (size before relaxing)
 .debug_str     0x0000047f       0x59 .\CortexM0\ARM_GCC_541\Debug\cymetadata.o
                                0x1ee (size before relaxing)
 .debug_str     0x000004d8      0x135 .\CortexM0\ARM_GCC_541\Debug\Cm0Start.o
                                0x327 (size before relaxing)
 .debug_str     0x0000060d      0x4bd .\CortexM0\ARM_GCC_541\Debug\FinalDesignProject.a(CyLib.o)
                                0x6dc (size before relaxing)
 .debug_str     0x00000aca      0x530 .\CortexM0\ARM_GCC_541\Debug\FinalDesignProject.a(CyLFClk.o)
                                0x763 (size before relaxing)
 .debug_str     0x00000ffa      0x113 .\CortexM0\ARM_GCC_541\Debug\FinalDesignProject.a(UART.o)
                                0x2d9 (size before relaxing)
 .debug_str     0x0000110d      0x14c .\CortexM0\ARM_GCC_541\Debug\FinalDesignProject.a(UART_UART.o)
                                0x362 (size before relaxing)
 .debug_str     0x00001259       0xfa .\CortexM0\ARM_GCC_541\Debug\FinalDesignProject.a(I2C.o)
                                0x2ff (size before relaxing)
 .debug_str     0x00001353       0x74 .\CortexM0\ARM_GCC_541\Debug\FinalDesignProject.a(I2C_I2C.o)
                                0x274 (size before relaxing)
 .debug_str     0x000013c7      0x278 .\CortexM0\ARM_GCC_541\Debug\FinalDesignProject.a(I2C_I2C_MASTER.o)
                                0x512 (size before relaxing)
 .debug_str     0x0000163f       0xac .\CortexM0\ARM_GCC_541\Debug\FinalDesignProject.a(I2C_sda.o)
                                0x26a (size before relaxing)
 .debug_str     0x000016eb       0x7a .\CortexM0\ARM_GCC_541\Debug\FinalDesignProject.a(I2C_scl.o)
                                0x26a (size before relaxing)
 .debug_str     0x00001765      0x41f .\CortexM0\ARM_GCC_541\Debug\FinalDesignProject.a(LED_PWM.o)
                                0x62b (size before relaxing)
 .debug_str     0x00001b84       0xe3 .\CortexM0\ARM_GCC_541\Debug\FinalDesignProject.a(UART_SPI_UART.o)
                                0x2f4 (size before relaxing)
 .debug_str     0x00001c67       0x47 .\CortexM0\ARM_GCC_541\Debug\FinalDesignProject.a(I2C_I2C_INT.o)
                                0x2e4 (size before relaxing)

.debug_loc      0x00000000     0x2f7e
 *(.debug_loc)
 .debug_loc     0x00000000      0x84d .\CortexM0\ARM_GCC_541\Debug\ssd1306_driver.o
 .debug_loc     0x0000084d      0x118 .\CortexM0\ARM_GCC_541\Debug\cyfitter_cfg.o
 .debug_loc     0x00000965      0x14f .\CortexM0\ARM_GCC_541\Debug\Cm0Start.o
 .debug_loc     0x00000ab4      0x599 .\CortexM0\ARM_GCC_541\Debug\FinalDesignProject.a(CyLib.o)
 .debug_loc     0x0000104d      0x9b5 .\CortexM0\ARM_GCC_541\Debug\FinalDesignProject.a(CyLFClk.o)
 .debug_loc     0x00001a02       0x7e .\CortexM0\ARM_GCC_541\Debug\FinalDesignProject.a(UART.o)
 .debug_loc     0x00001a80      0x1e4 .\CortexM0\ARM_GCC_541\Debug\FinalDesignProject.a(UART_UART.o)
 .debug_loc     0x00001c64       0x7e .\CortexM0\ARM_GCC_541\Debug\FinalDesignProject.a(I2C.o)
 .debug_loc     0x00001ce2      0xa90 .\CortexM0\ARM_GCC_541\Debug\FinalDesignProject.a(I2C_I2C_MASTER.o)
 .debug_loc     0x00002772       0xa2 .\CortexM0\ARM_GCC_541\Debug\FinalDesignProject.a(I2C_sda.o)
 .debug_loc     0x00002814       0x81 .\CortexM0\ARM_GCC_541\Debug\FinalDesignProject.a(I2C_scl.o)
 .debug_loc     0x00002895      0x547 .\CortexM0\ARM_GCC_541\Debug\FinalDesignProject.a(LED_PWM.o)
 .debug_loc     0x00002ddc       0x96 .\CortexM0\ARM_GCC_541\Debug\FinalDesignProject.a(UART_SPI_UART.o)
 .debug_loc     0x00002e72      0x10c .\CortexM0\ARM_GCC_541\Debug\FinalDesignProject.a(I2C_I2C_INT.o)

.debug_macinfo
 *(.debug_macinfo)

.debug_ranges   0x00000000      0x740
 *(.debug_ranges)
 .debug_ranges  0x00000000       0x10 .\CortexM0\ARM_GCC_541\Debug\main.o
 .debug_ranges  0x00000010       0x78 .\CortexM0\ARM_GCC_541\Debug\ssd1306_driver.o
 .debug_ranges  0x00000088       0x28 .\CortexM0\ARM_GCC_541\Debug\cyfitter_cfg.o
 .debug_ranges  0x000000b0       0x38 .\CortexM0\ARM_GCC_541\Debug\Cm0Start.o
 .debug_ranges  0x000000e8      0x170 .\CortexM0\ARM_GCC_541\Debug\FinalDesignProject.a(CyLib.o)
 .debug_ranges  0x00000258      0x128 .\CortexM0\ARM_GCC_541\Debug\FinalDesignProject.a(CyLFClk.o)
 .debug_ranges  0x00000380       0x50 .\CortexM0\ARM_GCC_541\Debug\FinalDesignProject.a(UART.o)
 .debug_ranges  0x000003d0       0x58 .\CortexM0\ARM_GCC_541\Debug\FinalDesignProject.a(UART_UART.o)
 .debug_ranges  0x00000428       0x58 .\CortexM0\ARM_GCC_541\Debug\FinalDesignProject.a(I2C.o)
 .debug_ranges  0x00000480       0x20 .\CortexM0\ARM_GCC_541\Debug\FinalDesignProject.a(I2C_I2C.o)
 .debug_ranges  0x000004a0       0x88 .\CortexM0\ARM_GCC_541\Debug\FinalDesignProject.a(I2C_I2C_MASTER.o)
 .debug_ranges  0x00000528       0x38 .\CortexM0\ARM_GCC_541\Debug\FinalDesignProject.a(I2C_sda.o)
 .debug_ranges  0x00000560       0x38 .\CortexM0\ARM_GCC_541\Debug\FinalDesignProject.a(I2C_scl.o)
 .debug_ranges  0x00000598      0x148 .\CortexM0\ARM_GCC_541\Debug\FinalDesignProject.a(LED_PWM.o)
 .debug_ranges  0x000006e0       0x50 .\CortexM0\ARM_GCC_541\Debug\FinalDesignProject.a(UART_SPI_UART.o)
 .debug_ranges  0x00000730       0x10 .\CortexM0\ARM_GCC_541\Debug\FinalDesignProject.a(I2C_I2C_INT.o)

.comment        0x00000000       0x6e
 .comment       0x00000000       0x6e .\CortexM0\ARM_GCC_541\Debug\main.o
                                 0x6f (size before relaxing)
 .comment       0x0000006e       0x6f .\CortexM0\ARM_GCC_541\Debug\ssd1306_driver.o
 .comment       0x0000006e       0x6f .\CortexM0\ARM_GCC_541\Debug\cyfitter_cfg.o
 .comment       0x0000006e       0x6f .\CortexM0\ARM_GCC_541\Debug\cymetadata.o
 .comment       0x0000006e       0x6f .\CortexM0\ARM_GCC_541\Debug\Cm0Start.o
 .comment       0x0000006e       0x6f .\CortexM0\ARM_GCC_541\Debug\FinalDesignProject.a(CyLib.o)
 .comment       0x0000006e       0x6f .\CortexM0\ARM_GCC_541\Debug\FinalDesignProject.a(CyLFClk.o)
 .comment       0x0000006e       0x6f .\CortexM0\ARM_GCC_541\Debug\FinalDesignProject.a(UART.o)
 .comment       0x0000006e       0x6f .\CortexM0\ARM_GCC_541\Debug\FinalDesignProject.a(UART_UART.o)
 .comment       0x0000006e       0x6f .\CortexM0\ARM_GCC_541\Debug\FinalDesignProject.a(I2C.o)
 .comment       0x0000006e       0x6f .\CortexM0\ARM_GCC_541\Debug\FinalDesignProject.a(I2C_I2C.o)
 .comment       0x0000006e       0x6f .\CortexM0\ARM_GCC_541\Debug\FinalDesignProject.a(I2C_I2C_MASTER.o)
 .comment       0x0000006e       0x6f .\CortexM0\ARM_GCC_541\Debug\FinalDesignProject.a(I2C_sda.o)
 .comment       0x0000006e       0x6f .\CortexM0\ARM_GCC_541\Debug\FinalDesignProject.a(I2C_scl.o)
 .comment       0x0000006e       0x6f .\CortexM0\ARM_GCC_541\Debug\FinalDesignProject.a(LED_PWM.o)
 .comment       0x0000006e       0x6f .\CortexM0\ARM_GCC_541\Debug\FinalDesignProject.a(UART_SPI_UART.o)
 .comment       0x0000006e       0x6f .\CortexM0\ARM_GCC_541\Debug\FinalDesignProject.a(I2C_I2C_INT.o)

.debug_weaknames
 *(.debug_weaknames)

.debug_funcnames
 *(.debug_funcnames)

.debug_typenames
 *(.debug_typenames)

.debug_varnames
 *(.debug_varnames)

.note.gnu.arm.ident
 *(.note.gnu.arm.ident)

.ARM.attributes
                0x00000000       0x28
 *(.ARM.attributes)
 .ARM.attributes
                0x00000000       0x1e c:/program files (x86)/cypress/psoc creator/4.4/psoc creator/import/gnu/arm/5.4.1/bin/../lib/gcc/arm-none-eabi/5.4.1/armv6-m/crti.o
 .ARM.attributes
                0x0000001e       0x2c c:/program files (x86)/cypress/psoc creator/4.4/psoc creator/import/gnu/arm/5.4.1/bin/../lib/gcc/arm-none-eabi/5.4.1/armv6-m/crtbegin.o
 .ARM.attributes
                0x0000004a       0x1b c:/program files (x86)/cypress/psoc creator/4.4/psoc creator/import/gnu/arm/5.4.1/bin/../lib/gcc/arm-none-eabi/5.4.1/../../../../arm-none-eabi/lib/armv6-m/crt0.o
 .ARM.attributes
                0x00000065       0x31 .\CortexM0\ARM_GCC_541\Debug\main.o
 .ARM.attributes
                0x00000096       0x31 .\CortexM0\ARM_GCC_541\Debug\ssd1306_driver.o
 .ARM.attributes
                0x000000c7       0x31 .\CortexM0\ARM_GCC_541\Debug\cyfitter_cfg.o
 .ARM.attributes
                0x000000f8       0x31 .\CortexM0\ARM_GCC_541\Debug\cymetadata.o
 .ARM.attributes
                0x00000129       0x31 .\CortexM0\ARM_GCC_541\Debug\Cm0Start.o
 .ARM.attributes
                0x0000015a       0x31 .\CortexM0\ARM_GCC_541\Debug\FinalDesignProject.a(CyLib.o)
 .ARM.attributes
                0x0000018b       0x31 .\CortexM0\ARM_GCC_541\Debug\FinalDesignProject.a(CyLFClk.o)
 .ARM.attributes
                0x000001bc       0x31 .\CortexM0\ARM_GCC_541\Debug\FinalDesignProject.a(UART.o)
 .ARM.attributes
                0x000001ed       0x31 .\CortexM0\ARM_GCC_541\Debug\FinalDesignProject.a(UART_UART.o)
 .ARM.attributes
                0x0000021e       0x31 .\CortexM0\ARM_GCC_541\Debug\FinalDesignProject.a(I2C.o)
 .ARM.attributes
                0x0000024f       0x31 .\CortexM0\ARM_GCC_541\Debug\FinalDesignProject.a(I2C_I2C.o)
 .ARM.attributes
                0x00000280       0x31 .\CortexM0\ARM_GCC_541\Debug\FinalDesignProject.a(I2C_I2C_MASTER.o)
 .ARM.attributes
                0x000002b1       0x31 .\CortexM0\ARM_GCC_541\Debug\FinalDesignProject.a(I2C_sda.o)
 .ARM.attributes
                0x000002e2       0x31 .\CortexM0\ARM_GCC_541\Debug\FinalDesignProject.a(I2C_scl.o)
 .ARM.attributes
                0x00000313       0x31 .\CortexM0\ARM_GCC_541\Debug\FinalDesignProject.a(LED_PWM.o)
 .ARM.attributes
                0x00000344       0x21 .\CortexM0\ARM_GCC_541\Debug\FinalDesignProject.a(CyBootAsmGnu.o)
 .ARM.attributes
                0x00000365       0x31 .\CortexM0\ARM_GCC_541\Debug\FinalDesignProject.a(UART_SPI_UART.o)
 .ARM.attributes
                0x00000396       0x31 .\CortexM0\ARM_GCC_541\Debug\FinalDesignProject.a(I2C_I2C_INT.o)
 .ARM.attributes
                0x000003c7       0x1e c:/program files (x86)/cypress/psoc creator/4.4/psoc creator/import/gnu/arm/5.4.1/bin/../lib/gcc/arm-none-eabi/5.4.1/armv6-m\libgcc.a(_udivsi3.o)
 .ARM.attributes
                0x000003e5       0x1e c:/program files (x86)/cypress/psoc creator/4.4/psoc creator/import/gnu/arm/5.4.1/bin/../lib/gcc/arm-none-eabi/5.4.1/armv6-m\libgcc.a(_dvmd_tls.o)
 .ARM.attributes
                0x00000403       0x2c c:/program files (x86)/cypress/psoc creator/4.4/psoc creator/import/gnu/arm/5.4.1/bin/../lib/gcc/arm-none-eabi/5.4.1/../../../../arm-none-eabi/lib/armv6-m\libg_nano.a(lib_a-errno.o)
 .ARM.attributes
                0x0000042f       0x2c c:/program files (x86)/cypress/psoc creator/4.4/psoc creator/import/gnu/arm/5.4.1/bin/../lib/gcc/arm-none-eabi/5.4.1/../../../../arm-none-eabi/lib/armv6-m\libg_nano.a(lib_a-exit.o)
 .ARM.attributes
                0x0000045b       0x2c c:/program files (x86)/cypress/psoc creator/4.4/psoc creator/import/gnu/arm/5.4.1/bin/../lib/gcc/arm-none-eabi/5.4.1/../../../../arm-none-eabi/lib/armv6-m\libg_nano.a(lib_a-impure.o)
 .ARM.attributes
                0x00000487       0x2c c:/program files (x86)/cypress/psoc creator/4.4/psoc creator/import/gnu/arm/5.4.1/bin/../lib/gcc/arm-none-eabi/5.4.1/../../../../arm-none-eabi/lib/armv6-m\libg_nano.a(lib_a-init.o)
 .ARM.attributes
                0x000004b3       0x2c c:/program files (x86)/cypress/psoc creator/4.4/psoc creator/import/gnu/arm/5.4.1/bin/../lib/gcc/arm-none-eabi/5.4.1/../../../../arm-none-eabi/lib/armv6-m\libg_nano.a(lib_a-memset.o)
 .ARM.attributes
                0x000004df       0x2c c:/program files (x86)/cypress/psoc creator/4.4/psoc creator/import/gnu/arm/5.4.1/bin/../lib/gcc/arm-none-eabi/5.4.1/armv6-m/crtend.o
 .ARM.attributes
                0x0000050b       0x1e c:/program files (x86)/cypress/psoc creator/4.4/psoc creator/import/gnu/arm/5.4.1/bin/../lib/gcc/arm-none-eabi/5.4.1/armv6-m/crtn.o

/DISCARD/
 *(.note.GNU-stack)
OUTPUT(C:\Users\joshw\Desktop\EECE3015\eece3015-heart-rate-monitor\FinalDesignProject\FinalDesignProject.cydsn\CortexM0\ARM_GCC_541\Debug\FinalDesignProject.elf elf32-littlearm)
