Archive member included to satisfy reference by file (symbol)

.\CortexM0\ARM_GCC_541\Debug\FinalDesignProject.a(CyLib.o)
                              .\CortexM0\ARM_GCC_541\Debug\cyfitter_cfg.o (CyIntEnable)
.\CortexM0\ARM_GCC_541\Debug\FinalDesignProject.a(CyLFClk.o)
                              .\CortexM0\ARM_GCC_541\Debug\cyfitter_cfg.o (CySysWdtIsr)
.\CortexM0\ARM_GCC_541\Debug\FinalDesignProject.a(UART.o)
                              .\CortexM0\ARM_GCC_541\Debug\main.o (UART_Start)
.\CortexM0\ARM_GCC_541\Debug\FinalDesignProject.a(UART_UART.o)
                              .\CortexM0\ARM_GCC_541\Debug\FinalDesignProject.a(UART.o) (UART_UartInit)
.\CortexM0\ARM_GCC_541\Debug\FinalDesignProject.a(I2C.o)
                              .\CortexM0\ARM_GCC_541\Debug\main.o (I2C_Start)
.\CortexM0\ARM_GCC_541\Debug\FinalDesignProject.a(I2C_I2C.o)
                              .\CortexM0\ARM_GCC_541\Debug\FinalDesignProject.a(I2C.o) (I2C_I2CInit)
.\CortexM0\ARM_GCC_541\Debug\FinalDesignProject.a(I2C_I2C_MASTER.o)
                              .\CortexM0\ARM_GCC_541\Debug\ssd1306_driver.o (I2C_I2CMasterSendStart)
.\CortexM0\ARM_GCC_541\Debug\FinalDesignProject.a(I2C_sda.o)
                              .\CortexM0\ARM_GCC_541\Debug\FinalDesignProject.a(I2C_I2C_MASTER.o) (I2C_sda_Read)
.\CortexM0\ARM_GCC_541\Debug\FinalDesignProject.a(I2C_scl.o)
                              .\CortexM0\ARM_GCC_541\Debug\FinalDesignProject.a(I2C_I2C_MASTER.o) (I2C_scl_Write)
.\CortexM0\ARM_GCC_541\Debug\FinalDesignProject.a(LED_PWM.o)
                              .\CortexM0\ARM_GCC_541\Debug\main.o (LED_PWM_Stop)
.\CortexM0\ARM_GCC_541\Debug\FinalDesignProject.a(ISR_1.o)
                              .\CortexM0\ARM_GCC_541\Debug\main.o (ISR_1_StartEx)
.\CortexM0\ARM_GCC_541\Debug\FinalDesignProject.a(Timer_1.o)
                              .\CortexM0\ARM_GCC_541\Debug\main.o (Timer_1_Start)
.\CortexM0\ARM_GCC_541\Debug\FinalDesignProject.a(CyBootAsmGnu.o)
                              .\CortexM0\ARM_GCC_541\Debug\FinalDesignProject.a(CyLib.o) (CyDelayCycles)
.\CortexM0\ARM_GCC_541\Debug\FinalDesignProject.a(UART_SPI_UART.o)
                              .\CortexM0\ARM_GCC_541\Debug\FinalDesignProject.a(UART_UART.o) (UART_SpiUartReadRxData)
.\CortexM0\ARM_GCC_541\Debug\FinalDesignProject.a(I2C_I2C_INT.o)
                              .\CortexM0\ARM_GCC_541\Debug\FinalDesignProject.a(I2C_I2C.o) (I2C_I2C_ISR)
c:/program files (x86)/cypress/psoc creator/4.4/psoc creator/import/gnu/arm/5.4.1/bin/../lib/gcc/arm-none-eabi/5.4.1/armv6-m\libgcc.a(_udivsi3.o)
                              .\CortexM0\ARM_GCC_541\Debug\spo2_algorithm.o (__aeabi_uidiv)
c:/program files (x86)/cypress/psoc creator/4.4/psoc creator/import/gnu/arm/5.4.1/bin/../lib/gcc/arm-none-eabi/5.4.1/armv6-m\libgcc.a(_divsi3.o)
                              .\CortexM0\ARM_GCC_541\Debug\main.o (__aeabi_idiv)
c:/program files (x86)/cypress/psoc creator/4.4/psoc creator/import/gnu/arm/5.4.1/bin/../lib/gcc/arm-none-eabi/5.4.1/armv6-m\libgcc.a(_dvmd_tls.o)
                              c:/program files (x86)/cypress/psoc creator/4.4/psoc creator/import/gnu/arm/5.4.1/bin/../lib/gcc/arm-none-eabi/5.4.1/armv6-m\libgcc.a(_udivsi3.o) (__aeabi_idiv0)
c:/program files (x86)/cypress/psoc creator/4.4/psoc creator/import/gnu/arm/5.4.1/bin/../lib/gcc/arm-none-eabi/5.4.1/armv6-m\libgcc.a(addsf3.o)
                              .\CortexM0\ARM_GCC_541\Debug\max30102_driver.o (__aeabi_fadd)
c:/program files (x86)/cypress/psoc creator/4.4/psoc creator/import/gnu/arm/5.4.1/bin/../lib/gcc/arm-none-eabi/5.4.1/armv6-m\libgcc.a(mulsf3.o)
                              .\CortexM0\ARM_GCC_541\Debug\max30102_driver.o (__aeabi_fmul)
c:/program files (x86)/cypress/psoc creator/4.4/psoc creator/import/gnu/arm/5.4.1/bin/../lib/gcc/arm-none-eabi/5.4.1/armv6-m\libgcc.a(floatsisf.o)
                              .\CortexM0\ARM_GCC_541\Debug\max30102_driver.o (__aeabi_i2f)
c:/program files (x86)/cypress/psoc creator/4.4/psoc creator/import/gnu/arm/5.4.1/bin/../lib/gcc/arm-none-eabi/5.4.1/armv6-m\libgcc.a(floatunsisf.o)
                              .\CortexM0\ARM_GCC_541\Debug\max30102_driver.o (__aeabi_ui2f)
c:/program files (x86)/cypress/psoc creator/4.4/psoc creator/import/gnu/arm/5.4.1/bin/../lib/gcc/arm-none-eabi/5.4.1/armv6-m\libgcc.a(_clzsi2.o)
                              c:/program files (x86)/cypress/psoc creator/4.4/psoc creator/import/gnu/arm/5.4.1/bin/../lib/gcc/arm-none-eabi/5.4.1/armv6-m\libgcc.a(addsf3.o) (__clzsi2)
c:/program files (x86)/cypress/psoc creator/4.4/psoc creator/import/gnu/arm/5.4.1/bin/../lib/gcc/arm-none-eabi/5.4.1/../../../../arm-none-eabi/lib/armv6-m\libg_nano.a(lib_a-errno.o)
                              .\CortexM0\ARM_GCC_541\Debug\Cm0Start.o (__errno)
c:/program files (x86)/cypress/psoc creator/4.4/psoc creator/import/gnu/arm/5.4.1/bin/../lib/gcc/arm-none-eabi/5.4.1/../../../../arm-none-eabi/lib/armv6-m\libg_nano.a(lib_a-exit.o)
[...]
Memory Configuration

Name             Origin             Length             Attributes
rom              0x00000000         0x00008000         xr
ram              0x20000000         0x00001000         xrw
*default*        0x00000000         0xffffffff

Linker script and memory map

LOAD c:/program files (x86)/cypress/psoc creator/4.4/psoc creator/import/gnu/arm/5.4.1/bin/../lib/gcc/arm-none-eabi/5.4.1/armv6-m/crti.o
LOAD c:/program files (x86)/cypress/psoc creator/4.4/psoc creator/import/gnu/arm/5.4.1/bin/../lib/gcc/arm-none-eabi/5.4.1/armv6-m/crtbegin.o
LOAD c:/program files (x86)/cypress/psoc creator/4.4/psoc creator/import/gnu/arm/5.4.1/bin/../lib/gcc/arm-none-eabi/5.4.1/../../../../arm-none-eabi/lib/armv6-m/crt0.o
START GROUP
LOAD .\CortexM0\ARM_GCC_541\Debug\main.o
LOAD .\CortexM0\ARM_GCC_541\Debug\ssd1306_driver.o
LOAD .\CortexM0\ARM_GCC_541\Debug\max30102_driver.o
LOAD .\CortexM0\ARM_GCC_541\Debug\heartrate.o
LOAD .\CortexM0\ARM_GCC_541\Debug\spo2_algorithm.o
LOAD .\CortexM0\ARM_GCC_541\Debug\cyfitter_cfg.o
LOAD .\CortexM0\ARM_GCC_541\Debug\cymetadata.o
LOAD .\CortexM0\ARM_GCC_541\Debug\Cm0Start.o
LOAD .\CortexM0\ARM_GCC_541\Debug\FinalDesignProject.a
END GROUP
START GROUP
LOAD c:/program files (x86)/cypress/psoc creator/4.4/psoc creator/import/gnu/arm/5.4.1/bin/../lib/gcc/arm-none-eabi/5.4.1/armv6-m\libgcc.a
LOAD c:/program files (x86)/cypress/psoc creator/4.4/psoc creator/import/gnu/arm/5.4.1/bin/../lib/gcc/arm-none-eabi/5.4.1/../../../../arm-none-eabi/lib/armv6-m\libg_nano.a
LOAD c:/program files (x86)/cypress/psoc creator/4.4/psoc creator/import/gnu/arm/5.4.1/bin/../lib/gcc/arm-none-eabi/5.4.1/../../../../arm-none-eabi/lib/armv6-m\libc_nano.a
END GROUP
START GROUP
LOAD c:/program files (x86)/cypress/psoc creator/4.4/psoc creator/import/gnu/arm/5.4.1/bin/../lib/gcc/arm-none-eabi/5.4.1/armv6-m\libgcc.a
LOAD c:/program files (x86)/cypress/psoc creator/4.4/psoc creator/import/gnu/arm/5.4.1/bin/../lib/gcc/arm-none-eabi/5.4.1/../../../../arm-none-eabi/lib/armv6-m\libc_nano.a
END GROUP
LOAD c:/program files (x86)/cypress/psoc creator/4.4/psoc creator/import/gnu/arm/5.4.1/bin/../lib/gcc/arm-none-eabi/5.4.1/armv6-m/crtend.o
LOAD c:/program files (x86)/cypress/psoc creator/4.4/psoc creator/import/gnu/arm/5.4.1/bin/../lib/gcc/arm-none-eabi/5.4.1/armv6-m/crtn.o
START GROUP
LOAD c:/program files (x86)/cypress/psoc creator/4.4/psoc creator/import/gnu/arm/5.4.1/bin/../lib/gcc/arm-none-eabi/5.4.1/armv6-m\libgcc.a
LOAD c:/program files (x86)/cypress/psoc creator/4.4/psoc creator/import/gnu/arm/5.4.1/bin/../lib/gcc/arm-none-eabi/5.4.1/../../../../arm-none-eabi/lib/armv6-m\libc.a
LOAD c:/program files (x86)/cypress/psoc creator/4.4/psoc creator/import/gnu/arm/5.4.1/bin/../lib/gcc/arm-none-eabi/5.4.1/../../../../arm-none-eabi/lib/armv6-m\libnosys.a
END GROUP
                0x00000000                CY_APPL_ORIGIN = 0x0
                0x00000080                CY_FLASH_ROW_SIZE = 0x80
                0x00000001                CY_APPL_NUM = 0x1
                0x00000001                CY_APPL_MAX = 0x1
                0x00000040                CY_METADATA_SIZE = 0x40
                0x00000000                CY_APPL_LOADABLE = 0x0
                0x00000000                CY_CHECKSUM_EXCLUDE_SIZE = ALIGN (0x0, CY_FLASH_ROW_SIZE)
                0x00000000                CY_APP_FOR_STACK_AND_COPIER = 0x0
                [!provide]                PROVIDE (__cy_heap_start, _end)
                0x00000001                PROVIDE (__cy_region_num, ((__cy_regions_end - __cy_regions) / 0x10))
                0x20001000                PROVIDE (__cy_stack, (ORIGIN (ram) + LENGTH (ram)))
                [!provide]                PROVIDE (__cy_heap_end, (__cy_stack - 0x400))

.cybootloader   0x00000000        0x0
 *(.cybootloader)
                0x00000000                appl1_start = CY_APPL_ORIGIN?CY_APPL_ORIGIN:ALIGN (CY_FLASH_ROW_SIZE)
                0x00003f80                appl2_start = (appl1_start + ALIGN ((((LENGTH (rom) - appl1_start) - (0x2 * CY_FLASH_ROW_SIZE)) / 0x2), CY_FLASH_ROW_SIZE))
                0x00000000                appl_start = (CY_APPL_NUM == 0x1)?appl1_start:appl2_start
                0x00000001                cy_project_type_bootloader = (appl_start == 0x0)?0x1:0x0
                0x00000000                cy_project_type_app_for_stack_and_copier = (CY_APP_FOR_STACK_AND_COPIER == 0x1)?0x1:0x0

.text           0x00000000     0x316a
 CREATE_OBJECT_SYMBOLS
                0x00000000                PROVIDE (__cy_interrupt_vector, RomVectors)
 *(.romvectors)
 .romvectors    0x00000000       0x10 .\CortexM0\ARM_GCC_541\Debug\Cm0Start.o
                0x00000000                RomVectors
                0x00000001                ASSERT ((. != __cy_interrupt_vector), No interrupt vector)
                0x00000001                ASSERT (CY_APPL_ORIGIN?(SIZEOF (.cybootloader) <= CY_APPL_ORIGIN):0x1, Wrong image location)
                0x00000010                PROVIDE (__cy_reset, Reset)
 *(.text.Reset)
 .text.Reset    0x00000010        0x8 .\CortexM0\ARM_GCC_541\Debug\Cm0Start.o
                0x00000010                Reset
                0x00000001                ASSERT ((. != __cy_reset), No reset code)
 *(.psocinit)
 .psocinit      0x00000018      0x1cc .\CortexM0\ARM_GCC_541\Debug\cyfitter_cfg.o
                0x000000d8                cyfitter_cfg
                0x000001e4                . = MAX (., 0x100)
 *(.text .text.* .gnu.linkonce.t.*)
 .text          0x000001e4       0x60 c:/program files (x86)/cypress/psoc creator/4.4/psoc creator/import/gnu/arm/5.4.1/bin/../lib/gcc/arm-none-eabi/5.4.1/armv6-m/crtbegin.o
 .text.TimerISR_Handler
                0x00000244       0x14 .\CortexM0\ARM_GCC_541\Debug\main.o
                0x00000244                TimerISR_Handler
 .text.main     0x00000258      0x40c .\CortexM0\ARM_GCC_541\Debug\main.o
                0x00000258                main
 .text.SSD1306_SendCommandList
                0x00000664       0x34 .\CortexM0\ARM_GCC_541\Debug\ssd1306_driver.o
                0x00000664                SSD1306_SendCommandList
 .text.clearDisplay
                0x00000698       0x14 .\CortexM0\ARM_GCC_541\Debug\ssd1306_driver.o
                0x00000698                clearDisplay
 .text.init     0x000006ac       0x44 .\CortexM0\ARM_GCC_541\Debug\ssd1306_driver.o
                0x000006ac                init
 .text.drawPixel
                0x000006f0       0x80 .\CortexM0\ARM_GCC_541\Debug\ssd1306_driver.o
                0x000006f0                drawPixel
 .text.drawChar
                0x00000770      0x110 .\CortexM0\ARM_GCC_541\Debug\ssd1306_driver.o
                0x00000770                drawChar
 .text.drawString
                0x00000880       0x24 .\CortexM0\ARM_GCC_541\Debug\ssd1306_driver.o
                0x00000880                drawString
 .text.refreshDisplay
                0x000008a4       0x70 .\CortexM0\ARM_GCC_541\Debug\ssd1306_driver.o
                0x000008a4                refreshDisplay
 .text.MAX30105_readRegister8
                0x00000914       0x40 .\CortexM0\ARM_GCC_541\Debug\max30102_driver.o
                0x00000914                MAX30105_readRegister8
 .text.MAX30105_writeRegister8
                0x00000954       0x28 .\CortexM0\ARM_GCC_541\Debug\max30102_driver.o
                0x00000954                MAX30105_writeRegister8
 .text.MAX30105_bitMask
                0x0000097c       0x1c .\CortexM0\ARM_GCC_541\Debug\max30102_driver.o
                0x0000097c                MAX30105_bitMask
 .text.MAX30105_readPartID
                0x00000998        0xc .\CortexM0\ARM_GCC_541\Debug\max30102_driver.o
                0x00000998                MAX30105_readPartID
 .text.MAX30105_readRevisionID
                0x000009a4       0x14 .\CortexM0\ARM_GCC_541\Debug\max30102_driver.o
                0x000009a4                MAX30105_readRevisionID
 .text.MAX30105_begin
                0x000009b8       0x18 .\CortexM0\ARM_GCC_541\Debug\max30102_driver.o
                0x000009b8                MAX30105_begin
 .text.MAX30105_softReset
                0x000009d0       0x28 .\CortexM0\ARM_GCC_541\Debug\max30102_driver.o
                0x000009d0                MAX30105_softReset
 .text.MAX30105_setLEDMode
                0x000009f8       0x10 .\CortexM0\ARM_GCC_541\Debug\max30102_driver.o
                0x000009f8                MAX30105_setLEDMode
 .text.MAX30105_setADCRange
                0x00000a08       0x10 .\CortexM0\ARM_GCC_541\Debug\max30102_driver.o
                0x00000a08                MAX30105_setADCRange
 .text.MAX30105_setSampleRate
                0x00000a18       0x10 .\CortexM0\ARM_GCC_541\Debug\max30102_driver.o
                0x00000a18                MAX30105_setSampleRate
 .text.MAX30105_setPulseWidth
                0x00000a28       0x10 .\CortexM0\ARM_GCC_541\Debug\max30102_driver.o
                0x00000a28                MAX30105_setPulseWidth
 .text.MAX30105_setPulseAmplitudeRed
                0x00000a38        0xc .\CortexM0\ARM_GCC_541\Debug\max30102_driver.o
                0x00000a38                MAX30105_setPulseAmplitudeRed
 .text.MAX30105_setPulseAmplitudeIR
                0x00000a44        0xc .\CortexM0\ARM_GCC_541\Debug\max30102_driver.o
                0x00000a44                MAX30105_setPulseAmplitudeIR
 .text.MAX30105_setPulseAmplitudeGreen
                0x00000a50        0xc .\CortexM0\ARM_GCC_541\Debug\max30102_driver.o
                0x00000a50                MAX30105_setPulseAmplitudeGreen
 .text.MAX30105_setFIFOAverage
                0x00000a5c       0x10 .\CortexM0\ARM_GCC_541\Debug\max30102_driver.o
                0x00000a5c                MAX30105_setFIFOAverage
 .text.MAX30105_enableFIFORollover
                0x00000a6c       0x10 .\CortexM0\ARM_GCC_541\Debug\max30102_driver.o
                0x00000a6c                MAX30105_enableFIFORollover
 .text.MAX30105_clearFIFO
                0x00000a7c       0x1c .\CortexM0\ARM_GCC_541\Debug\max30102_driver.o
                0x00000a7c                MAX30105_clearFIFO
 .text.MAX30105_enableSlot
                0x00000a98       0x4c .\CortexM0\ARM_GCC_541\Debug\max30102_driver.o
                0x00000a98                MAX30105_enableSlot
 .text.MAX30105_getWritePointer
                0x00000ae4        0xc .\CortexM0\ARM_GCC_541\Debug\max30102_driver.o
                0x00000ae4                MAX30105_getWritePointer
 .text.MAX30105_getReadPointer
                0x00000af0        0xc .\CortexM0\ARM_GCC_541\Debug\max30102_driver.o
                0x00000af0                MAX30105_getReadPointer
 .text.MAX30105_setup
                0x00000afc      0x1b0 .\CortexM0\ARM_GCC_541\Debug\max30102_driver.o
                0x00000afc                MAX30105_setup
 .text.MAX30105_available
                0x00000cac       0x20 .\CortexM0\ARM_GCC_541\Debug\max30102_driver.o
                0x00000cac                MAX30105_available
 .text.MAX30105_getFIFORed
                0x00000ccc       0x10 .\CortexM0\ARM_GCC_541\Debug\max30102_driver.o
                0x00000ccc                MAX30105_getFIFORed
 .text.MAX30105_getFIFOIR
                0x00000cdc       0x14 .\CortexM0\ARM_GCC_541\Debug\max30102_driver.o
                0x00000cdc                MAX30105_getFIFOIR
 .text.MAX30105_nextSample
                0x00000cf0       0x20 .\CortexM0\ARM_GCC_541\Debug\max30102_driver.o
                0x00000cf0                MAX30105_nextSample
 .text.i2c_read8
                0x00000d10       0x24 .\CortexM0\ARM_GCC_541\Debug\max30102_driver.o
                0x00000d10                i2c_read8
 .text.MAX30105_check
                0x00000d34      0x154 .\CortexM0\ARM_GCC_541\Debug\max30102_driver.o
                0x00000d34                MAX30105_check
 .text.MAX30105_safeCheck
                0x00000e88       0x24 .\CortexM0\ARM_GCC_541\Debug\max30102_driver.o
                0x00000e88                MAX30105_safeCheck
 .text.MAX30105_getIR
                0x00000eac       0x24 .\CortexM0\ARM_GCC_541\Debug\max30102_driver.o
                0x00000eac                MAX30105_getIR
 .text.MAX30105_processSample
                0x00000ed0       0xbc .\CortexM0\ARM_GCC_541\Debug\max30102_driver.o
                0x00000ed0                MAX30105_processSample
 .text.maxim_peaks_above_min_height
                0x00000f8c       0x80 .\CortexM0\ARM_GCC_541\Debug\spo2_algorithm.o
                0x00000f8c                maxim_peaks_above_min_height
 .text.maxim_sort_ascend
                0x0000100c       0x34 .\CortexM0\ARM_GCC_541\Debug\spo2_algorithm.o
                0x0000100c                maxim_sort_ascend
 .text.maxim_sort_indices_descend
                0x00001040       0x40 .\CortexM0\ARM_GCC_541\Debug\spo2_algorithm.o
                0x00001040                maxim_sort_indices_descend
 .text.maxim_remove_close_peaks
                0x00001080       0x7c .\CortexM0\ARM_GCC_541\Debug\spo2_algorithm.o
                0x00001080                maxim_remove_close_peaks
 .text.maxim_find_peaks
                0x000010fc       0x30 .\CortexM0\ARM_GCC_541\Debug\spo2_algorithm.o
                0x000010fc                maxim_find_peaks
 .text.maxim_heart_rate_and_oxygen_saturation
                0x0000112c      0x2ec .\CortexM0\ARM_GCC_541\Debug\spo2_algorithm.o
                0x0000112c                maxim_heart_rate_and_oxygen_saturation
 .text.cfg_write_bytes32
                0x00001418       0x34 .\CortexM0\ARM_GCC_541\Debug\cyfitter_cfg.o
 .text.CYMEMZERO
                0x0000144c        0xc .\CortexM0\ARM_GCC_541\Debug\cyfitter_cfg.o
 .text.IntDefaultHandler
                0x00001458       0x10 .\CortexM0\ARM_GCC_541\Debug\Cm0Start.o
                0x00001458                IntDefaultHandler
 .text._sbrk    0x00001468       0x30 .\CortexM0\ARM_GCC_541\Debug\Cm0Start.o
                0x00001468                _sbrk
 .text.Start_c  0x00001498       0x48 .\CortexM0\ARM_GCC_541\Debug\Cm0Start.o
                0x00001498                Start_c
 .text.initialize_psoc
                0x000014e0       0x40 .\CortexM0\ARM_GCC_541\Debug\Cm0Start.o
                0x000014e0                initialize_psoc
 .text.CyIntEnable
                0x00001520       0x14 .\CortexM0\ARM_GCC_541\Debug\FinalDesignProject.a(CyLib.o)
                0x00001520                CyIntEnable
 .text.CyIntDisable
                0x00001534       0x14 .\CortexM0\ARM_GCC_541\Debug\FinalDesignProject.a(CyLib.o)
                0x00001534                CyIntDisable
 .text.CyHalt   0x00001548        0x4 .\CortexM0\ARM_GCC_541\Debug\FinalDesignProject.a(CyLib.o)
                0x00001548                CyHalt
 .text.CyIntSetVector
                0x0000154c       0x24 .\CortexM0\ARM_GCC_541\Debug\FinalDesignProject.a(CyLib.o)
                0x0000154c                CyIntSetVector
 .text.CyIntSetPriority
                0x00001570       0x4c .\CortexM0\ARM_GCC_541\Debug\FinalDesignProject.a(CyLib.o)
                0x00001570                CyIntSetPriority
 .text.CyDelay  0x000015bc       0x30 .\CortexM0\ARM_GCC_541\Debug\FinalDesignProject.a(CyLib.o)
                0x000015bc                CyDelay
 .text.CyDelayUs
                0x000015ec       0x14 .\CortexM0\ARM_GCC_541\Debug\FinalDesignProject.a(CyLib.o)
                0x000015ec                CyDelayUs
 .text.CySysClkWriteImoFreq
                0x00001600      0x164 .\CortexM0\ARM_GCC_541\Debug\FinalDesignProject.a(CyLib.o)
                0x00001600                CySysClkWriteImoFreq
 .text.CySysWdtLocked
                0x00001764       0x14 .\CortexM0\ARM_GCC_541\Debug\FinalDesignProject.a(CyLFClk.o)
 .text.CySysWdtLock
                0x00001778       0x1c .\CortexM0\ARM_GCC_541\Debug\FinalDesignProject.a(CyLFClk.o)
                0x00001778                CySysWdtLock
 .text.CySysWdtUnlock
                0x00001794       0x30 .\CortexM0\ARM_GCC_541\Debug\FinalDesignProject.a(CyLFClk.o)
                0x00001794                CySysWdtUnlock
 .text.CySysWdtClearInterrupt
                0x000017c4       0x4c .\CortexM0\ARM_GCC_541\Debug\FinalDesignProject.a(CyLFClk.o)
                0x000017c4                CySysWdtClearInterrupt
 .text.CySysWdtIsr
                0x00001810       0xa4 .\CortexM0\ARM_GCC_541\Debug\FinalDesignProject.a(CyLFClk.o)
                0x00001810                CySysWdtIsr
 .text.UART_ScbModePostEnable
                0x000018b4        0x8 .\CortexM0\ARM_GCC_541\Debug\FinalDesignProject.a(UART.o)
 .text.UART_Init
                0x000018bc        0x8 .\CortexM0\ARM_GCC_541\Debug\FinalDesignProject.a(UART.o)
                0x000018bc                UART_Init
 .text.UART_Enable
                0x000018c4       0x18 .\CortexM0\ARM_GCC_541\Debug\FinalDesignProject.a(UART.o)
                0x000018c4                UART_Enable
 .text.UART_Start
                0x000018dc       0x20 .\CortexM0\ARM_GCC_541\Debug\FinalDesignProject.a(UART.o)
                0x000018dc                UART_Start
 .text.UART_UartInit
                0x000018fc       0x9c .\CortexM0\ARM_GCC_541\Debug\FinalDesignProject.a(UART_UART.o)
                0x000018fc                UART_UartInit
 .text.UART_UartPostEnable
                0x00001998       0x2c .\CortexM0\ARM_GCC_541\Debug\FinalDesignProject.a(UART_UART.o)
                0x00001998                UART_UartPostEnable
 .text.UART_UartPutString
                0x000019c4       0x18 .\CortexM0\ARM_GCC_541\Debug\FinalDesignProject.a(UART_UART.o)
                0x000019c4                UART_UartPutString
 .text.I2C_ScbEnableIntr
                0x000019dc        0xc .\CortexM0\ARM_GCC_541\Debug\FinalDesignProject.a(I2C.o)
 .text.I2C_Init
                0x000019e8        0x8 .\CortexM0\ARM_GCC_541\Debug\FinalDesignProject.a(I2C.o)
                0x000019e8                I2C_Init
 .text.I2C_Enable
                0x000019f0       0x18 .\CortexM0\ARM_GCC_541\Debug\FinalDesignProject.a(I2C.o)
                0x000019f0                I2C_Enable
 .text.I2C_Start
                0x00001a08       0x20 .\CortexM0\ARM_GCC_541\Debug\FinalDesignProject.a(I2C.o)
                0x00001a08                I2C_Start
 .text.I2C_I2CInit
                0x00001a28       0xc4 .\CortexM0\ARM_GCC_541\Debug\FinalDesignProject.a(I2C_I2C.o)
                0x00001a28                I2C_I2CInit
 .text.I2C_I2CFwBlockReset
                0x00001aec       0x94 .\CortexM0\ARM_GCC_541\Debug\FinalDesignProject.a(I2C_I2C.o)
                0x00001aec                I2C_I2CFwBlockReset
 .text.I2C_I2CMasterWaitOneUnit
                0x00001b80       0x28 .\CortexM0\ARM_GCC_541\Debug\FinalDesignProject.a(I2C_I2C_MASTER.o)
 .text.I2C_I2CMasterHandleStatus
                0x00001ba8       0xc4 .\CortexM0\ARM_GCC_541\Debug\FinalDesignProject.a(I2C_I2C_MASTER.o)
 .text.I2C_I2CMasterSendStart
                0x00001c6c       0xc4 .\CortexM0\ARM_GCC_541\Debug\FinalDesignProject.a(I2C_I2C_MASTER.o)
                0x00001c6c                I2C_I2CMasterSendStart
 .text.I2C_I2CMasterSendStop
                0x00001d30       0x58 .\CortexM0\ARM_GCC_541\Debug\FinalDesignProject.a(I2C_I2C_MASTER.o)
                0x00001d30                I2C_I2CMasterSendStop
 .text.I2C_I2CMasterWriteByte
                0x00001d88       0x48 .\CortexM0\ARM_GCC_541\Debug\FinalDesignProject.a(I2C_I2C_MASTER.o)
                0x00001d88                I2C_I2CMasterWriteByte
 .text.I2C_I2CMasterReadByte
                0x00001dd0       0x7c .\CortexM0\ARM_GCC_541\Debug\FinalDesignProject.a(I2C_I2C_MASTER.o)
                0x00001dd0                I2C_I2CMasterReadByte
 .text.I2C_I2CMasterClearStatus
                0x00001e4c       0x20 .\CortexM0\ARM_GCC_541\Debug\FinalDesignProject.a(I2C_I2C_MASTER.o)
                0x00001e4c                I2C_I2CMasterClearStatus
 .text.I2C_I2CReStartGeneration
                0x00001e6c       0xc4 .\CortexM0\ARM_GCC_541\Debug\FinalDesignProject.a(I2C_I2C_MASTER.o)
                0x00001e6c                I2C_I2CReStartGeneration
 .text.I2C_I2CMasterSendRestart
                0x00001f30       0x68 .\CortexM0\ARM_GCC_541\Debug\FinalDesignProject.a(I2C_I2C_MASTER.o)
                0x00001f30                I2C_I2CMasterSendRestart
 .text.I2C_sda_Read
                0x00001f98       0x10 .\CortexM0\ARM_GCC_541\Debug\FinalDesignProject.a(I2C_sda.o)
                0x00001f98                I2C_sda_Read
 .text.I2C_scl_Write
                0x00001fa8       0x18 .\CortexM0\ARM_GCC_541\Debug\FinalDesignProject.a(I2C_scl.o)
                0x00001fa8                I2C_scl_Write
 .text.I2C_scl_Read
                0x00001fc0       0x10 .\CortexM0\ARM_GCC_541\Debug\FinalDesignProject.a(I2C_scl.o)
                0x00001fc0                I2C_scl_Read
 .text.LED_PWM_Stop
                0x00001fd0       0x1c .\CortexM0\ARM_GCC_541\Debug\FinalDesignProject.a(LED_PWM.o)
                0x00001fd0                LED_PWM_Stop
 .text.LED_PWM_WriteCounter
                0x00001fec       0x10 .\CortexM0\ARM_GCC_541\Debug\FinalDesignProject.a(LED_PWM.o)
                0x00001fec                LED_PWM_WriteCounter
 .text.LED_PWM_WritePeriod
                0x00001ffc       0x10 .\CortexM0\ARM_GCC_541\Debug\FinalDesignProject.a(LED_PWM.o)
                0x00001ffc                LED_PWM_WritePeriod
 .text.LED_PWM_WriteCompare
                0x0000200c       0x10 .\CortexM0\ARM_GCC_541\Debug\FinalDesignProject.a(LED_PWM.o)
                0x0000200c                LED_PWM_WriteCompare
 .text.LED_PWM_TriggerCommand
                0x0000201c       0x1c .\CortexM0\ARM_GCC_541\Debug\FinalDesignProject.a(LED_PWM.o)
                0x0000201c                LED_PWM_TriggerCommand
 .text.LED_PWM_Enable
                0x00002038       0x24 .\CortexM0\ARM_GCC_541\Debug\FinalDesignProject.a(LED_PWM.o)
                0x00002038                LED_PWM_Enable
 .text.LED_PWM_SetInterruptMode
                0x0000205c        0xc .\CortexM0\ARM_GCC_541\Debug\FinalDesignProject.a(LED_PWM.o)
                0x0000205c                LED_PWM_SetInterruptMode
 .text.LED_PWM_Init
                0x00002068       0x4c .\CortexM0\ARM_GCC_541\Debug\FinalDesignProject.a(LED_PWM.o)
                0x00002068                LED_PWM_Init
 .text.LED_PWM_Start
                0x000020b4       0x20 .\CortexM0\ARM_GCC_541\Debug\FinalDesignProject.a(LED_PWM.o)
                0x000020b4                LED_PWM_Start
 .text.ISR_1_SetVector
                0x000020d4        0xc .\CortexM0\ARM_GCC_541\Debug\FinalDesignProject.a(ISR_1.o)
                0x000020d4                ISR_1_SetVector
 .text.ISR_1_SetPriority
                0x000020e0       0x24 .\CortexM0\ARM_GCC_541\Debug\FinalDesignProject.a(ISR_1.o)
                0x000020e0                ISR_1_SetPriority
 .text.ISR_1_Enable
                0x00002104       0x10 .\CortexM0\ARM_GCC_541\Debug\FinalDesignProject.a(ISR_1.o)
                0x00002104                ISR_1_Enable
 .text.ISR_1_Disable
                0x00002114       0x10 .\CortexM0\ARM_GCC_541\Debug\FinalDesignProject.a(ISR_1.o)
                0x00002114                ISR_1_Disable
 .text.ISR_1_StartEx
                0x00002124       0x1c .\CortexM0\ARM_GCC_541\Debug\FinalDesignProject.a(ISR_1.o)
                0x00002124                ISR_1_StartEx
 .text.Timer_1_WriteCounter
                0x00002140       0x10 .\CortexM0\ARM_GCC_541\Debug\FinalDesignProject.a(Timer_1.o)
                0x00002140                Timer_1_WriteCounter
 .text.Timer_1_WritePeriod
                0x00002150       0x10 .\CortexM0\ARM_GCC_541\Debug\FinalDesignProject.a(Timer_1.o)
                0x00002150                Timer_1_WritePeriod
 .text.Timer_1_WriteCompare
                0x00002160       0x10 .\CortexM0\ARM_GCC_541\Debug\FinalDesignProject.a(Timer_1.o)
                0x00002160                Timer_1_WriteCompare
 .text.Timer_1_TriggerCommand
                0x00002170       0x1c .\CortexM0\ARM_GCC_541\Debug\FinalDesignProject.a(Timer_1.o)
                0x00002170                Timer_1_TriggerCommand
 .text.Timer_1_Enable
                0x0000218c       0x24 .\CortexM0\ARM_GCC_541\Debug\FinalDesignProject.a(Timer_1.o)
                0x0000218c                Timer_1_Enable
 .text.Timer_1_SetInterruptMode
                0x000021b0        0xc .\CortexM0\ARM_GCC_541\Debug\FinalDesignProject.a(Timer_1.o)
                0x000021b0                Timer_1_SetInterruptMode
 .text.Timer_1_Init
                0x000021bc       0x34 .\CortexM0\ARM_GCC_541\Debug\FinalDesignProject.a(Timer_1.o)
                0x000021bc                Timer_1_Init
 .text.Timer_1_Start
                0x000021f0       0x20 .\CortexM0\ARM_GCC_541\Debug\FinalDesignProject.a(Timer_1.o)
                0x000021f0                Timer_1_Start
 .text.Timer_1_ClearInterrupt
                0x00002210        0xc .\CortexM0\ARM_GCC_541\Debug\FinalDesignProject.a(Timer_1.o)
                0x00002210                Timer_1_ClearInterrupt
 *fill*         0x0000221c        0x4 
 .text          0x00002220       0x24 .\CortexM0\ARM_GCC_541\Debug\FinalDesignProject.a(CyBootAsmGnu.o)
                0x00002220                CyDelayCycles
                0x00002234                CyEnterCriticalSection
                0x0000223c                CyExitCriticalSection
 .text.UART_SpiUartWriteTxData
                0x00002244       0x1c .\CortexM0\ARM_GCC_541\Debug\FinalDesignProject.a(UART_SPI_UART.o)
                0x00002244                UART_SpiUartWriteTxData
 .text.I2C_I2C_ISR
                0x00002260      0x33c .\CortexM0\ARM_GCC_541\Debug\FinalDesignProject.a(I2C_I2C_INT.o)
                0x00002260                I2C_I2C_ISR
 .text          0x0000259c      0x114 c:/program files (x86)/cypress/psoc creator/4.4/psoc creator/import/gnu/arm/5.4.1/bin/../lib/gcc/arm-none-eabi/5.4.1/armv6-m\libgcc.a(_udivsi3.o)
                0x0000259c                __aeabi_uidiv
                0x0000259c                __udivsi3
                0x000026a8                __aeabi_uidivmod
 .text          0x000026b0      0x1d4 c:/program files (x86)/cypress/psoc creator/4.4/psoc creator/import/gnu/arm/5.4.1/bin/../lib/gcc/arm-none-eabi/5.4.1/armv6-m\libgcc.a(_divsi3.o)
                0x000026b0                __divsi3
                0x000026b0                __aeabi_idiv
                0x0000287c                __aeabi_idivmod
 .text          0x00002884        0x4 c:/program files (x86)/cypress/psoc creator/4.4/psoc creator/import/gnu/arm/5.4.1/bin/../lib/gcc/arm-none-eabi/5.4.1/armv6-m\libgcc.a(_dvmd_tls.o)
                0x00002884                __aeabi_idiv0
                0x00002884                __aeabi_ldiv0
 .text.__errno  0x00002888        0xc c:/program files (x86)/cypress/psoc creator/4.4/psoc creator/import/gnu/arm/5.4.1/bin/../lib/gcc/arm-none-eabi/5.4.1/../../../../arm-none-eabi/lib/armv6-m\libg_nano.a(lib_a-errno.o)
                0x00002888                __errno
 .text.__libc_init_array
                0x00002894       0x4c c:/program files (x86)/cypress/psoc creator/4.4/psoc creator/import/gnu/arm/5.4.1/bin/../lib/gcc/arm-none-eabi/5.4.1/../../../../arm-none-eabi/lib/armv6-m\libg_nano.a(lib_a-init.o)
                0x00002894                __libc_init_array
 .text.memset   0x000028e0       0x10 c:/program files (x86)/cypress/psoc creator/4.4/psoc creator/import/gnu/arm/5.4.1/bin/../lib/gcc/arm-none-eabi/5.4.1/../../../../arm-none-eabi/lib/armv6-m\libg_nano.a(lib_a-memset.o)
                0x000028e0                memset
 .text.snprintf
                0x000028f0       0x64 c:/program files (x86)/cypress/psoc creator/4.4/psoc creator/import/gnu/arm/5.4.1/bin/../lib/gcc/arm-none-eabi/5.4.1/../../../../arm-none-eabi/lib/armv6-m\libg_nano.a(lib_a-snprintf.o)
                0x000028f0                sniprintf
                0x000028f0                snprintf
 .text.__ssputs_r
                0x00002954       0xc4 c:/program files (x86)/cypress/psoc creator/4.4/psoc creator/import/gnu/arm/5.4.1/bin/../lib/gcc/arm-none-eabi/5.4.1/../../../../arm-none-eabi/lib/armv6-m\libg_nano.a(lib_a-nano-svfprintf.o)
                0x00002954                __ssputs_r
 .text._svfprintf_r
                0x00002a18      0x1fc c:/program files (x86)/cypress/psoc creator/4.4/psoc creator/import/gnu/arm/5.4.1/bin/../lib/gcc/arm-none-eabi/5.4.1/../../../../arm-none-eabi/lib/armv6-m\libg_nano.a(lib_a-nano-svfprintf.o)
                0x00002a18                _svfiprintf_r
                0x00002a18                _svfprintf_r
 .text._printf_common
                0x00002c14       0xdc c:/program files (x86)/cypress/psoc creator/4.4/psoc creator/import/gnu/arm/5.4.1/bin/../lib/gcc/arm-none-eabi/5.4.1/../../../../arm-none-eabi/lib/armv6-m\libg_nano.a(lib_a-nano-vfprintf_i.o)
                0x00002c14                _printf_common
 .text._printf_i
                0x00002cf0      0x244 c:/program files (x86)/cypress/psoc creator/4.4/psoc creator/import/gnu/arm/5.4.1/bin/../lib/gcc/arm-none-eabi/5.4.1/../../../../arm-none-eabi/lib/armv6-m\libg_nano.a(lib_a-nano-vfprintf_i.o)
                0x00002cf0                _printf_i
 .text.memchr   0x00002f34       0x16 c:/program files (x86)/cypress/psoc creator/4.4/psoc creator/import/gnu/arm/5.4.1/bin/../lib/gcc/arm-none-eabi/5.4.1/../../../../arm-none-eabi/lib/armv6-m\libg_nano.a(lib_a-memchr-stub.o)
                0x00002f34                memchr
 .text.memcpy   0x00002f4a       0x12 c:/program files (x86)/cypress/psoc creator/4.4/psoc creator/import/gnu/arm/5.4.1/bin/../lib/gcc/arm-none-eabi/5.4.1/../../../../arm-none-eabi/lib/armv6-m\libg_nano.a(lib_a-memcpy-stub.o)
                0x00002f4a                memcpy
 .text.memmove  0x00002f5c       0x2a c:/program files (x86)/cypress/psoc creator/4.4/psoc creator/import/gnu/arm/5.4.1/bin/../lib/gcc/arm-none-eabi/5.4.1/../../../../arm-none-eabi/lib/armv6-m\libg_nano.a(lib_a-memmove.o)
                0x00002f5c                memmove
 *fill*         0x00002f86        0x2 
 .text._free_r  0x00002f88       0x98 c:/program files (x86)/cypress/psoc creator/4.4/psoc creator/import/gnu/arm/5.4.1/bin/../lib/gcc/arm-none-eabi/5.4.1/../../../../arm-none-eabi/lib/armv6-m\libg_nano.a(lib_a-nano-freer.o)
                0x00002f88                _free_r
 .text._malloc_r
                0x00003020       0xc0 c:/program files (x86)/cypress/psoc creator/4.4/psoc creator/import/gnu/arm/5.4.1/bin/../lib/gcc/arm-none-eabi/5.4.1/../../../../arm-none-eabi/lib/armv6-m\libg_nano.a(lib_a-nano-mallocr.o)
                0x00003020                _malloc_r
 .text._realloc_r
                0x000030e0       0x4c c:/program files (x86)/cypress/psoc creator/4.4/psoc creator/import/gnu/arm/5.4.1/bin/../lib/gcc/arm-none-eabi/5.4.1/../../../../arm-none-eabi/lib/armv6-m\libg_nano.a(lib_a-nano-reallocr.o)
                0x000030e0                _realloc_r
 .text._sbrk_r  0x0000312c       0x24 c:/program files (x86)/cypress/psoc creator/4.4/psoc creator/import/gnu/arm/5.4.1/bin/../lib/gcc/arm-none-eabi/5.4.1/../../../../arm-none-eabi/lib/armv6-m\libg_nano.a(lib_a-sbrkr.o)
                0x0000312c                _sbrk_r
 .text.__malloc_lock
                0x00003150        0x2 c:/program files (x86)/cypress/psoc creator/4.4/psoc creator/import/gnu/arm/5.4.1/bin/../lib/gcc/arm-none-eabi/5.4.1/../../../../arm-none-eabi/lib/armv6-m\libg_nano.a(lib_a-mlock.o)
                0x00003150                __malloc_lock
 .text.__malloc_unlock
                0x00003152        0x2 c:/program files (x86)/cypress/psoc creator/4.4/psoc creator/import/gnu/arm/5.4.1/bin/../lib/gcc/arm-none-eabi/5.4.1/../../../../arm-none-eabi/lib/armv6-m\libg_nano.a(lib_a-mlock.o)
                0x00003152                __malloc_unlock
 .text._malloc_usable_size_r
                0x00003154       0x16 c:/program files (x86)/cypress/psoc creator/4.4/psoc creator/import/gnu/arm/5.4.1/bin/../lib/gcc/arm-none-eabi/5.4.1/../../../../arm-none-eabi/lib/armv6-m\libg_nano.a(lib_a-nano-msizer.o)
                0x00003154                _malloc_usable_size_r
 *(.plt)
 *(.gnu.warning)
 *(.glue_7t)
 .glue_7t       0x0000316a        0x0 linker stubs
 *(.glue_7)
 .glue_7        0x0000316a        0x0 linker stubs
 *(.vfp11_veneer)
 .vfp11_veneer  0x0000316a        0x0 linker stubs
 *(.bootloader)
 *(.ARM.extab* .gnu.linkonce.armextab.*)
 *(.gcc_except_table)

.v4_bx          0x0000316c        0x0
 .v4_bx         0x0000316c        0x0 linker stubs

.iplt           0x0000316c        0x0
 .iplt          0x0000316c        0x0 c:/program files (x86)/cypress/psoc creator/4.4/psoc creator/import/gnu/arm/5.4.1/bin/../lib/gcc/arm-none-eabi/5.4.1/armv6-m/crtbegin.o

.eh_frame_hdr
 *(.eh_frame_hdr)

.eh_frame       0x0000316c        0x4
 *(.eh_frame)
 .eh_frame      0x0000316c        0x0 c:/program files (x86)/cypress/psoc creator/4.4/psoc creator/import/gnu/arm/5.4.1/bin/../lib/gcc/arm-none-eabi/5.4.1/armv6-m/crtbegin.o
 .eh_frame      0x0000316c        0x4 c:/program files (x86)/cypress/psoc creator/4.4/psoc creator/import/gnu/arm/5.4.1/bin/../lib/gcc/arm-none-eabi/5.4.1/armv6-m/crtend.o
                [!provide]                PROVIDE (__exidx_start, .)

.ARM.exidx
 *(.ARM.exidx* .gnu.linkonce.armexidx.*)
                0x00003170                __exidx_end = .

.rodata         0x00003170      0x608
 *(.rodata .rodata.* .gnu.linkonce.r.*)
 .rodata.str1.4
                0x00003170      0x15d .\CortexM0\ARM_GCC_541\Debug\main.o
 *fill*         0x000032cd        0x3 
 .rodata        0x000032d0      0x2e2 .\CortexM0\ARM_GCC_541\Debug\ssd1306_driver.o
                0x000033fc                font
 *fill*         0x000035b2        0x2 
 .rodata.str1.4
                0x000035b4       0x34 .\CortexM0\ARM_GCC_541\Debug\ssd1306_driver.o
 .rodata        0x000035e8       0xb8 .\CortexM0\ARM_GCC_541\Debug\spo2_algorithm.o
                0x000035e8                uch_spo2_table
 .rodata        0x000036a0       0x40 .\CortexM0\ARM_GCC_541\Debug\cyfitter_cfg.o
 .rodata        0x000036e0       0x2e .\CortexM0\ARM_GCC_541\Debug\FinalDesignProject.a(CyLib.o)
                0x000036e0                cyImoFreqMhz2Reg
 .rodata.str1.1
                0x0000370e        0x2 c:/program files (x86)/cypress/psoc creator/4.4/psoc creator/import/gnu/arm/5.4.1/bin/../lib/gcc/arm-none-eabi/5.4.1/../../../../arm-none-eabi/lib/armv6-m\libg_nano.a(lib_a-impure.o)
 .rodata.str1.1
                0x00003710       0x11 c:/program files (x86)/cypress/psoc creator/4.4/psoc creator/import/gnu/arm/5.4.1/bin/../lib/gcc/arm-none-eabi/5.4.1/../../../../arm-none-eabi/lib/armv6-m\libg_nano.a(lib_a-nano-svfprintf.o)
 .rodata.str1.1
                0x00003721       0x22 c:/program files (x86)/cypress/psoc creator/4.4/psoc creator/import/gnu/arm/5.4.1/bin/../lib/gcc/arm-none-eabi/5.4.1/../../../../arm-none-eabi/lib/armv6-m\libg_nano.a(lib_a-nano-vfprintf_i.o)
                0x00003744                . = ALIGN (0x4)
 *fill*         0x00003743        0x1 
 *(.init)
 .init          0x00003744        0x4 c:/program files (x86)/cypress/psoc creator/4.4/psoc creator/import/gnu/arm/5.4.1/bin/../lib/gcc/arm-none-eabi/5.4.1/armv6-m/crti.o
                0x00003744                _init
 .init          0x00003748        0x8 c:/program files (x86)/cypress/psoc creator/4.4/psoc creator/import/gnu/arm/5.4.1/bin/../lib/gcc/arm-none-eabi/5.4.1/armv6-m/crtn.o
                0x00003750                . = ALIGN (0x4)
                0x00003750                __preinit_array_start = .
 *(.preinit_array)
                0x00003750                __preinit_array_end = .
                0x00003750                . = ALIGN (0x4)
                0x00003750                __init_array_start = .
 *(SORT(.init_array.*))
 *(.init_array)
 .init_array    0x00003750        0x4 c:/program files (x86)/cypress/psoc creator/4.4/psoc creator/import/gnu/arm/5.4.1/bin/../lib/gcc/arm-none-eabi/5.4.1/armv6-m/crtbegin.o
 .init_array    0x00003754        0x4 .\CortexM0\ARM_GCC_541\Debug\Cm0Start.o
                0x00003758                __init_array_end = .
                0x00003758                . = ALIGN (0x4)
 *(.fini)
 .fini          0x00003758        0x4 c:/program files (x86)/cypress/psoc creator/4.4/psoc creator/import/gnu/arm/5.4.1/bin/../lib/gcc/arm-none-eabi/5.4.1/armv6-m/crti.o
                0x00003758                _fini
 .fini          0x0000375c        0x8 c:/program files (x86)/cypress/psoc creator/4.4/psoc creator/import/gnu/arm/5.4.1/bin/../lib/gcc/arm-none-eabi/5.4.1/armv6-m/crtn.o
                0x00003764                . = ALIGN (0x4)
                0x00003764                __fini_array_start = .
 *(.fini_array)
 .fini_array    0x00003764        0x4 c:/program files (x86)/cypress/psoc creator/4.4/psoc creator/import/gnu/arm/5.4.1/bin/../lib/gcc/arm-none-eabi/5.4.1/armv6-m/crtbegin.o
 *(SORT(.fini_array.*))
                0x00003768                __fini_array_end = .
                0x00003768                . = ALIGN (0x4)
 *crtbegin.o(.ctors)
 *(EXCLUDE_FILE(*crtend.o) .ctors)
 *(SORT(.ctors.*))
 *crtend.o(.ctors)
                0x00003768                . = ALIGN (0x4)
 *crtbegin.o(.dtors)
 *(EXCLUDE_FILE(*crtend.o) .dtors)
 *(SORT(.dtors.*))
 *crtend.o(.dtors)
                0x00003768                . = ALIGN (0x4)
                0x00003768                __cy_regions = .
                0x00003768        0x4 LONG 0x3778 __cy_region_init_ram
                0x0000376c        0x4 LONG 0x200000c0 __cy_region_start_data
                0x00003770        0x4 LONG 0x88 __cy_region_init_size_ram
                0x00003774        0x4 LONG 0x940 __cy_region_zero_size_ram
                0x00003778                __cy_regions_end = .
                0x00003778                . = ALIGN (0x8)
                0x00003778                _etext = .

.cy_checksum_exclude
                0x00003778        0x0
 *(.cy_checksum_exclude)

.ramvectors     0x20000000       0xc0
                0x20000000                __cy_region_start_ram = .
 *(.ramvectors)
 .ramvectors    0x20000000       0xc0 .\CortexM0\ARM_GCC_541\Debug\Cm0Start.o
                0x20000000                CyRamVectors

.noinit
 *(.noinit)

.data           0x200000c0       0x88 load address 0x00003778
                0x200000c0                __cy_region_start_data = .
 *(.jcr)
 .jcr           0x200000c0        0x0 c:/program files (x86)/cypress/psoc creator/4.4/psoc creator/import/gnu/arm/5.4.1/bin/../lib/gcc/arm-none-eabi/5.4.1/armv6-m/crtbegin.o
 .jcr           0x200000c0        0x4 c:/program files (x86)/cypress/psoc creator/4.4/psoc creator/import/gnu/arm/5.4.1/bin/../lib/gcc/arm-none-eabi/5.4.1/armv6-m/crtend.o
 *(.got.plt)
 *(.got)
 *(.shdata)
 *(.data .data.* .gnu.linkonce.d.*)
 .data          0x200000c4        0x1 .\CortexM0\ARM_GCC_541\Debug\max30102_driver.o
                0x200000c4                activeLEDs
 *fill*         0x200000c5        0x3 
 .data          0x200000c8        0x4 .\CortexM0\ARM_GCC_541\Debug\Cm0Start.o
 .data          0x200000cc       0x14 .\CortexM0\ARM_GCC_541\Debug\FinalDesignProject.a(CyLib.o)
                0x200000cc                CySysClkPumpConfig
                0x200000d0                cydelay32kMs
                0x200000d4                cydelayFreqKhz
                0x200000d8                cydelayFreqMhz
                0x200000dc                cydelayFreqHz
 .data          0x200000e0        0x4 .\CortexM0\ARM_GCC_541\Debug\FinalDesignProject.a(CyLFClk.o)
 .data.impure_data
                0x200000e4       0x60 c:/program files (x86)/cypress/psoc creator/4.4/psoc creator/import/gnu/arm/5.4.1/bin/../lib/gcc/arm-none-eabi/5.4.1/../../../../arm-none-eabi/lib/armv6-m\libg_nano.a(lib_a-impure.o)
 .data._impure_ptr
                0x20000144        0x4 c:/program files (x86)/cypress/psoc creator/4.4/psoc creator/import/gnu/arm/5.4.1/bin/../lib/gcc/arm-none-eabi/5.4.1/../../../../arm-none-eabi/lib/armv6-m\libg_nano.a(lib_a-impure.o)
                0x20000144                _impure_ptr
                0x20000148                . = ALIGN (0x8)
 *(.ram)
                0x20000148                _edata = .

.igot.plt       0x20000148        0x0 load address 0x00003800
 .igot.plt      0x20000148        0x0 c:/program files (x86)/cypress/psoc creator/4.4/psoc creator/import/gnu/arm/5.4.1/bin/../lib/gcc/arm-none-eabi/5.4.1/armv6-m/crtbegin.o

.bss            0x20000148      0x940 load address 0x00003800
                0x20000148                PROVIDE (__bss_start__, .)
 *(.shbss)
 *(.bss .bss.* .gnu.linkonce.b.*)
 .bss           0x20000148       0x1c c:/program files (x86)/cypress/psoc creator/4.4/psoc creator/import/gnu/arm/5.4.1/bin/../lib/gcc/arm-none-eabi/5.4.1/armv6-m/crtbegin.o
 .bss           0x20000164       0x48 .\CortexM0\ARM_GCC_541\Debug\main.o
                0x20000164                sampleReady
                0x20000165                fingerDetected
                0x20000166                noFingerCount
                0x20000167                bufferIndex
                0x20000168                spo2
                0x2000016c                hrValid
                0x20000170                heartRate
                0x20000174                spo2Valid
                0x20000175                historyIndex
                0x20000178                hrHistory
                0x2000018c                historyCount
                0x20000190                spo2History
                0x200001a4                displayHR
                0x200001a8                displaySpO2
 .bss           0x200001ac        0x1 .\CortexM0\ARM_GCC_541\Debug\max30102_driver.o
                0x200001ac                revisionID
 *fill*         0x200001ad        0x3 
 .bss           0x200001b0       0x20 .\CortexM0\ARM_GCC_541\Debug\FinalDesignProject.a(CyLFClk.o)
 .bss           0x200001d0        0x4 .\CortexM0\ARM_GCC_541\Debug\FinalDesignProject.a(UART.o)
                0x200001d0                UART_initVar
                0x200001d2                UART_IntrTxMask
 .bss           0x200001d4        0x8 .\CortexM0\ARM_GCC_541\Debug\FinalDesignProject.a(I2C.o)
                0x200001d4                I2C_initVar
                0x200001d8                I2C_customIntrHandler
 .bss           0x200001dc        0x1 .\CortexM0\ARM_GCC_541\Debug\FinalDesignProject.a(LED_PWM.o)
                0x200001dc                LED_PWM_initVar
 .bss           0x200001dd        0x1 .\CortexM0\ARM_GCC_541\Debug\FinalDesignProject.a(Timer_1.o)
                0x200001dd                Timer_1_initVar
 *fill*         0x200001de        0x2 
 .bss.__malloc_sbrk_start
                0x200001e0        0x4 c:/program files (x86)/cypress/psoc creator/4.4/psoc creator/import/gnu/arm/5.4.1/bin/../lib/gcc/arm-none-eabi/5.4.1/../../../../arm-none-eabi/lib/armv6-m\libg_nano.a(lib_a-nano-mallocr.o)
                0x200001e0                __malloc_sbrk_start
 .bss.__malloc_free_list
                0x200001e4        0x4 c:/program files (x86)/cypress/psoc creator/4.4/psoc creator/import/gnu/arm/5.4.1/bin/../lib/gcc/arm-none-eabi/5.4.1/../../../../arm-none-eabi/lib/armv6-m\libg_nano.a(lib_a-nano-mallocr.o)
                0x200001e4                __malloc_free_list
 *(COMMON)
 COMMON         0x200001e8      0x320 .\CortexM0\ARM_GCC_541\Debug\main.o
                0x200001e8                irBuffer
                0x20000378                redBuffer
 COMMON         0x20000508      0x200 .\CortexM0\ARM_GCC_541\Debug\ssd1306_driver.o
                0x20000508                buffer
 COMMON         0x20000708       0x34 .\CortexM0\ARM_GCC_541\Debug\max30102_driver.o
                0x20000708                sense
 COMMON         0x2000073c      0x320 .\CortexM0\ARM_GCC_541\Debug\spo2_algorithm.o
                0x2000073c                an_x
                0x200008cc                an_y
 COMMON         0x20000a5c        0x1 .\CortexM0\ARM_GCC_541\Debug\FinalDesignProject.a(I2C_I2C.o)
                0x20000a5c                I2C_state
 *fill*         0x20000a5d        0x3 
 COMMON         0x20000a60       0x24 .\CortexM0\ARM_GCC_541\Debug\FinalDesignProject.a(I2C_I2C_MASTER.o)
                0x20000a60                I2C_mstrWrBufIndexTmp
                0x20000a64                I2C_mstrWrBufIndex
                0x20000a68                I2C_mstrWrBufSize
                0x20000a6c                I2C_mstrStatus
                0x20000a70                I2C_mstrRdBufPtr
                0x20000a74                I2C_mstrControl
                0x20000a78                I2C_mstrRdBufSize
                0x20000a7c                I2C_mstrRdBufIndex
                0x20000a80                I2C_mstrWrBufPtr
 COMMON         0x20000a84        0x4 c:/program files (x86)/cypress/psoc creator/4.4/psoc creator/import/gnu/arm/5.4.1/bin/../lib/gcc/arm-none-eabi/5.4.1/../../../../arm-none-eabi/lib/armv6-m\libg_nano.a(lib_a-reent.o)
                0x20000a84                errno
                0x20000a88                . = ALIGN (0x8)
 *(.ram.b)
                0x20000a88                _end = .
                0x20000a88                __end = .
                0x20000a88                PROVIDE (end, .)
                0x20000a88                PROVIDE (__bss_end__, .)
                0x00003778                __cy_region_init_ram = LOADADDR (.data)
                0x00000088                __cy_region_init_size_ram = (_edata - ADDR (.data))
                0x00000940                __cy_region_zero_size_ram = (_end - _edata)

.heap           0x20000a88       0x80 load address 0x00003800
                0x20000a88                . = _end
                0x20000b08                . = (. + 0x80)
 *fill*         0x20000a88       0x80 
                0x20000b08                __cy_heap_limit = .

.stack          0x20000c00      0x400
                0x20000c00                __cy_stack_limit = .
                0x20001000                . = (. + 0x400)
 *fill*         0x20000c00      0x400 
                0x00000001                ASSERT ((__cy_stack_limit >= __cy_heap_limit), region RAM overflowed with stack)
                0x00000000                cy_checksum_exclude_size = (CY_APPL_LOADABLE == 0x1)?SIZEOF (.cy_checksum_exclude):0x0
                0x00000001                ASSERT ((cy_checksum_exclude_size <= CY_CHECKSUM_EXCLUDE_SIZE), CY_BOOT: Section .cy_checksum_exclude size exceedes specified limit.)
                0x00007fc0                cyloadermeta_start = (cy_project_type_bootloader || cy_project_type_app_for_stack_and_copier)?(LENGTH (rom) - CY_METADATA_SIZE):0xf0000000

.cyloadermeta
 *(.cyloadermeta)
                0x00007fc0                cyloadablemeta_start = cy_project_type_app_for_stack_and_copier?((LENGTH (rom) - CY_FLASH_ROW_SIZE) - CY_METADATA_SIZE):((LENGTH (rom) - (CY_FLASH_ROW_SIZE * (CY_APPL_NUM - 0x1))) - CY_METADATA_SIZE)

.cyloadablemeta
 *(.cyloadablemeta)

.cyflashprotect
                0x90400000       0x20
 *(.cyflashprotect)
 .cyflashprotect
                0x90400000       0x20 .\CortexM0\ARM_GCC_541\Debug\cymetadata.o
                0x90400000                cy_meta_flashprotect

.cymeta         0x90500000        0xc
 *(.cymeta)
 .cymeta        0x90500000        0xc .\CortexM0\ARM_GCC_541\Debug\cymetadata.o
                0x90500000                cy_metadata

.cychipprotect  0x90600000        0x1
 *(.cychipprotect)
 .cychipprotect
                0x90600000        0x1 .\CortexM0\ARM_GCC_541\Debug\cymetadata.o
                0x90600000                cy_meta_chipprotect

.rel.dyn        0x00003800        0x0 load address 0x90600004
 .rel.iplt      0x00003800        0x0 c:/program files (x86)/cypress/psoc creator/4.4/psoc creator/import/gnu/arm/5.4.1/bin/../lib/gcc/arm-none-eabi/5.4.1/armv6-m/crtbegin.o

.stab
 *(.stab)

.stabstr
 *(.stabstr)

.debug
 *(.debug)

.line
 *(.line)

.debug_srcinfo
 *(.debug_srcinfo)

.debug_sfnames
 *(.debug_sfnames)

.debug_aranges  0x00000000      0xc20
 *(.debug_aranges)
 .debug_aranges
                0x00000000       0x28 .\CortexM0\ARM_GCC_541\Debug\main.o
 .debug_aranges
                0x00000028       0x88 .\CortexM0\ARM_GCC_541\Debug\ssd1306_driver.o
 .debug_aranges
                0x000000b0      0x148 .\CortexM0\ARM_GCC_541\Debug\max30102_driver.o
 .debug_aranges
                0x000001f8       0x38 .\CortexM0\ARM_GCC_541\Debug\heartrate.o
 .debug_aranges
                0x00000230       0x48 .\CortexM0\ARM_GCC_541\Debug\spo2_algorithm.o
 .debug_aranges
                0x00000278       0x38 .\CortexM0\ARM_GCC_541\Debug\cyfitter_cfg.o
 .debug_aranges
                0x000002b0       0x18 .\CortexM0\ARM_GCC_541\Debug\cymetadata.o
 .debug_aranges
                0x000002c8       0x48 .\CortexM0\ARM_GCC_541\Debug\Cm0Start.o
 .debug_aranges
                0x00000310      0x180 .\CortexM0\ARM_GCC_541\Debug\FinalDesignProject.a(CyLib.o)
 .debug_aranges
                0x00000490      0x138 .\CortexM0\ARM_GCC_541\Debug\FinalDesignProject.a(CyLFClk.o)
 .debug_aranges
                0x000005c8       0x60 .\CortexM0\ARM_GCC_541\Debug\FinalDesignProject.a(UART.o)
 .debug_aranges
                0x00000628       0x68 .\CortexM0\ARM_GCC_541\Debug\FinalDesignProject.a(UART_UART.o)
 .debug_aranges
                0x00000690       0x68 .\CortexM0\ARM_GCC_541\Debug\FinalDesignProject.a(I2C.o)
 .debug_aranges
                0x000006f8       0x30 .\CortexM0\ARM_GCC_541\Debug\FinalDesignProject.a(I2C_I2C.o)
 .debug_aranges
                0x00000728       0x98 .\CortexM0\ARM_GCC_541\Debug\FinalDesignProject.a(I2C_I2C_MASTER.o)
 .debug_aranges
                0x000007c0       0x48 .\CortexM0\ARM_GCC_541\Debug\FinalDesignProject.a(I2C_sda.o)
 .debug_aranges
                0x00000808       0x48 .\CortexM0\ARM_GCC_541\Debug\FinalDesignProject.a(I2C_scl.o)
 .debug_aranges
                0x00000850      0x158 .\CortexM0\ARM_GCC_541\Debug\FinalDesignProject.a(LED_PWM.o)
 .debug_aranges
                0x000009a8       0x80 .\CortexM0\ARM_GCC_541\Debug\FinalDesignProject.a(ISR_1.o)
 .debug_aranges
                0x00000a28      0x158 .\CortexM0\ARM_GCC_541\Debug\FinalDesignProject.a(Timer_1.o)
 .debug_aranges
                0x00000b80       0x20 .\CortexM0\ARM_GCC_541\Debug\FinalDesignProject.a(CyBootAsmGnu.o)
 .debug_aranges
                0x00000ba0       0x60 .\CortexM0\ARM_GCC_541\Debug\FinalDesignProject.a(UART_SPI_UART.o)
 .debug_aranges
                0x00000c00       0x20 .\CortexM0\ARM_GCC_541\Debug\FinalDesignProject.a(I2C_I2C_INT.o)

.debug_pubnames
 *(.debug_pubnames)

.debug_info     0x00000000     0x7ca6
 *(.debug_info .gnu.linkonce.wi.*)
 .debug_info    0x00000000      0x8d5 .\CortexM0\ARM_GCC_541\Debug\main.o
 .debug_info    0x000008d5      0x975 .\CortexM0\ARM_GCC_541\Debug\ssd1306_driver.o
 .debug_info    0x0000124a     0x10fd .\CortexM0\ARM_GCC_541\Debug\max30102_driver.o
 .debug_info    0x00002347      0x351 .\CortexM0\ARM_GCC_541\Debug\heartrate.o
 .debug_info    0x00002698      0x664 .\CortexM0\ARM_GCC_541\Debug\spo2_algorithm.o
 .debug_info    0x00002cfc      0x3a0 .\CortexM0\ARM_GCC_541\Debug\cyfitter_cfg.o
 .debug_info    0x0000309c       0xf8 .\CortexM0\ARM_GCC_541\Debug\cymetadata.o
 .debug_info    0x00003194      0x3a2 .\CortexM0\ARM_GCC_541\Debug\Cm0Start.o
 .debug_info    0x00003536      0xaed .\CortexM0\ARM_GCC_541\Debug\FinalDesignProject.a(CyLib.o)
 .debug_info    0x00004023      0xcfe .\CortexM0\ARM_GCC_541\Debug\FinalDesignProject.a(CyLFClk.o)
 .debug_info    0x00004d21      0x24c .\CortexM0\ARM_GCC_541\Debug\FinalDesignProject.a(UART.o)
 .debug_info    0x00004f6d      0x310 .\CortexM0\ARM_GCC_541\Debug\FinalDesignProject.a(UART_UART.o)
 .debug_info    0x0000527d      0x2aa .\CortexM0\ARM_GCC_541\Debug\FinalDesignProject.a(I2C.o)
 .debug_info    0x00005527      0x195 .\CortexM0\ARM_GCC_541\Debug\FinalDesignProject.a(I2C_I2C.o)
 .debug_info    0x000056bc      0x91d .\CortexM0\ARM_GCC_541\Debug\FinalDesignProject.a(I2C_I2C_MASTER.o)
 .debug_info    0x00005fd9      0x19d .\CortexM0\ARM_GCC_541\Debug\FinalDesignProject.a(I2C_sda.o)
 .debug_info    0x00006176      0x19b .\CortexM0\ARM_GCC_541\Debug\FinalDesignProject.a(I2C_scl.o)
 .debug_info    0x00006311      0x909 .\CortexM0\ARM_GCC_541\Debug\FinalDesignProject.a(LED_PWM.o)
 .debug_info    0x00006c1a      0x305 .\CortexM0\ARM_GCC_541\Debug\FinalDesignProject.a(ISR_1.o)
 .debug_info    0x00006f1f      0x909 .\CortexM0\ARM_GCC_541\Debug\FinalDesignProject.a(Timer_1.o)
 .debug_info    0x00007828       0xb6 .\CortexM0\ARM_GCC_541\Debug\FinalDesignProject.a(CyBootAsmGnu.o)
 .debug_info    0x000078de      0x220 .\CortexM0\ARM_GCC_541\Debug\FinalDesignProject.a(UART_SPI_UART.o)
 .debug_info    0x00007afe      0x1a8 .\CortexM0\ARM_GCC_541\Debug\FinalDesignProject.a(I2C_I2C_INT.o)

.debug_abbrev   0x00000000     0x1c87
 *(.debug_abbrev)
 .debug_abbrev  0x00000000      0x139 .\CortexM0\ARM_GCC_541\Debug\main.o
 .debug_abbrev  0x00000139      0x1d0 .\CortexM0\ARM_GCC_541\Debug\ssd1306_driver.o
 .debug_abbrev  0x00000309      0x222 .\CortexM0\ARM_GCC_541\Debug\max30102_driver.o
 .debug_abbrev  0x0000052b      0x123 .\CortexM0\ARM_GCC_541\Debug\heartrate.o
 .debug_abbrev  0x0000064e      0x16c .\CortexM0\ARM_GCC_541\Debug\spo2_algorithm.o
 .debug_abbrev  0x000007ba      0x199 .\CortexM0\ARM_GCC_541\Debug\cyfitter_cfg.o
 .debug_abbrev  0x00000953       0x5d .\CortexM0\ARM_GCC_541\Debug\cymetadata.o
 .debug_abbrev  0x000009b0      0x1d7 .\CortexM0\ARM_GCC_541\Debug\Cm0Start.o
 .debug_abbrev  0x00000b87      0x1d3 .\CortexM0\ARM_GCC_541\Debug\FinalDesignProject.a(CyLib.o)
 .debug_abbrev  0x00000d5a      0x210 .\CortexM0\ARM_GCC_541\Debug\FinalDesignProject.a(CyLFClk.o)
 .debug_abbrev  0x00000f6a       0xed .\CortexM0\ARM_GCC_541\Debug\FinalDesignProject.a(UART.o)
 .debug_abbrev  0x00001057      0x123 .\CortexM0\ARM_GCC_541\Debug\FinalDesignProject.a(UART_UART.o)
 .debug_abbrev  0x0000117a      0x130 .\CortexM0\ARM_GCC_541\Debug\FinalDesignProject.a(I2C.o)
 .debug_abbrev  0x000012aa       0xc7 .\CortexM0\ARM_GCC_541\Debug\FinalDesignProject.a(I2C_I2C.o)
 .debug_abbrev  0x00001371      0x1b3 .\CortexM0\ARM_GCC_541\Debug\FinalDesignProject.a(I2C_I2C_MASTER.o)
 .debug_abbrev  0x00001524       0xc8 .\CortexM0\ARM_GCC_541\Debug\FinalDesignProject.a(I2C_sda.o)
 .debug_abbrev  0x000015ec       0xc8 .\CortexM0\ARM_GCC_541\Debug\FinalDesignProject.a(I2C_scl.o)
 .debug_abbrev  0x000016b4      0x119 .\CortexM0\ARM_GCC_541\Debug\FinalDesignProject.a(LED_PWM.o)
 .debug_abbrev  0x000017cd      0x19a .\CortexM0\ARM_GCC_541\Debug\FinalDesignProject.a(ISR_1.o)
 .debug_abbrev  0x00001967      0x119 .\CortexM0\ARM_GCC_541\Debug\FinalDesignProject.a(Timer_1.o)
 .debug_abbrev  0x00001a80       0x14 .\CortexM0\ARM_GCC_541\Debug\FinalDesignProject.a(CyBootAsmGnu.o)
 .debug_abbrev  0x00001a94      0x14f .\CortexM0\ARM_GCC_541\Debug\FinalDesignProject.a(UART_SPI_UART.o)
 .debug_abbrev  0x00001be3       0xa4 .\CortexM0\ARM_GCC_541\Debug\FinalDesignProject.a(I2C_I2C_INT.o)

.debug_line     0x00000000     0x33ff
 *(.debug_line)
 .debug_line    0x00000000      0x353 .\CortexM0\ARM_GCC_541\Debug\main.o
 .debug_line    0x00000353      0x3a9 .\CortexM0\ARM_GCC_541\Debug\ssd1306_driver.o
 .debug_line    0x000006fc      0x5ec .\CortexM0\ARM_GCC_541\Debug\max30102_driver.o
 .debug_line    0x00000ce8      0x1c9 .\CortexM0\ARM_GCC_541\Debug\heartrate.o
 .debug_line    0x00000eb1      0x327 .\CortexM0\ARM_GCC_541\Debug\spo2_algorithm.o
 .debug_line    0x000011d8      0x16c .\CortexM0\ARM_GCC_541\Debug\cyfitter_cfg.o
 .debug_line    0x00001344      0x141 .\CortexM0\ARM_GCC_541\Debug\cymetadata.o
 .debug_line    0x00001485      0x235 .\CortexM0\ARM_GCC_541\Debug\Cm0Start.o
 .debug_line    0x000016ba      0x460 .\CortexM0\ARM_GCC_541\Debug\FinalDesignProject.a(CyLib.o)
 .debug_line    0x00001b1a      0x466 .\CortexM0\ARM_GCC_541\Debug\FinalDesignProject.a(CyLFClk.o)
 .debug_line    0x00001f80      0x127 .\CortexM0\ARM_GCC_541\Debug\FinalDesignProject.a(UART.o)
 .debug_line    0x000020a7      0x16d .\CortexM0\ARM_GCC_541\Debug\FinalDesignProject.a(UART_UART.o)
 .debug_line    0x00002214      0x143 .\CortexM0\ARM_GCC_541\Debug\FinalDesignProject.a(I2C.o)
 .debug_line    0x00002357       0xc3 .\CortexM0\ARM_GCC_541\Debug\FinalDesignProject.a(I2C_I2C.o)
 .debug_line    0x0000241a      0x339 .\CortexM0\ARM_GCC_541\Debug\FinalDesignProject.a(I2C_I2C_MASTER.o)
 .debug_line    0x00002753       0xbf .\CortexM0\ARM_GCC_541\Debug\FinalDesignProject.a(I2C_sda.o)
 .debug_line    0x00002812       0xbe .\CortexM0\ARM_GCC_541\Debug\FinalDesignProject.a(I2C_scl.o)
 .debug_line    0x000028d0      0x380 .\CortexM0\ARM_GCC_541\Debug\FinalDesignProject.a(LED_PWM.o)
 .debug_line    0x00002c50      0x151 .\CortexM0\ARM_GCC_541\Debug\FinalDesignProject.a(ISR_1.o)
 .debug_line    0x00002da1      0x37c .\CortexM0\ARM_GCC_541\Debug\FinalDesignProject.a(Timer_1.o)
 .debug_line    0x0000311d       0x69 .\CortexM0\ARM_GCC_541\Debug\FinalDesignProject.a(CyBootAsmGnu.o)
 .debug_line    0x00003186      0x11a .\CortexM0\ARM_GCC_541\Debug\FinalDesignProject.a(UART_SPI_UART.o)
 .debug_line    0x000032a0      0x15f .\CortexM0\ARM_GCC_541\Debug\FinalDesignProject.a(I2C_I2C_INT.o)

.debug_frame    0x00000000     0x241c
 *(.debug_frame)
 .debug_frame   0x00000000       0x58 .\CortexM0\ARM_GCC_541\Debug\main.o
 .debug_frame   0x00000058      0x1b4 .\CortexM0\ARM_GCC_541\Debug\ssd1306_driver.o
 .debug_frame   0x0000020c      0x42c .\CortexM0\ARM_GCC_541\Debug\max30102_driver.o
 .debug_frame   0x00000638       0x80 .\CortexM0\ARM_GCC_541\Debug\heartrate.o
 .debug_frame   0x000006b8      0x10c .\CortexM0\ARM_GCC_541\Debug\spo2_algorithm.o
 .debug_frame   0x000007c4       0x8c .\CortexM0\ARM_GCC_541\Debug\cyfitter_cfg.o
 .debug_frame   0x00000850       0xbc .\CortexM0\ARM_GCC_541\Debug\Cm0Start.o
 .debug_frame   0x0000090c      0x3e0 .\CortexM0\ARM_GCC_541\Debug\FinalDesignProject.a(CyLib.o)
 .debug_frame   0x00000cec      0x3a8 .\CortexM0\ARM_GCC_541\Debug\FinalDesignProject.a(CyLFClk.o)
 .debug_frame   0x00001094       0xe8 .\CortexM0\ARM_GCC_541\Debug\FinalDesignProject.a(UART.o)
 .debug_frame   0x0000117c       0xf4 .\CortexM0\ARM_GCC_541\Debug\FinalDesignProject.a(UART_UART.o)
 .debug_frame   0x00001270       0xf8 .\CortexM0\ARM_GCC_541\Debug\FinalDesignProject.a(I2C.o)
 .debug_frame   0x00001368       0x58 .\CortexM0\ARM_GCC_541\Debug\FinalDesignProject.a(I2C_I2C.o)
 .debug_frame   0x000013c0      0x1e8 .\CortexM0\ARM_GCC_541\Debug\FinalDesignProject.a(I2C_I2C_MASTER.o)
 .debug_frame   0x000015a8       0x70 .\CortexM0\ARM_GCC_541\Debug\FinalDesignProject.a(I2C_sda.o)
 .debug_frame   0x00001618       0x70 .\CortexM0\ARM_GCC_541\Debug\FinalDesignProject.a(I2C_scl.o)
 .debug_frame   0x00001688      0x3a0 .\CortexM0\ARM_GCC_541\Debug\FinalDesignProject.a(LED_PWM.o)
 .debug_frame   0x00001a28      0x110 .\CortexM0\ARM_GCC_541\Debug\FinalDesignProject.a(ISR_1.o)
 .debug_frame   0x00001b38      0x3a0 .\CortexM0\ARM_GCC_541\Debug\FinalDesignProject.a(Timer_1.o)
 .debug_frame   0x00001ed8       0xb0 .\CortexM0\ARM_GCC_541\Debug\FinalDesignProject.a(UART_SPI_UART.o)
 .debug_frame   0x00001f88       0x2c .\CortexM0\ARM_GCC_541\Debug\FinalDesignProject.a(I2C_I2C_INT.o)
 .debug_frame   0x00001fb4       0x20 c:/program files (x86)/cypress/psoc creator/4.4/psoc creator/import/gnu/arm/5.4.1/bin/../lib/gcc/arm-none-eabi/5.4.1/armv6-m\libgcc.a(_udivsi3.o)
 .debug_frame   0x00001fd4       0x20 c:/program files (x86)/cypress/psoc creator/4.4/psoc creator/import/gnu/arm/5.4.1/bin/../lib/gcc/arm-none-eabi/5.4.1/armv6-m\libgcc.a(_divsi3.o)
 .debug_frame   0x00001ff4       0x30 c:/program files (x86)/cypress/psoc creator/4.4/psoc creator/import/gnu/arm/5.4.1/bin/../lib/gcc/arm-none-eabi/5.4.1/armv6-m\libgcc.a(addsf3.o)
 .debug_frame   0x00002024       0x38 c:/program files (x86)/cypress/psoc creator/4.4/psoc creator/import/gnu/arm/5.4.1/bin/../lib/gcc/arm-none-eabi/5.4.1/armv6-m\libgcc.a(mulsf3.o)
 .debug_frame   0x0000205c       0x2c c:/program files (x86)/cypress/psoc creator/4.4/psoc creator/import/gnu/arm/5.4.1/bin/../lib/gcc/arm-none-eabi/5.4.1/armv6-m\libgcc.a(floatsisf.o)
 .debug_frame   0x00002088       0x2c c:/program files (x86)/cypress/psoc creator/4.4/psoc creator/import/gnu/arm/5.4.1/bin/../lib/gcc/arm-none-eabi/5.4.1/armv6-m\libgcc.a(floatunsisf.o)
 .debug_frame   0x000020b4       0x20 c:/program files (x86)/cypress/psoc creator/4.4/psoc creator/import/gnu/arm/5.4.1/bin/../lib/gcc/arm-none-eabi/5.4.1/../../../../arm-none-eabi/lib/armv6-m\libg_nano.a(lib_a-errno.o)
 .debug_frame   0x000020d4       0x28 c:/program files (x86)/cypress/psoc creator/4.4/psoc creator/import/gnu/arm/5.4.1/bin/../lib/gcc/arm-none-eabi/5.4.1/../../../../arm-none-eabi/lib/armv6-m\libg_nano.a(lib_a-exit.o)
 .debug_frame   0x000020fc       0x2c c:/program files (x86)/cypress/psoc creator/4.4/psoc creator/import/gnu/arm/5.4.1/bin/../lib/gcc/arm-none-eabi/5.4.1/../../../../arm-none-eabi/lib/armv6-m\libg_nano.a(lib_a-init.o)
 .debug_frame   0x00002128       0x20 c:/program files (x86)/cypress/psoc creator/4.4/psoc creator/import/gnu/arm/5.4.1/bin/../lib/gcc/arm-none-eabi/5.4.1/../../../../arm-none-eabi/lib/armv6-m\libg_nano.a(lib_a-memset.o)
 .debug_frame   0x00002148       0x50 c:/program files (x86)/cypress/psoc creator/4.4/psoc creator/import/gnu/arm/5.4.1/bin/../lib/gcc/arm-none-eabi/5.4.1/../../../../arm-none-eabi/lib/armv6-m\libg_nano.a(lib_a-snprintf.o)
 .debug_frame   0x00002198       0x74 c:/program files (x86)/cypress/psoc creator/4.4/psoc creator/import/gnu/arm/5.4.1/bin/../lib/gcc/arm-none-eabi/5.4.1/../../../../arm-none-eabi/lib/armv6-m\libg_nano.a(lib_a-nano-svfprintf.o)
 .debug_frame   0x0000220c       0x54 c:/program files (x86)/cypress/psoc creator/4.4/psoc creator/import/gnu/arm/5.4.1/bin/../lib/gcc/arm-none-eabi/5.4.1/../../../../arm-none-eabi/lib/armv6-m\libg_nano.a(lib_a-nano-vfprintf_i.o)
 .debug_frame   0x00002260       0x20 c:/program files (x86)/cypress/psoc creator/4.4/psoc creator/import/gnu/arm/5.4.1/bin/../lib/gcc/arm-none-eabi/5.4.1/../../../../arm-none-eabi/lib/armv6-m\libg_nano.a(lib_a-memchr-stub.o)
 .debug_frame   0x00002280       0x28 c:/program files (x86)/cypress/psoc creator/4.4/psoc creator/import/gnu/arm/5.4.1/bin/../lib/gcc/arm-none-eabi/5.4.1/../../../../arm-none-eabi/lib/armv6-m\libg_nano.a(lib_a-memcpy-stub.o)
 .debug_frame   0x000022a8       0x28 c:/program files (x86)/cypress/psoc creator/4.4/psoc creator/import/gnu/arm/5.4.1/bin/../lib/gcc/arm-none-eabi/5.4.1/../../../../arm-none-eabi/lib/armv6-m\libg_nano.a(lib_a-memmove.o)
 .debug_frame   0x000022d0       0x2c c:/program files (x86)/cypress/psoc creator/4.4/psoc creator/import/gnu/arm/5.4.1/bin/../lib/gcc/arm-none-eabi/5.4.1/../../../../arm-none-eabi/lib/armv6-m\libg_nano.a(lib_a-nano-freer.o)
 .debug_frame   0x000022fc       0x2c c:/program files (x86)/cypress/psoc creator/4.4/psoc creator/import/gnu/arm/5.4.1/bin/../lib/gcc/arm-none-eabi/5.4.1/../../../../arm-none-eabi/lib/armv6-m\libg_nano.a(lib_a-nano-mallocr.o)
 .debug_frame   0x00002328       0x30 c:/program files (x86)/cypress/psoc creator/4.4/psoc creator/import/gnu/arm/5.4.1/bin/../lib/gcc/arm-none-eabi/5.4.1/../../../../arm-none-eabi/lib/armv6-m\libg_nano.a(lib_a-nano-reallocr.o)
 .debug_frame   0x00002358       0x2c c:/program files (x86)/cypress/psoc creator/4.4/psoc creator/import/gnu/arm/5.4.1/bin/../lib/gcc/arm-none-eabi/5.4.1/../../../../arm-none-eabi/lib/armv6-m\libg_nano.a(lib_a-sbrkr.o)
 .debug_frame   0x00002384       0x30 c:/program files (x86)/cypress/psoc creator/4.4/psoc creator/import/gnu/arm/5.4.1/bin/../lib/gcc/arm-none-eabi/5.4.1/../../../../arm-none-eabi/lib/armv6-m\libg_nano.a(lib_a-mlock.o)
 .debug_frame   0x000023b4       0x20 c:/program files (x86)/cypress/psoc creator/4.4/psoc creator/import/gnu/arm/5.4.1/bin/../lib/gcc/arm-none-eabi/5.4.1/../../../../arm-none-eabi/lib/armv6-m\libg_nano.a(lib_a-nano-msizer.o)
 .debug_frame   0x000023d4       0x48 c:/program files (x86)/cypress/psoc creator/4.4/psoc creator/import/gnu/arm/5.4.1/bin/../lib/gcc/arm-none-eabi/5.4.1/../../../../arm-none-eabi/lib/armv6-m\libg_nano.a(lib_a-reent.o)

.debug_str      0x00000000     0x2a28
 *(.debug_str)
 .debug_str     0x00000000      0x401 .\CortexM0\ARM_GCC_541\Debug\main.o
                                0x46d (size before relaxing)
 .debug_str     0x00000401      0x15c .\CortexM0\ARM_GCC_541\Debug\ssd1306_driver.o
                                0x393 (size before relaxing)
 .debug_str     0x0000055d      0x42d .\CortexM0\ARM_GCC_541\Debug\max30102_driver.o
                                0x6eb (size before relaxing)
 .debug_str     0x0000098a      0x108 .\CortexM0\ARM_GCC_541\Debug\heartrate.o
                                0x303 (size before relaxing)
 .debug_str     0x00000a92      0x252 .\CortexM0\ARM_GCC_541\Debug\spo2_algorithm.o
                                0x469 (size before relaxing)
 .debug_str     0x00000ce4      0x106 .\CortexM0\ARM_GCC_541\Debug\cyfitter_cfg.o
                                0x2eb (size before relaxing)
 .debug_str     0x00000dea       0x59 .\CortexM0\ARM_GCC_541\Debug\cymetadata.o
                                0x1ee (size before relaxing)
 .debug_str     0x00000e43      0x135 .\CortexM0\ARM_GCC_541\Debug\Cm0Start.o
                                0x327 (size before relaxing)
 .debug_str     0x00000f78      0x4bd .\CortexM0\ARM_GCC_541\Debug\FinalDesignProject.a(CyLib.o)
                                0x6dc (size before relaxing)
 .debug_str     0x00001435      0x52b .\CortexM0\ARM_GCC_541\Debug\FinalDesignProject.a(CyLFClk.o)
                                0x763 (size before relaxing)
 .debug_str     0x00001960      0x113 .\CortexM0\ARM_GCC_541\Debug\FinalDesignProject.a(UART.o)
                                0x2d9 (size before relaxing)
 .debug_str     0x00001a73      0x152 .\CortexM0\ARM_GCC_541\Debug\FinalDesignProject.a(UART_UART.o)
                                0x362 (size before relaxing)
 .debug_str     0x00001bc5       0xfa .\CortexM0\ARM_GCC_541\Debug\FinalDesignProject.a(I2C.o)
                                0x2ff (size before relaxing)
 .debug_str     0x00001cbf       0x74 .\CortexM0\ARM_GCC_541\Debug\FinalDesignProject.a(I2C_I2C.o)
                                0x274 (size before relaxing)
 .debug_str     0x00001d33      0x249 .\CortexM0\ARM_GCC_541\Debug\FinalDesignProject.a(I2C_I2C_MASTER.o)
                                0x512 (size before relaxing)
 .debug_str     0x00001f7c       0xac .\CortexM0\ARM_GCC_541\Debug\FinalDesignProject.a(I2C_sda.o)
                                0x26a (size before relaxing)
 .debug_str     0x00002028       0x7a .\CortexM0\ARM_GCC_541\Debug\FinalDesignProject.a(I2C_scl.o)
                                0x26a (size before relaxing)
 .debug_str     0x000020a2      0x41f .\CortexM0\ARM_GCC_541\Debug\FinalDesignProject.a(LED_PWM.o)
                                0x62b (size before relaxing)
 .debug_str     0x000024c1       0xe7 .\CortexM0\ARM_GCC_541\Debug\FinalDesignProject.a(ISR_1.o)
                                0x310 (size before relaxing)
 .debug_str     0x000025a8      0x356 .\CortexM0\ARM_GCC_541\Debug\FinalDesignProject.a(Timer_1.o)
                                0x62b (size before relaxing)
 .debug_str     0x000028fe       0xe3 .\CortexM0\ARM_GCC_541\Debug\FinalDesignProject.a(UART_SPI_UART.o)
                                0x2f4 (size before relaxing)
 .debug_str     0x000029e1       0x47 .\CortexM0\ARM_GCC_541\Debug\FinalDesignProject.a(I2C_I2C_INT.o)
                                0x2e4 (size before relaxing)

.debug_loc      0x00000000     0x4a8c
 *(.debug_loc)
 .debug_loc     0x00000000      0x1c5 .\CortexM0\ARM_GCC_541\Debug\main.o
 .debug_loc     0x000001c5      0xa2b .\CortexM0\ARM_GCC_541\Debug\ssd1306_driver.o
 .debug_loc     0x00000bf0      0x731 .\CortexM0\ARM_GCC_541\Debug\max30102_driver.o
 .debug_loc     0x00001321      0x1ac .\CortexM0\ARM_GCC_541\Debug\heartrate.o
 .debug_loc     0x000014cd      0x8c5 .\CortexM0\ARM_GCC_541\Debug\spo2_algorithm.o
 .debug_loc     0x00001d92      0x118 .\CortexM0\ARM_GCC_541\Debug\cyfitter_cfg.o
 .debug_loc     0x00001eaa      0x14f .\CortexM0\ARM_GCC_541\Debug\Cm0Start.o
 .debug_loc     0x00001ff9      0x599 .\CortexM0\ARM_GCC_541\Debug\FinalDesignProject.a(CyLib.o)
 .debug_loc     0x00002592      0x9b5 .\CortexM0\ARM_GCC_541\Debug\FinalDesignProject.a(CyLFClk.o)
 .debug_loc     0x00002f47       0x7e .\CortexM0\ARM_GCC_541\Debug\FinalDesignProject.a(UART.o)
 .debug_loc     0x00002fc5      0x1e4 .\CortexM0\ARM_GCC_541\Debug\FinalDesignProject.a(UART_UART.o)
 .debug_loc     0x000031a9       0x7e .\CortexM0\ARM_GCC_541\Debug\FinalDesignProject.a(I2C.o)
 .debug_loc     0x00003227      0xa90 .\CortexM0\ARM_GCC_541\Debug\FinalDesignProject.a(I2C_I2C_MASTER.o)
 .debug_loc     0x00003cb7       0xa2 .\CortexM0\ARM_GCC_541\Debug\FinalDesignProject.a(I2C_sda.o)
 .debug_loc     0x00003d59       0x81 .\CortexM0\ARM_GCC_541\Debug\FinalDesignProject.a(I2C_scl.o)
 .debug_loc     0x00003dda      0x547 .\CortexM0\ARM_GCC_541\Debug\FinalDesignProject.a(LED_PWM.o)
 .debug_loc     0x00004321       0x82 .\CortexM0\ARM_GCC_541\Debug\FinalDesignProject.a(ISR_1.o)
 .debug_loc     0x000043a3      0x547 .\CortexM0\ARM_GCC_541\Debug\FinalDesignProject.a(Timer_1.o)
 .debug_loc     0x000048ea       0x96 .\CortexM0\ARM_GCC_541\Debug\FinalDesignProject.a(UART_SPI_UART.o)
 .debug_loc     0x00004980      0x10c .\CortexM0\ARM_GCC_541\Debug\FinalDesignProject.a(I2C_I2C_INT.o)

.debug_macinfo
 *(.debug_macinfo)

.debug_ranges   0x00000000      0xb00
 *(.debug_ranges)
 .debug_ranges  0x00000000       0x30 .\CortexM0\ARM_GCC_541\Debug\main.o
 .debug_ranges  0x00000030       0x78 .\CortexM0\ARM_GCC_541\Debug\ssd1306_driver.o
 .debug_ranges  0x000000a8      0x150 .\CortexM0\ARM_GCC_541\Debug\max30102_driver.o
 .debug_ranges  0x000001f8       0x40 .\CortexM0\ARM_GCC_541\Debug\heartrate.o
 .debug_ranges  0x00000238       0x58 .\CortexM0\ARM_GCC_541\Debug\spo2_algorithm.o
 .debug_ranges  0x00000290       0x28 .\CortexM0\ARM_GCC_541\Debug\cyfitter_cfg.o
 .debug_ranges  0x000002b8       0x38 .\CortexM0\ARM_GCC_541\Debug\Cm0Start.o
 .debug_ranges  0x000002f0      0x170 .\CortexM0\ARM_GCC_541\Debug\FinalDesignProject.a(CyLib.o)
 .debug_ranges  0x00000460      0x128 .\CortexM0\ARM_GCC_541\Debug\FinalDesignProject.a(CyLFClk.o)
 .debug_ranges  0x00000588       0x50 .\CortexM0\ARM_GCC_541\Debug\FinalDesignProject.a(UART.o)
 .debug_ranges  0x000005d8       0x58 .\CortexM0\ARM_GCC_541\Debug\FinalDesignProject.a(UART_UART.o)
 .debug_ranges  0x00000630       0x58 .\CortexM0\ARM_GCC_541\Debug\FinalDesignProject.a(I2C.o)
 .debug_ranges  0x00000688       0x20 .\CortexM0\ARM_GCC_541\Debug\FinalDesignProject.a(I2C_I2C.o)
 .debug_ranges  0x000006a8       0x88 .\CortexM0\ARM_GCC_541\Debug\FinalDesignProject.a(I2C_I2C_MASTER.o)
 .debug_ranges  0x00000730       0x38 .\CortexM0\ARM_GCC_541\Debug\FinalDesignProject.a(I2C_sda.o)
 .debug_ranges  0x00000768       0x38 .\CortexM0\ARM_GCC_541\Debug\FinalDesignProject.a(I2C_scl.o)
 .debug_ranges  0x000007a0      0x148 .\CortexM0\ARM_GCC_541\Debug\FinalDesignProject.a(LED_PWM.o)
 .debug_ranges  0x000008e8       0x70 .\CortexM0\ARM_GCC_541\Debug\FinalDesignProject.a(ISR_1.o)
 .debug_ranges  0x00000958      0x148 .\CortexM0\ARM_GCC_541\Debug\FinalDesignProject.a(Timer_1.o)
 .debug_ranges  0x00000aa0       0x50 .\CortexM0\ARM_GCC_541\Debug\FinalDesignProject.a(UART_SPI_UART.o)
 .debug_ranges  0x00000af0       0x10 .\CortexM0\ARM_GCC_541\Debug\FinalDesignProject.a(I2C_I2C_INT.o)

.comment        0x00000000       0x6e
 .comment       0x00000000       0x6e .\CortexM0\ARM_GCC_541\Debug\main.o
                                 0x6f (size before relaxing)
 .comment       0x0000006e       0x6f .\CortexM0\ARM_GCC_541\Debug\ssd1306_driver.o
 .comment       0x0000006e       0x6f .\CortexM0\ARM_GCC_541\Debug\max30102_driver.o
 .comment       0x0000006e       0x6f .\CortexM0\ARM_GCC_541\Debug\heartrate.o
 .comment       0x0000006e       0x6f .\CortexM0\ARM_GCC_541\Debug\spo2_algorithm.o
 .comment       0x0000006e       0x6f .\CortexM0\ARM_GCC_541\Debug\cyfitter_cfg.o
 .comment       0x0000006e       0x6f .\CortexM0\ARM_GCC_541\Debug\cymetadata.o
 .comment       0x0000006e       0x6f .\CortexM0\ARM_GCC_541\Debug\Cm0Start.o
 .comment       0x0000006e       0x6f .\CortexM0\ARM_GCC_541\Debug\FinalDesignProject.a(CyLib.o)
 .comment       0x0000006e       0x6f .\CortexM0\ARM_GCC_541\Debug\FinalDesignProject.a(CyLFClk.o)
 .comment       0x0000006e       0x6f .\CortexM0\ARM_GCC_541\Debug\FinalDesignProject.a(UART.o)
 .comment       0x0000006e       0x6f .\CortexM0\ARM_GCC_541\Debug\FinalDesignProject.a(UART_UART.o)
 .comment       0x0000006e       0x6f .\CortexM0\ARM_GCC_541\Debug\FinalDesignProject.a(I2C.o)
 .comment       0x0000006e       0x6f .\CortexM0\ARM_GCC_541\Debug\FinalDesignProject.a(I2C_I2C.o)
 .comment       0x0000006e       0x6f .\CortexM0\ARM_GCC_541\Debug\FinalDesignProject.a(I2C_I2C_MASTER.o)
 .comment       0x0000006e       0x6f .\CortexM0\ARM_GCC_541\Debug\FinalDesignProject.a(I2C_sda.o)
 .comment       0x0000006e       0x6f .\CortexM0\ARM_GCC_541\Debug\FinalDesignProject.a(I2C_scl.o)
 .comment       0x0000006e       0x6f .\CortexM0\ARM_GCC_541\Debug\FinalDesignProject.a(LED_PWM.o)
 .comment       0x0000006e       0x6f .\CortexM0\ARM_GCC_541\Debug\FinalDesignProject.a(ISR_1.o)
 .comment       0x0000006e       0x6f .\CortexM0\ARM_GCC_541\Debug\FinalDesignProject.a(Timer_1.o)
 .comment       0x0000006e       0x6f .\CortexM0\ARM_GCC_541\Debug\FinalDesignProject.a(UART_SPI_UART.o)
 .comment       0x0000006e       0x6f .\CortexM0\ARM_GCC_541\Debug\FinalDesignProject.a(I2C_I2C_INT.o)

.debug_weaknames
 *(.debug_weaknames)

.debug_funcnames
 *(.debug_funcnames)

.debug_typenames
 *(.debug_typenames)

.debug_varnames
 *(.debug_varnames)

.note.gnu.arm.ident
 *(.note.gnu.arm.ident)

.ARM.attributes
                0x00000000       0x28
 *(.ARM.attributes)
 .ARM.attributes
                0x00000000       0x1e c:/program files (x86)/cypress/psoc creator/4.4/psoc creator/import/gnu/arm/5.4.1/bin/../lib/gcc/arm-none-eabi/5.4.1/armv6-m/crti.o
 .ARM.attributes
                0x0000001e       0x2c c:/program files (x86)/cypress/psoc creator/4.4/psoc creator/import/gnu/arm/5.4.1/bin/../lib/gcc/arm-none-eabi/5.4.1/armv6-m/crtbegin.o
 .ARM.attributes
                0x0000004a       0x1b c:/program files (x86)/cypress/psoc creator/4.4/psoc creator/import/gnu/arm/5.4.1/bin/../lib/gcc/arm-none-eabi/5.4.1/../../../../arm-none-eabi/lib/armv6-m/crt0.o
 .ARM.attributes
                0x00000065       0x31 .\CortexM0\ARM_GCC_541\Debug\main.o
 .ARM.attributes
                0x00000096       0x31 .\CortexM0\ARM_GCC_541\Debug\ssd1306_driver.o
 .ARM.attributes
                0x000000c7       0x31 .\CortexM0\ARM_GCC_541\Debug\max30102_driver.o
 .ARM.attributes
                0x000000f8       0x31 .\CortexM0\ARM_GCC_541\Debug\heartrate.o
 .ARM.attributes
                0x00000129       0x31 .\CortexM0\ARM_GCC_541\Debug\spo2_algorithm.o
 .ARM.attributes
                0x0000015a       0x31 .\CortexM0\ARM_GCC_541\Debug\cyfitter_cfg.o
 .ARM.attributes
                0x0000018b       0x31 .\CortexM0\ARM_GCC_541\Debug\cymetadata.o
 .ARM.attributes
                0x000001bc       0x31 .\CortexM0\ARM_GCC_541\Debug\Cm0Start.o
 .ARM.attributes
                0x000001ed       0x31 .\CortexM0\ARM_GCC_541\Debug\FinalDesignProject.a(CyLib.o)
 .ARM.attributes
                0x0000021e       0x31 .\CortexM0\ARM_GCC_541\Debug\FinalDesignProject.a(CyLFClk.o)
 .ARM.attributes
                0x0000024f       0x31 .\CortexM0\ARM_GCC_541\Debug\FinalDesignProject.a(UART.o)
 .ARM.attributes
                0x00000280       0x31 .\CortexM0\ARM_GCC_541\Debug\FinalDesignProject.a(UART_UART.o)
 .ARM.attributes
                0x000002b1       0x31 .\CortexM0\ARM_GCC_541\Debug\FinalDesignProject.a(I2C.o)
 .ARM.attributes
                0x000002e2       0x31 .\CortexM0\ARM_GCC_541\Debug\FinalDesignProject.a(I2C_I2C.o)
 .ARM.attributes
                0x00000313       0x31 .\CortexM0\ARM_GCC_541\Debug\FinalDesignProject.a(I2C_I2C_MASTER.o)
 .ARM.attributes
                0x00000344       0x31 .\CortexM0\ARM_GCC_541\Debug\FinalDesignProject.a(I2C_sda.o)
 .ARM.attributes
                0x00000375       0x31 .\CortexM0\ARM_GCC_541\Debug\FinalDesignProject.a(I2C_scl.o)
 .ARM.attributes
                0x000003a6       0x31 .\CortexM0\ARM_GCC_541\Debug\FinalDesignProject.a(LED_PWM.o)
 .ARM.attributes
                0x000003d7       0x31 .\CortexM0\ARM_GCC_541\Debug\FinalDesignProject.a(ISR_1.o)
 .ARM.attributes
                0x00000408       0x31 .\CortexM0\ARM_GCC_541\Debug\FinalDesignProject.a(Timer_1.o)
 .ARM.attributes
                0x00000439       0x21 .\CortexM0\ARM_GCC_541\Debug\FinalDesignProject.a(CyBootAsmGnu.o)
 .ARM.attributes
                0x0000045a       0x31 .\CortexM0\ARM_GCC_541\Debug\FinalDesignProject.a(UART_SPI_UART.o)
 .ARM.attributes
                0x0000048b       0x31 .\CortexM0\ARM_GCC_541\Debug\FinalDesignProject.a(I2C_I2C_INT.o)
 .ARM.attributes
                0x000004bc       0x1e c:/program files (x86)/cypress/psoc creator/4.4/psoc creator/import/gnu/arm/5.4.1/bin/../lib/gcc/arm-none-eabi/5.4.1/armv6-m\libgcc.a(_udivsi3.o)
 .ARM.attributes
                0x000004da       0x1e c:/program files (x86)/cypress/psoc creator/4.4/psoc creator/import/gnu/arm/5.4.1/bin/../lib/gcc/arm-none-eabi/5.4.1/armv6-m\libgcc.a(_divsi3.o)
 .ARM.attributes
                0x000004f8       0x1e c:/program files (x86)/cypress/psoc creator/4.4/psoc creator/import/gnu/arm/5.4.1/bin/../lib/gcc/arm-none-eabi/5.4.1/armv6-m\libgcc.a(_dvmd_tls.o)
 .ARM.attributes
                0x00000516       0x2c c:/program files (x86)/cypress/psoc creator/4.4/psoc creator/import/gnu/arm/5.4.1/bin/../lib/gcc/arm-none-eabi/5.4.1/armv6-m\libgcc.a(addsf3.o)
 .ARM.attributes
                0x00000542       0x2c c:/program files (x86)/cypress/psoc creator/4.4/psoc creator/import/gnu/arm/5.4.1/bin/../lib/gcc/arm-none-eabi/5.4.1/armv6-m\libgcc.a(mulsf3.o)
 .ARM.attributes
                0x0000056e       0x2c c:/program files (x86)/cypress/psoc creator/4.4/psoc creator/import/gnu/arm/5.4.1/bin/../lib/gcc/arm-none-eabi/5.4.1/armv6-m\libgcc.a(floatsisf.o)
 .ARM.attributes
                0x0000059a       0x2c c:/program files (x86)/cypress/psoc creator/4.4/psoc creator/import/gnu/arm/5.4.1/bin/../lib/gcc/arm-none-eabi/5.4.1/armv6-m\libgcc.a(floatunsisf.o)
 .ARM.attributes
                0x000005c6       0x1e c:/program files (x86)/cypress/psoc creator/4.4/psoc creator/import/gnu/arm/5.4.1/bin/../lib/gcc/arm-none-eabi/5.4.1/armv6-m\libgcc.a(_clzsi2.o)
 .ARM.attributes
                0x000005e4       0x2c c:/program files (x86)/cypress/psoc creator/4.4/psoc creator/import/gnu/arm/5.4.1/bin/../lib/gcc/arm-none-eabi/5.4.1/../../../../arm-none-eabi/lib/armv6-m\libg_nano.a(lib_a-errno.o)
 .ARM.attributes
                0x00000610       0x2c c:/program files (x86)/cypress/psoc creator/4.4/psoc creator/import/gnu/arm/5.4.1/bin/../lib/gcc/arm-none-eabi/5.4.1/../../../../arm-none-eabi/lib/armv6-m\libg_nano.a(lib_a-exit.o)
 .ARM.attributes
                0x0000063c       0x2c c:/program files (x86)/cypress/psoc creator/4.4/psoc creator/import/gnu/arm/5.4.1/bin/../lib/gcc/arm-none-eabi/5.4.1/../../../../arm-none-eabi/lib/armv6-m\libg_nano.a(lib_a-impure.o)
 .ARM.attributes
                0x00000668       0x2c c:/program files (x86)/cypress/psoc creator/4.4/psoc creator/import/gnu/arm/5.4.1/bin/../lib/gcc/arm-none-eabi/5.4.1/../../../../arm-none-eabi/lib/armv6-m\libg_nano.a(lib_a-init.o)
 .ARM.attributes
                0x00000694       0x2c c:/program files (x86)/cypress/psoc creator/4.4/psoc creator/import/gnu/arm/5.4.1/bin/../lib/gcc/arm-none-eabi/5.4.1/../../../../arm-none-eabi/lib/armv6-m\libg_nano.a(lib_a-memset.o)
 .ARM.attributes
                0x000006c0       0x2c c:/program files (x86)/cypress/psoc creator/4.4/psoc creator/import/gnu/arm/5.4.1/bin/../lib/gcc/arm-none-eabi/5.4.1/../../../../arm-none-eabi/lib/armv6-m\libg_nano.a(lib_a-snprintf.o)
 .ARM.attributes
                0x000006ec       0x2c c:/program files (x86)/cypress/psoc creator/4.4/psoc creator/import/gnu/arm/5.4.1/bin/../lib/gcc/arm-none-eabi/5.4.1/../../../../arm-none-eabi/lib/armv6-m\libg_nano.a(lib_a-nano-svfprintf.o)
 .ARM.attributes
                0x00000718       0x2c c:/program files (x86)/cypress/psoc creator/4.4/psoc creator/import/gnu/arm/5.4.1/bin/../lib/gcc/arm-none-eabi/5.4.1/../../../../arm-none-eabi/lib/armv6-m\libg_nano.a(lib_a-nano-vfprintf_i.o)
 .ARM.attributes
                0x00000744       0x2c c:/program files (x86)/cypress/psoc creator/4.4/psoc creator/import/gnu/arm/5.4.1/bin/../lib/gcc/arm-none-eabi/5.4.1/../../../../arm-none-eabi/lib/armv6-m\libg_nano.a(lib_a-memchr-stub.o)
 .ARM.attributes
                0x00000770       0x2c c:/program files (x86)/cypress/psoc creator/4.4/psoc creator/import/gnu/arm/5.4.1/bin/../lib/gcc/arm-none-eabi/5.4.1/../../../../arm-none-eabi/lib/armv6-m\libg_nano.a(lib_a-memcpy-stub.o)
 .ARM.attributes
                0x0000079c       0x2c c:/program files (x86)/cypress/psoc creator/4.4/psoc creator/import/gnu/arm/5.4.1/bin/../lib/gcc/arm-none-eabi/5.4.1/../../../../arm-none-eabi/lib/armv6-m\libg_nano.a(lib_a-memmove.o)
 .ARM.attributes
                0x000007c8       0x2c c:/program files (x86)/cypress/psoc creator/4.4/psoc creator/import/gnu/arm/5.4.1/bin/../lib/gcc/arm-none-eabi/5.4.1/../../../../arm-none-eabi/lib/armv6-m\libg_nano.a(lib_a-nano-freer.o)
 .ARM.attributes
                0x000007f4       0x2c c:/program files (x86)/cypress/psoc creator/4.4/psoc creator/import/gnu/arm/5.4.1/bin/../lib/gcc/arm-none-eabi/5.4.1/../../../../arm-none-eabi/lib/armv6-m\libg_nano.a(lib_a-nano-mallocr.o)
 .ARM.attributes
                0x00000820       0x2c c:/program files (x86)/cypress/psoc creator/4.4/psoc creator/import/gnu/arm/5.4.1/bin/../lib/gcc/arm-none-eabi/5.4.1/../../../../arm-none-eabi/lib/armv6-m\libg_nano.a(lib_a-nano-reallocr.o)
 .ARM.attributes
                0x0000084c       0x2c c:/program files (x86)/cypress/psoc creator/4.4/psoc creator/import/gnu/arm/5.4.1/bin/../lib/gcc/arm-none-eabi/5.4.1/../../../../arm-none-eabi/lib/armv6-m\libg_nano.a(lib_a-sbrkr.o)
 .ARM.attributes
                0x00000878       0x2c c:/program files (x86)/cypress/psoc creator/4.4/psoc creator/import/gnu/arm/5.4.1/bin/../lib/gcc/arm-none-eabi/5.4.1/../../../../arm-none-eabi/lib/armv6-m\libg_nano.a(lib_a-mlock.o)
 .ARM.attributes
                0x000008a4       0x2c c:/program files (x86)/cypress/psoc creator/4.4/psoc creator/import/gnu/arm/5.4.1/bin/../lib/gcc/arm-none-eabi/5.4.1/../../../../arm-none-eabi/lib/armv6-m\libg_nano.a(lib_a-nano-msizer.o)
 .ARM.attributes
                0x000008d0       0x2c c:/program files (x86)/cypress/psoc creator/4.4/psoc creator/import/gnu/arm/5.4.1/bin/../lib/gcc/arm-none-eabi/5.4.1/../../../../arm-none-eabi/lib/armv6-m\libg_nano.a(lib_a-reent.o)
 .ARM.attributes
                0x000008fc       0x2c c:/program files (x86)/cypress/psoc creator/4.4/psoc creator/import/gnu/arm/5.4.1/bin/../lib/gcc/arm-none-eabi/5.4.1/armv6-m/crtend.o
 .ARM.attributes
                0x00000928       0x1e c:/program files (x86)/cypress/psoc creator/4.4/psoc creator/import/gnu/arm/5.4.1/bin/../lib/gcc/arm-none-eabi/5.4.1/armv6-m/crtn.o

/DISCARD/
 *(.note.GNU-stack)
OUTPUT(C:\Users\joshw\Desktop\EECE3015\eece3015-heart-rate-monitor\FinalDesignProject\FinalDesignProject.cydsn\CortexM0\ARM_GCC_541\Debug\FinalDesignProject.elf elf32-littlearm)
