Archive member included to satisfy reference by file (symbol)

.\CortexM0\ARM_GCC_541\Debug\FinalDesignProject.a(CyLib.o)
                              .\CortexM0\ARM_GCC_541\Debug\cyfitter_cfg.o (CyIntEnable)
.\CortexM0\ARM_GCC_541\Debug\FinalDesignProject.a(CyLFClk.o)
                              .\CortexM0\ARM_GCC_541\Debug\cyfitter_cfg.o (CySysWdtIsr)
.\CortexM0\ARM_GCC_541\Debug\FinalDesignProject.a(UART.o)
                              .\CortexM0\ARM_GCC_541\Debug\main.o (UART_Start)
.\CortexM0\ARM_GCC_541\Debug\FinalDesignProject.a(UART_UART.o)
                              .\CortexM0\ARM_GCC_541\Debug\FinalDesignProject.a(UART.o) (UART_UartInit)
.\CortexM0\ARM_GCC_541\Debug\FinalDesignProject.a(I2C.o)
                              .\CortexM0\ARM_GCC_541\Debug\main.o (I2C_Start)
.\CortexM0\ARM_GCC_541\Debug\FinalDesignProject.a(I2C_I2C.o)
                              .\CortexM0\ARM_GCC_541\Debug\FinalDesignProject.a(I2C.o) (I2C_I2CInit)
.\CortexM0\ARM_GCC_541\Debug\FinalDesignProject.a(I2C_I2C_MASTER.o)
                              .\CortexM0\ARM_GCC_541\Debug\ssd1306_driver.o (I2C_I2CMasterSendStart)
.\CortexM0\ARM_GCC_541\Debug\FinalDesignProject.a(I2C_sda.o)
                              .\CortexM0\ARM_GCC_541\Debug\FinalDesignProject.a(I2C_I2C_MASTER.o) (I2C_sda_Read)
.\CortexM0\ARM_GCC_541\Debug\FinalDesignProject.a(I2C_scl.o)
                              .\CortexM0\ARM_GCC_541\Debug\FinalDesignProject.a(I2C_I2C_MASTER.o) (I2C_scl_Write)
.\CortexM0\ARM_GCC_541\Debug\FinalDesignProject.a(LED_PWM.o)
                              .\CortexM0\ARM_GCC_541\Debug\main.o (LED_PWM_Stop)
.\CortexM0\ARM_GCC_541\Debug\FinalDesignProject.a(CyBootAsmGnu.o)
                              .\CortexM0\ARM_GCC_541\Debug\FinalDesignProject.a(CyLib.o) (CyDelayCycles)
.\CortexM0\ARM_GCC_541\Debug\FinalDesignProject.a(UART_SPI_UART.o)
                              .\CortexM0\ARM_GCC_541\Debug\FinalDesignProject.a(UART_UART.o) (UART_SpiUartReadRxData)
.\CortexM0\ARM_GCC_541\Debug\FinalDesignProject.a(I2C_I2C_INT.o)
                              .\CortexM0\ARM_GCC_541\Debug\FinalDesignProject.a(I2C_I2C.o) (I2C_I2C_ISR)
c:/program files (x86)/cypress/psoc creator/4.4/psoc creator/import/gnu/arm/5.4.1/bin/../lib/gcc/arm-none-eabi/5.4.1/armv6-m\libgcc.a(_udivsi3.o)
                              .\CortexM0\ARM_GCC_541\Debug\FinalDesignProject.a(CyLib.o) (__aeabi_uidiv)
c:/program files (x86)/cypress/psoc creator/4.4/psoc creator/import/gnu/arm/5.4.1/bin/../lib/gcc/arm-none-eabi/5.4.1/armv6-m\libgcc.a(_dvmd_tls.o)
                              c:/program files (x86)/cypress/psoc creator/4.4/psoc creator/import/gnu/arm/5.4.1/bin/../lib/gcc/arm-none-eabi/5.4.1/armv6-m\libgcc.a(_udivsi3.o) (__aeabi_idiv0)
c:/program files (x86)/cypress/psoc creator/4.4/psoc creator/import/gnu/arm/5.4.1/bin/../lib/gcc/arm-none-eabi/5.4.1/armv6-m\libgcc.a(addsf3.o)
                              .\CortexM0\ARM_GCC_541\Debug\max30102_driver.o (__aeabi_fadd)
c:/program files (x86)/cypress/psoc creator/4.4/psoc creator/import/gnu/arm/5.4.1/bin/../lib/gcc/arm-none-eabi/5.4.1/armv6-m\libgcc.a(mulsf3.o)
                              .\CortexM0\ARM_GCC_541\Debug\max30102_driver.o (__aeabi_fmul)
c:/program files (x86)/cypress/psoc creator/4.4/psoc creator/import/gnu/arm/5.4.1/bin/../lib/gcc/arm-none-eabi/5.4.1/armv6-m\libgcc.a(floatsisf.o)
                              .\CortexM0\ARM_GCC_541\Debug\max30102_driver.o (__aeabi_i2f)
c:/program files (x86)/cypress/psoc creator/4.4/psoc creator/import/gnu/arm/5.4.1/bin/../lib/gcc/arm-none-eabi/5.4.1/armv6-m\libgcc.a(floatunsisf.o)
                              .\CortexM0\ARM_GCC_541\Debug\max30102_driver.o (__aeabi_ui2f)
c:/program files (x86)/cypress/psoc creator/4.4/psoc creator/import/gnu/arm/5.4.1/bin/../lib/gcc/arm-none-eabi/5.4.1/armv6-m\libgcc.a(_clzsi2.o)
                              c:/program files (x86)/cypress/psoc creator/4.4/psoc creator/import/gnu/arm/5.4.1/bin/../lib/gcc/arm-none-eabi/5.4.1/armv6-m\libgcc.a(addsf3.o) (__clzsi2)
c:/program files (x86)/cypress/psoc creator/4.4/psoc creator/import/gnu/arm/5.4.1/bin/../lib/gcc/arm-none-eabi/5.4.1/../../../../arm-none-eabi/lib/armv6-m\libg_nano.a(lib_a-errno.o)
                              .\CortexM0\ARM_GCC_541\Debug\Cm0Start.o (__errno)
c:/program files (x86)/cypress/psoc creator/4.4/psoc creator/import/gnu/arm/5.4.1/bin/../lib/gcc/arm-none-eabi/5.4.1/../../../../arm-none-eabi/lib/armv6-m\libg_nano.a(lib_a-exit.o)
                              c:/program files (x86)/cypress/psoc creator/4.4/psoc creator/import/gnu/arm/5.4.1/bin/../lib/gcc/arm-none-eabi/5.4.1/../../../../arm-none-eabi/lib/armv6-m/crt0.o (exit)
c:/program files (x86)/cypress/psoc creator/4.4/psoc creator/import/gnu/arm/5.4.1/bin/../lib/gcc/arm-none-eabi/5.4.1/../../../../arm-none-eabi/lib/armv6-m\libg_nano.a(lib_a-impure.o)
[...]
Memory Configuration

Name             Origin             Length             Attributes
rom              0x00000000         0x00008000         xr
ram              0x20000000         0x00001000         xrw
*default*        0x00000000         0xffffffff

Linker script and memory map

LOAD c:/program files (x86)/cypress/psoc creator/4.4/psoc creator/import/gnu/arm/5.4.1/bin/../lib/gcc/arm-none-eabi/5.4.1/armv6-m/crti.o
LOAD c:/program files (x86)/cypress/psoc creator/4.4/psoc creator/import/gnu/arm/5.4.1/bin/../lib/gcc/arm-none-eabi/5.4.1/armv6-m/crtbegin.o
LOAD c:/program files (x86)/cypress/psoc creator/4.4/psoc creator/import/gnu/arm/5.4.1/bin/../lib/gcc/arm-none-eabi/5.4.1/../../../../arm-none-eabi/lib/armv6-m/crt0.o
START GROUP
LOAD .\CortexM0\ARM_GCC_541\Debug\main.o
LOAD .\CortexM0\ARM_GCC_541\Debug\ssd1306_driver.o
LOAD .\CortexM0\ARM_GCC_541\Debug\max30102_driver.o
LOAD .\CortexM0\ARM_GCC_541\Debug\cyfitter_cfg.o
LOAD .\CortexM0\ARM_GCC_541\Debug\cymetadata.o
LOAD .\CortexM0\ARM_GCC_541\Debug\Cm0Start.o
LOAD .\CortexM0\ARM_GCC_541\Debug\FinalDesignProject.a
END GROUP
START GROUP
LOAD c:/program files (x86)/cypress/psoc creator/4.4/psoc creator/import/gnu/arm/5.4.1/bin/../lib/gcc/arm-none-eabi/5.4.1/armv6-m\libgcc.a
LOAD c:/program files (x86)/cypress/psoc creator/4.4/psoc creator/import/gnu/arm/5.4.1/bin/../lib/gcc/arm-none-eabi/5.4.1/../../../../arm-none-eabi/lib/armv6-m\libg_nano.a
LOAD c:/program files (x86)/cypress/psoc creator/4.4/psoc creator/import/gnu/arm/5.4.1/bin/../lib/gcc/arm-none-eabi/5.4.1/../../../../arm-none-eabi/lib/armv6-m\libc_nano.a
END GROUP
START GROUP
LOAD c:/program files (x86)/cypress/psoc creator/4.4/psoc creator/import/gnu/arm/5.4.1/bin/../lib/gcc/arm-none-eabi/5.4.1/armv6-m\libgcc.a
LOAD c:/program files (x86)/cypress/psoc creator/4.4/psoc creator/import/gnu/arm/5.4.1/bin/../lib/gcc/arm-none-eabi/5.4.1/../../../../arm-none-eabi/lib/armv6-m\libc_nano.a
END GROUP
LOAD c:/program files (x86)/cypress/psoc creator/4.4/psoc creator/import/gnu/arm/5.4.1/bin/../lib/gcc/arm-none-eabi/5.4.1/armv6-m/crtend.o
LOAD c:/program files (x86)/cypress/psoc creator/4.4/psoc creator/import/gnu/arm/5.4.1/bin/../lib/gcc/arm-none-eabi/5.4.1/armv6-m/crtn.o
START GROUP
LOAD c:/program files (x86)/cypress/psoc creator/4.4/psoc creator/import/gnu/arm/5.4.1/bin/../lib/gcc/arm-none-eabi/5.4.1/armv6-m\libgcc.a
LOAD c:/program files (x86)/cypress/psoc creator/4.4/psoc creator/import/gnu/arm/5.4.1/bin/../lib/gcc/arm-none-eabi/5.4.1/../../../../arm-none-eabi/lib/armv6-m\libc.a
LOAD c:/program files (x86)/cypress/psoc creator/4.4/psoc creator/import/gnu/arm/5.4.1/bin/../lib/gcc/arm-none-eabi/5.4.1/../../../../arm-none-eabi/lib/armv6-m\libnosys.a
END GROUP
                0x00000000                CY_APPL_ORIGIN = 0x0
                0x00000080                CY_FLASH_ROW_SIZE = 0x80
                0x00000001                CY_APPL_NUM = 0x1
                0x00000001                CY_APPL_MAX = 0x1
                0x00000040                CY_METADATA_SIZE = 0x40
                0x00000000                CY_APPL_LOADABLE = 0x0
                0x00000000                CY_CHECKSUM_EXCLUDE_SIZE = ALIGN (0x0, CY_FLASH_ROW_SIZE)
                0x00000000                CY_APP_FOR_STACK_AND_COPIER = 0x0
                [!provide]                PROVIDE (__cy_heap_start, _end)
                0x00000001                PROVIDE (__cy_region_num, ((__cy_regions_end - __cy_regions) / 0x10))
                0x20001000                PROVIDE (__cy_stack, (ORIGIN (ram) + LENGTH (ram)))
                [!provide]                PROVIDE (__cy_heap_end, (__cy_stack - 0x400))

.cybootloader   0x00000000        0x0
 *(.cybootloader)
                0x00000000                appl1_start = CY_APPL_ORIGIN?CY_APPL_ORIGIN:ALIGN (CY_FLASH_ROW_SIZE)
                0x00003f80                appl2_start = (appl1_start + ALIGN ((((LENGTH (rom) - appl1_start) - (0x2 * CY_FLASH_ROW_SIZE)) / 0x2), CY_FLASH_ROW_SIZE))
                0x00000000                appl_start = (CY_APPL_NUM == 0x1)?appl1_start:appl2_start
                0x00000001                cy_project_type_bootloader = (appl_start == 0x0)?0x1:0x0
                0x00000000                cy_project_type_app_for_stack_and_copier = (CY_APP_FOR_STACK_AND_COPIER == 0x1)?0x1:0x0

.text           0x00000000     0x262e
 CREATE_OBJECT_SYMBOLS
                0x00000000                PROVIDE (__cy_interrupt_vector, RomVectors)
 *(.romvectors)
 .romvectors    0x00000000       0x10 .\CortexM0\ARM_GCC_541\Debug\Cm0Start.o
                0x00000000                RomVectors
                0x00000001                ASSERT ((. != __cy_interrupt_vector), No interrupt vector)
                0x00000001                ASSERT (CY_APPL_ORIGIN?(SIZEOF (.cybootloader) <= CY_APPL_ORIGIN):0x1, Wrong image location)
                0x00000010                PROVIDE (__cy_reset, Reset)
 *(.text.Reset)
 .text.Reset    0x00000010        0x8 .\CortexM0\ARM_GCC_541\Debug\Cm0Start.o
                0x00000010                Reset
                0x00000001                ASSERT ((. != __cy_reset), No reset code)
 *(.psocinit)
 .psocinit      0x00000018      0x1d4 .\CortexM0\ARM_GCC_541\Debug\cyfitter_cfg.o
                0x000000c0                cyfitter_cfg
                0x000001ec                . = MAX (., 0x100)
 *(.text .text.* .gnu.linkonce.t.*)
 .text          0x000001ec       0x60 c:/program files (x86)/cypress/psoc creator/4.4/psoc creator/import/gnu/arm/5.4.1/bin/../lib/gcc/arm-none-eabi/5.4.1/armv6-m/crtbegin.o
 .text.main     0x0000024c      0x17c .\CortexM0\ARM_GCC_541\Debug\main.o
                0x0000024c                main
 .text.SSD1306_SendCommandList
                0x000003c8       0x34 .\CortexM0\ARM_GCC_541\Debug\ssd1306_driver.o
                0x000003c8                SSD1306_SendCommandList
 .text.clearDisplay
                0x000003fc       0x20 .\CortexM0\ARM_GCC_541\Debug\ssd1306_driver.o
                0x000003fc                clearDisplay
 .text.init     0x0000041c       0x44 .\CortexM0\ARM_GCC_541\Debug\ssd1306_driver.o
                0x0000041c                init
 .text.drawPixel
                0x00000460       0x80 .\CortexM0\ARM_GCC_541\Debug\ssd1306_driver.o
                0x00000460                drawPixel
 .text.drawChar
                0x000004e0      0x110 .\CortexM0\ARM_GCC_541\Debug\ssd1306_driver.o
                0x000004e0                drawChar
 .text.drawString
                0x000005f0       0x24 .\CortexM0\ARM_GCC_541\Debug\ssd1306_driver.o
                0x000005f0                drawString
 .text.refreshDisplay
                0x00000614       0x70 .\CortexM0\ARM_GCC_541\Debug\ssd1306_driver.o
                0x00000614                refreshDisplay
 .text.MAX30105_readRegister8
                0x00000684       0x40 .\CortexM0\ARM_GCC_541\Debug\max30102_driver.o
                0x00000684                MAX30105_readRegister8
 .text.MAX30105_writeRegister8
                0x000006c4       0x28 .\CortexM0\ARM_GCC_541\Debug\max30102_driver.o
                0x000006c4                MAX30105_writeRegister8
 .text.MAX30105_bitMask
                0x000006ec       0x1c .\CortexM0\ARM_GCC_541\Debug\max30102_driver.o
                0x000006ec                MAX30105_bitMask
 .text.MAX30105_readPartID
                0x00000708        0xc .\CortexM0\ARM_GCC_541\Debug\max30102_driver.o
                0x00000708                MAX30105_readPartID
 .text.MAX30105_readRevisionID
                0x00000714       0x14 .\CortexM0\ARM_GCC_541\Debug\max30102_driver.o
                0x00000714                MAX30105_readRevisionID
 .text.MAX30105_begin
                0x00000728       0x18 .\CortexM0\ARM_GCC_541\Debug\max30102_driver.o
                0x00000728                MAX30105_begin
 .text.MAX30105_softReset
                0x00000740       0x28 .\CortexM0\ARM_GCC_541\Debug\max30102_driver.o
                0x00000740                MAX30105_softReset
 .text.MAX30105_setLEDMode
                0x00000768       0x10 .\CortexM0\ARM_GCC_541\Debug\max30102_driver.o
                0x00000768                MAX30105_setLEDMode
 .text.MAX30105_setADCRange
                0x00000778       0x10 .\CortexM0\ARM_GCC_541\Debug\max30102_driver.o
                0x00000778                MAX30105_setADCRange
 .text.MAX30105_setSampleRate
                0x00000788       0x10 .\CortexM0\ARM_GCC_541\Debug\max30102_driver.o
                0x00000788                MAX30105_setSampleRate
 .text.MAX30105_setPulseWidth
                0x00000798       0x10 .\CortexM0\ARM_GCC_541\Debug\max30102_driver.o
                0x00000798                MAX30105_setPulseWidth
 .text.MAX30105_setPulseAmplitudeRed
                0x000007a8        0xc .\CortexM0\ARM_GCC_541\Debug\max30102_driver.o
                0x000007a8                MAX30105_setPulseAmplitudeRed
 .text.MAX30105_setPulseAmplitudeIR
                0x000007b4        0xc .\CortexM0\ARM_GCC_541\Debug\max30102_driver.o
                0x000007b4                MAX30105_setPulseAmplitudeIR
 .text.MAX30105_setPulseAmplitudeGreen
                0x000007c0        0xc .\CortexM0\ARM_GCC_541\Debug\max30102_driver.o
                0x000007c0                MAX30105_setPulseAmplitudeGreen
 .text.MAX30105_setFIFOAverage
                0x000007cc       0x10 .\CortexM0\ARM_GCC_541\Debug\max30102_driver.o
                0x000007cc                MAX30105_setFIFOAverage
 .text.MAX30105_enableFIFORollover
                0x000007dc       0x10 .\CortexM0\ARM_GCC_541\Debug\max30102_driver.o
                0x000007dc                MAX30105_enableFIFORollover
 .text.MAX30105_clearFIFO
                0x000007ec       0x1c .\CortexM0\ARM_GCC_541\Debug\max30102_driver.o
                0x000007ec                MAX30105_clearFIFO
 .text.MAX30105_enableSlot
                0x00000808       0x4c .\CortexM0\ARM_GCC_541\Debug\max30102_driver.o
                0x00000808                MAX30105_enableSlot
 .text.MAX30105_getWritePointer
                0x00000854        0xc .\CortexM0\ARM_GCC_541\Debug\max30102_driver.o
                0x00000854                MAX30105_getWritePointer
 .text.MAX30105_getReadPointer
                0x00000860        0xc .\CortexM0\ARM_GCC_541\Debug\max30102_driver.o
                0x00000860                MAX30105_getReadPointer
 .text.MAX30105_setup
                0x0000086c      0x1b0 .\CortexM0\ARM_GCC_541\Debug\max30102_driver.o
                0x0000086c                MAX30105_setup
 .text.MAX30105_available
                0x00000a1c       0x20 .\CortexM0\ARM_GCC_541\Debug\max30102_driver.o
                0x00000a1c                MAX30105_available
 .text.MAX30105_getFIFORed
                0x00000a3c       0x10 .\CortexM0\ARM_GCC_541\Debug\max30102_driver.o
                0x00000a3c                MAX30105_getFIFORed
 .text.MAX30105_getFIFOIR
                0x00000a4c       0x14 .\CortexM0\ARM_GCC_541\Debug\max30102_driver.o
                0x00000a4c                MAX30105_getFIFOIR
 .text.MAX30105_nextSample
                0x00000a60       0x20 .\CortexM0\ARM_GCC_541\Debug\max30102_driver.o
                0x00000a60                MAX30105_nextSample
 .text.i2c_read8
                0x00000a80       0x24 .\CortexM0\ARM_GCC_541\Debug\max30102_driver.o
                0x00000a80                i2c_read8
 .text.MAX30105_check
                0x00000aa4      0x154 .\CortexM0\ARM_GCC_541\Debug\max30102_driver.o
                0x00000aa4                MAX30105_check
 .text.cfg_write_bytes32
                0x00000bf8       0x34 .\CortexM0\ARM_GCC_541\Debug\cyfitter_cfg.o
 .text.CYMEMZERO
                0x00000c2c        0xc .\CortexM0\ARM_GCC_541\Debug\cyfitter_cfg.o
 .text.IntDefaultHandler
                0x00000c38       0x10 .\CortexM0\ARM_GCC_541\Debug\Cm0Start.o
                0x00000c38                IntDefaultHandler
 .text._sbrk    0x00000c48       0x30 .\CortexM0\ARM_GCC_541\Debug\Cm0Start.o
                0x00000c48                _sbrk
 .text.Start_c  0x00000c78       0x48 .\CortexM0\ARM_GCC_541\Debug\Cm0Start.o
                0x00000c78                Start_c
 .text.initialize_psoc
                0x00000cc0       0x40 .\CortexM0\ARM_GCC_541\Debug\Cm0Start.o
                0x00000cc0                initialize_psoc
 .text.CyIntEnable
                0x00000d00       0x14 .\CortexM0\ARM_GCC_541\Debug\FinalDesignProject.a(CyLib.o)
                0x00000d00                CyIntEnable
 .text.CyIntDisable
                0x00000d14       0x14 .\CortexM0\ARM_GCC_541\Debug\FinalDesignProject.a(CyLib.o)
                0x00000d14                CyIntDisable
 .text.CyHalt   0x00000d28        0x4 .\CortexM0\ARM_GCC_541\Debug\FinalDesignProject.a(CyLib.o)
                0x00000d28                CyHalt
 .text.CyIntSetVector
                0x00000d2c       0x24 .\CortexM0\ARM_GCC_541\Debug\FinalDesignProject.a(CyLib.o)
                0x00000d2c                CyIntSetVector
 .text.CyIntSetPriority
                0x00000d50       0x4c .\CortexM0\ARM_GCC_541\Debug\FinalDesignProject.a(CyLib.o)
                0x00000d50                CyIntSetPriority
 .text.CyDelay  0x00000d9c       0x30 .\CortexM0\ARM_GCC_541\Debug\FinalDesignProject.a(CyLib.o)
                0x00000d9c                CyDelay
 .text.CyDelayUs
                0x00000dcc       0x14 .\CortexM0\ARM_GCC_541\Debug\FinalDesignProject.a(CyLib.o)
                0x00000dcc                CyDelayUs
 .text.CySysClkWriteImoFreq
                0x00000de0      0x164 .\CortexM0\ARM_GCC_541\Debug\FinalDesignProject.a(CyLib.o)
                0x00000de0                CySysClkWriteImoFreq
 .text.CySysWdtLocked
                0x00000f44       0x14 .\CortexM0\ARM_GCC_541\Debug\FinalDesignProject.a(CyLFClk.o)
 .text.CySysWdtLock
                0x00000f58       0x1c .\CortexM0\ARM_GCC_541\Debug\FinalDesignProject.a(CyLFClk.o)
                0x00000f58                CySysWdtLock
 .text.CySysWdtUnlock
                0x00000f74       0x30 .\CortexM0\ARM_GCC_541\Debug\FinalDesignProject.a(CyLFClk.o)
                0x00000f74                CySysWdtUnlock
 .text.CySysWdtClearInterrupt
                0x00000fa4       0x4c .\CortexM0\ARM_GCC_541\Debug\FinalDesignProject.a(CyLFClk.o)
                0x00000fa4                CySysWdtClearInterrupt
 .text.CySysWdtIsr
                0x00000ff0       0xa4 .\CortexM0\ARM_GCC_541\Debug\FinalDesignProject.a(CyLFClk.o)
                0x00000ff0                CySysWdtIsr
 .text.UART_ScbModePostEnable
                0x00001094        0x8 .\CortexM0\ARM_GCC_541\Debug\FinalDesignProject.a(UART.o)
 .text.UART_Init
                0x0000109c        0x8 .\CortexM0\ARM_GCC_541\Debug\FinalDesignProject.a(UART.o)
                0x0000109c                UART_Init
 .text.UART_Enable
                0x000010a4       0x18 .\CortexM0\ARM_GCC_541\Debug\FinalDesignProject.a(UART.o)
                0x000010a4                UART_Enable
 .text.UART_Start
                0x000010bc       0x20 .\CortexM0\ARM_GCC_541\Debug\FinalDesignProject.a(UART.o)
                0x000010bc                UART_Start
 .text.UART_UartInit
                0x000010dc       0x9c .\CortexM0\ARM_GCC_541\Debug\FinalDesignProject.a(UART_UART.o)
                0x000010dc                UART_UartInit
 .text.UART_UartPostEnable
                0x00001178       0x2c .\CortexM0\ARM_GCC_541\Debug\FinalDesignProject.a(UART_UART.o)
                0x00001178                UART_UartPostEnable
 .text.UART_UartPutString
                0x000011a4       0x18 .\CortexM0\ARM_GCC_541\Debug\FinalDesignProject.a(UART_UART.o)
                0x000011a4                UART_UartPutString
 .text.I2C_ScbEnableIntr
                0x000011bc        0xc .\CortexM0\ARM_GCC_541\Debug\FinalDesignProject.a(I2C.o)
 .text.I2C_Init
                0x000011c8        0x8 .\CortexM0\ARM_GCC_541\Debug\FinalDesignProject.a(I2C.o)
                0x000011c8                I2C_Init
 .text.I2C_Enable
                0x000011d0       0x18 .\CortexM0\ARM_GCC_541\Debug\FinalDesignProject.a(I2C.o)
                0x000011d0                I2C_Enable
 .text.I2C_Start
                0x000011e8       0x20 .\CortexM0\ARM_GCC_541\Debug\FinalDesignProject.a(I2C.o)
                0x000011e8                I2C_Start
 .text.I2C_I2CInit
                0x00001208       0xc4 .\CortexM0\ARM_GCC_541\Debug\FinalDesignProject.a(I2C_I2C.o)
                0x00001208                I2C_I2CInit
 .text.I2C_I2CFwBlockReset
                0x000012cc       0x94 .\CortexM0\ARM_GCC_541\Debug\FinalDesignProject.a(I2C_I2C.o)
                0x000012cc                I2C_I2CFwBlockReset
 .text.I2C_I2CMasterWaitOneUnit
                0x00001360       0x28 .\CortexM0\ARM_GCC_541\Debug\FinalDesignProject.a(I2C_I2C_MASTER.o)
 .text.I2C_I2CMasterHandleStatus
                0x00001388       0xc4 .\CortexM0\ARM_GCC_541\Debug\FinalDesignProject.a(I2C_I2C_MASTER.o)
 .text.I2C_I2CMasterSendStart
                0x0000144c       0xc4 .\CortexM0\ARM_GCC_541\Debug\FinalDesignProject.a(I2C_I2C_MASTER.o)
                0x0000144c                I2C_I2CMasterSendStart
 .text.I2C_I2CMasterSendStop
                0x00001510       0x58 .\CortexM0\ARM_GCC_541\Debug\FinalDesignProject.a(I2C_I2C_MASTER.o)
                0x00001510                I2C_I2CMasterSendStop
 .text.I2C_I2CMasterWriteByte
                0x00001568       0x48 .\CortexM0\ARM_GCC_541\Debug\FinalDesignProject.a(I2C_I2C_MASTER.o)
                0x00001568                I2C_I2CMasterWriteByte
 .text.I2C_I2CMasterReadByte
                0x000015b0       0x7c .\CortexM0\ARM_GCC_541\Debug\FinalDesignProject.a(I2C_I2C_MASTER.o)
                0x000015b0                I2C_I2CMasterReadByte
 .text.I2C_I2CMasterClearStatus
                0x0000162c       0x20 .\CortexM0\ARM_GCC_541\Debug\FinalDesignProject.a(I2C_I2C_MASTER.o)
                0x0000162c                I2C_I2CMasterClearStatus
 .text.I2C_I2CReStartGeneration
                0x0000164c       0xc4 .\CortexM0\ARM_GCC_541\Debug\FinalDesignProject.a(I2C_I2C_MASTER.o)
                0x0000164c                I2C_I2CReStartGeneration
 .text.I2C_I2CMasterSendRestart
                0x00001710       0x68 .\CortexM0\ARM_GCC_541\Debug\FinalDesignProject.a(I2C_I2C_MASTER.o)
                0x00001710                I2C_I2CMasterSendRestart
 .text.I2C_sda_Read
                0x00001778       0x10 .\CortexM0\ARM_GCC_541\Debug\FinalDesignProject.a(I2C_sda.o)
                0x00001778                I2C_sda_Read
 .text.I2C_scl_Write
                0x00001788       0x18 .\CortexM0\ARM_GCC_541\Debug\FinalDesignProject.a(I2C_scl.o)
                0x00001788                I2C_scl_Write
 .text.I2C_scl_Read
                0x000017a0       0x10 .\CortexM0\ARM_GCC_541\Debug\FinalDesignProject.a(I2C_scl.o)
                0x000017a0                I2C_scl_Read
 .text.LED_PWM_Stop
                0x000017b0       0x1c .\CortexM0\ARM_GCC_541\Debug\FinalDesignProject.a(LED_PWM.o)
                0x000017b0                LED_PWM_Stop
 .text.LED_PWM_WriteCounter
                0x000017cc       0x10 .\CortexM0\ARM_GCC_541\Debug\FinalDesignProject.a(LED_PWM.o)
                0x000017cc                LED_PWM_WriteCounter
 .text.LED_PWM_WritePeriod
                0x000017dc       0x10 .\CortexM0\ARM_GCC_541\Debug\FinalDesignProject.a(LED_PWM.o)
                0x000017dc                LED_PWM_WritePeriod
 .text.LED_PWM_WriteCompare
                0x000017ec       0x10 .\CortexM0\ARM_GCC_541\Debug\FinalDesignProject.a(LED_PWM.o)
                0x000017ec                LED_PWM_WriteCompare
 .text.LED_PWM_TriggerCommand
                0x000017fc       0x1c .\CortexM0\ARM_GCC_541\Debug\FinalDesignProject.a(LED_PWM.o)
                0x000017fc                LED_PWM_TriggerCommand
 .text.LED_PWM_Enable
                0x00001818       0x24 .\CortexM0\ARM_GCC_541\Debug\FinalDesignProject.a(LED_PWM.o)
                0x00001818                LED_PWM_Enable
 .text.LED_PWM_SetInterruptMode
                0x0000183c        0xc .\CortexM0\ARM_GCC_541\Debug\FinalDesignProject.a(LED_PWM.o)
                0x0000183c                LED_PWM_SetInterruptMode
 .text.LED_PWM_Init
                0x00001848       0x4c .\CortexM0\ARM_GCC_541\Debug\FinalDesignProject.a(LED_PWM.o)
                0x00001848                LED_PWM_Init
 .text.LED_PWM_Start
                0x00001894       0x20 .\CortexM0\ARM_GCC_541\Debug\FinalDesignProject.a(LED_PWM.o)
                0x00001894                LED_PWM_Start
 *fill*         0x000018b4        0x4 
 .text          0x000018b8       0x24 .\CortexM0\ARM_GCC_541\Debug\FinalDesignProject.a(CyBootAsmGnu.o)
                0x000018b8                CyDelayCycles
                0x000018cc                CyEnterCriticalSection
                0x000018d4                CyExitCriticalSection
 .text.UART_SpiUartWriteTxData
                0x000018dc       0x1c .\CortexM0\ARM_GCC_541\Debug\FinalDesignProject.a(UART_SPI_UART.o)
                0x000018dc                UART_SpiUartWriteTxData
 .text.I2C_I2C_ISR
                0x000018f8      0x33c .\CortexM0\ARM_GCC_541\Debug\FinalDesignProject.a(I2C_I2C_INT.o)
                0x000018f8                I2C_I2C_ISR
 .text          0x00001c34      0x114 c:/program files (x86)/cypress/psoc creator/4.4/psoc creator/import/gnu/arm/5.4.1/bin/../lib/gcc/arm-none-eabi/5.4.1/armv6-m\libgcc.a(_udivsi3.o)
                0x00001c34                __aeabi_uidiv
                0x00001c34                __udivsi3
                0x00001d40                __aeabi_uidivmod
 .text          0x00001d48        0x4 c:/program files (x86)/cypress/psoc creator/4.4/psoc creator/import/gnu/arm/5.4.1/bin/../lib/gcc/arm-none-eabi/5.4.1/armv6-m\libgcc.a(_dvmd_tls.o)
                0x00001d48                __aeabi_idiv0
                0x00001d48                __aeabi_ldiv0
 .text.__errno  0x00001d4c        0xc c:/program files (x86)/cypress/psoc creator/4.4/psoc creator/import/gnu/arm/5.4.1/bin/../lib/gcc/arm-none-eabi/5.4.1/../../../../arm-none-eabi/lib/armv6-m\libg_nano.a(lib_a-errno.o)
                0x00001d4c                __errno
 .text.__libc_init_array
                0x00001d58       0x4c c:/program files (x86)/cypress/psoc creator/4.4/psoc creator/import/gnu/arm/5.4.1/bin/../lib/gcc/arm-none-eabi/5.4.1/../../../../arm-none-eabi/lib/armv6-m\libg_nano.a(lib_a-init.o)
                0x00001d58                __libc_init_array
 .text.memset   0x00001da4       0x10 c:/program files (x86)/cypress/psoc creator/4.4/psoc creator/import/gnu/arm/5.4.1/bin/../lib/gcc/arm-none-eabi/5.4.1/../../../../arm-none-eabi/lib/armv6-m\libg_nano.a(lib_a-memset.o)
                0x00001da4                memset
 .text.snprintf
                0x00001db4       0x64 c:/program files (x86)/cypress/psoc creator/4.4/psoc creator/import/gnu/arm/5.4.1/bin/../lib/gcc/arm-none-eabi/5.4.1/../../../../arm-none-eabi/lib/armv6-m\libg_nano.a(lib_a-snprintf.o)
                0x00001db4                sniprintf
                0x00001db4                snprintf
 .text.__ssputs_r
                0x00001e18       0xc4 c:/program files (x86)/cypress/psoc creator/4.4/psoc creator/import/gnu/arm/5.4.1/bin/../lib/gcc/arm-none-eabi/5.4.1/../../../../arm-none-eabi/lib/armv6-m\libg_nano.a(lib_a-nano-svfprintf.o)
                0x00001e18                __ssputs_r
 .text._svfprintf_r
                0x00001edc      0x1fc c:/program files (x86)/cypress/psoc creator/4.4/psoc creator/import/gnu/arm/5.4.1/bin/../lib/gcc/arm-none-eabi/5.4.1/../../../../arm-none-eabi/lib/armv6-m\libg_nano.a(lib_a-nano-svfprintf.o)
                0x00001edc                _svfiprintf_r
                0x00001edc                _svfprintf_r
 .text._printf_common
                0x000020d8       0xdc c:/program files (x86)/cypress/psoc creator/4.4/psoc creator/import/gnu/arm/5.4.1/bin/../lib/gcc/arm-none-eabi/5.4.1/../../../../arm-none-eabi/lib/armv6-m\libg_nano.a(lib_a-nano-vfprintf_i.o)
                0x000020d8                _printf_common
 .text._printf_i
                0x000021b4      0x244 c:/program files (x86)/cypress/psoc creator/4.4/psoc creator/import/gnu/arm/5.4.1/bin/../lib/gcc/arm-none-eabi/5.4.1/../../../../arm-none-eabi/lib/armv6-m\libg_nano.a(lib_a-nano-vfprintf_i.o)
                0x000021b4                _printf_i
 .text.memchr   0x000023f8       0x16 c:/program files (x86)/cypress/psoc creator/4.4/psoc creator/import/gnu/arm/5.4.1/bin/../lib/gcc/arm-none-eabi/5.4.1/../../../../arm-none-eabi/lib/armv6-m\libg_nano.a(lib_a-memchr-stub.o)
                0x000023f8                memchr
 .text.memcpy   0x0000240e       0x12 c:/program files (x86)/cypress/psoc creator/4.4/psoc creator/import/gnu/arm/5.4.1/bin/../lib/gcc/arm-none-eabi/5.4.1/../../../../arm-none-eabi/lib/armv6-m\libg_nano.a(lib_a-memcpy-stub.o)
                0x0000240e                memcpy
 .text.memmove  0x00002420       0x2a c:/program files (x86)/cypress/psoc creator/4.4/psoc creator/import/gnu/arm/5.4.1/bin/../lib/gcc/arm-none-eabi/5.4.1/../../../../arm-none-eabi/lib/armv6-m\libg_nano.a(lib_a-memmove.o)
                0x00002420                memmove
 *fill*         0x0000244a        0x2 
 .text._free_r  0x0000244c       0x98 c:/program files (x86)/cypress/psoc creator/4.4/psoc creator/import/gnu/arm/5.4.1/bin/../lib/gcc/arm-none-eabi/5.4.1/../../../../arm-none-eabi/lib/armv6-m\libg_nano.a(lib_a-nano-freer.o)
                0x0000244c                _free_r
 .text._malloc_r
                0x000024e4       0xc0 c:/program files (x86)/cypress/psoc creator/4.4/psoc creator/import/gnu/arm/5.4.1/bin/../lib/gcc/arm-none-eabi/5.4.1/../../../../arm-none-eabi/lib/armv6-m\libg_nano.a(lib_a-nano-mallocr.o)
                0x000024e4                _malloc_r
 .text._realloc_r
                0x000025a4       0x4c c:/program files (x86)/cypress/psoc creator/4.4/psoc creator/import/gnu/arm/5.4.1/bin/../lib/gcc/arm-none-eabi/5.4.1/../../../../arm-none-eabi/lib/armv6-m\libg_nano.a(lib_a-nano-reallocr.o)
                0x000025a4                _realloc_r
 .text._sbrk_r  0x000025f0       0x24 c:/program files (x86)/cypress/psoc creator/4.4/psoc creator/import/gnu/arm/5.4.1/bin/../lib/gcc/arm-none-eabi/5.4.1/../../../../arm-none-eabi/lib/armv6-m\libg_nano.a(lib_a-sbrkr.o)
                0x000025f0                _sbrk_r
 .text.__malloc_lock
                0x00002614        0x2 c:/program files (x86)/cypress/psoc creator/4.4/psoc creator/import/gnu/arm/5.4.1/bin/../lib/gcc/arm-none-eabi/5.4.1/../../../../arm-none-eabi/lib/armv6-m\libg_nano.a(lib_a-mlock.o)
                0x00002614                __malloc_lock
 .text.__malloc_unlock
                0x00002616        0x2 c:/program files (x86)/cypress/psoc creator/4.4/psoc creator/import/gnu/arm/5.4.1/bin/../lib/gcc/arm-none-eabi/5.4.1/../../../../arm-none-eabi/lib/armv6-m\libg_nano.a(lib_a-mlock.o)
                0x00002616                __malloc_unlock
 .text._malloc_usable_size_r
                0x00002618       0x16 c:/program files (x86)/cypress/psoc creator/4.4/psoc creator/import/gnu/arm/5.4.1/bin/../lib/gcc/arm-none-eabi/5.4.1/../../../../arm-none-eabi/lib/armv6-m\libg_nano.a(lib_a-nano-msizer.o)
                0x00002618                _malloc_usable_size_r
 *(.plt)
 *(.gnu.warning)
 *(.glue_7t)
 .glue_7t       0x0000262e        0x0 linker stubs
 *(.glue_7)
 .glue_7        0x0000262e        0x0 linker stubs
 *(.vfp11_veneer)
 .vfp11_veneer  0x0000262e        0x0 linker stubs
 *(.bootloader)
 *(.ARM.extab* .gnu.linkonce.armextab.*)
 *(.gcc_except_table)

.v4_bx          0x00002630        0x0
 .v4_bx         0x00002630        0x0 linker stubs

.iplt           0x00002630        0x0
 .iplt          0x00002630        0x0 c:/program files (x86)/cypress/psoc creator/4.4/psoc creator/import/gnu/arm/5.4.1/bin/../lib/gcc/arm-none-eabi/5.4.1/armv6-m/crtbegin.o

.eh_frame_hdr
 *(.eh_frame_hdr)

.eh_frame       0x00002630        0x4
 *(.eh_frame)
 .eh_frame      0x00002630        0x0 c:/program files (x86)/cypress/psoc creator/4.4/psoc creator/import/gnu/arm/5.4.1/bin/../lib/gcc/arm-none-eabi/5.4.1/armv6-m/crtbegin.o
 .eh_frame      0x00002630        0x4 c:/program files (x86)/cypress/psoc creator/4.4/psoc creator/import/gnu/arm/5.4.1/bin/../lib/gcc/arm-none-eabi/5.4.1/armv6-m/crtend.o
                [!provide]                PROVIDE (__exidx_start, .)

.ARM.exidx
 *(.ARM.exidx* .gnu.linkonce.armexidx.*)
                0x00002634                __exidx_end = .

.rodata         0x00002634      0x50c
 *(.rodata .rodata.* .gnu.linkonce.r.*)
 .rodata.str1.4
                0x00002634       0xfd .\CortexM0\ARM_GCC_541\Debug\main.o
 *fill*         0x00002731        0x3 
 .rodata        0x00002734      0x2e2 .\CortexM0\ARM_GCC_541\Debug\ssd1306_driver.o
                0x00002860                font
 *fill*         0x00002a16        0x2 
 .rodata.str1.4
                0x00002a18       0x48 .\CortexM0\ARM_GCC_541\Debug\ssd1306_driver.o
 .rodata        0x00002a60       0x48 .\CortexM0\ARM_GCC_541\Debug\cyfitter_cfg.o
 .rodata        0x00002aa8       0x2e .\CortexM0\ARM_GCC_541\Debug\FinalDesignProject.a(CyLib.o)
                0x00002aa8                cyImoFreqMhz2Reg
 .rodata.str1.1
                0x00002ad6        0x2 c:/program files (x86)/cypress/psoc creator/4.4/psoc creator/import/gnu/arm/5.4.1/bin/../lib/gcc/arm-none-eabi/5.4.1/../../../../arm-none-eabi/lib/armv6-m\libg_nano.a(lib_a-impure.o)
 .rodata.str1.1
                0x00002ad8       0x11 c:/program files (x86)/cypress/psoc creator/4.4/psoc creator/import/gnu/arm/5.4.1/bin/../lib/gcc/arm-none-eabi/5.4.1/../../../../arm-none-eabi/lib/armv6-m\libg_nano.a(lib_a-nano-svfprintf.o)
 .rodata.str1.1
                0x00002ae9       0x22 c:/program files (x86)/cypress/psoc creator/4.4/psoc creator/import/gnu/arm/5.4.1/bin/../lib/gcc/arm-none-eabi/5.4.1/../../../../arm-none-eabi/lib/armv6-m\libg_nano.a(lib_a-nano-vfprintf_i.o)
                0x00002b0c                . = ALIGN (0x4)
 *fill*         0x00002b0b        0x1 
 *(.init)
 .init          0x00002b0c        0x4 c:/program files (x86)/cypress/psoc creator/4.4/psoc creator/import/gnu/arm/5.4.1/bin/../lib/gcc/arm-none-eabi/5.4.1/armv6-m/crti.o
                0x00002b0c                _init
 .init          0x00002b10        0x8 c:/program files (x86)/cypress/psoc creator/4.4/psoc creator/import/gnu/arm/5.4.1/bin/../lib/gcc/arm-none-eabi/5.4.1/armv6-m/crtn.o
                0x00002b18                . = ALIGN (0x4)
                0x00002b18                __preinit_array_start = .
 *(.preinit_array)
                0x00002b18                __preinit_array_end = .
                0x00002b18                . = ALIGN (0x4)
                0x00002b18                __init_array_start = .
 *(SORT(.init_array.*))
 *(.init_array)
 .init_array    0x00002b18        0x4 c:/program files (x86)/cypress/psoc creator/4.4/psoc creator/import/gnu/arm/5.4.1/bin/../lib/gcc/arm-none-eabi/5.4.1/armv6-m/crtbegin.o
 .init_array    0x00002b1c        0x4 .\CortexM0\ARM_GCC_541\Debug\Cm0Start.o
                0x00002b20                __init_array_end = .
                0x00002b20                . = ALIGN (0x4)
 *(.fini)
 .fini          0x00002b20        0x4 c:/program files (x86)/cypress/psoc creator/4.4/psoc creator/import/gnu/arm/5.4.1/bin/../lib/gcc/arm-none-eabi/5.4.1/armv6-m/crti.o
                0x00002b20                _fini
 .fini          0x00002b24        0x8 c:/program files (x86)/cypress/psoc creator/4.4/psoc creator/import/gnu/arm/5.4.1/bin/../lib/gcc/arm-none-eabi/5.4.1/armv6-m/crtn.o
                0x00002b2c                . = ALIGN (0x4)
                0x00002b2c                __fini_array_start = .
 *(.fini_array)
 .fini_array    0x00002b2c        0x4 c:/program files (x86)/cypress/psoc creator/4.4/psoc creator/import/gnu/arm/5.4.1/bin/../lib/gcc/arm-none-eabi/5.4.1/armv6-m/crtbegin.o
 *(SORT(.fini_array.*))
                0x00002b30                __fini_array_end = .
                0x00002b30                . = ALIGN (0x4)
 *crtbegin.o(.ctors)
 *(EXCLUDE_FILE(*crtend.o) .ctors)
 *(SORT(.ctors.*))
 *crtend.o(.ctors)
                0x00002b30                . = ALIGN (0x4)
 *crtbegin.o(.dtors)
 *(EXCLUDE_FILE(*crtend.o) .dtors)
 *(SORT(.dtors.*))
 *crtend.o(.dtors)
                0x00002b30                . = ALIGN (0x4)
                0x00002b30                __cy_regions = .
                0x00002b30        0x4 LONG 0x2b40 __cy_region_init_ram
                0x00002b34        0x4 LONG 0x200000c0 __cy_region_start_data
                0x00002b38        0x4 LONG 0x88 __cy_region_init_size_ram
                0x00002b3c        0x4 LONG 0x2b8 __cy_region_zero_size_ram
                0x00002b40                __cy_regions_end = .
                0x00002b40                . = ALIGN (0x8)
                0x00002b40                _etext = .

.cy_checksum_exclude
                0x00002b40        0x0
 *(.cy_checksum_exclude)

.ramvectors     0x20000000       0xc0
                0x20000000                __cy_region_start_ram = .
 *(.ramvectors)
 .ramvectors    0x20000000       0xc0 .\CortexM0\ARM_GCC_541\Debug\Cm0Start.o
                0x20000000                CyRamVectors

.noinit
 *(.noinit)

.data           0x200000c0       0x88 load address 0x00002b40
                0x200000c0                __cy_region_start_data = .
 *(.jcr)
 .jcr           0x200000c0        0x0 c:/program files (x86)/cypress/psoc creator/4.4/psoc creator/import/gnu/arm/5.4.1/bin/../lib/gcc/arm-none-eabi/5.4.1/armv6-m/crtbegin.o
 .jcr           0x200000c0        0x4 c:/program files (x86)/cypress/psoc creator/4.4/psoc creator/import/gnu/arm/5.4.1/bin/../lib/gcc/arm-none-eabi/5.4.1/armv6-m/crtend.o
 *(.got.plt)
 *(.got)
 *(.shdata)
 *(.data .data.* .gnu.linkonce.d.*)
 .data          0x200000c4        0x1 .\CortexM0\ARM_GCC_541\Debug\max30102_driver.o
                0x200000c4                activeLEDs
 *fill*         0x200000c5        0x3 
 .data          0x200000c8        0x4 .\CortexM0\ARM_GCC_541\Debug\Cm0Start.o
 .data          0x200000cc       0x14 .\CortexM0\ARM_GCC_541\Debug\FinalDesignProject.a(CyLib.o)
                0x200000cc                CySysClkPumpConfig
                0x200000d0                cydelay32kMs
                0x200000d4                cydelayFreqKhz
                0x200000d8                cydelayFreqMhz
                0x200000dc                cydelayFreqHz
 .data          0x200000e0        0x4 .\CortexM0\ARM_GCC_541\Debug\FinalDesignProject.a(CyLFClk.o)
 .data.impure_data
                0x200000e4       0x60 c:/program files (x86)/cypress/psoc creator/4.4/psoc creator/import/gnu/arm/5.4.1/bin/../lib/gcc/arm-none-eabi/5.4.1/../../../../arm-none-eabi/lib/armv6-m\libg_nano.a(lib_a-impure.o)
 .data._impure_ptr
                0x20000144        0x4 c:/program files (x86)/cypress/psoc creator/4.4/psoc creator/import/gnu/arm/5.4.1/bin/../lib/gcc/arm-none-eabi/5.4.1/../../../../arm-none-eabi/lib/armv6-m\libg_nano.a(lib_a-impure.o)
                0x20000144                _impure_ptr
                0x20000148                . = ALIGN (0x8)
 *(.ram)
                0x20000148                _edata = .

.igot.plt       0x20000148        0x0 load address 0x00002bc8
 .igot.plt      0x20000148        0x0 c:/program files (x86)/cypress/psoc creator/4.4/psoc creator/import/gnu/arm/5.4.1/bin/../lib/gcc/arm-none-eabi/5.4.1/armv6-m/crtbegin.o

.bss            0x20000148      0x2b8 load address 0x00002bc8
                0x20000148                PROVIDE (__bss_start__, .)
 *(.shbss)
 *(.bss .bss.* .gnu.linkonce.b.*)
 .bss           0x20000148       0x1c c:/program files (x86)/cypress/psoc creator/4.4/psoc creator/import/gnu/arm/5.4.1/bin/../lib/gcc/arm-none-eabi/5.4.1/armv6-m/crtbegin.o
 .bss           0x20000164        0x1 .\CortexM0\ARM_GCC_541\Debug\max30102_driver.o
                0x20000164                revisionID
 *fill*         0x20000165        0x3 
 .bss           0x20000168       0x20 .\CortexM0\ARM_GCC_541\Debug\FinalDesignProject.a(CyLFClk.o)
 .bss           0x20000188        0x4 .\CortexM0\ARM_GCC_541\Debug\FinalDesignProject.a(UART.o)
                0x20000188                UART_initVar
                0x2000018a                UART_IntrTxMask
 .bss           0x2000018c        0x8 .\CortexM0\ARM_GCC_541\Debug\FinalDesignProject.a(I2C.o)
                0x2000018c                I2C_initVar
                0x20000190                I2C_customIntrHandler
 .bss           0x20000194        0x1 .\CortexM0\ARM_GCC_541\Debug\FinalDesignProject.a(LED_PWM.o)
                0x20000194                LED_PWM_initVar
 *fill*         0x20000195        0x3 
 .bss.__malloc_sbrk_start
                0x20000198        0x4 c:/program files (x86)/cypress/psoc creator/4.4/psoc creator/import/gnu/arm/5.4.1/bin/../lib/gcc/arm-none-eabi/5.4.1/../../../../arm-none-eabi/lib/armv6-m\libg_nano.a(lib_a-nano-mallocr.o)
                0x20000198                __malloc_sbrk_start
 .bss.__malloc_free_list
                0x2000019c        0x4 c:/program files (x86)/cypress/psoc creator/4.4/psoc creator/import/gnu/arm/5.4.1/bin/../lib/gcc/arm-none-eabi/5.4.1/../../../../arm-none-eabi/lib/armv6-m\libg_nano.a(lib_a-nano-mallocr.o)
                0x2000019c                __malloc_free_list
 *(COMMON)
 COMMON         0x200001a0      0x200 .\CortexM0\ARM_GCC_541\Debug\ssd1306_driver.o
                0x200001a0                buffer
 COMMON         0x200003a0       0x34 .\CortexM0\ARM_GCC_541\Debug\max30102_driver.o
                0x200003a0                sense
 COMMON         0x200003d4        0x1 .\CortexM0\ARM_GCC_541\Debug\FinalDesignProject.a(I2C_I2C.o)
                0x200003d4                I2C_state
 *fill*         0x200003d5        0x3 
 COMMON         0x200003d8       0x24 .\CortexM0\ARM_GCC_541\Debug\FinalDesignProject.a(I2C_I2C_MASTER.o)
                0x200003d8                I2C_mstrWrBufIndexTmp
                0x200003dc                I2C_mstrWrBufIndex
                0x200003e0                I2C_mstrWrBufSize
                0x200003e4                I2C_mstrStatus
                0x200003e8                I2C_mstrRdBufPtr
                0x200003ec                I2C_mstrControl
                0x200003f0                I2C_mstrRdBufSize
                0x200003f4                I2C_mstrRdBufIndex
                0x200003f8                I2C_mstrWrBufPtr
 COMMON         0x200003fc        0x4 c:/program files (x86)/cypress/psoc creator/4.4/psoc creator/import/gnu/arm/5.4.1/bin/../lib/gcc/arm-none-eabi/5.4.1/../../../../arm-none-eabi/lib/armv6-m\libg_nano.a(lib_a-reent.o)
                0x200003fc                errno
                0x20000400                . = ALIGN (0x8)
 *(.ram.b)
                0x20000400                _end = .
                0x20000400                __end = .
                0x20000400                PROVIDE (end, .)
                0x20000400                PROVIDE (__bss_end__, .)
                0x00002b40                __cy_region_init_ram = LOADADDR (.data)
                0x00000088                __cy_region_init_size_ram = (_edata - ADDR (.data))
                0x000002b8                __cy_region_zero_size_ram = (_end - _edata)

.heap           0x20000400       0x80 load address 0x00002bc8
                0x20000400                . = _end
                0x20000480                . = (. + 0x80)
 *fill*         0x20000400       0x80 
                0x20000480                __cy_heap_limit = .

.stack          0x20000c00      0x400
                0x20000c00                __cy_stack_limit = .
                0x20001000                . = (. + 0x400)
 *fill*         0x20000c00      0x400 
                0x00000001                ASSERT ((__cy_stack_limit >= __cy_heap_limit), region RAM overflowed with stack)
                0x00000000                cy_checksum_exclude_size = (CY_APPL_LOADABLE == 0x1)?SIZEOF (.cy_checksum_exclude):0x0
                0x00000001                ASSERT ((cy_checksum_exclude_size <= CY_CHECKSUM_EXCLUDE_SIZE), CY_BOOT: Section .cy_checksum_exclude size exceedes specified limit.)
                0x00007fc0                cyloadermeta_start = (cy_project_type_bootloader || cy_project_type_app_for_stack_and_copier)?(LENGTH (rom) - CY_METADATA_SIZE):0xf0000000

.cyloadermeta
 *(.cyloadermeta)
                0x00007fc0                cyloadablemeta_start = cy_project_type_app_for_stack_and_copier?((LENGTH (rom) - CY_FLASH_ROW_SIZE) - CY_METADATA_SIZE):((LENGTH (rom) - (CY_FLASH_ROW_SIZE * (CY_APPL_NUM - 0x1))) - CY_METADATA_SIZE)

.cyloadablemeta
 *(.cyloadablemeta)

.cyflashprotect
                0x90400000       0x20
 *(.cyflashprotect)
 .cyflashprotect
                0x90400000       0x20 .\CortexM0\ARM_GCC_541\Debug\cymetadata.o
                0x90400000                cy_meta_flashprotect

.cymeta         0x90500000        0xc
 *(.cymeta)
 .cymeta        0x90500000        0xc .\CortexM0\ARM_GCC_541\Debug\cymetadata.o
                0x90500000                cy_metadata

.cychipprotect  0x90600000        0x1
 *(.cychipprotect)
 .cychipprotect
                0x90600000        0x1 .\CortexM0\ARM_GCC_541\Debug\cymetadata.o
                0x90600000                cy_meta_chipprotect

.rel.dyn        0x00002bc8        0x0 load address 0x90600004
 .rel.iplt      0x00002bc8        0x0 c:/program files (x86)/cypress/psoc creator/4.4/psoc creator/import/gnu/arm/5.4.1/bin/../lib/gcc/arm-none-eabi/5.4.1/armv6-m/crtbegin.o

.stab
 *(.stab)

.stabstr
 *(.stabstr)

.debug
 *(.debug)

.line
 *(.line)

.debug_srcinfo
 *(.debug_srcinfo)

.debug_sfnames
 *(.debug_sfnames)

.debug_aranges  0x00000000      0x9b8
 *(.debug_aranges)
 .debug_aranges
                0x00000000       0x20 .\CortexM0\ARM_GCC_541\Debug\main.o
 .debug_aranges
                0x00000020       0x88 .\CortexM0\ARM_GCC_541\Debug\ssd1306_driver.o
 .debug_aranges
                0x000000a8      0x140 .\CortexM0\ARM_GCC_541\Debug\max30102_driver.o
 .debug_aranges
                0x000001e8       0x38 .\CortexM0\ARM_GCC_541\Debug\cyfitter_cfg.o
 .debug_aranges
                0x00000220       0x18 .\CortexM0\ARM_GCC_541\Debug\cymetadata.o
 .debug_aranges
                0x00000238       0x48 .\CortexM0\ARM_GCC_541\Debug\Cm0Start.o
 .debug_aranges
                0x00000280      0x180 .\CortexM0\ARM_GCC_541\Debug\FinalDesignProject.a(CyLib.o)
 .debug_aranges
                0x00000400      0x138 .\CortexM0\ARM_GCC_541\Debug\FinalDesignProject.a(CyLFClk.o)
 .debug_aranges
                0x00000538       0x60 .\CortexM0\ARM_GCC_541\Debug\FinalDesignProject.a(UART.o)
 .debug_aranges
                0x00000598       0x68 .\CortexM0\ARM_GCC_541\Debug\FinalDesignProject.a(UART_UART.o)
 .debug_aranges
                0x00000600       0x68 .\CortexM0\ARM_GCC_541\Debug\FinalDesignProject.a(I2C.o)
 .debug_aranges
                0x00000668       0x30 .\CortexM0\ARM_GCC_541\Debug\FinalDesignProject.a(I2C_I2C.o)
 .debug_aranges
                0x00000698       0x98 .\CortexM0\ARM_GCC_541\Debug\FinalDesignProject.a(I2C_I2C_MASTER.o)
 .debug_aranges
                0x00000730       0x48 .\CortexM0\ARM_GCC_541\Debug\FinalDesignProject.a(I2C_sda.o)
 .debug_aranges
                0x00000778       0x48 .\CortexM0\ARM_GCC_541\Debug\FinalDesignProject.a(I2C_scl.o)
 .debug_aranges
                0x000007c0      0x158 .\CortexM0\ARM_GCC_541\Debug\FinalDesignProject.a(LED_PWM.o)
 .debug_aranges
                0x00000918       0x20 .\CortexM0\ARM_GCC_541\Debug\FinalDesignProject.a(CyBootAsmGnu.o)
 .debug_aranges
                0x00000938       0x60 .\CortexM0\ARM_GCC_541\Debug\FinalDesignProject.a(UART_SPI_UART.o)
 .debug_aranges
                0x00000998       0x20 .\CortexM0\ARM_GCC_541\Debug\FinalDesignProject.a(I2C_I2C_INT.o)

.debug_pubnames
 *(.debug_pubnames)

.debug_info     0x00000000     0x6251
 *(.debug_info .gnu.linkonce.wi.*)
 .debug_info    0x00000000      0x570 .\CortexM0\ARM_GCC_541\Debug\main.o
 .debug_info    0x00000570      0x98c .\CortexM0\ARM_GCC_541\Debug\ssd1306_driver.o
 .debug_info    0x00000efc      0xfb9 .\CortexM0\ARM_GCC_541\Debug\max30102_driver.o
 .debug_info    0x00001eb5      0x3a0 .\CortexM0\ARM_GCC_541\Debug\cyfitter_cfg.o
 .debug_info    0x00002255       0xf8 .\CortexM0\ARM_GCC_541\Debug\cymetadata.o
 .debug_info    0x0000234d      0x3a2 .\CortexM0\ARM_GCC_541\Debug\Cm0Start.o
 .debug_info    0x000026ef      0xaed .\CortexM0\ARM_GCC_541\Debug\FinalDesignProject.a(CyLib.o)
 .debug_info    0x000031dc      0xcfe .\CortexM0\ARM_GCC_541\Debug\FinalDesignProject.a(CyLFClk.o)
 .debug_info    0x00003eda      0x24c .\CortexM0\ARM_GCC_541\Debug\FinalDesignProject.a(UART.o)
 .debug_info    0x00004126      0x310 .\CortexM0\ARM_GCC_541\Debug\FinalDesignProject.a(UART_UART.o)
 .debug_info    0x00004436      0x2aa .\CortexM0\ARM_GCC_541\Debug\FinalDesignProject.a(I2C.o)
 .debug_info    0x000046e0      0x195 .\CortexM0\ARM_GCC_541\Debug\FinalDesignProject.a(I2C_I2C.o)
 .debug_info    0x00004875      0x91d .\CortexM0\ARM_GCC_541\Debug\FinalDesignProject.a(I2C_I2C_MASTER.o)
 .debug_info    0x00005192      0x19d .\CortexM0\ARM_GCC_541\Debug\FinalDesignProject.a(I2C_sda.o)
 .debug_info    0x0000532f      0x19b .\CortexM0\ARM_GCC_541\Debug\FinalDesignProject.a(I2C_scl.o)
 .debug_info    0x000054ca      0x909 .\CortexM0\ARM_GCC_541\Debug\FinalDesignProject.a(LED_PWM.o)
 .debug_info    0x00005dd3       0xb6 .\CortexM0\ARM_GCC_541\Debug\FinalDesignProject.a(CyBootAsmGnu.o)
 .debug_info    0x00005e89      0x220 .\CortexM0\ARM_GCC_541\Debug\FinalDesignProject.a(UART_SPI_UART.o)
 .debug_info    0x000060a9      0x1a8 .\CortexM0\ARM_GCC_541\Debug\FinalDesignProject.a(I2C_I2C_INT.o)

.debug_abbrev   0x00000000     0x1701
 *(.debug_abbrev)
 .debug_abbrev  0x00000000       0xf5 .\CortexM0\ARM_GCC_541\Debug\main.o
 .debug_abbrev  0x000000f5      0x1d0 .\CortexM0\ARM_GCC_541\Debug\ssd1306_driver.o
 .debug_abbrev  0x000002c5      0x222 .\CortexM0\ARM_GCC_541\Debug\max30102_driver.o
 .debug_abbrev  0x000004e7      0x199 .\CortexM0\ARM_GCC_541\Debug\cyfitter_cfg.o
 .debug_abbrev  0x00000680       0x5d .\CortexM0\ARM_GCC_541\Debug\cymetadata.o
 .debug_abbrev  0x000006dd      0x1d7 .\CortexM0\ARM_GCC_541\Debug\Cm0Start.o
 .debug_abbrev  0x000008b4      0x1d3 .\CortexM0\ARM_GCC_541\Debug\FinalDesignProject.a(CyLib.o)
 .debug_abbrev  0x00000a87      0x210 .\CortexM0\ARM_GCC_541\Debug\FinalDesignProject.a(CyLFClk.o)
 .debug_abbrev  0x00000c97       0xed .\CortexM0\ARM_GCC_541\Debug\FinalDesignProject.a(UART.o)
 .debug_abbrev  0x00000d84      0x123 .\CortexM0\ARM_GCC_541\Debug\FinalDesignProject.a(UART_UART.o)
 .debug_abbrev  0x00000ea7      0x130 .\CortexM0\ARM_GCC_541\Debug\FinalDesignProject.a(I2C.o)
 .debug_abbrev  0x00000fd7       0xc7 .\CortexM0\ARM_GCC_541\Debug\FinalDesignProject.a(I2C_I2C.o)
 .debug_abbrev  0x0000109e      0x1b3 .\CortexM0\ARM_GCC_541\Debug\FinalDesignProject.a(I2C_I2C_MASTER.o)
 .debug_abbrev  0x00001251       0xc8 .\CortexM0\ARM_GCC_541\Debug\FinalDesignProject.a(I2C_sda.o)
 .debug_abbrev  0x00001319       0xc8 .\CortexM0\ARM_GCC_541\Debug\FinalDesignProject.a(I2C_scl.o)
 .debug_abbrev  0x000013e1      0x119 .\CortexM0\ARM_GCC_541\Debug\FinalDesignProject.a(LED_PWM.o)
 .debug_abbrev  0x000014fa       0x14 .\CortexM0\ARM_GCC_541\Debug\FinalDesignProject.a(CyBootAsmGnu.o)
 .debug_abbrev  0x0000150e      0x14f .\CortexM0\ARM_GCC_541\Debug\FinalDesignProject.a(UART_SPI_UART.o)
 .debug_abbrev  0x0000165d       0xa4 .\CortexM0\ARM_GCC_541\Debug\FinalDesignProject.a(I2C_I2C_INT.o)

.debug_line     0x00000000     0x2943
 *(.debug_line)
 .debug_line    0x00000000      0x277 .\CortexM0\ARM_GCC_541\Debug\main.o
 .debug_line    0x00000277      0x3aa .\CortexM0\ARM_GCC_541\Debug\ssd1306_driver.o
 .debug_line    0x00000621      0x5c7 .\CortexM0\ARM_GCC_541\Debug\max30102_driver.o
 .debug_line    0x00000be8      0x16d .\CortexM0\ARM_GCC_541\Debug\cyfitter_cfg.o
 .debug_line    0x00000d55      0x141 .\CortexM0\ARM_GCC_541\Debug\cymetadata.o
 .debug_line    0x00000e96      0x235 .\CortexM0\ARM_GCC_541\Debug\Cm0Start.o
 .debug_line    0x000010cb      0x460 .\CortexM0\ARM_GCC_541\Debug\FinalDesignProject.a(CyLib.o)
 .debug_line    0x0000152b      0x466 .\CortexM0\ARM_GCC_541\Debug\FinalDesignProject.a(CyLFClk.o)
 .debug_line    0x00001991      0x127 .\CortexM0\ARM_GCC_541\Debug\FinalDesignProject.a(UART.o)
 .debug_line    0x00001ab8      0x16d .\CortexM0\ARM_GCC_541\Debug\FinalDesignProject.a(UART_UART.o)
 .debug_line    0x00001c25      0x143 .\CortexM0\ARM_GCC_541\Debug\FinalDesignProject.a(I2C.o)
 .debug_line    0x00001d68       0xc3 .\CortexM0\ARM_GCC_541\Debug\FinalDesignProject.a(I2C_I2C.o)
 .debug_line    0x00001e2b      0x339 .\CortexM0\ARM_GCC_541\Debug\FinalDesignProject.a(I2C_I2C_MASTER.o)
 .debug_line    0x00002164       0xbf .\CortexM0\ARM_GCC_541\Debug\FinalDesignProject.a(I2C_sda.o)
 .debug_line    0x00002223       0xbe .\CortexM0\ARM_GCC_541\Debug\FinalDesignProject.a(I2C_scl.o)
 .debug_line    0x000022e1      0x380 .\CortexM0\ARM_GCC_541\Debug\FinalDesignProject.a(LED_PWM.o)
 .debug_line    0x00002661       0x69 .\CortexM0\ARM_GCC_541\Debug\FinalDesignProject.a(CyBootAsmGnu.o)
 .debug_line    0x000026ca      0x11a .\CortexM0\ARM_GCC_541\Debug\FinalDesignProject.a(UART_SPI_UART.o)
 .debug_line    0x000027e4      0x15f .\CortexM0\ARM_GCC_541\Debug\FinalDesignProject.a(I2C_I2C_INT.o)

.debug_frame    0x00000000     0x1d7c
 *(.debug_frame)
 .debug_frame   0x00000000       0x34 .\CortexM0\ARM_GCC_541\Debug\main.o
 .debug_frame   0x00000034      0x1b4 .\CortexM0\ARM_GCC_541\Debug\ssd1306_driver.o
 .debug_frame   0x000001e8      0x40c .\CortexM0\ARM_GCC_541\Debug\max30102_driver.o
 .debug_frame   0x000005f4       0x8c .\CortexM0\ARM_GCC_541\Debug\cyfitter_cfg.o
 .debug_frame   0x00000680       0xbc .\CortexM0\ARM_GCC_541\Debug\Cm0Start.o
 .debug_frame   0x0000073c      0x3e0 .\CortexM0\ARM_GCC_541\Debug\FinalDesignProject.a(CyLib.o)
 .debug_frame   0x00000b1c      0x3a8 .\CortexM0\ARM_GCC_541\Debug\FinalDesignProject.a(CyLFClk.o)
 .debug_frame   0x00000ec4       0xe8 .\CortexM0\ARM_GCC_541\Debug\FinalDesignProject.a(UART.o)
 .debug_frame   0x00000fac       0xf4 .\CortexM0\ARM_GCC_541\Debug\FinalDesignProject.a(UART_UART.o)
 .debug_frame   0x000010a0       0xf8 .\CortexM0\ARM_GCC_541\Debug\FinalDesignProject.a(I2C.o)
 .debug_frame   0x00001198       0x58 .\CortexM0\ARM_GCC_541\Debug\FinalDesignProject.a(I2C_I2C.o)
 .debug_frame   0x000011f0      0x1e8 .\CortexM0\ARM_GCC_541\Debug\FinalDesignProject.a(I2C_I2C_MASTER.o)
 .debug_frame   0x000013d8       0x70 .\CortexM0\ARM_GCC_541\Debug\FinalDesignProject.a(I2C_sda.o)
 .debug_frame   0x00001448       0x70 .\CortexM0\ARM_GCC_541\Debug\FinalDesignProject.a(I2C_scl.o)
 .debug_frame   0x000014b8      0x3a0 .\CortexM0\ARM_GCC_541\Debug\FinalDesignProject.a(LED_PWM.o)
 .debug_frame   0x00001858       0xb0 .\CortexM0\ARM_GCC_541\Debug\FinalDesignProject.a(UART_SPI_UART.o)
 .debug_frame   0x00001908       0x2c .\CortexM0\ARM_GCC_541\Debug\FinalDesignProject.a(I2C_I2C_INT.o)
 .debug_frame   0x00001934       0x20 c:/program files (x86)/cypress/psoc creator/4.4/psoc creator/import/gnu/arm/5.4.1/bin/../lib/gcc/arm-none-eabi/5.4.1/armv6-m\libgcc.a(_udivsi3.o)
 .debug_frame   0x00001954       0x30 c:/program files (x86)/cypress/psoc creator/4.4/psoc creator/import/gnu/arm/5.4.1/bin/../lib/gcc/arm-none-eabi/5.4.1/armv6-m\libgcc.a(addsf3.o)
 .debug_frame   0x00001984       0x38 c:/program files (x86)/cypress/psoc creator/4.4/psoc creator/import/gnu/arm/5.4.1/bin/../lib/gcc/arm-none-eabi/5.4.1/armv6-m\libgcc.a(mulsf3.o)
 .debug_frame   0x000019bc       0x2c c:/program files (x86)/cypress/psoc creator/4.4/psoc creator/import/gnu/arm/5.4.1/bin/../lib/gcc/arm-none-eabi/5.4.1/armv6-m\libgcc.a(floatsisf.o)
 .debug_frame   0x000019e8       0x2c c:/program files (x86)/cypress/psoc creator/4.4/psoc creator/import/gnu/arm/5.4.1/bin/../lib/gcc/arm-none-eabi/5.4.1/armv6-m\libgcc.a(floatunsisf.o)
 .debug_frame   0x00001a14       0x20 c:/program files (x86)/cypress/psoc creator/4.4/psoc creator/import/gnu/arm/5.4.1/bin/../lib/gcc/arm-none-eabi/5.4.1/../../../../arm-none-eabi/lib/armv6-m\libg_nano.a(lib_a-errno.o)
 .debug_frame   0x00001a34       0x28 c:/program files (x86)/cypress/psoc creator/4.4/psoc creator/import/gnu/arm/5.4.1/bin/../lib/gcc/arm-none-eabi/5.4.1/../../../../arm-none-eabi/lib/armv6-m\libg_nano.a(lib_a-exit.o)
 .debug_frame   0x00001a5c       0x2c c:/program files (x86)/cypress/psoc creator/4.4/psoc creator/import/gnu/arm/5.4.1/bin/../lib/gcc/arm-none-eabi/5.4.1/../../../../arm-none-eabi/lib/armv6-m\libg_nano.a(lib_a-init.o)
 .debug_frame   0x00001a88       0x20 c:/program files (x86)/cypress/psoc creator/4.4/psoc creator/import/gnu/arm/5.4.1/bin/../lib/gcc/arm-none-eabi/5.4.1/../../../../arm-none-eabi/lib/armv6-m\libg_nano.a(lib_a-memset.o)
 .debug_frame   0x00001aa8       0x50 c:/program files (x86)/cypress/psoc creator/4.4/psoc creator/import/gnu/arm/5.4.1/bin/../lib/gcc/arm-none-eabi/5.4.1/../../../../arm-none-eabi/lib/armv6-m\libg_nano.a(lib_a-snprintf.o)
 .debug_frame   0x00001af8       0x74 c:/program files (x86)/cypress/psoc creator/4.4/psoc creator/import/gnu/arm/5.4.1/bin/../lib/gcc/arm-none-eabi/5.4.1/../../../../arm-none-eabi/lib/armv6-m\libg_nano.a(lib_a-nano-svfprintf.o)
 .debug_frame   0x00001b6c       0x54 c:/program files (x86)/cypress/psoc creator/4.4/psoc creator/import/gnu/arm/5.4.1/bin/../lib/gcc/arm-none-eabi/5.4.1/../../../../arm-none-eabi/lib/armv6-m\libg_nano.a(lib_a-nano-vfprintf_i.o)
 .debug_frame   0x00001bc0       0x20 c:/program files (x86)/cypress/psoc creator/4.4/psoc creator/import/gnu/arm/5.4.1/bin/../lib/gcc/arm-none-eabi/5.4.1/../../../../arm-none-eabi/lib/armv6-m\libg_nano.a(lib_a-memchr-stub.o)
 .debug_frame   0x00001be0       0x28 c:/program files (x86)/cypress/psoc creator/4.4/psoc creator/import/gnu/arm/5.4.1/bin/../lib/gcc/arm-none-eabi/5.4.1/../../../../arm-none-eabi/lib/armv6-m\libg_nano.a(lib_a-memcpy-stub.o)
 .debug_frame   0x00001c08       0x28 c:/program files (x86)/cypress/psoc creator/4.4/psoc creator/import/gnu/arm/5.4.1/bin/../lib/gcc/arm-none-eabi/5.4.1/../../../../arm-none-eabi/lib/armv6-m\libg_nano.a(lib_a-memmove.o)
 .debug_frame   0x00001c30       0x2c c:/program files (x86)/cypress/psoc creator/4.4/psoc creator/import/gnu/arm/5.4.1/bin/../lib/gcc/arm-none-eabi/5.4.1/../../../../arm-none-eabi/lib/armv6-m\libg_nano.a(lib_a-nano-freer.o)
 .debug_frame   0x00001c5c       0x2c c:/program files (x86)/cypress/psoc creator/4.4/psoc creator/import/gnu/arm/5.4.1/bin/../lib/gcc/arm-none-eabi/5.4.1/../../../../arm-none-eabi/lib/armv6-m\libg_nano.a(lib_a-nano-mallocr.o)
 .debug_frame   0x00001c88       0x30 c:/program files (x86)/cypress/psoc creator/4.4/psoc creator/import/gnu/arm/5.4.1/bin/../lib/gcc/arm-none-eabi/5.4.1/../../../../arm-none-eabi/lib/armv6-m\libg_nano.a(lib_a-nano-reallocr.o)
 .debug_frame   0x00001cb8       0x2c c:/program files (x86)/cypress/psoc creator/4.4/psoc creator/import/gnu/arm/5.4.1/bin/../lib/gcc/arm-none-eabi/5.4.1/../../../../arm-none-eabi/lib/armv6-m\libg_nano.a(lib_a-sbrkr.o)
 .debug_frame   0x00001ce4       0x30 c:/program files (x86)/cypress/psoc creator/4.4/psoc creator/import/gnu/arm/5.4.1/bin/../lib/gcc/arm-none-eabi/5.4.1/../../../../arm-none-eabi/lib/armv6-m\libg_nano.a(lib_a-mlock.o)
 .debug_frame   0x00001d14       0x20 c:/program files (x86)/cypress/psoc creator/4.4/psoc creator/import/gnu/arm/5.4.1/bin/../lib/gcc/arm-none-eabi/5.4.1/../../../../arm-none-eabi/lib/armv6-m\libg_nano.a(lib_a-nano-msizer.o)
 .debug_frame   0x00001d34       0x48 c:/program files (x86)/cypress/psoc creator/4.4/psoc creator/import/gnu/arm/5.4.1/bin/../lib/gcc/arm-none-eabi/5.4.1/../../../../arm-none-eabi/lib/armv6-m\libg_nano.a(lib_a-reent.o)

.debug_str      0x00000000     0x212f
 *(.debug_str)
 .debug_str     0x00000000      0x29a .\CortexM0\ARM_GCC_541\Debug\main.o
                                0x2e3 (size before relaxing)
 .debug_str     0x0000029a      0x172 .\CortexM0\ARM_GCC_541\Debug\ssd1306_driver.o
                                0x393 (size before relaxing)
 .debug_str     0x0000040c      0x414 .\CortexM0\ARM_GCC_541\Debug\max30102_driver.o
                                0x6d4 (size before relaxing)
 .debug_str     0x00000820      0x114 .\CortexM0\ARM_GCC_541\Debug\cyfitter_cfg.o
                                0x2eb (size before relaxing)
 .debug_str     0x00000934       0x59 .\CortexM0\ARM_GCC_541\Debug\cymetadata.o
                                0x1ee (size before relaxing)
 .debug_str     0x0000098d      0x135 .\CortexM0\ARM_GCC_541\Debug\Cm0Start.o
                                0x327 (size before relaxing)
 .debug_str     0x00000ac2      0x4bd .\CortexM0\ARM_GCC_541\Debug\FinalDesignProject.a(CyLib.o)
                                0x6dc (size before relaxing)
 .debug_str     0x00000f7f      0x52b .\CortexM0\ARM_GCC_541\Debug\FinalDesignProject.a(CyLFClk.o)
                                0x763 (size before relaxing)
 .debug_str     0x000014aa      0x113 .\CortexM0\ARM_GCC_541\Debug\FinalDesignProject.a(UART.o)
                                0x2d9 (size before relaxing)
 .debug_str     0x000015bd      0x14c .\CortexM0\ARM_GCC_541\Debug\FinalDesignProject.a(UART_UART.o)
                                0x362 (size before relaxing)
 .debug_str     0x00001709       0xfa .\CortexM0\ARM_GCC_541\Debug\FinalDesignProject.a(I2C.o)
                                0x2ff (size before relaxing)
 .debug_str     0x00001803       0x74 .\CortexM0\ARM_GCC_541\Debug\FinalDesignProject.a(I2C_I2C.o)
                                0x274 (size before relaxing)
 .debug_str     0x00001877      0x249 .\CortexM0\ARM_GCC_541\Debug\FinalDesignProject.a(I2C_I2C_MASTER.o)
                                0x512 (size before relaxing)
 .debug_str     0x00001ac0       0xac .\CortexM0\ARM_GCC_541\Debug\FinalDesignProject.a(I2C_sda.o)
                                0x26a (size before relaxing)
 .debug_str     0x00001b6c       0x7a .\CortexM0\ARM_GCC_541\Debug\FinalDesignProject.a(I2C_scl.o)
                                0x26a (size before relaxing)
 .debug_str     0x00001be6      0x41f .\CortexM0\ARM_GCC_541\Debug\FinalDesignProject.a(LED_PWM.o)
                                0x62b (size before relaxing)
 .debug_str     0x00002005       0xe3 .\CortexM0\ARM_GCC_541\Debug\FinalDesignProject.a(UART_SPI_UART.o)
                                0x2f4 (size before relaxing)
 .debug_str     0x000020e8       0x47 .\CortexM0\ARM_GCC_541\Debug\FinalDesignProject.a(I2C_I2C_INT.o)
                                0x2e4 (size before relaxing)

.debug_loc      0x00000000     0x37f2
 *(.debug_loc)
 .debug_loc     0x00000000       0x3c .\CortexM0\ARM_GCC_541\Debug\main.o
 .debug_loc     0x0000003c      0xa2b .\CortexM0\ARM_GCC_541\Debug\ssd1306_driver.o
 .debug_loc     0x00000a67      0x65a .\CortexM0\ARM_GCC_541\Debug\max30102_driver.o
 .debug_loc     0x000010c1      0x118 .\CortexM0\ARM_GCC_541\Debug\cyfitter_cfg.o
 .debug_loc     0x000011d9      0x14f .\CortexM0\ARM_GCC_541\Debug\Cm0Start.o
 .debug_loc     0x00001328      0x599 .\CortexM0\ARM_GCC_541\Debug\FinalDesignProject.a(CyLib.o)
 .debug_loc     0x000018c1      0x9b5 .\CortexM0\ARM_GCC_541\Debug\FinalDesignProject.a(CyLFClk.o)
 .debug_loc     0x00002276       0x7e .\CortexM0\ARM_GCC_541\Debug\FinalDesignProject.a(UART.o)
 .debug_loc     0x000022f4      0x1e4 .\CortexM0\ARM_GCC_541\Debug\FinalDesignProject.a(UART_UART.o)
 .debug_loc     0x000024d8       0x7e .\CortexM0\ARM_GCC_541\Debug\FinalDesignProject.a(I2C.o)
 .debug_loc     0x00002556      0xa90 .\CortexM0\ARM_GCC_541\Debug\FinalDesignProject.a(I2C_I2C_MASTER.o)
 .debug_loc     0x00002fe6       0xa2 .\CortexM0\ARM_GCC_541\Debug\FinalDesignProject.a(I2C_sda.o)
 .debug_loc     0x00003088       0x81 .\CortexM0\ARM_GCC_541\Debug\FinalDesignProject.a(I2C_scl.o)
 .debug_loc     0x00003109      0x547 .\CortexM0\ARM_GCC_541\Debug\FinalDesignProject.a(LED_PWM.o)
 .debug_loc     0x00003650       0x96 .\CortexM0\ARM_GCC_541\Debug\FinalDesignProject.a(UART_SPI_UART.o)
 .debug_loc     0x000036e6      0x10c .\CortexM0\ARM_GCC_541\Debug\FinalDesignProject.a(I2C_I2C_INT.o)

.debug_macinfo
 *(.debug_macinfo)

.debug_ranges   0x00000000      0x888
 *(.debug_ranges)
 .debug_ranges  0x00000000       0x10 .\CortexM0\ARM_GCC_541\Debug\main.o
 .debug_ranges  0x00000010       0x78 .\CortexM0\ARM_GCC_541\Debug\ssd1306_driver.o
 .debug_ranges  0x00000088      0x148 .\CortexM0\ARM_GCC_541\Debug\max30102_driver.o
 .debug_ranges  0x000001d0       0x28 .\CortexM0\ARM_GCC_541\Debug\cyfitter_cfg.o
 .debug_ranges  0x000001f8       0x38 .\CortexM0\ARM_GCC_541\Debug\Cm0Start.o
 .debug_ranges  0x00000230      0x170 .\CortexM0\ARM_GCC_541\Debug\FinalDesignProject.a(CyLib.o)
 .debug_ranges  0x000003a0      0x128 .\CortexM0\ARM_GCC_541\Debug\FinalDesignProject.a(CyLFClk.o)
 .debug_ranges  0x000004c8       0x50 .\CortexM0\ARM_GCC_541\Debug\FinalDesignProject.a(UART.o)
 .debug_ranges  0x00000518       0x58 .\CortexM0\ARM_GCC_541\Debug\FinalDesignProject.a(UART_UART.o)
 .debug_ranges  0x00000570       0x58 .\CortexM0\ARM_GCC_541\Debug\FinalDesignProject.a(I2C.o)
 .debug_ranges  0x000005c8       0x20 .\CortexM0\ARM_GCC_541\Debug\FinalDesignProject.a(I2C_I2C.o)
 .debug_ranges  0x000005e8       0x88 .\CortexM0\ARM_GCC_541\Debug\FinalDesignProject.a(I2C_I2C_MASTER.o)
 .debug_ranges  0x00000670       0x38 .\CortexM0\ARM_GCC_541\Debug\FinalDesignProject.a(I2C_sda.o)
 .debug_ranges  0x000006a8       0x38 .\CortexM0\ARM_GCC_541\Debug\FinalDesignProject.a(I2C_scl.o)
 .debug_ranges  0x000006e0      0x148 .\CortexM0\ARM_GCC_541\Debug\FinalDesignProject.a(LED_PWM.o)
 .debug_ranges  0x00000828       0x50 .\CortexM0\ARM_GCC_541\Debug\FinalDesignProject.a(UART_SPI_UART.o)
 .debug_ranges  0x00000878       0x10 .\CortexM0\ARM_GCC_541\Debug\FinalDesignProject.a(I2C_I2C_INT.o)

.comment        0x00000000       0x6e
 .comment       0x00000000       0x6e .\CortexM0\ARM_GCC_541\Debug\main.o
                                 0x6f (size before relaxing)
 .comment       0x0000006e       0x6f .\CortexM0\ARM_GCC_541\Debug\ssd1306_driver.o
 .comment       0x0000006e       0x6f .\CortexM0\ARM_GCC_541\Debug\max30102_driver.o
 .comment       0x0000006e       0x6f .\CortexM0\ARM_GCC_541\Debug\cyfitter_cfg.o
 .comment       0x0000006e       0x6f .\CortexM0\ARM_GCC_541\Debug\cymetadata.o
 .comment       0x0000006e       0x6f .\CortexM0\ARM_GCC_541\Debug\Cm0Start.o
 .comment       0x0000006e       0x6f .\CortexM0\ARM_GCC_541\Debug\FinalDesignProject.a(CyLib.o)
 .comment       0x0000006e       0x6f .\CortexM0\ARM_GCC_541\Debug\FinalDesignProject.a(CyLFClk.o)
 .comment       0x0000006e       0x6f .\CortexM0\ARM_GCC_541\Debug\FinalDesignProject.a(UART.o)
 .comment       0x0000006e       0x6f .\CortexM0\ARM_GCC_541\Debug\FinalDesignProject.a(UART_UART.o)
 .comment       0x0000006e       0x6f .\CortexM0\ARM_GCC_541\Debug\FinalDesignProject.a(I2C.o)
 .comment       0x0000006e       0x6f .\CortexM0\ARM_GCC_541\Debug\FinalDesignProject.a(I2C_I2C.o)
 .comment       0x0000006e       0x6f .\CortexM0\ARM_GCC_541\Debug\FinalDesignProject.a(I2C_I2C_MASTER.o)
 .comment       0x0000006e       0x6f .\CortexM0\ARM_GCC_541\Debug\FinalDesignProject.a(I2C_sda.o)
 .comment       0x0000006e       0x6f .\CortexM0\ARM_GCC_541\Debug\FinalDesignProject.a(I2C_scl.o)
 .comment       0x0000006e       0x6f .\CortexM0\ARM_GCC_541\Debug\FinalDesignProject.a(LED_PWM.o)
 .comment       0x0000006e       0x6f .\CortexM0\ARM_GCC_541\Debug\FinalDesignProject.a(UART_SPI_UART.o)
 .comment       0x0000006e       0x6f .\CortexM0\ARM_GCC_541\Debug\FinalDesignProject.a(I2C_I2C_INT.o)

.debug_weaknames
 *(.debug_weaknames)

.debug_funcnames
 *(.debug_funcnames)

.debug_typenames
 *(.debug_typenames)

.debug_varnames
 *(.debug_varnames)

.note.gnu.arm.ident
 *(.note.gnu.arm.ident)

.ARM.attributes
                0x00000000       0x28
 *(.ARM.attributes)
 .ARM.attributes
                0x00000000       0x1e c:/program files (x86)/cypress/psoc creator/4.4/psoc creator/import/gnu/arm/5.4.1/bin/../lib/gcc/arm-none-eabi/5.4.1/armv6-m/crti.o
 .ARM.attributes
                0x0000001e       0x2c c:/program files (x86)/cypress/psoc creator/4.4/psoc creator/import/gnu/arm/5.4.1/bin/../lib/gcc/arm-none-eabi/5.4.1/armv6-m/crtbegin.o
 .ARM.attributes
                0x0000004a       0x1b c:/program files (x86)/cypress/psoc creator/4.4/psoc creator/import/gnu/arm/5.4.1/bin/../lib/gcc/arm-none-eabi/5.4.1/../../../../arm-none-eabi/lib/armv6-m/crt0.o
 .ARM.attributes
                0x00000065       0x31 .\CortexM0\ARM_GCC_541\Debug\main.o
 .ARM.attributes
                0x00000096       0x31 .\CortexM0\ARM_GCC_541\Debug\ssd1306_driver.o
 .ARM.attributes
                0x000000c7       0x31 .\CortexM0\ARM_GCC_541\Debug\max30102_driver.o
 .ARM.attributes
                0x000000f8       0x31 .\CortexM0\ARM_GCC_541\Debug\cyfitter_cfg.o
 .ARM.attributes
                0x00000129       0x31 .\CortexM0\ARM_GCC_541\Debug\cymetadata.o
 .ARM.attributes
                0x0000015a       0x31 .\CortexM0\ARM_GCC_541\Debug\Cm0Start.o
 .ARM.attributes
                0x0000018b       0x31 .\CortexM0\ARM_GCC_541\Debug\FinalDesignProject.a(CyLib.o)
 .ARM.attributes
                0x000001bc       0x31 .\CortexM0\ARM_GCC_541\Debug\FinalDesignProject.a(CyLFClk.o)
 .ARM.attributes
                0x000001ed       0x31 .\CortexM0\ARM_GCC_541\Debug\FinalDesignProject.a(UART.o)
 .ARM.attributes
                0x0000021e       0x31 .\CortexM0\ARM_GCC_541\Debug\FinalDesignProject.a(UART_UART.o)
 .ARM.attributes
                0x0000024f       0x31 .\CortexM0\ARM_GCC_541\Debug\FinalDesignProject.a(I2C.o)
 .ARM.attributes
                0x00000280       0x31 .\CortexM0\ARM_GCC_541\Debug\FinalDesignProject.a(I2C_I2C.o)
 .ARM.attributes
                0x000002b1       0x31 .\CortexM0\ARM_GCC_541\Debug\FinalDesignProject.a(I2C_I2C_MASTER.o)
 .ARM.attributes
                0x000002e2       0x31 .\CortexM0\ARM_GCC_541\Debug\FinalDesignProject.a(I2C_sda.o)
 .ARM.attributes
                0x00000313       0x31 .\CortexM0\ARM_GCC_541\Debug\FinalDesignProject.a(I2C_scl.o)
 .ARM.attributes
                0x00000344       0x31 .\CortexM0\ARM_GCC_541\Debug\FinalDesignProject.a(LED_PWM.o)
 .ARM.attributes
                0x00000375       0x21 .\CortexM0\ARM_GCC_541\Debug\FinalDesignProject.a(CyBootAsmGnu.o)
 .ARM.attributes
                0x00000396       0x31 .\CortexM0\ARM_GCC_541\Debug\FinalDesignProject.a(UART_SPI_UART.o)
 .ARM.attributes
                0x000003c7       0x31 .\CortexM0\ARM_GCC_541\Debug\FinalDesignProject.a(I2C_I2C_INT.o)
 .ARM.attributes
                0x000003f8       0x1e c:/program files (x86)/cypress/psoc creator/4.4/psoc creator/import/gnu/arm/5.4.1/bin/../lib/gcc/arm-none-eabi/5.4.1/armv6-m\libgcc.a(_udivsi3.o)
 .ARM.attributes
                0x00000416       0x1e c:/program files (x86)/cypress/psoc creator/4.4/psoc creator/import/gnu/arm/5.4.1/bin/../lib/gcc/arm-none-eabi/5.4.1/armv6-m\libgcc.a(_dvmd_tls.o)
 .ARM.attributes
                0x00000434       0x2c c:/program files (x86)/cypress/psoc creator/4.4/psoc creator/import/gnu/arm/5.4.1/bin/../lib/gcc/arm-none-eabi/5.4.1/armv6-m\libgcc.a(addsf3.o)
 .ARM.attributes
                0x00000460       0x2c c:/program files (x86)/cypress/psoc creator/4.4/psoc creator/import/gnu/arm/5.4.1/bin/../lib/gcc/arm-none-eabi/5.4.1/armv6-m\libgcc.a(mulsf3.o)
 .ARM.attributes
                0x0000048c       0x2c c:/program files (x86)/cypress/psoc creator/4.4/psoc creator/import/gnu/arm/5.4.1/bin/../lib/gcc/arm-none-eabi/5.4.1/armv6-m\libgcc.a(floatsisf.o)
 .ARM.attributes
                0x000004b8       0x2c c:/program files (x86)/cypress/psoc creator/4.4/psoc creator/import/gnu/arm/5.4.1/bin/../lib/gcc/arm-none-eabi/5.4.1/armv6-m\libgcc.a(floatunsisf.o)
 .ARM.attributes
                0x000004e4       0x1e c:/program files (x86)/cypress/psoc creator/4.4/psoc creator/import/gnu/arm/5.4.1/bin/../lib/gcc/arm-none-eabi/5.4.1/armv6-m\libgcc.a(_clzsi2.o)
 .ARM.attributes
                0x00000502       0x2c c:/program files (x86)/cypress/psoc creator/4.4/psoc creator/import/gnu/arm/5.4.1/bin/../lib/gcc/arm-none-eabi/5.4.1/../../../../arm-none-eabi/lib/armv6-m\libg_nano.a(lib_a-errno.o)
 .ARM.attributes
                0x0000052e       0x2c c:/program files (x86)/cypress/psoc creator/4.4/psoc creator/import/gnu/arm/5.4.1/bin/../lib/gcc/arm-none-eabi/5.4.1/../../../../arm-none-eabi/lib/armv6-m\libg_nano.a(lib_a-exit.o)
 .ARM.attributes
                0x0000055a       0x2c c:/program files (x86)/cypress/psoc creator/4.4/psoc creator/import/gnu/arm/5.4.1/bin/../lib/gcc/arm-none-eabi/5.4.1/../../../../arm-none-eabi/lib/armv6-m\libg_nano.a(lib_a-impure.o)
 .ARM.attributes
                0x00000586       0x2c c:/program files (x86)/cypress/psoc creator/4.4/psoc creator/import/gnu/arm/5.4.1/bin/../lib/gcc/arm-none-eabi/5.4.1/../../../../arm-none-eabi/lib/armv6-m\libg_nano.a(lib_a-init.o)
 .ARM.attributes
                0x000005b2       0x2c c:/program files (x86)/cypress/psoc creator/4.4/psoc creator/import/gnu/arm/5.4.1/bin/../lib/gcc/arm-none-eabi/5.4.1/../../../../arm-none-eabi/lib/armv6-m\libg_nano.a(lib_a-memset.o)
 .ARM.attributes
                0x000005de       0x2c c:/program files (x86)/cypress/psoc creator/4.4/psoc creator/import/gnu/arm/5.4.1/bin/../lib/gcc/arm-none-eabi/5.4.1/../../../../arm-none-eabi/lib/armv6-m\libg_nano.a(lib_a-snprintf.o)
 .ARM.attributes
                0x0000060a       0x2c c:/program files (x86)/cypress/psoc creator/4.4/psoc creator/import/gnu/arm/5.4.1/bin/../lib/gcc/arm-none-eabi/5.4.1/../../../../arm-none-eabi/lib/armv6-m\libg_nano.a(lib_a-nano-svfprintf.o)
 .ARM.attributes
                0x00000636       0x2c c:/program files (x86)/cypress/psoc creator/4.4/psoc creator/import/gnu/arm/5.4.1/bin/../lib/gcc/arm-none-eabi/5.4.1/../../../../arm-none-eabi/lib/armv6-m\libg_nano.a(lib_a-nano-vfprintf_i.o)
 .ARM.attributes
                0x00000662       0x2c c:/program files (x86)/cypress/psoc creator/4.4/psoc creator/import/gnu/arm/5.4.1/bin/../lib/gcc/arm-none-eabi/5.4.1/../../../../arm-none-eabi/lib/armv6-m\libg_nano.a(lib_a-memchr-stub.o)
 .ARM.attributes
                0x0000068e       0x2c c:/program files (x86)/cypress/psoc creator/4.4/psoc creator/import/gnu/arm/5.4.1/bin/../lib/gcc/arm-none-eabi/5.4.1/../../../../arm-none-eabi/lib/armv6-m\libg_nano.a(lib_a-memcpy-stub.o)
 .ARM.attributes
                0x000006ba       0x2c c:/program files (x86)/cypress/psoc creator/4.4/psoc creator/import/gnu/arm/5.4.1/bin/../lib/gcc/arm-none-eabi/5.4.1/../../../../arm-none-eabi/lib/armv6-m\libg_nano.a(lib_a-memmove.o)
 .ARM.attributes
                0x000006e6       0x2c c:/program files (x86)/cypress/psoc creator/4.4/psoc creator/import/gnu/arm/5.4.1/bin/../lib/gcc/arm-none-eabi/5.4.1/../../../../arm-none-eabi/lib/armv6-m\libg_nano.a(lib_a-nano-freer.o)
 .ARM.attributes
                0x00000712       0x2c c:/program files (x86)/cypress/psoc creator/4.4/psoc creator/import/gnu/arm/5.4.1/bin/../lib/gcc/arm-none-eabi/5.4.1/../../../../arm-none-eabi/lib/armv6-m\libg_nano.a(lib_a-nano-mallocr.o)
 .ARM.attributes
                0x0000073e       0x2c c:/program files (x86)/cypress/psoc creator/4.4/psoc creator/import/gnu/arm/5.4.1/bin/../lib/gcc/arm-none-eabi/5.4.1/../../../../arm-none-eabi/lib/armv6-m\libg_nano.a(lib_a-nano-reallocr.o)
 .ARM.attributes
                0x0000076a       0x2c c:/program files (x86)/cypress/psoc creator/4.4/psoc creator/import/gnu/arm/5.4.1/bin/../lib/gcc/arm-none-eabi/5.4.1/../../../../arm-none-eabi/lib/armv6-m\libg_nano.a(lib_a-sbrkr.o)
 .ARM.attributes
                0x00000796       0x2c c:/program files (x86)/cypress/psoc creator/4.4/psoc creator/import/gnu/arm/5.4.1/bin/../lib/gcc/arm-none-eabi/5.4.1/../../../../arm-none-eabi/lib/armv6-m\libg_nano.a(lib_a-mlock.o)
 .ARM.attributes
                0x000007c2       0x2c c:/program files (x86)/cypress/psoc creator/4.4/psoc creator/import/gnu/arm/5.4.1/bin/../lib/gcc/arm-none-eabi/5.4.1/../../../../arm-none-eabi/lib/armv6-m\libg_nano.a(lib_a-nano-msizer.o)
 .ARM.attributes
                0x000007ee       0x2c c:/program files (x86)/cypress/psoc creator/4.4/psoc creator/import/gnu/arm/5.4.1/bin/../lib/gcc/arm-none-eabi/5.4.1/../../../../arm-none-eabi/lib/armv6-m\libg_nano.a(lib_a-reent.o)
 .ARM.attributes
                0x0000081a       0x2c c:/program files (x86)/cypress/psoc creator/4.4/psoc creator/import/gnu/arm/5.4.1/bin/../lib/gcc/arm-none-eabi/5.4.1/armv6-m/crtend.o
 .ARM.attributes
                0x00000846       0x1e c:/program files (x86)/cypress/psoc creator/4.4/psoc creator/import/gnu/arm/5.4.1/bin/../lib/gcc/arm-none-eabi/5.4.1/armv6-m/crtn.o

/DISCARD/
 *(.note.GNU-stack)
OUTPUT(C:\Users\joshw\Desktop\EECE3015\eece3015-heart-rate-monitor\FinalDesignProject\FinalDesignProject.cydsn\CortexM0\ARM_GCC_541\Debug\FinalDesignProject.elf elf32-littlearm)
